warning: profiles for the non root package will be ignored, specify profiles at the workspace root:
package:   /Users/kazmiller/Project/System/distributed-storage-system/crates/storager/ads_lib/Cargo.toml
workspace: /Users/kazmiller/Project/System/distributed-storage-system/Cargo.toml
warning: unused import: `digest_set::*`
  --> crates/storager/ads_lib/src/acctrie/acc/src/lib.rs:11:9
   |
11 | pub use digest_set::*;
   |         ^^^^^^^^^^^^^
   |
   = note: `#[warn(unused_imports)]` on by default

warning: unused import: `crate::utils`
 --> crates/storager/ads_lib/src/acctrie/acc/src/acc_mod.rs:3:5
  |
3 | use crate::utils;
  |     ^^^^^^^^^^^^

warning: ambiguous glob re-exports
  --> crates/storager/ads_lib/src/acctrie/acc/src/lib.rs:20:9
   |
11 | pub use digest_set::*;
   |         ------------- but the name `DigestSet` in the type namespace is also re-exported here
...
20 | pub use acc_mod::*;
   |         ^^^^^^^^^^ the name `DigestSet` in the type namespace is first re-exported here
   |
   = note: `#[warn(ambiguous_glob_reexports)]` on by default

warning: `acc` (lib) generated 3 warnings (run `cargo fix --lib -p acc` to apply 2 suggestions)
warning: unused imports: `CanonicalDeserialize`, `CanonicalSerialize`, and `SerializationError`
 --> crates/storager/ads_lib/src/acctrie/mod.rs:1:21
  |
1 | use ark_serialize::{CanonicalDeserialize, CanonicalSerialize, SerializationError};
  |                     ^^^^^^^^^^^^^^^^^^^^  ^^^^^^^^^^^^^^^^^^  ^^^^^^^^^^^^^^^^^^
  |
  = note: `#[warn(unused_imports)]` on by default

warning: unused import: `Fr`
 --> crates/storager/ads_lib/src/acctrie/mod.rs:9:25
  |
9 | use acc::acc_mod::{Acc, Fr, G1Affine};
  |                         ^^

warning: value assigned to `is_change` is never read
   --> crates/storager/ads_lib/src/mpt/mpt.rs:256:21
    |
256 |             let mut is_change = false;
    |                     ^^^^^^^^^
    |
    = help: maybe it is overwritten before being read?
    = note: `#[warn(unused_assignments)]` on by default

warning: value assigned to `is_change` is never read
   --> crates/storager/ads_lib/src/mpt/mpt.rs:462:25
    |
462 |                 let mut is_change = false;
    |                         ^^^^^^^^^
    |
    = help: maybe it is overwritten before being read?

warning: unused variable: `had_value`
   --> crates/storager/ads_lib/src/mpt/mpt.rs:526:21
    |
526 |                 let had_value = !old_value_str.is_empty();
    |                     ^^^^^^^^^ help: if this is intentional, prefix it with an underscore: `_had_value`
    |
    = note: `#[warn(unused_variables)]` on by default

warning: associated functions `short_node_batch_fix` and `full_node_batch_fix` are never used
    --> crates/storager/ads_lib/src/mpt/mpt.rs:1743:8
     |
  50 | impl MPT {
     | -------- associated functions in this implementation
...
1743 |     fn short_node_batch_fix(node: Arc<RwLock<ShortNode>>) -> Result<(), MPTE...
     |        ^^^^^^^^^^^^^^^^^^^^
...
1748 |     fn full_node_batch_fix(node: Arc<RwLock<FullNode>>) -> Result<(), MPTErr...
     |        ^^^^^^^^^^^^^^^^^^^
     |
     = note: `#[warn(dead_code)]` on by default

warning: function `hash_mgt_node` is never used
   --> crates/storager/ads_lib/src/mest/proof.rs:253:4
    |
253 | fn hash_mgt_node(children: &[[u8; 32]]) -> [u8; 32] {
    |    ^^^^^^^^^^^^^

warning: `ads_rust` (lib) generated 7 warnings (run `cargo fix --lib -p ads_rust` to apply 2 suggestions)
warning: unused variable: `acc_old_opt`
   --> crates/common/src/verification.rs:776:13
    |
776 |         let acc_old_opt = if acc_old_len > 0 {
    |             ^^^^^^^^^^^ help: if this is intentional, prefix it with an underscore: `_acc_old_opt`
    |
    = note: `#[warn(unused_variables)]` on by default

warning: `common` (lib) generated 1 warning
warning: method `get_root_hash` is never used
  --> crates/manager/src/manager.rs:72:19
   |
32 | impl Manager {
   | ------------ method in this implementation
...
72 |     pub(crate) fn get_root_hash(&self, storager_name: &str) -> Option<RootHash> {
   |                   ^^^^^^^^^^^^^
   |
   = note: `#[warn(dead_code)]` on by default

warning: `manager` (lib) generated 1 warning
    Finished `release` profile [optimized] target(s) in 0.10s
     Running `target/release/manager --port 50051 --ads-mode acctrie --storagers 'http://127.0.0.1:50052,http://127.0.0.1:50053,http://127.0.0.1:50054'`
