warning: profiles for the non root package will be ignored, specify profiles at the workspace root:
package:   /root/distributed-storage-system/crates/storager/ads_lib/Cargo.toml
workspace: /root/distributed-storage-system/Cargo.toml
warning: value assigned to `is_change` is never read
   --> crates/storager/ads_lib/src/mpt/mpt.rs:256:21
    |
256 |             let mut is_change = false;
    |                     ^^^^^^^^^
    |
    = help: maybe it is overwritten before being read?
    = note: `#[warn(unused_assignments)]` on by default

warning: value assigned to `is_change` is never read
   --> crates/storager/ads_lib/src/mpt/mpt.rs:462:25
    |
462 |                 let mut is_change = false;
    |                         ^^^^^^^^^
    |
    = help: maybe it is overwritten before being read?

warning: unused variable: `had_value`
   --> crates/storager/ads_lib/src/mpt/mpt.rs:526:21
    |
526 |                 let had_value = !old_value_str.is_empty();
    |                     ^^^^^^^^^ help: if this is intentional, prefix it with an underscore: `_had_value`
    |
    = note: `#[warn(unused_variables)]` on by default

warning: associated functions `short_node_batch_fix` and `full_node_batch_fix` are never used
    --> crates/storager/ads_lib/src/mpt/mpt.rs:1743:8
     |
  50 | impl MPT {
     | -------- associated functions in this implementation
...
1743 |     fn short_node_batch_fix(node: Arc<RwLock<ShortNode>>) -> Result<(), MPTError> {
     |        ^^^^^^^^^^^^^^^^^^^^
...
1748 |     fn full_node_batch_fix(node: Arc<RwLock<FullNode>>) -> Result<(), MPTError> {
     |        ^^^^^^^^^^^^^^^^^^^
     |
     = note: `#[warn(dead_code)]` on by default

warning: function `hash_mgt_node` is never used
   --> crates/storager/ads_lib/src/mest/proof.rs:253:4
    |
253 | fn hash_mgt_node(children: &[[u8; 32]]) -> [u8; 32] {
    |    ^^^^^^^^^^^^^

warning: `ads_rust` (lib) generated 5 warnings
warning: unused variable: `acc_old`
   --> crates/common/src/verification.rs:721:13
    |
721 |         let acc_old = match G1Affine::deserialize_uncompressed(&proof[offset..offset + acc_old_len]) {
    |             ^^^^^^^ help: if this is intentional, prefix it with an underscore: `_acc_old`
    |
    = note: `#[warn(unused_variables)]` on by default

warning: `common` (lib) generated 1 warning
warning: unused imports: `Digest` and `Sha256`
   --> crates/storager/src/ads/acctrie_ads.rs:452:20
    |
452 |         use sha2::{Digest, Sha256};
    |                    ^^^^^^  ^^^^^^
    |
    = note: `#[warn(unused_imports)]` on by default

warning: `storager` (lib) generated 1 warning (run `cargo fix --lib -p storager` to apply 1 suggestion)
    Finished `release` profile [optimized] target(s) in 0.16s
     Running `target/release/storager 50072 mest`
🔧 MEST Add: keyword='hardware', fid='tech_00000027'
🔧 MEST Add: proof size=158 bytes, root_hash=[d5, 3f, 4d, a8, a0, 68, 96, e6]...
🗑️ MEST Delete: keyword='hardware', fid='tech_00000027' (key completely removed)
🗑️ MEST Delete: post-delete root_hash=[e3, b0, c4, 42, 98, fc, 1c, 14]...
🔧 MEST Add: keyword='hardware', fid='tech_00000044'
🔧 MEST Add: proof size=158 bytes, root_hash=[97, d2, b1, 60, 83, 21, 63, ae]...
🗑️ MEST Delete: keyword='hardware', fid='tech_00000044' (key completely removed)
🗑️ MEST Delete: post-delete root_hash=[e3, b0, c4, 42, 98, fc, 1c, 14]...
🔧 MEST Add: keyword='hardware', fid='tech_00000122'
🔧 MEST Add: proof size=158 bytes, root_hash=[e0, 04, 32, 66, cb, 72, 76, bf]...
🔧 MEST Add: keyword='hardware', fid='tech_00000122'
🔧 MEST Add: proof size=158 bytes, root_hash=[e0, 04, 32, 66, cb, 72, 76, bf]...
🗑️ MEST Delete: keyword='hardware', fid='tech_00000122' (key completely removed)
🗑️ MEST Delete: post-delete root_hash=[e3, b0, c4, 42, 98, fc, 1c, 14]...
🔧 MEST Add: keyword='hardware', fid='tech_00000136'
🔧 MEST Add: proof size=158 bytes, root_hash=[e3, 0b, 48, 20, 58, 85, b9, f2]...
🗑️ MEST Delete: keyword='hardware', fid='tech_00000136' (key completely removed)
🗑️ MEST Delete: post-delete root_hash=[e3, b0, c4, 42, 98, fc, 1c, 14]...
🔧 MEST Add: keyword='course', fid='educ_00000144'
🔧 MEST Add: proof size=156 bytes, root_hash=[53, 48, 83, 56, 10, d4, 75, 23]...
🔧 MEST Add: keyword='course', fid='educ_00000144'
🔧 MEST Add: proof size=156 bytes, root_hash=[53, 48, 83, 56, 10, d4, 75, 23]...
🗑️ MEST Delete: keyword='course', fid='educ_00000144' (key completely removed)
🗑️ MEST Delete: post-delete root_hash=[e3, b0, c4, 42, 98, fc, 1c, 14]...
🔧 MEST Add: keyword='hardware', fid='tech_00000203'
🔧 MEST Add: proof size=158 bytes, root_hash=[ca, 17, ac, e4, 83, 6c, 92, bd]...
🗑️ MEST Delete: keyword='hardware', fid='tech_00000203' (key completely removed)
🗑️ MEST Delete: post-delete root_hash=[e3, b0, c4, 42, 98, fc, 1c, 14]...
🔧 MEST Add: keyword='hardware', fid='tech_00000227'
🔧 MEST Add: proof size=158 bytes, root_hash=[4d, 50, 59, 2e, aa, bd, 51, 48]...
🗑️ MEST Delete: keyword='hardware', fid='tech_00000227' (key completely removed)
🗑️ MEST Delete: post-delete root_hash=[e3, b0, c4, 42, 98, fc, 1c, 14]...
🔧 MEST Add: keyword='hardware', fid='tech_00000231'
🔧 MEST Add: proof size=158 bytes, root_hash=[10, 81, e1, a9, cf, f7, 2f, b0]...
🗑️ MEST Delete: keyword='hardware', fid='tech_00000231' (key completely removed)
🗑️ MEST Delete: post-delete root_hash=[e3, b0, c4, 42, 98, fc, 1c, 14]...
🔧 MEST Add: keyword='course', fid='educ_00000238'
🔧 MEST Add: proof size=156 bytes, root_hash=[e1, aa, d4, 2b, 59, 97, 11, ff]...
🗑️ MEST Delete: keyword='course', fid='educ_00000238' (key completely removed)
🗑️ MEST Delete: post-delete root_hash=[e3, b0, c4, 42, 98, fc, 1c, 14]...
🔧 MEST Add: keyword='hardware', fid='tech_00000242'
🔧 MEST Add: proof size=158 bytes, root_hash=[e9, 1b, af, b1, 63, 52, ad, 51]...
🔧 MEST Add: keyword='hardware', fid='tech_00000242'
🔧 MEST Add: proof size=158 bytes, root_hash=[e9, 1b, af, b1, 63, 52, ad, 51]...
🗑️ MEST Delete: keyword='hardware', fid='tech_00000242' (key completely removed)
🗑️ MEST Delete: post-delete root_hash=[e3, b0, c4, 42, 98, fc, 1c, 14]...
🔧 MEST Add: keyword='course', fid='educ_00000243'
🔧 MEST Add: proof size=156 bytes, root_hash=[2a, 8c, 06, 4b, 98, 1a, 49, dd]...
🔧 MEST Add: keyword='course', fid='educ_00000243'
🔧 MEST Add: proof size=156 bytes, root_hash=[2a, 8c, 06, 4b, 98, 1a, 49, dd]...
🗑️ MEST Delete: keyword='course', fid='educ_00000243' (key completely removed)
🗑️ MEST Delete: post-delete root_hash=[e3, b0, c4, 42, 98, fc, 1c, 14]...
🔧 MEST Add: keyword='course', fid='educ_00000249'
🔧 MEST Add: proof size=156 bytes, root_hash=[62, 42, 7e, ce, da, bf, 6c, 22]...
🗑️ MEST Delete: keyword='course', fid='educ_00000249' (key completely removed)
🗑️ MEST Delete: post-delete root_hash=[e3, b0, c4, 42, 98, fc, 1c, 14]...
🔧 MEST Add: keyword='hardware', fid='tech_00000263'
🔧 MEST Add: proof size=158 bytes, root_hash=[36, d4, 00, 49, 09, 71, 36, 1e]...
🗑️ MEST Delete: keyword='hardware', fid='tech_00000263' (key completely removed)
🗑️ MEST Delete: post-delete root_hash=[e3, b0, c4, 42, 98, fc, 1c, 14]...
🔧 MEST Add: keyword='course', fid='educ_00000267'
🔧 MEST Add: proof size=156 bytes, root_hash=[8b, 13, 41, e3, 27, 8c, 43, 69]...
🗑️ MEST Delete: keyword='course', fid='educ_00000267' (key completely removed)
🗑️ MEST Delete: post-delete root_hash=[e3, b0, c4, 42, 98, fc, 1c, 14]...
🔧 MEST Add: keyword='hardware', fid='tech_00000290'
🔧 MEST Add: proof size=158 bytes, root_hash=[0a, ce, 16, b4, 06, a8, 0f, eb]...
🔧 MEST Add: keyword='hardware', fid='tech_00000290'
🔧 MEST Add: proof size=158 bytes, root_hash=[0a, ce, 16, b4, 06, a8, 0f, eb]...
🗑️ MEST Delete: keyword='hardware', fid='tech_00000290' (key completely removed)
🗑️ MEST Delete: post-delete root_hash=[e3, b0, c4, 42, 98, fc, 1c, 14]...
🔧 MEST Add: keyword='hardware', fid='tech_00000309'
🔧 MEST Add: proof size=158 bytes, root_hash=[3e, 7b, 40, 80, 51, d7, 98, 14]...
🗑️ MEST Delete: keyword='hardware', fid='tech_00000309' (key completely removed)
🗑️ MEST Delete: post-delete root_hash=[e3, b0, c4, 42, 98, fc, 1c, 14]...
🔧 MEST Add: keyword='hardware', fid='tech_00000319'
🔧 MEST Add: proof size=158 bytes, root_hash=[3a, 6b, 44, 26, af, b2, b9, 8f]...
🗑️ MEST Delete: keyword='hardware', fid='tech_00000319' (key completely removed)
🗑️ MEST Delete: post-delete root_hash=[e3, b0, c4, 42, 98, fc, 1c, 14]...
🔧 MEST Add: keyword='course', fid='educ_00000374'
🔧 MEST Add: proof size=156 bytes, root_hash=[ab, 43, d7, a5, 8e, 56, 88, 43]...
🗑️ MEST Delete: keyword='course', fid='educ_00000374' (key completely removed)
🗑️ MEST Delete: post-delete root_hash=[e3, b0, c4, 42, 98, fc, 1c, 14]...
🔧 MEST Add: keyword='course', fid='educ_00000380'
🔧 MEST Add: proof size=156 bytes, root_hash=[f2, be, 4e, 3c, 78, c7, fb, 84]...
🔧 MEST Add: keyword='course', fid='educ_00000380'
🔧 MEST Add: proof size=156 bytes, root_hash=[f2, be, 4e, 3c, 78, c7, fb, 84]...
🗑️ MEST Delete: keyword='course', fid='educ_00000380' (key completely removed)
🗑️ MEST Delete: post-delete root_hash=[e3, b0, c4, 42, 98, fc, 1c, 14]...
🔧 MEST Add: keyword='hardware', fid='tech_00000386'
🔧 MEST Add: proof size=158 bytes, root_hash=[44, e4, bb, d5, e9, 42, 27, e3]...
🗑️ MEST Delete: keyword='hardware', fid='tech_00000386' (key completely removed)
🗑️ MEST Delete: post-delete root_hash=[e3, b0, c4, 42, 98, fc, 1c, 14]...
🔧 MEST Add: keyword='course', fid='educ_00000399'
🔧 MEST Add: proof size=156 bytes, root_hash=[dd, 0b, 37, a4, 28, 22, 94, c0]...
🔧 MEST Add: keyword='course', fid='educ_00000399'
🔧 MEST Add: proof size=156 bytes, root_hash=[dd, 0b, 37, a4, 28, 22, 94, c0]...
🗑️ MEST Delete: keyword='course', fid='educ_00000399' (key completely removed)
🗑️ MEST Delete: post-delete root_hash=[e3, b0, c4, 42, 98, fc, 1c, 14]...
🔧 MEST Add: keyword='course', fid='educ_00000406'
🔧 MEST Add: proof size=156 bytes, root_hash=[77, c9, 3f, 5b, cd, 98, 89, e2]...
🗑️ MEST Delete: keyword='course', fid='educ_00000406' (key completely removed)
🗑️ MEST Delete: post-delete root_hash=[e3, b0, c4, 42, 98, fc, 1c, 14]...
🔧 MEST Add: keyword='hardware', fid='tech_00000459'
🔧 MEST Add: proof size=158 bytes, root_hash=[e8, 36, d0, 03, 02, 2a, f4, 80]...
🗑️ MEST Delete: keyword='hardware', fid='tech_00000459' (key completely removed)
🗑️ MEST Delete: post-delete root_hash=[e3, b0, c4, 42, 98, fc, 1c, 14]...
🔧 MEST Add: keyword='hardware', fid='tech_00000471'
🔧 MEST Add: proof size=158 bytes, root_hash=[9a, 0c, 7e, 7d, eb, 4a, fc, b9]...
🔧 MEST Add: keyword='hardware', fid='tech_00000471'
🔧 MEST Add: proof size=158 bytes, root_hash=[9a, 0c, 7e, 7d, eb, 4a, fc, b9]...
🗑️ MEST Delete: keyword='hardware', fid='tech_00000471' (key completely removed)
🗑️ MEST Delete: post-delete root_hash=[e3, b0, c4, 42, 98, fc, 1c, 14]...
🔧 MEST Add: keyword='hardware', fid='tech_00000493'
🔧 MEST Add: proof size=158 bytes, root_hash=[7a, ab, ed, cb, 56, 86, c4, 5f]...
🔧 MEST Add: keyword='hardware', fid='tech_00000493'
🔧 MEST Add: proof size=158 bytes, root_hash=[7a, ab, ed, cb, 56, 86, c4, 5f]...
🗑️ MEST Delete: keyword='hardware', fid='tech_00000493' (key completely removed)
🗑️ MEST Delete: post-delete root_hash=[e3, b0, c4, 42, 98, fc, 1c, 14]...
🔧 MEST Add: keyword='hardware', fid='tech_00000505'
🔧 MEST Add: proof size=158 bytes, root_hash=[fa, b9, 47, c4, 30, d9, 74, 0d]...
🗑️ MEST Delete: keyword='hardware', fid='tech_00000505' (key completely removed)
🗑️ MEST Delete: post-delete root_hash=[e3, b0, c4, 42, 98, fc, 1c, 14]...
🔧 MEST Add: keyword='hardware', fid='tech_00000529'
🔧 MEST Add: proof size=158 bytes, root_hash=[4e, 38, 7e, fc, 81, 57, 80, 24]...
🗑️ MEST Delete: keyword='hardware', fid='tech_00000529' (key completely removed)
🗑️ MEST Delete: post-delete root_hash=[e3, b0, c4, 42, 98, fc, 1c, 14]...
🔧 MEST Add: keyword='course', fid='educ_00000539'
🔧 MEST Add: proof size=156 bytes, root_hash=[ab, 85, 27, ca, 3e, ef, fd, 84]...
🗑️ MEST Delete: keyword='course', fid='educ_00000539' (key completely removed)
🗑️ MEST Delete: post-delete root_hash=[e3, b0, c4, 42, 98, fc, 1c, 14]...
🔧 MEST Add: keyword='hardware', fid='tech_00000615'
🔧 MEST Add: proof size=158 bytes, root_hash=[59, bf, 98, 66, 0b, f1, 70, 3c]...
🔧 MEST Add: keyword='hardware', fid='tech_00000615'
🔧 MEST Add: proof size=158 bytes, root_hash=[59, bf, 98, 66, 0b, f1, 70, 3c]...
🗑️ MEST Delete: keyword='hardware', fid='tech_00000615' (key completely removed)
🗑️ MEST Delete: post-delete root_hash=[e3, b0, c4, 42, 98, fc, 1c, 14]...
🔧 MEST Add: keyword='course', fid='educ_00000624'
🔧 MEST Add: proof size=156 bytes, root_hash=[65, e1, 7f, 99, 0d, 60, a9, 8b]...
🔧 MEST Add: keyword='course', fid='educ_00000624'
🔧 MEST Add: proof size=156 bytes, root_hash=[65, e1, 7f, 99, 0d, 60, a9, 8b]...
🗑️ MEST Delete: keyword='course', fid='educ_00000624' (key completely removed)
🗑️ MEST Delete: post-delete root_hash=[e3, b0, c4, 42, 98, fc, 1c, 14]...
🔧 MEST Add: keyword='course', fid='educ_00000662'
🔧 MEST Add: proof size=156 bytes, root_hash=[80, f3, 06, 8f, db, 99, a9, 19]...
🗑️ MEST Delete: keyword='course', fid='educ_00000662' (key completely removed)
🗑️ MEST Delete: post-delete root_hash=[e3, b0, c4, 42, 98, fc, 1c, 14]...
🔧 MEST Add: keyword='course', fid='educ_00000670'
🔧 MEST Add: proof size=156 bytes, root_hash=[ef, 27, 7a, 18, b5, b1, 5b, d5]...
🗑️ MEST Delete: keyword='course', fid='educ_00000670' (key completely removed)
🗑️ MEST Delete: post-delete root_hash=[e3, b0, c4, 42, 98, fc, 1c, 14]...
🔧 MEST Add: keyword='course', fid='educ_00000728'
🔧 MEST Add: proof size=156 bytes, root_hash=[1f, 03, 8d, 2d, 4f, dc, 2f, 84]...
🔧 MEST Add: keyword='course', fid='educ_00000728'
🔧 MEST Add: proof size=156 bytes, root_hash=[1f, 03, 8d, 2d, 4f, dc, 2f, 84]...
🗑️ MEST Delete: keyword='course', fid='educ_00000728' (key completely removed)
🗑️ MEST Delete: post-delete root_hash=[e3, b0, c4, 42, 98, fc, 1c, 14]...
🔧 MEST Add: keyword='hardware', fid='tech_00000730'
🔧 MEST Add: proof size=158 bytes, root_hash=[c1, 5d, bd, 89, 10, ae, 07, d1]...
🗑️ MEST Delete: keyword='hardware', fid='tech_00000730' (key completely removed)
🗑️ MEST Delete: post-delete root_hash=[e3, b0, c4, 42, 98, fc, 1c, 14]...
🔧 MEST Add: keyword='hardware', fid='tech_00000820'
🔧 MEST Add: proof size=158 bytes, root_hash=[cf, 6d, c5, f2, 74, ed, 6e, 79]...
🗑️ MEST Delete: keyword='hardware', fid='tech_00000820' (key completely removed)
🗑️ MEST Delete: post-delete root_hash=[e3, b0, c4, 42, 98, fc, 1c, 14]...
🔧 MEST Add: keyword='hardware', fid='tech_00000822'
🔧 MEST Add: proof size=158 bytes, root_hash=[f8, f5, 37, 91, 26, 09, 34, 09]...
🔧 MEST Add: keyword='hardware', fid='tech_00000822'
🔧 MEST Add: proof size=158 bytes, root_hash=[f8, f5, 37, 91, 26, 09, 34, 09]...
🗑️ MEST Delete: keyword='hardware', fid='tech_00000822' (key completely removed)
🗑️ MEST Delete: post-delete root_hash=[e3, b0, c4, 42, 98, fc, 1c, 14]...
🔧 MEST Add: keyword='hardware', fid='tech_00000850'
🔧 MEST Add: proof size=158 bytes, root_hash=[21, 58, a6, 75, f2, de, 1d, 44]...
🔧 MEST Add: keyword='hardware', fid='tech_00000850'
🔧 MEST Add: proof size=158 bytes, root_hash=[21, 58, a6, 75, f2, de, 1d, 44]...
🗑️ MEST Delete: keyword='hardware', fid='tech_00000850' (key completely removed)
🗑️ MEST Delete: post-delete root_hash=[e3, b0, c4, 42, 98, fc, 1c, 14]...
🔧 MEST Add: keyword='course', fid='educ_00000860'
🔧 MEST Add: proof size=156 bytes, root_hash=[ae, ff, 42, 3e, 42, 3b, b2, c1]...
🔧 MEST Add: keyword='course', fid='educ_00000860'
🔧 MEST Add: proof size=156 bytes, root_hash=[ae, ff, 42, 3e, 42, 3b, b2, c1]...
🗑️ MEST Delete: keyword='course', fid='educ_00000860' (key completely removed)
🗑️ MEST Delete: post-delete root_hash=[e3, b0, c4, 42, 98, fc, 1c, 14]...
🔧 MEST Add: keyword='hardware', fid='tech_00000893'
🔧 MEST Add: proof size=158 bytes, root_hash=[5b, 80, f1, 23, 2d, 69, 71, fb]...
🗑️ MEST Delete: keyword='hardware', fid='tech_00000893' (key completely removed)
🗑️ MEST Delete: post-delete root_hash=[e3, b0, c4, 42, 98, fc, 1c, 14]...
🔧 MEST Add: keyword='course', fid='educ_00000901'
🔧 MEST Add: proof size=156 bytes, root_hash=[b7, 45, b4, da, d0, d7, 88, 42]...
🗑️ MEST Delete: keyword='course', fid='educ_00000901' (key completely removed)
🗑️ MEST Delete: post-delete root_hash=[e3, b0, c4, 42, 98, fc, 1c, 14]...
🔧 MEST Add: keyword='course', fid='educ_00000909'
🔧 MEST Add: proof size=156 bytes, root_hash=[75, 15, ef, 2d, 0a, 64, 54, 0e]...
🗑️ MEST Delete: keyword='course', fid='educ_00000909' (key completely removed)
🗑️ MEST Delete: post-delete root_hash=[e3, b0, c4, 42, 98, fc, 1c, 14]...
🔧 MEST Add: keyword='course', fid='educ_00000920'
🔧 MEST Add: proof size=156 bytes, root_hash=[4f, cd, 63, 88, b1, 87, e7, 24]...
🔧 MEST Add: keyword='course', fid='educ_00000920'
🔧 MEST Add: proof size=156 bytes, root_hash=[4f, cd, 63, 88, b1, 87, e7, 24]...
🗑️ MEST Delete: keyword='course', fid='educ_00000920' (key completely removed)
🗑️ MEST Delete: post-delete root_hash=[e3, b0, c4, 42, 98, fc, 1c, 14]...
🔧 MEST Add: keyword='course', fid='educ_00000937'
🔧 MEST Add: proof size=156 bytes, root_hash=[3f, 03, 98, cb, dd, 85, 8f, 3c]...
🗑️ MEST Delete: keyword='course', fid='educ_00000937' (key completely removed)
🗑️ MEST Delete: post-delete root_hash=[e3, b0, c4, 42, 98, fc, 1c, 14]...
🔧 MEST Add: keyword='hardware', fid='tech_00000950'
🔧 MEST Add: proof size=158 bytes, root_hash=[8d, b7, 35, e3, 40, 9d, 14, 15]...
🗑️ MEST Delete: keyword='hardware', fid='tech_00000950' (key completely removed)
🗑️ MEST Delete: post-delete root_hash=[e3, b0, c4, 42, 98, fc, 1c, 14]...
🔧 MEST Add: keyword='hardware', fid='tech_00000952'
🔧 MEST Add: proof size=158 bytes, root_hash=[54, 8e, 5e, c7, 3f, 03, 52, 3b]...
🔧 MEST Add: keyword='hardware', fid='tech_00000952'
🔧 MEST Add: proof size=158 bytes, root_hash=[54, 8e, 5e, c7, 3f, 03, 52, 3b]...
🗑️ MEST Delete: keyword='hardware', fid='tech_00000952' (key completely removed)
🗑️ MEST Delete: post-delete root_hash=[e3, b0, c4, 42, 98, fc, 1c, 14]...
🔧 MEST Add: keyword='hardware', fid='tech_00000959'
🔧 MEST Add: proof size=158 bytes, root_hash=[a8, c4, c4, f3, c1, c2, e9, 27]...
🔧 MEST Add: keyword='hardware', fid='tech_00000959'
🔧 MEST Add: proof size=158 bytes, root_hash=[a8, c4, c4, f3, c1, c2, e9, 27]...
🗑️ MEST Delete: keyword='hardware', fid='tech_00000959' (key completely removed)
🗑️ MEST Delete: post-delete root_hash=[e3, b0, c4, 42, 98, fc, 1c, 14]...
🔧 MEST Add: keyword='course', fid='educ_00000975'
🔧 MEST Add: proof size=156 bytes, root_hash=[e3, 94, 23, a3, c1, c7, 0f, 63]...
🗑️ MEST Delete: keyword='course', fid='educ_00000975' (key completely removed)
🗑️ MEST Delete: post-delete root_hash=[e3, b0, c4, 42, 98, fc, 1c, 14]...
