warning: profiles for the non root package will be ignored, specify profiles at the workspace root:
package:   /root/distributed-storage-system/crates/storager/ads_lib/Cargo.toml
workspace: /root/distributed-storage-system/Cargo.toml
warning: value assigned to `is_change` is never read
   --> crates/storager/ads_lib/src/mpt/mpt.rs:256:21
    |
256 |             let mut is_change = false;
    |                     ^^^^^^^^^
    |
    = help: maybe it is overwritten before being read?
    = note: `#[warn(unused_assignments)]` on by default

warning: value assigned to `is_change` is never read
   --> crates/storager/ads_lib/src/mpt/mpt.rs:462:25
    |
462 |                 let mut is_change = false;
    |                         ^^^^^^^^^
    |
    = help: maybe it is overwritten before being read?

warning: unused variable: `had_value`
   --> crates/storager/ads_lib/src/mpt/mpt.rs:526:21
    |
526 |                 let had_value = !old_value_str.is_empty();
    |                     ^^^^^^^^^ help: if this is intentional, prefix it with an underscore: `_had_value`
    |
    = note: `#[warn(unused_variables)]` on by default

warning: associated functions `short_node_batch_fix` and `full_node_batch_fix` are never used
    --> crates/storager/ads_lib/src/mpt/mpt.rs:1743:8
     |
  50 | impl MPT {
     | -------- associated functions in this implementation
...
1743 |     fn short_node_batch_fix(node: Arc<RwLock<ShortNode>>) -> Result<(), MPTError> {
     |        ^^^^^^^^^^^^^^^^^^^^
...
1748 |     fn full_node_batch_fix(node: Arc<RwLock<FullNode>>) -> Result<(), MPTError> {
     |        ^^^^^^^^^^^^^^^^^^^
     |
     = note: `#[warn(dead_code)]` on by default

warning: function `hash_mgt_node` is never used
   --> crates/storager/ads_lib/src/mest/proof.rs:253:4
    |
253 | fn hash_mgt_node(children: &[[u8; 32]]) -> [u8; 32] {
    |    ^^^^^^^^^^^^^

warning: `ads_rust` (lib) generated 5 warnings
warning: unused variable: `acc_old`
   --> crates/common/src/verification.rs:721:13
    |
721 |         let acc_old = match G1Affine::deserialize_uncompressed(&proof[offset..offset + acc_old_len]) {
    |             ^^^^^^^ help: if this is intentional, prefix it with an underscore: `_acc_old`
    |
    = note: `#[warn(unused_variables)]` on by default

warning: `common` (lib) generated 1 warning
warning: unused imports: `Digest` and `Sha256`
   --> crates/storager/src/ads/acctrie_ads.rs:452:20
    |
452 |         use sha2::{Digest, Sha256};
    |                    ^^^^^^  ^^^^^^
    |
    = note: `#[warn(unused_imports)]` on by default

warning: `storager` (lib) generated 1 warning (run `cargo fix --lib -p storager` to apply 1 suggestion)
    Finished `release` profile [optimized] target(s) in 0.15s
     Running `target/release/storager 50056 mest`
🔧 MEST Add: keyword='strategy', fid='busi_00000013'
🔧 MEST Add: proof size=158 bytes, root_hash=[5d, 42, 78, 25, a4, f1, 2a, fe]...
🗑️ MEST Delete: keyword='strategy', fid='busi_00000013' (key completely removed)
🗑️ MEST Delete: post-delete root_hash=[e3, b0, c4, 42, 98, fc, 1c, 14]...
🔧 MEST Add: keyword='strategy', fid='busi_00000061'
🔧 MEST Add: proof size=158 bytes, root_hash=[bc, a5, da, c7, 05, f3, ed, 4e]...
🔧 MEST Add: keyword='strategy', fid='busi_00000061'
🔧 MEST Add: proof size=158 bytes, root_hash=[bc, a5, da, c7, 05, f3, ed, 4e]...
🗑️ MEST Delete: keyword='strategy', fid='busi_00000061' (key completely removed)
🗑️ MEST Delete: post-delete root_hash=[e3, b0, c4, 42, 98, fc, 1c, 14]...
🔧 MEST Add: keyword='strategy', fid='busi_00000089'
🔧 MEST Add: proof size=158 bytes, root_hash=[07, 23, df, cd, 7c, 59, cf, 55]...
🗑️ MEST Delete: keyword='strategy', fid='busi_00000089' (key completely removed)
🗑️ MEST Delete: post-delete root_hash=[e3, b0, c4, 42, 98, fc, 1c, 14]...
🔧 MEST Add: keyword='strategy', fid='busi_00000118'
🔧 MEST Add: proof size=158 bytes, root_hash=[cb, 05, d1, 78, fe, 92, 46, 9a]...
🔧 MEST Add: keyword='strategy', fid='busi_00000118'
🔧 MEST Add: proof size=158 bytes, root_hash=[cb, 05, d1, 78, fe, 92, 46, 9a]...
🗑️ MEST Delete: keyword='strategy', fid='busi_00000118' (key completely removed)
🗑️ MEST Delete: post-delete root_hash=[e3, b0, c4, 42, 98, fc, 1c, 14]...
🔧 MEST Add: keyword='strategy', fid='busi_00000328'
🔧 MEST Add: proof size=158 bytes, root_hash=[77, 22, b6, 66, f4, 39, 3b, 2b]...
🗑️ MEST Delete: keyword='strategy', fid='busi_00000328' (key completely removed)
🗑️ MEST Delete: post-delete root_hash=[e3, b0, c4, 42, 98, fc, 1c, 14]...
🔧 MEST Add: keyword='strategy', fid='busi_00000330'
🔧 MEST Add: proof size=158 bytes, root_hash=[93, 1e, 60, 1c, 0e, 05, 50, a2]...
🗑️ MEST Delete: keyword='strategy', fid='busi_00000330' (key completely removed)
🗑️ MEST Delete: post-delete root_hash=[e3, b0, c4, 42, 98, fc, 1c, 14]...
🔧 MEST Add: keyword='strategy', fid='busi_00000520'
🔧 MEST Add: proof size=158 bytes, root_hash=[db, 8f, ae, 00, 6f, 9d, d6, 1d]...
🔧 MEST Add: keyword='strategy', fid='busi_00000520'
🔧 MEST Add: proof size=158 bytes, root_hash=[db, 8f, ae, 00, 6f, 9d, d6, 1d]...
🗑️ MEST Delete: keyword='strategy', fid='busi_00000520' (key completely removed)
🗑️ MEST Delete: post-delete root_hash=[e3, b0, c4, 42, 98, fc, 1c, 14]...
🔧 MEST Add: keyword='strategy', fid='busi_00000553'
🔧 MEST Add: proof size=158 bytes, root_hash=[f3, b6, 7e, 00, 9b, b6, e4, c6]...
🗑️ MEST Delete: keyword='strategy', fid='busi_00000553' (key completely removed)
🗑️ MEST Delete: post-delete root_hash=[e3, b0, c4, 42, 98, fc, 1c, 14]...
🔧 MEST Add: keyword='strategy', fid='busi_00000578'
🔧 MEST Add: proof size=158 bytes, root_hash=[b6, d8, 60, f5, 80, 22, 91, 4c]...
🔧 MEST Add: keyword='strategy', fid='busi_00000578'
🔧 MEST Add: proof size=158 bytes, root_hash=[b6, d8, 60, f5, 80, 22, 91, 4c]...
🗑️ MEST Delete: keyword='strategy', fid='busi_00000578' (key completely removed)
🗑️ MEST Delete: post-delete root_hash=[e3, b0, c4, 42, 98, fc, 1c, 14]...
🔧 MEST Add: keyword='strategy', fid='busi_00000656'
🔧 MEST Add: proof size=158 bytes, root_hash=[1c, c8, 23, d0, 65, 99, 9f, c0]...
🔧 MEST Add: keyword='strategy', fid='busi_00000656'
🔧 MEST Add: proof size=158 bytes, root_hash=[1c, c8, 23, d0, 65, 99, 9f, c0]...
🗑️ MEST Delete: keyword='strategy', fid='busi_00000656' (key completely removed)
🗑️ MEST Delete: post-delete root_hash=[e3, b0, c4, 42, 98, fc, 1c, 14]...
🔧 MEST Add: keyword='strategy', fid='busi_00000683'
🔧 MEST Add: proof size=158 bytes, root_hash=[88, c3, e0, 25, 6a, de, d5, 3a]...
🗑️ MEST Delete: keyword='strategy', fid='busi_00000683' (key completely removed)
🗑️ MEST Delete: post-delete root_hash=[e3, b0, c4, 42, 98, fc, 1c, 14]...
🔧 MEST Add: keyword='strategy', fid='busi_00000693'
🔧 MEST Add: proof size=158 bytes, root_hash=[c0, e6, 07, 24, b5, 73, 6f, b3]...
🗑️ MEST Delete: keyword='strategy', fid='busi_00000693' (key completely removed)
🗑️ MEST Delete: post-delete root_hash=[e3, b0, c4, 42, 98, fc, 1c, 14]...
🔧 MEST Add: keyword='strategy', fid='busi_00000808'
🔧 MEST Add: proof size=158 bytes, root_hash=[de, 10, 8b, 14, 90, ff, ab, ed]...
🔧 MEST Add: keyword='strategy', fid='busi_00000808'
🔧 MEST Add: proof size=158 bytes, root_hash=[de, 10, 8b, 14, 90, ff, ab, ed]...
🗑️ MEST Delete: keyword='strategy', fid='busi_00000808' (key completely removed)
🗑️ MEST Delete: post-delete root_hash=[e3, b0, c4, 42, 98, fc, 1c, 14]...
🔧 MEST Add: keyword='strategy', fid='busi_00000818'
🔧 MEST Add: proof size=158 bytes, root_hash=[a8, 31, 3d, 70, 7e, 1c, 43, 85]...
🔧 MEST Add: keyword='strategy', fid='busi_00000818'
🔧 MEST Add: proof size=158 bytes, root_hash=[a8, 31, 3d, 70, 7e, 1c, 43, 85]...
🗑️ MEST Delete: keyword='strategy', fid='busi_00000818' (key completely removed)
🗑️ MEST Delete: post-delete root_hash=[e3, b0, c4, 42, 98, fc, 1c, 14]...
🔧 MEST Add: keyword='strategy', fid='busi_00000902'
🔧 MEST Add: proof size=158 bytes, root_hash=[e9, 9c, f3, ef, 98, 15, 74, 96]...
🔧 MEST Add: keyword='strategy', fid='busi_00000902'
🔧 MEST Add: proof size=158 bytes, root_hash=[e9, 9c, f3, ef, 98, 15, 74, 96]...
🗑️ MEST Delete: keyword='strategy', fid='busi_00000902' (key completely removed)
🗑️ MEST Delete: post-delete root_hash=[e3, b0, c4, 42, 98, fc, 1c, 14]...
🔧 MEST Add: keyword='strategy', fid='busi_00000928'
🔧 MEST Add: proof size=158 bytes, root_hash=[9d, 9f, 22, 3b, 50, 89, e5, e8]...
🗑️ MEST Delete: keyword='strategy', fid='busi_00000928' (key completely removed)
🗑️ MEST Delete: post-delete root_hash=[e3, b0, c4, 42, 98, fc, 1c, 14]...
🔧 MEST Add: keyword='strategy', fid='busi_00000930'
🔧 MEST Add: proof size=158 bytes, root_hash=[56, 5c, 49, 18, 02, a7, a2, 00]...
🗑️ MEST Delete: keyword='strategy', fid='busi_00000930' (key completely removed)
🗑️ MEST Delete: post-delete root_hash=[e3, b0, c4, 42, 98, fc, 1c, 14]...
🔧 MEST Add: keyword='strategy', fid='busi_00000974'
🔧 MEST Add: proof size=158 bytes, root_hash=[92, 44, 77, 12, da, ea, 5e, 5e]...
🔧 MEST Add: keyword='strategy', fid='busi_00000974'
🔧 MEST Add: proof size=158 bytes, root_hash=[92, 44, 77, 12, da, ea, 5e, 5e]...
🗑️ MEST Delete: keyword='strategy', fid='busi_00000974' (key completely removed)
🗑️ MEST Delete: post-delete root_hash=[e3, b0, c4, 42, 98, fc, 1c, 14]...
🔧 MEST Add: keyword='strategy', fid='busi_00000982'
🔧 MEST Add: proof size=158 bytes, root_hash=[6c, c2, ce, fd, a1, 9a, 03, 66]...
🔧 MEST Add: keyword='strategy', fid='busi_00000982'
🔧 MEST Add: proof size=158 bytes, root_hash=[6c, c2, ce, fd, a1, 9a, 03, 66]...
🗑️ MEST Delete: keyword='strategy', fid='busi_00000982' (key completely removed)
🗑️ MEST Delete: post-delete root_hash=[e3, b0, c4, 42, 98, fc, 1c, 14]...
🔧 MEST Add: keyword='strategy', fid='busi_00000989'
🔧 MEST Add: proof size=158 bytes, root_hash=[96, d0, f4, a4, 96, 0f, e1, f9]...
🗑️ MEST Delete: keyword='strategy', fid='busi_00000989' (key completely removed)
🗑️ MEST Delete: post-delete root_hash=[e3, b0, c4, 42, 98, fc, 1c, 14]...
