warning: profiles for the non root package will be ignored, specify profiles at the workspace root:
package:   /root/distributed-storage-system/crates/storager/ads_lib/Cargo.toml
workspace: /root/distributed-storage-system/Cargo.toml
warning: value assigned to `is_change` is never read
   --> crates/storager/ads_lib/src/mpt/mpt.rs:256:21
    |
256 |             let mut is_change = false;
    |                     ^^^^^^^^^
    |
    = help: maybe it is overwritten before being read?
    = note: `#[warn(unused_assignments)]` on by default

warning: value assigned to `is_change` is never read
   --> crates/storager/ads_lib/src/mpt/mpt.rs:462:25
    |
462 |                 let mut is_change = false;
    |                         ^^^^^^^^^
    |
    = help: maybe it is overwritten before being read?

warning: unused variable: `had_value`
   --> crates/storager/ads_lib/src/mpt/mpt.rs:526:21
    |
526 |                 let had_value = !old_value_str.is_empty();
    |                     ^^^^^^^^^ help: if this is intentional, prefix it with an underscore: `_had_value`
    |
    = note: `#[warn(unused_variables)]` on by default

warning: associated functions `short_node_batch_fix` and `full_node_batch_fix` are never used
    --> crates/storager/ads_lib/src/mpt/mpt.rs:1743:8
     |
  50 | impl MPT {
     | -------- associated functions in this implementation
...
1743 |     fn short_node_batch_fix(node: Arc<RwLock<ShortNode>>) -> Result<(), MPTError> {
     |        ^^^^^^^^^^^^^^^^^^^^
...
1748 |     fn full_node_batch_fix(node: Arc<RwLock<FullNode>>) -> Result<(), MPTError> {
     |        ^^^^^^^^^^^^^^^^^^^
     |
     = note: `#[warn(dead_code)]` on by default

warning: function `hash_mgt_node` is never used
   --> crates/storager/ads_lib/src/mest/proof.rs:253:4
    |
253 | fn hash_mgt_node(children: &[[u8; 32]]) -> [u8; 32] {
    |    ^^^^^^^^^^^^^

warning: `ads_rust` (lib) generated 5 warnings
warning: unused variable: `acc_old`
   --> crates/common/src/verification.rs:721:13
    |
721 |         let acc_old = match G1Affine::deserialize_uncompressed(&proof[offset..offset + acc_old_len]) {
    |             ^^^^^^^ help: if this is intentional, prefix it with an underscore: `_acc_old`
    |
    = note: `#[warn(unused_variables)]` on by default

warning: `common` (lib) generated 1 warning
warning: unused imports: `Digest` and `Sha256`
   --> crates/storager/src/ads/acctrie_ads.rs:452:20
    |
452 |         use sha2::{Digest, Sha256};
    |                    ^^^^^^  ^^^^^^
    |
    = note: `#[warn(unused_imports)]` on by default

warning: `storager` (lib) generated 1 warning (run `cargo fix --lib -p storager` to apply 1 suggestion)
    Finished `release` profile [optimized] target(s) in 0.15s
     Running `target/release/storager 50133 mest`
🔧 MEST Add: keyword='genetics', fid='scie_00000046'
🔧 MEST Add: proof size=158 bytes, root_hash=[0b, ea, ea, 8f, ac, 56, 4f, 26]...
🔧 MEST Add: keyword='genetics', fid='scie_00000046'
🔧 MEST Add: proof size=158 bytes, root_hash=[0b, ea, ea, 8f, ac, 56, 4f, 26]...
🗑️ MEST Delete: keyword='genetics', fid='scie_00000046' (key completely removed)
🗑️ MEST Delete: post-delete root_hash=[e3, b0, c4, 42, 98, fc, 1c, 14]...
🔧 MEST Add: keyword='genetics', fid='scie_00000063'
🔧 MEST Add: proof size=158 bytes, root_hash=[09, 0b, e5, a9, 27, ca, b6, de]...
🗑️ MEST Delete: keyword='genetics', fid='scie_00000063' (key completely removed)
🗑️ MEST Delete: post-delete root_hash=[e3, b0, c4, 42, 98, fc, 1c, 14]...
🔧 MEST Add: keyword='genetics', fid='scie_00000116'
🔧 MEST Add: proof size=158 bytes, root_hash=[6f, 27, e0, 6f, 7e, 36, a7, 06]...
🔧 MEST Add: keyword='genetics', fid='scie_00000116'
🔧 MEST Add: proof size=158 bytes, root_hash=[6f, 27, e0, 6f, 7e, 36, a7, 06]...
🗑️ MEST Delete: keyword='genetics', fid='scie_00000116' (key completely removed)
🗑️ MEST Delete: post-delete root_hash=[e3, b0, c4, 42, 98, fc, 1c, 14]...
🔧 MEST Add: keyword='genetics', fid='scie_00000163'
🔧 MEST Add: proof size=158 bytes, root_hash=[da, 80, 90, 67, 09, b9, ce, 36]...
🗑️ MEST Delete: keyword='genetics', fid='scie_00000163' (key completely removed)
🗑️ MEST Delete: post-delete root_hash=[e3, b0, c4, 42, 98, fc, 1c, 14]...
🔧 MEST Add: keyword='genetics', fid='scie_00000202'
🔧 MEST Add: proof size=158 bytes, root_hash=[b7, ce, d1, 03, df, 5d, bc, 3d]...
🔧 MEST Add: keyword='genetics', fid='scie_00000202'
🔧 MEST Add: proof size=158 bytes, root_hash=[b7, ce, d1, 03, df, 5d, bc, 3d]...
🗑️ MEST Delete: keyword='genetics', fid='scie_00000202' (key completely removed)
🗑️ MEST Delete: post-delete root_hash=[e3, b0, c4, 42, 98, fc, 1c, 14]...
🔧 MEST Add: keyword='genetics', fid='scie_00000256'
🔧 MEST Add: proof size=158 bytes, root_hash=[41, 87, 60, 08, 21, 0d, ab, ce]...
🗑️ MEST Delete: keyword='genetics', fid='scie_00000256' (key completely removed)
🗑️ MEST Delete: post-delete root_hash=[e3, b0, c4, 42, 98, fc, 1c, 14]...
🔧 MEST Add: keyword='genetics', fid='scie_00000275'
🔧 MEST Add: proof size=158 bytes, root_hash=[12, 6a, f3, 75, 6b, 4b, e9, 51]...
🔧 MEST Add: keyword='genetics', fid='scie_00000275'
🔧 MEST Add: proof size=158 bytes, root_hash=[12, 6a, f3, 75, 6b, 4b, e9, 51]...
🗑️ MEST Delete: keyword='genetics', fid='scie_00000275' (key completely removed)
🗑️ MEST Delete: post-delete root_hash=[e3, b0, c4, 42, 98, fc, 1c, 14]...
🔧 MEST Add: keyword='genetics', fid='scie_00000281'
🔧 MEST Add: proof size=158 bytes, root_hash=[a8, 80, 51, 93, 6b, 7d, a4, 7e]...
🗑️ MEST Delete: keyword='genetics', fid='scie_00000281' (key completely removed)
🗑️ MEST Delete: post-delete root_hash=[e3, b0, c4, 42, 98, fc, 1c, 14]...
🔧 MEST Add: keyword='genetics', fid='scie_00000306'
🔧 MEST Add: proof size=158 bytes, root_hash=[42, 4d, ca, 11, 14, 92, cc, f1]...
🗑️ MEST Delete: keyword='genetics', fid='scie_00000306' (key completely removed)
🗑️ MEST Delete: post-delete root_hash=[e3, b0, c4, 42, 98, fc, 1c, 14]...
🔧 MEST Add: keyword='genetics', fid='scie_00000352'
🔧 MEST Add: proof size=158 bytes, root_hash=[50, 9e, d7, 28, 13, 6a, cb, b9]...
🔧 MEST Add: keyword='genetics', fid='scie_00000352'
🔧 MEST Add: proof size=158 bytes, root_hash=[50, 9e, d7, 28, 13, 6a, cb, b9]...
🗑️ MEST Delete: keyword='genetics', fid='scie_00000352' (key completely removed)
🗑️ MEST Delete: post-delete root_hash=[e3, b0, c4, 42, 98, fc, 1c, 14]...
🔧 MEST Add: keyword='genetics', fid='scie_00000360'
🔧 MEST Add: proof size=158 bytes, root_hash=[25, 3b, 56, 1d, d3, f5, 14, 55]...
🗑️ MEST Delete: keyword='genetics', fid='scie_00000360' (key completely removed)
🗑️ MEST Delete: post-delete root_hash=[e3, b0, c4, 42, 98, fc, 1c, 14]...
🔧 MEST Add: keyword='genetics', fid='scie_00000398'
🔧 MEST Add: proof size=158 bytes, root_hash=[55, df, 88, 72, 6d, fc, e9, 53]...
🗑️ MEST Delete: keyword='genetics', fid='scie_00000398' (key completely removed)
🗑️ MEST Delete: post-delete root_hash=[e3, b0, c4, 42, 98, fc, 1c, 14]...
🔧 MEST Add: keyword='genetics', fid='scie_00000543'
🔧 MEST Add: proof size=158 bytes, root_hash=[e9, d0, 61, ee, b6, d6, ea, 04]...
🗑️ MEST Delete: keyword='genetics', fid='scie_00000543' (key completely removed)
🗑️ MEST Delete: post-delete root_hash=[e3, b0, c4, 42, 98, fc, 1c, 14]...
🔧 MEST Add: keyword='genetics', fid='scie_00000747'
🔧 MEST Add: proof size=158 bytes, root_hash=[c1, e7, fd, f6, ba, 43, 47, 5b]...
🔧 MEST Add: keyword='genetics', fid='scie_00000747'
🔧 MEST Add: proof size=158 bytes, root_hash=[c1, e7, fd, f6, ba, 43, 47, 5b]...
🗑️ MEST Delete: keyword='genetics', fid='scie_00000747' (key completely removed)
🗑️ MEST Delete: post-delete root_hash=[e3, b0, c4, 42, 98, fc, 1c, 14]...
🔧 MEST Add: keyword='genetics', fid='scie_00000801'
🔧 MEST Add: proof size=158 bytes, root_hash=[87, 9f, 91, 01, da, 6e, 54, 15]...
🔧 MEST Add: keyword='genetics', fid='scie_00000801'
🔧 MEST Add: proof size=158 bytes, root_hash=[87, 9f, 91, 01, da, 6e, 54, 15]...
🗑️ MEST Delete: keyword='genetics', fid='scie_00000801' (key completely removed)
🗑️ MEST Delete: post-delete root_hash=[e3, b0, c4, 42, 98, fc, 1c, 14]...
🔧 MEST Add: keyword='genetics', fid='scie_00000878'
🔧 MEST Add: proof size=158 bytes, root_hash=[15, 2c, bd, f8, 18, ee, a8, bc]...
🔧 MEST Add: keyword='genetics', fid='scie_00000878'
🔧 MEST Add: proof size=158 bytes, root_hash=[15, 2c, bd, f8, 18, ee, a8, bc]...
🗑️ MEST Delete: keyword='genetics', fid='scie_00000878' (key completely removed)
🗑️ MEST Delete: post-delete root_hash=[e3, b0, c4, 42, 98, fc, 1c, 14]...
🔧 MEST Add: keyword='genetics', fid='scie_00000892'
🔧 MEST Add: proof size=158 bytes, root_hash=[7e, 9e, d3, ef, 41, 06, 71, 14]...
🔧 MEST Add: keyword='genetics', fid='scie_00000892'
🔧 MEST Add: proof size=158 bytes, root_hash=[7e, 9e, d3, ef, 41, 06, 71, 14]...
🗑️ MEST Delete: keyword='genetics', fid='scie_00000892' (key completely removed)
🗑️ MEST Delete: post-delete root_hash=[e3, b0, c4, 42, 98, fc, 1c, 14]...
🔧 MEST Add: keyword='genetics', fid='scie_00000900'
🔧 MEST Add: proof size=158 bytes, root_hash=[e3, c2, 20, 91, 6d, 09, 09, 73]...
🗑️ MEST Delete: keyword='genetics', fid='scie_00000900' (key completely removed)
🗑️ MEST Delete: post-delete root_hash=[e3, b0, c4, 42, 98, fc, 1c, 14]...
🔧 MEST Add: keyword='genetics', fid='scie_00000939'
🔧 MEST Add: proof size=158 bytes, root_hash=[fa, f3, 80, 15, a0, 2c, af, b5]...
🗑️ MEST Delete: keyword='genetics', fid='scie_00000939' (key completely removed)
🗑️ MEST Delete: post-delete root_hash=[e3, b0, c4, 42, 98, fc, 1c, 14]...
