warning: profiles for the non root package will be ignored, specify profiles at the workspace root:
package:   /root/distributed-storage-system/crates/storager/ads_lib/Cargo.toml
workspace: /root/distributed-storage-system/Cargo.toml
warning: value assigned to `is_change` is never read
   --> crates/storager/ads_lib/src/mpt/mpt.rs:256:21
    |
256 |             let mut is_change = false;
    |                     ^^^^^^^^^
    |
    = help: maybe it is overwritten before being read?
    = note: `#[warn(unused_assignments)]` on by default

warning: value assigned to `is_change` is never read
   --> crates/storager/ads_lib/src/mpt/mpt.rs:462:25
    |
462 |                 let mut is_change = false;
    |                         ^^^^^^^^^
    |
    = help: maybe it is overwritten before being read?

warning: unused variable: `had_value`
   --> crates/storager/ads_lib/src/mpt/mpt.rs:526:21
    |
526 |                 let had_value = !old_value_str.is_empty();
    |                     ^^^^^^^^^ help: if this is intentional, prefix it with an underscore: `_had_value`
    |
    = note: `#[warn(unused_variables)]` on by default

warning: associated functions `short_node_batch_fix` and `full_node_batch_fix` are never used
    --> crates/storager/ads_lib/src/mpt/mpt.rs:1743:8
     |
  50 | impl MPT {
     | -------- associated functions in this implementation
...
1743 |     fn short_node_batch_fix(node: Arc<RwLock<ShortNode>>) -> Result<(), MPTError> {
     |        ^^^^^^^^^^^^^^^^^^^^
...
1748 |     fn full_node_batch_fix(node: Arc<RwLock<FullNode>>) -> Result<(), MPTError> {
     |        ^^^^^^^^^^^^^^^^^^^
     |
     = note: `#[warn(dead_code)]` on by default

warning: function `hash_mgt_node` is never used
   --> crates/storager/ads_lib/src/mest/proof.rs:253:4
    |
253 | fn hash_mgt_node(children: &[[u8; 32]]) -> [u8; 32] {
    |    ^^^^^^^^^^^^^

warning: `ads_rust` (lib) generated 5 warnings
warning: unused variable: `acc_old`
   --> crates/common/src/verification.rs:721:13
    |
721 |         let acc_old = match G1Affine::deserialize_uncompressed(&proof[offset..offset + acc_old_len]) {
    |             ^^^^^^^ help: if this is intentional, prefix it with an underscore: `_acc_old`
    |
    = note: `#[warn(unused_variables)]` on by default

warning: `common` (lib) generated 1 warning
warning: unused imports: `Digest` and `Sha256`
   --> crates/storager/src/ads/acctrie_ads.rs:452:20
    |
452 |         use sha2::{Digest, Sha256};
    |                    ^^^^^^  ^^^^^^
    |
    = note: `#[warn(unused_imports)]` on by default

warning: `storager` (lib) generated 1 warning (run `cargo fix --lib -p storager` to apply 1 suggestion)
    Finished `release` profile [optimized] target(s) in 0.15s
     Running `target/release/storager 50104 mest`
🔧 MEST Add: keyword='biology', fid='scie_00000000'
🔧 MEST Add: proof size=157 bytes, root_hash=[43, 2a, 79, c2, 6b, d8, 52, 69]...
🔧 MEST Add: keyword='biology', fid='scie_00000000'
🔧 MEST Add: proof size=157 bytes, root_hash=[43, 2a, 79, c2, 6b, d8, 52, 69]...
🗑️ MEST Delete: keyword='biology', fid='scie_00000000' (key completely removed)
🗑️ MEST Delete: post-delete root_hash=[e3, b0, c4, 42, 98, fc, 1c, 14]...
🔧 MEST Add: keyword='biology', fid='scie_00000048'
🔧 MEST Add: proof size=157 bytes, root_hash=[47, 22, 98, b0, 23, 14, ba, 76]...
🔧 MEST Add: keyword='biology', fid='scie_00000048'
🔧 MEST Add: proof size=157 bytes, root_hash=[47, 22, 98, b0, 23, 14, ba, 76]...
🗑️ MEST Delete: keyword='biology', fid='scie_00000048' (key completely removed)
🗑️ MEST Delete: post-delete root_hash=[e3, b0, c4, 42, 98, fc, 1c, 14]...
🔧 MEST Add: keyword='biology', fid='scie_00000050'
🔧 MEST Add: proof size=157 bytes, root_hash=[fc, 45, 11, 3e, 13, 6d, b0, 32]...
🗑️ MEST Delete: keyword='biology', fid='scie_00000050' (key completely removed)
🗑️ MEST Delete: post-delete root_hash=[e3, b0, c4, 42, 98, fc, 1c, 14]...
🔧 MEST Add: keyword='biology', fid='scie_00000068'
🔧 MEST Add: proof size=157 bytes, root_hash=[f2, 95, 78, b7, f7, 56, b1, 32]...
🔧 MEST Add: keyword='biology', fid='scie_00000068'
🔧 MEST Add: proof size=157 bytes, root_hash=[f2, 95, 78, b7, f7, 56, b1, 32]...
🗑️ MEST Delete: keyword='biology', fid='scie_00000068' (key completely removed)
🗑️ MEST Delete: post-delete root_hash=[e3, b0, c4, 42, 98, fc, 1c, 14]...
🔧 MEST Add: keyword='biology', fid='scie_00000201'
🔧 MEST Add: proof size=157 bytes, root_hash=[d6, 26, 7b, 2a, b6, 2a, 2c, 7b]...
🗑️ MEST Delete: keyword='biology', fid='scie_00000201' (key completely removed)
🗑️ MEST Delete: post-delete root_hash=[e3, b0, c4, 42, 98, fc, 1c, 14]...
🔧 MEST Add: keyword='biology', fid='scie_00000202'
🔧 MEST Add: proof size=157 bytes, root_hash=[b7, ce, d1, 03, df, 5d, bc, 3d]...
🗑️ MEST Delete: keyword='biology', fid='scie_00000202' (key completely removed)
🗑️ MEST Delete: post-delete root_hash=[e3, b0, c4, 42, 98, fc, 1c, 14]...
🔧 MEST Add: keyword='biology', fid='scie_00000229'
🔧 MEST Add: proof size=157 bytes, root_hash=[2f, 97, fa, 43, 0c, a5, e8, 09]...
🔧 MEST Add: keyword='biology', fid='scie_00000229'
🔧 MEST Add: proof size=157 bytes, root_hash=[2f, 97, fa, 43, 0c, a5, e8, 09]...
🗑️ MEST Delete: keyword='biology', fid='scie_00000229' (key completely removed)
🗑️ MEST Delete: post-delete root_hash=[e3, b0, c4, 42, 98, fc, 1c, 14]...
🔧 MEST Add: keyword='football', fid='spor_00000247'
🔧 MEST Add: proof size=158 bytes, root_hash=[a4, 30, 0d, 69, c9, 4c, 0e, 26]...
🔧 MEST Add: keyword='football', fid='spor_00000247'
🔧 MEST Add: proof size=158 bytes, root_hash=[a4, 30, 0d, 69, c9, 4c, 0e, 26]...
🗑️ MEST Delete: keyword='football', fid='spor_00000247' (key completely removed)
🗑️ MEST Delete: post-delete root_hash=[e3, b0, c4, 42, 98, fc, 1c, 14]...
🔧 MEST Add: keyword='biology', fid='scie_00000275'
🔧 MEST Add: proof size=157 bytes, root_hash=[12, 6a, f3, 75, 6b, 4b, e9, 51]...
🗑️ MEST Delete: keyword='biology', fid='scie_00000275' (key completely removed)
🗑️ MEST Delete: post-delete root_hash=[e3, b0, c4, 42, 98, fc, 1c, 14]...
🔧 MEST Add: keyword='biology', fid='scie_00000276'
🔧 MEST Add: proof size=157 bytes, root_hash=[cb, 68, ee, 6d, 57, 7e, 2f, 5e]...
🗑️ MEST Delete: keyword='biology', fid='scie_00000276' (key completely removed)
🗑️ MEST Delete: post-delete root_hash=[e3, b0, c4, 42, 98, fc, 1c, 14]...
🔧 MEST Add: keyword='biology', fid='scie_00000281'
🔧 MEST Add: proof size=157 bytes, root_hash=[a8, 80, 51, 93, 6b, 7d, a4, 7e]...
🔧 MEST Add: keyword='biology', fid='scie_00000281'
🔧 MEST Add: proof size=157 bytes, root_hash=[a8, 80, 51, 93, 6b, 7d, a4, 7e]...
🗑️ MEST Delete: keyword='biology', fid='scie_00000281' (key completely removed)
🗑️ MEST Delete: post-delete root_hash=[e3, b0, c4, 42, 98, fc, 1c, 14]...
🔧 MEST Add: keyword='football', fid='spor_00000291'
🔧 MEST Add: proof size=158 bytes, root_hash=[39, 04, c6, 74, 75, 27, 54, 13]...
🔧 MEST Add: keyword='football', fid='spor_00000291'
🔧 MEST Add: proof size=158 bytes, root_hash=[39, 04, c6, 74, 75, 27, 54, 13]...
🗑️ MEST Delete: keyword='football', fid='spor_00000291' (key completely removed)
🗑️ MEST Delete: post-delete root_hash=[e3, b0, c4, 42, 98, fc, 1c, 14]...
🔧 MEST Add: keyword='biology', fid='scie_00000306'
🔧 MEST Add: proof size=157 bytes, root_hash=[42, 4d, ca, 11, 14, 92, cc, f1]...
🗑️ MEST Delete: keyword='biology', fid='scie_00000306' (key completely removed)
🗑️ MEST Delete: post-delete root_hash=[e3, b0, c4, 42, 98, fc, 1c, 14]...
🔧 MEST Add: keyword='biology', fid='scie_00000315'
🔧 MEST Add: proof size=157 bytes, root_hash=[88, 7e, b7, e8, 61, bc, eb, dc]...
🗑️ MEST Delete: keyword='biology', fid='scie_00000315' (key completely removed)
🗑️ MEST Delete: post-delete root_hash=[e3, b0, c4, 42, 98, fc, 1c, 14]...
🔧 MEST Add: keyword='football', fid='spor_00000327'
🔧 MEST Add: proof size=158 bytes, root_hash=[55, 53, 08, 10, dc, ce, 8d, d5]...
🔧 MEST Add: keyword='football', fid='spor_00000327'
🔧 MEST Add: proof size=158 bytes, root_hash=[55, 53, 08, 10, dc, ce, 8d, d5]...
🗑️ MEST Delete: keyword='football', fid='spor_00000327' (key completely removed)
🗑️ MEST Delete: post-delete root_hash=[e3, b0, c4, 42, 98, fc, 1c, 14]...
🔧 MEST Add: keyword='football', fid='spor_00000339'
🔧 MEST Add: proof size=158 bytes, root_hash=[61, 03, 5e, c2, c0, ae, c1, b6]...
🗑️ MEST Delete: keyword='football', fid='spor_00000339' (key completely removed)
🗑️ MEST Delete: post-delete root_hash=[e3, b0, c4, 42, 98, fc, 1c, 14]...
🔧 MEST Add: keyword='biology', fid='scie_00000352'
🔧 MEST Add: proof size=157 bytes, root_hash=[50, 9e, d7, 28, 13, 6a, cb, b9]...
🗑️ MEST Delete: keyword='biology', fid='scie_00000352' (key completely removed)
🗑️ MEST Delete: post-delete root_hash=[e3, b0, c4, 42, 98, fc, 1c, 14]...
🔧 MEST Add: keyword='biology', fid='scie_00000358'
🔧 MEST Add: proof size=157 bytes, root_hash=[42, 12, 45, 07, 84, 7e, 8d, c8]...
🔧 MEST Add: keyword='biology', fid='scie_00000358'
🔧 MEST Add: proof size=157 bytes, root_hash=[42, 12, 45, 07, 84, 7e, 8d, c8]...
🗑️ MEST Delete: keyword='biology', fid='scie_00000358' (key completely removed)
🗑️ MEST Delete: post-delete root_hash=[e3, b0, c4, 42, 98, fc, 1c, 14]...
🔧 MEST Add: keyword='biology', fid='scie_00000359'
🔧 MEST Add: proof size=157 bytes, root_hash=[4c, 09, 1a, c1, 07, 6a, 03, eb]...
🔧 MEST Add: keyword='biology', fid='scie_00000359'
🔧 MEST Add: proof size=157 bytes, root_hash=[4c, 09, 1a, c1, 07, 6a, 03, eb]...
🗑️ MEST Delete: keyword='biology', fid='scie_00000359' (key completely removed)
🗑️ MEST Delete: post-delete root_hash=[e3, b0, c4, 42, 98, fc, 1c, 14]...
🔧 MEST Add: keyword='football', fid='spor_00000395'
🔧 MEST Add: proof size=158 bytes, root_hash=[c2, 91, fc, d8, a8, e0, f2, 56]...
🗑️ MEST Delete: keyword='football', fid='spor_00000395' (key completely removed)
🗑️ MEST Delete: post-delete root_hash=[e3, b0, c4, 42, 98, fc, 1c, 14]...
🔧 MEST Add: keyword='football', fid='spor_00000401'
🔧 MEST Add: proof size=158 bytes, root_hash=[b6, aa, 67, 02, da, 03, 49, cb]...
🔧 MEST Add: keyword='football', fid='spor_00000401'
🔧 MEST Add: proof size=158 bytes, root_hash=[b6, aa, 67, 02, da, 03, 49, cb]...
🗑️ MEST Delete: keyword='football', fid='spor_00000401' (key completely removed)
🗑️ MEST Delete: post-delete root_hash=[e3, b0, c4, 42, 98, fc, 1c, 14]...
🔧 MEST Add: keyword='football', fid='spor_00000448'
🔧 MEST Add: proof size=158 bytes, root_hash=[84, e8, 66, 40, d5, ac, e8, db]...
🗑️ MEST Delete: keyword='football', fid='spor_00000448' (key completely removed)
🗑️ MEST Delete: post-delete root_hash=[e3, b0, c4, 42, 98, fc, 1c, 14]...
🔧 MEST Add: keyword='football', fid='spor_00000489'
🔧 MEST Add: proof size=158 bytes, root_hash=[a7, 37, ee, 93, d6, 17, e4, 47]...
🔧 MEST Add: keyword='football', fid='spor_00000489'
🔧 MEST Add: proof size=158 bytes, root_hash=[a7, 37, ee, 93, d6, 17, e4, 47]...
🗑️ MEST Delete: keyword='football', fid='spor_00000489' (key completely removed)
🗑️ MEST Delete: post-delete root_hash=[e3, b0, c4, 42, 98, fc, 1c, 14]...
🔧 MEST Add: keyword='biology', fid='scie_00000531'
🔧 MEST Add: proof size=157 bytes, root_hash=[7f, 38, bd, 4c, 4c, fc, f1, ec]...
🗑️ MEST Delete: keyword='biology', fid='scie_00000531' (key completely removed)
🗑️ MEST Delete: post-delete root_hash=[e3, b0, c4, 42, 98, fc, 1c, 14]...
🔧 MEST Add: keyword='biology', fid='scie_00000561'
🔧 MEST Add: proof size=157 bytes, root_hash=[f0, 12, 9a, c7, 13, 64, 87, c3]...
🔧 MEST Add: keyword='biology', fid='scie_00000561'
🔧 MEST Add: proof size=157 bytes, root_hash=[f0, 12, 9a, c7, 13, 64, 87, c3]...
🗑️ MEST Delete: keyword='biology', fid='scie_00000561' (key completely removed)
🗑️ MEST Delete: post-delete root_hash=[e3, b0, c4, 42, 98, fc, 1c, 14]...
🔧 MEST Add: keyword='biology', fid='scie_00000610'
🔧 MEST Add: proof size=157 bytes, root_hash=[61, b3, 16, 5c, c0, 1c, d7, e5]...
🔧 MEST Add: keyword='biology', fid='scie_00000610'
🔧 MEST Add: proof size=157 bytes, root_hash=[61, b3, 16, 5c, c0, 1c, d7, e5]...
🗑️ MEST Delete: keyword='biology', fid='scie_00000610' (key completely removed)
🗑️ MEST Delete: post-delete root_hash=[e3, b0, c4, 42, 98, fc, 1c, 14]...
🔧 MEST Add: keyword='biology', fid='scie_00000668'
🔧 MEST Add: proof size=157 bytes, root_hash=[bb, 7d, 07, 2c, 79, 1b, dc, 87]...
🔧 MEST Add: keyword='biology', fid='scie_00000668'
🔧 MEST Add: proof size=157 bytes, root_hash=[bb, 7d, 07, 2c, 79, 1b, dc, 87]...
🗑️ MEST Delete: keyword='biology', fid='scie_00000668' (key completely removed)
🗑️ MEST Delete: post-delete root_hash=[e3, b0, c4, 42, 98, fc, 1c, 14]...
🔧 MEST Add: keyword='football', fid='spor_00000697'
🔧 MEST Add: proof size=158 bytes, root_hash=[40, 1b, 5a, 4e, 31, f0, b0, d3]...
🗑️ MEST Delete: keyword='football', fid='spor_00000697' (key completely removed)
🗑️ MEST Delete: post-delete root_hash=[e3, b0, c4, 42, 98, fc, 1c, 14]...
🔧 MEST Add: keyword='football', fid='spor_00000717'
🔧 MEST Add: proof size=158 bytes, root_hash=[b2, 18, 08, 5f, 28, 4e, 84, 53]...
🗑️ MEST Delete: keyword='football', fid='spor_00000717' (key completely removed)
🗑️ MEST Delete: post-delete root_hash=[e3, b0, c4, 42, 98, fc, 1c, 14]...
🔧 MEST Add: keyword='biology', fid='scie_00000724'
🔧 MEST Add: proof size=157 bytes, root_hash=[a0, 65, b5, da, 38, 2b, 63, 34]...
🗑️ MEST Delete: keyword='biology', fid='scie_00000724' (key completely removed)
🗑️ MEST Delete: post-delete root_hash=[e3, b0, c4, 42, 98, fc, 1c, 14]...
🔧 MEST Add: keyword='biology', fid='scie_00000738'
🔧 MEST Add: proof size=157 bytes, root_hash=[8e, 6d, cf, f0, 9e, 12, 2e, 53]...
🔧 MEST Add: keyword='biology', fid='scie_00000738'
🔧 MEST Add: proof size=157 bytes, root_hash=[8e, 6d, cf, f0, 9e, 12, 2e, 53]...
🗑️ MEST Delete: keyword='biology', fid='scie_00000738' (key completely removed)
🗑️ MEST Delete: post-delete root_hash=[e3, b0, c4, 42, 98, fc, 1c, 14]...
🔧 MEST Add: keyword='biology', fid='scie_00000743'
🔧 MEST Add: proof size=157 bytes, root_hash=[07, c1, c3, 74, 53, 1a, 98, 98]...
🗑️ MEST Delete: keyword='biology', fid='scie_00000743' (key completely removed)
🗑️ MEST Delete: post-delete root_hash=[e3, b0, c4, 42, 98, fc, 1c, 14]...
🔧 MEST Add: keyword='biology', fid='scie_00000767'
🔧 MEST Add: proof size=157 bytes, root_hash=[99, 37, c0, 7f, e6, c5, e2, bf]...
🔧 MEST Add: keyword='biology', fid='scie_00000767'
🔧 MEST Add: proof size=157 bytes, root_hash=[99, 37, c0, 7f, e6, c5, e2, bf]...
🗑️ MEST Delete: keyword='biology', fid='scie_00000767' (key completely removed)
🗑️ MEST Delete: post-delete root_hash=[e3, b0, c4, 42, 98, fc, 1c, 14]...
🔧 MEST Add: keyword='football', fid='spor_00000803'
🔧 MEST Add: proof size=158 bytes, root_hash=[84, 52, 36, 82, 8a, 49, 91, 2c]...
🗑️ MEST Delete: keyword='football', fid='spor_00000803' (key completely removed)
🗑️ MEST Delete: post-delete root_hash=[e3, b0, c4, 42, 98, fc, 1c, 14]...
🔧 MEST Add: keyword='football', fid='spor_00000854'
🔧 MEST Add: proof size=158 bytes, root_hash=[e7, 94, d7, ea, dd, 62, 19, c8]...
🔧 MEST Add: keyword='football', fid='spor_00000854'
🔧 MEST Add: proof size=158 bytes, root_hash=[e7, 94, d7, ea, dd, 62, 19, c8]...
🗑️ MEST Delete: keyword='football', fid='spor_00000854' (key completely removed)
🗑️ MEST Delete: post-delete root_hash=[e3, b0, c4, 42, 98, fc, 1c, 14]...
🔧 MEST Add: keyword='biology', fid='scie_00000866'
🔧 MEST Add: proof size=157 bytes, root_hash=[86, 60, 54, bd, 5f, 4b, 72, 43]...
🗑️ MEST Delete: keyword='biology', fid='scie_00000866' (key completely removed)
🗑️ MEST Delete: post-delete root_hash=[e3, b0, c4, 42, 98, fc, 1c, 14]...
🔧 MEST Add: keyword='biology', fid='scie_00000900'
🔧 MEST Add: proof size=157 bytes, root_hash=[e3, c2, 20, 91, 6d, 09, 09, 73]...
🗑️ MEST Delete: keyword='biology', fid='scie_00000900' (key completely removed)
🗑️ MEST Delete: post-delete root_hash=[e3, b0, c4, 42, 98, fc, 1c, 14]...
🔧 MEST Add: keyword='football', fid='spor_00000927'
🔧 MEST Add: proof size=158 bytes, root_hash=[77, 7f, 7a, 81, 6e, d3, 49, 16]...
🔧 MEST Add: keyword='football', fid='spor_00000927'
🔧 MEST Add: proof size=158 bytes, root_hash=[77, 7f, 7a, 81, 6e, d3, 49, 16]...
🗑️ MEST Delete: keyword='football', fid='spor_00000927' (key completely removed)
🗑️ MEST Delete: post-delete root_hash=[e3, b0, c4, 42, 98, fc, 1c, 14]...
🔧 MEST Add: keyword='football', fid='spor_00000942'
🔧 MEST Add: proof size=158 bytes, root_hash=[f1, 35, e8, c9, 6b, e4, 4c, 2a]...
🔧 MEST Add: keyword='football', fid='spor_00000942'
🔧 MEST Add: proof size=158 bytes, root_hash=[f1, 35, e8, c9, 6b, e4, 4c, 2a]...
🗑️ MEST Delete: keyword='football', fid='spor_00000942' (key completely removed)
🗑️ MEST Delete: post-delete root_hash=[e3, b0, c4, 42, 98, fc, 1c, 14]...
🔧 MEST Add: keyword='biology', fid='scie_00000971'
🔧 MEST Add: proof size=157 bytes, root_hash=[35, 0f, 74, 61, 70, 06, 1e, e4]...
🗑️ MEST Delete: keyword='biology', fid='scie_00000971' (key completely removed)
🗑️ MEST Delete: post-delete root_hash=[e3, b0, c4, 42, 98, fc, 1c, 14]...
