warning: profiles for the non root package will be ignored, specify profiles at the workspace root:
package:   /root/distributed-storage-system/crates/storager/ads_lib/Cargo.toml
workspace: /root/distributed-storage-system/Cargo.toml
warning: value assigned to `is_change` is never read
   --> crates/storager/ads_lib/src/mpt/mpt.rs:256:21
    |
256 |             let mut is_change = false;
    |                     ^^^^^^^^^
    |
    = help: maybe it is overwritten before being read?
    = note: `#[warn(unused_assignments)]` on by default

warning: value assigned to `is_change` is never read
   --> crates/storager/ads_lib/src/mpt/mpt.rs:462:25
    |
462 |                 let mut is_change = false;
    |                         ^^^^^^^^^
    |
    = help: maybe it is overwritten before being read?

warning: unused variable: `had_value`
   --> crates/storager/ads_lib/src/mpt/mpt.rs:526:21
    |
526 |                 let had_value = !old_value_str.is_empty();
    |                     ^^^^^^^^^ help: if this is intentional, prefix it with an underscore: `_had_value`
    |
    = note: `#[warn(unused_variables)]` on by default

warning: associated functions `short_node_batch_fix` and `full_node_batch_fix` are never used
    --> crates/storager/ads_lib/src/mpt/mpt.rs:1743:8
     |
  50 | impl MPT {
     | -------- associated functions in this implementation
...
1743 |     fn short_node_batch_fix(node: Arc<RwLock<ShortNode>>) -> Result<(), MPTError> {
     |        ^^^^^^^^^^^^^^^^^^^^
...
1748 |     fn full_node_batch_fix(node: Arc<RwLock<FullNode>>) -> Result<(), MPTError> {
     |        ^^^^^^^^^^^^^^^^^^^
     |
     = note: `#[warn(dead_code)]` on by default

warning: function `hash_mgt_node` is never used
   --> crates/storager/ads_lib/src/mest/proof.rs:253:4
    |
253 | fn hash_mgt_node(children: &[[u8; 32]]) -> [u8; 32] {
    |    ^^^^^^^^^^^^^

warning: `ads_rust` (lib) generated 5 warnings
warning: unused variable: `acc_old`
   --> crates/common/src/verification.rs:721:13
    |
721 |         let acc_old = match G1Affine::deserialize_uncompressed(&proof[offset..offset + acc_old_len]) {
    |             ^^^^^^^ help: if this is intentional, prefix it with an underscore: `_acc_old`
    |
    = note: `#[warn(unused_variables)]` on by default

warning: `common` (lib) generated 1 warning
warning: unused imports: `Digest` and `Sha256`
   --> crates/storager/src/ads/acctrie_ads.rs:452:20
    |
452 |         use sha2::{Digest, Sha256};
    |                    ^^^^^^  ^^^^^^
    |
    = note: `#[warn(unused_imports)]` on by default

warning: `storager` (lib) generated 1 warning (run `cargo fix --lib -p storager` to apply 1 suggestion)
    Finished `release` profile [optimized] target(s) in 0.16s
     Running `target/release/storager 50146 mest`
🔧 MEST Add: keyword='team', fid='spor_00000017'
🔧 MEST Add: proof size=154 bytes, root_hash=[4a, a9, 3e, 0b, 25, 98, 68, 49]...
🗑️ MEST Delete: keyword='team', fid='spor_00000017' (key completely removed)
🗑️ MEST Delete: post-delete root_hash=[e3, b0, c4, 42, 98, fc, 1c, 14]...
🔧 MEST Add: keyword='team', fid='spor_00000023'
🔧 MEST Add: proof size=154 bytes, root_hash=[47, df, d5, 47, 16, 7e, 66, 1f]...
🗑️ MEST Delete: keyword='team', fid='spor_00000023' (key completely removed)
🗑️ MEST Delete: post-delete root_hash=[e3, b0, c4, 42, 98, fc, 1c, 14]...
🔧 MEST Add: keyword='lecture', fid='educ_00000051'
🔧 MEST Add: proof size=157 bytes, root_hash=[0b, d7, 1e, 7c, 42, 18, 9d, 46]...
🗑️ MEST Delete: keyword='lecture', fid='educ_00000051' (key completely removed)
🗑️ MEST Delete: post-delete root_hash=[e3, b0, c4, 42, 98, fc, 1c, 14]...
🔧 MEST Add: keyword='lecture', fid='educ_00000102'
🔧 MEST Add: proof size=157 bytes, root_hash=[b0, fb, f6, 1f, 91, e0, fb, 12]...
🗑️ MEST Delete: keyword='lecture', fid='educ_00000102' (key completely removed)
🗑️ MEST Delete: post-delete root_hash=[e3, b0, c4, 42, 98, fc, 1c, 14]...
🔧 MEST Add: keyword='lecture', fid='educ_00000106'
🔧 MEST Add: proof size=157 bytes, root_hash=[16, a5, c3, 5a, ce, e5, 09, 8d]...
🔧 MEST Add: keyword='lecture', fid='educ_00000106'
🔧 MEST Add: proof size=157 bytes, root_hash=[16, a5, c3, 5a, ce, e5, 09, 8d]...
🗑️ MEST Delete: keyword='lecture', fid='educ_00000106' (key completely removed)
🗑️ MEST Delete: post-delete root_hash=[e3, b0, c4, 42, 98, fc, 1c, 14]...
🔧 MEST Add: keyword='lecture', fid='educ_00000134'
🔧 MEST Add: proof size=157 bytes, root_hash=[a5, 79, 10, 6c, 21, 9a, c0, 0a]...
🗑️ MEST Delete: keyword='lecture', fid='educ_00000134' (key completely removed)
🗑️ MEST Delete: post-delete root_hash=[e3, b0, c4, 42, 98, fc, 1c, 14]...
🔧 MEST Add: keyword='lecture', fid='educ_00000135'
🔧 MEST Add: proof size=157 bytes, root_hash=[cd, dc, 3a, 46, 24, a6, 63, 57]...
🗑️ MEST Delete: keyword='lecture', fid='educ_00000135' (key completely removed)
🗑️ MEST Delete: post-delete root_hash=[e3, b0, c4, 42, 98, fc, 1c, 14]...
🔧 MEST Add: keyword='lecture', fid='educ_00000144'
🔧 MEST Add: proof size=157 bytes, root_hash=[53, 48, 83, 56, 10, d4, 75, 23]...
🗑️ MEST Delete: keyword='lecture', fid='educ_00000144' (key completely removed)
🗑️ MEST Delete: post-delete root_hash=[e3, b0, c4, 42, 98, fc, 1c, 14]...
🔧 MEST Add: keyword='team', fid='spor_00000183'
🔧 MEST Add: proof size=154 bytes, root_hash=[24, 30, a0, d4, 37, 1f, fd, da]...
🗑️ MEST Delete: keyword='team', fid='spor_00000183' (key completely removed)
🗑️ MEST Delete: post-delete root_hash=[e3, b0, c4, 42, 98, fc, 1c, 14]...
🔧 MEST Add: keyword='team', fid='spor_00000191'
🔧 MEST Add: proof size=154 bytes, root_hash=[c3, 36, 47, ea, db, 98, e3, 5e]...
🗑️ MEST Delete: keyword='team', fid='spor_00000191' (key completely removed)
🗑️ MEST Delete: post-delete root_hash=[e3, b0, c4, 42, 98, fc, 1c, 14]...
🔧 MEST Add: keyword='team', fid='spor_00000206'
🔧 MEST Add: proof size=154 bytes, root_hash=[c8, f2, f1, cd, 5a, 0a, b2, e5]...
🗑️ MEST Delete: keyword='team', fid='spor_00000206' (key completely removed)
🗑️ MEST Delete: post-delete root_hash=[e3, b0, c4, 42, 98, fc, 1c, 14]...
🔧 MEST Add: keyword='lecture', fid='educ_00000208'
🔧 MEST Add: proof size=157 bytes, root_hash=[61, 83, d6, 74, 82, 75, f1, 57]...
🔧 MEST Add: keyword='lecture', fid='educ_00000208'
🔧 MEST Add: proof size=157 bytes, root_hash=[61, 83, d6, 74, 82, 75, f1, 57]...
🗑️ MEST Delete: keyword='lecture', fid='educ_00000208' (key completely removed)
🗑️ MEST Delete: post-delete root_hash=[e3, b0, c4, 42, 98, fc, 1c, 14]...
🔧 MEST Add: keyword='lecture', fid='educ_00000244'
🔧 MEST Add: proof size=157 bytes, root_hash=[33, 17, f5, 7e, 21, 2a, 62, 1c]...
🗑️ MEST Delete: keyword='lecture', fid='educ_00000244' (key completely removed)
🗑️ MEST Delete: post-delete root_hash=[e3, b0, c4, 42, 98, fc, 1c, 14]...
🔧 MEST Add: keyword='team', fid='spor_00000245'
🔧 MEST Add: proof size=154 bytes, root_hash=[42, 0f, f8, a4, fe, 6e, 22, e9]...
🗑️ MEST Delete: keyword='team', fid='spor_00000245' (key completely removed)
🗑️ MEST Delete: post-delete root_hash=[e3, b0, c4, 42, 98, fc, 1c, 14]...
🔧 MEST Add: keyword='lecture', fid='educ_00000252'
🔧 MEST Add: proof size=157 bytes, root_hash=[bb, 5b, d7, cf, ec, dc, 9f, f4]...
🔧 MEST Add: keyword='lecture', fid='educ_00000252'
🔧 MEST Add: proof size=157 bytes, root_hash=[bb, 5b, d7, cf, ec, dc, 9f, f4]...
🗑️ MEST Delete: keyword='lecture', fid='educ_00000252' (key completely removed)
🗑️ MEST Delete: post-delete root_hash=[e3, b0, c4, 42, 98, fc, 1c, 14]...
🔧 MEST Add: keyword='lecture', fid='educ_00000269'
🔧 MEST Add: proof size=157 bytes, root_hash=[68, b8, 5a, b1, 15, 08, fa, d1]...
🗑️ MEST Delete: keyword='lecture', fid='educ_00000269' (key completely removed)
🗑️ MEST Delete: post-delete root_hash=[e3, b0, c4, 42, 98, fc, 1c, 14]...
🔧 MEST Add: keyword='team', fid='spor_00000285'
🔧 MEST Add: proof size=154 bytes, root_hash=[bf, eb, 62, 88, 66, 0f, 76, 46]...
🔧 MEST Add: keyword='team', fid='spor_00000285'
🔧 MEST Add: proof size=154 bytes, root_hash=[bf, eb, 62, 88, 66, 0f, 76, 46]...
🗑️ MEST Delete: keyword='team', fid='spor_00000285' (key completely removed)
🗑️ MEST Delete: post-delete root_hash=[e3, b0, c4, 42, 98, fc, 1c, 14]...
🔧 MEST Add: keyword='lecture', fid='educ_00000295'
🔧 MEST Add: proof size=157 bytes, root_hash=[ba, d0, 2e, 1a, e5, d9, 3f, 1a]...
🔧 MEST Add: keyword='lecture', fid='educ_00000295'
🔧 MEST Add: proof size=157 bytes, root_hash=[ba, d0, 2e, 1a, e5, d9, 3f, 1a]...
🗑️ MEST Delete: keyword='lecture', fid='educ_00000295' (key completely removed)
🗑️ MEST Delete: post-delete root_hash=[e3, b0, c4, 42, 98, fc, 1c, 14]...
🔧 MEST Add: keyword='team', fid='spor_00000367'
🔧 MEST Add: proof size=154 bytes, root_hash=[46, 63, 57, 8f, 3c, e4, af, 91]...
🗑️ MEST Delete: keyword='team', fid='spor_00000367' (key completely removed)
🗑️ MEST Delete: post-delete root_hash=[e3, b0, c4, 42, 98, fc, 1c, 14]...
🔧 MEST Add: keyword='lecture', fid='educ_00000374'
🔧 MEST Add: proof size=157 bytes, root_hash=[ab, 43, d7, a5, 8e, 56, 88, 43]...
🗑️ MEST Delete: keyword='lecture', fid='educ_00000374' (key completely removed)
🗑️ MEST Delete: post-delete root_hash=[e3, b0, c4, 42, 98, fc, 1c, 14]...
🔧 MEST Add: keyword='lecture', fid='educ_00000405'
🔧 MEST Add: proof size=157 bytes, root_hash=[ab, 5b, d0, e0, 75, b0, 75, e3]...
🔧 MEST Add: keyword='lecture', fid='educ_00000405'
🔧 MEST Add: proof size=157 bytes, root_hash=[ab, 5b, d0, e0, 75, b0, 75, e3]...
🗑️ MEST Delete: keyword='lecture', fid='educ_00000405' (key completely removed)
🗑️ MEST Delete: post-delete root_hash=[e3, b0, c4, 42, 98, fc, 1c, 14]...
🔧 MEST Add: keyword='lecture', fid='educ_00000408'
🔧 MEST Add: proof size=157 bytes, root_hash=[4c, fa, 2d, 4e, 41, d4, ae, 9e]...
🔧 MEST Add: keyword='lecture', fid='educ_00000408'
🔧 MEST Add: proof size=157 bytes, root_hash=[4c, fa, 2d, 4e, 41, d4, ae, 9e]...
🗑️ MEST Delete: keyword='lecture', fid='educ_00000408' (key completely removed)
🗑️ MEST Delete: post-delete root_hash=[e3, b0, c4, 42, 98, fc, 1c, 14]...
🔧 MEST Add: keyword='lecture', fid='educ_00000423'
🔧 MEST Add: proof size=157 bytes, root_hash=[cf, 44, 42, 6b, dc, ac, d8, 3b]...
🗑️ MEST Delete: keyword='lecture', fid='educ_00000423' (key completely removed)
🗑️ MEST Delete: post-delete root_hash=[e3, b0, c4, 42, 98, fc, 1c, 14]...
🔧 MEST Add: keyword='lecture', fid='educ_00000434'
🔧 MEST Add: proof size=157 bytes, root_hash=[28, 16, dc, b7, fd, 81, 6b, cf]...
🔧 MEST Add: keyword='lecture', fid='educ_00000434'
🔧 MEST Add: proof size=157 bytes, root_hash=[28, 16, dc, b7, fd, 81, 6b, cf]...
🗑️ MEST Delete: keyword='lecture', fid='educ_00000434' (key completely removed)
🗑️ MEST Delete: post-delete root_hash=[e3, b0, c4, 42, 98, fc, 1c, 14]...
🔧 MEST Add: keyword='lecture', fid='educ_00000473'
🔧 MEST Add: proof size=157 bytes, root_hash=[ca, 5f, 4d, 9c, 9b, 2b, fc, 94]...
🗑️ MEST Delete: keyword='lecture', fid='educ_00000473' (key completely removed)
🗑️ MEST Delete: post-delete root_hash=[e3, b0, c4, 42, 98, fc, 1c, 14]...
🔧 MEST Add: keyword='lecture', fid='educ_00000502'
🔧 MEST Add: proof size=157 bytes, root_hash=[93, c1, da, 72, b1, 54, 0b, 3c]...
🔧 MEST Add: keyword='lecture', fid='educ_00000502'
🔧 MEST Add: proof size=157 bytes, root_hash=[93, c1, da, 72, b1, 54, 0b, 3c]...
🗑️ MEST Delete: keyword='lecture', fid='educ_00000502' (key completely removed)
🗑️ MEST Delete: post-delete root_hash=[e3, b0, c4, 42, 98, fc, 1c, 14]...
🔧 MEST Add: keyword='lecture', fid='educ_00000507'
🔧 MEST Add: proof size=157 bytes, root_hash=[21, 94, 0c, c5, 37, d6, be, 7a]...
🗑️ MEST Delete: keyword='lecture', fid='educ_00000507' (key completely removed)
🗑️ MEST Delete: post-delete root_hash=[e3, b0, c4, 42, 98, fc, 1c, 14]...
🔧 MEST Add: keyword='team', fid='spor_00000515'
🔧 MEST Add: proof size=154 bytes, root_hash=[23, 16, f3, 3d, 12, 57, fa, fe]...
🔧 MEST Add: keyword='team', fid='spor_00000515'
🔧 MEST Add: proof size=154 bytes, root_hash=[23, 16, f3, 3d, 12, 57, fa, fe]...
🗑️ MEST Delete: keyword='team', fid='spor_00000515' (key completely removed)
🗑️ MEST Delete: post-delete root_hash=[e3, b0, c4, 42, 98, fc, 1c, 14]...
🔧 MEST Add: keyword='lecture', fid='educ_00000584'
🔧 MEST Add: proof size=157 bytes, root_hash=[0e, 18, 55, a9, 26, 7a, 44, 3c]...
🔧 MEST Add: keyword='lecture', fid='educ_00000584'
🔧 MEST Add: proof size=157 bytes, root_hash=[0e, 18, 55, a9, 26, 7a, 44, 3c]...
🗑️ MEST Delete: keyword='lecture', fid='educ_00000584' (key completely removed)
🗑️ MEST Delete: post-delete root_hash=[e3, b0, c4, 42, 98, fc, 1c, 14]...
🔧 MEST Add: keyword='team', fid='spor_00000714'
🔧 MEST Add: proof size=154 bytes, root_hash=[b6, dd, ba, 2b, 0e, 88, e9, 86]...
🗑️ MEST Delete: keyword='team', fid='spor_00000714' (key completely removed)
🗑️ MEST Delete: post-delete root_hash=[e3, b0, c4, 42, 98, fc, 1c, 14]...
🔧 MEST Add: keyword='lecture', fid='educ_00000720'
🔧 MEST Add: proof size=157 bytes, root_hash=[d7, 03, fa, 16, 37, 33, f4, 70]...
🔧 MEST Add: keyword='lecture', fid='educ_00000720'
🔧 MEST Add: proof size=157 bytes, root_hash=[d7, 03, fa, 16, 37, 33, f4, 70]...
🗑️ MEST Delete: keyword='lecture', fid='educ_00000720' (key completely removed)
🗑️ MEST Delete: post-delete root_hash=[e3, b0, c4, 42, 98, fc, 1c, 14]...
🔧 MEST Add: keyword='lecture', fid='educ_00000731'
🔧 MEST Add: proof size=157 bytes, root_hash=[03, f4, 10, ce, cb, 17, 40, b9]...
🗑️ MEST Delete: keyword='lecture', fid='educ_00000731' (key completely removed)
🗑️ MEST Delete: post-delete root_hash=[e3, b0, c4, 42, 98, fc, 1c, 14]...
🔧 MEST Add: keyword='lecture', fid='educ_00000746'
🔧 MEST Add: proof size=157 bytes, root_hash=[4a, ba, f2, c7, f4, dd, 8f, d2]...
🗑️ MEST Delete: keyword='lecture', fid='educ_00000746' (key completely removed)
🗑️ MEST Delete: post-delete root_hash=[e3, b0, c4, 42, 98, fc, 1c, 14]...
🔧 MEST Add: keyword='team', fid='spor_00000825'
🔧 MEST Add: proof size=154 bytes, root_hash=[f9, 0f, ce, c4, 13, fb, d0, e1]...
🗑️ MEST Delete: keyword='team', fid='spor_00000825' (key completely removed)
🗑️ MEST Delete: post-delete root_hash=[e3, b0, c4, 42, 98, fc, 1c, 14]...
🔧 MEST Add: keyword='lecture', fid='educ_00000853'
🔧 MEST Add: proof size=157 bytes, root_hash=[0c, 46, f6, 0e, 8e, ab, 47, eb]...
🗑️ MEST Delete: keyword='lecture', fid='educ_00000853' (key completely removed)
🗑️ MEST Delete: post-delete root_hash=[e3, b0, c4, 42, 98, fc, 1c, 14]...
🔧 MEST Add: keyword='lecture', fid='educ_00000860'
🔧 MEST Add: proof size=157 bytes, root_hash=[ae, ff, 42, 3e, 42, 3b, b2, c1]...
🗑️ MEST Delete: keyword='lecture', fid='educ_00000860' (key completely removed)
🗑️ MEST Delete: post-delete root_hash=[e3, b0, c4, 42, 98, fc, 1c, 14]...
🔧 MEST Add: keyword='lecture', fid='educ_00000901'
🔧 MEST Add: proof size=157 bytes, root_hash=[b7, 45, b4, da, d0, d7, 88, 42]...
🗑️ MEST Delete: keyword='lecture', fid='educ_00000901' (key completely removed)
🗑️ MEST Delete: post-delete root_hash=[e3, b0, c4, 42, 98, fc, 1c, 14]...
🔧 MEST Add: keyword='team', fid='spor_00000926'
🔧 MEST Add: proof size=154 bytes, root_hash=[09, e0, f4, 32, 86, 2f, 58, 36]...
🔧 MEST Add: keyword='team', fid='spor_00000926'
🔧 MEST Add: proof size=154 bytes, root_hash=[09, e0, f4, 32, 86, 2f, 58, 36]...
🗑️ MEST Delete: keyword='team', fid='spor_00000926' (key completely removed)
🗑️ MEST Delete: post-delete root_hash=[e3, b0, c4, 42, 98, fc, 1c, 14]...
🔧 MEST Add: keyword='team', fid='spor_00000934'
🔧 MEST Add: proof size=154 bytes, root_hash=[ef, a1, 1e, d4, 13, 36, 6d, 73]...
🗑️ MEST Delete: keyword='team', fid='spor_00000934' (key completely removed)
🗑️ MEST Delete: post-delete root_hash=[e3, b0, c4, 42, 98, fc, 1c, 14]...
🔧 MEST Add: keyword='lecture', fid='educ_00000937'
🔧 MEST Add: proof size=157 bytes, root_hash=[3f, 03, 98, cb, dd, 85, 8f, 3c]...
🔧 MEST Add: keyword='lecture', fid='educ_00000937'
🔧 MEST Add: proof size=157 bytes, root_hash=[3f, 03, 98, cb, dd, 85, 8f, 3c]...
🗑️ MEST Delete: keyword='lecture', fid='educ_00000937' (key completely removed)
🗑️ MEST Delete: post-delete root_hash=[e3, b0, c4, 42, 98, fc, 1c, 14]...
🔧 MEST Add: keyword='lecture', fid='educ_00000973'
🔧 MEST Add: proof size=157 bytes, root_hash=[e1, 4f, 1d, 89, fb, 08, 9f, 96]...
🔧 MEST Add: keyword='lecture', fid='educ_00000973'
🔧 MEST Add: proof size=157 bytes, root_hash=[e1, 4f, 1d, 89, fb, 08, 9f, 96]...
🗑️ MEST Delete: keyword='lecture', fid='educ_00000973' (key completely removed)
🗑️ MEST Delete: post-delete root_hash=[e3, b0, c4, 42, 98, fc, 1c, 14]...
