warning: profiles for the non root package will be ignored, specify profiles at the workspace root:
package:   /root/distributed-storage-system/crates/storager/ads_lib/Cargo.toml
workspace: /root/distributed-storage-system/Cargo.toml
warning: value assigned to `is_change` is never read
   --> crates/storager/ads_lib/src/mpt/mpt.rs:256:21
    |
256 |             let mut is_change = false;
    |                     ^^^^^^^^^
    |
    = help: maybe it is overwritten before being read?
    = note: `#[warn(unused_assignments)]` on by default

warning: value assigned to `is_change` is never read
   --> crates/storager/ads_lib/src/mpt/mpt.rs:462:25
    |
462 |                 let mut is_change = false;
    |                         ^^^^^^^^^
    |
    = help: maybe it is overwritten before being read?

warning: unused variable: `had_value`
   --> crates/storager/ads_lib/src/mpt/mpt.rs:526:21
    |
526 |                 let had_value = !old_value_str.is_empty();
    |                     ^^^^^^^^^ help: if this is intentional, prefix it with an underscore: `_had_value`
    |
    = note: `#[warn(unused_variables)]` on by default

warning: associated functions `short_node_batch_fix` and `full_node_batch_fix` are never used
    --> crates/storager/ads_lib/src/mpt/mpt.rs:1743:8
     |
  50 | impl MPT {
     | -------- associated functions in this implementation
...
1743 |     fn short_node_batch_fix(node: Arc<RwLock<ShortNode>>) -> Result<(), MPTError> {
     |        ^^^^^^^^^^^^^^^^^^^^
...
1748 |     fn full_node_batch_fix(node: Arc<RwLock<FullNode>>) -> Result<(), MPTError> {
     |        ^^^^^^^^^^^^^^^^^^^
     |
     = note: `#[warn(dead_code)]` on by default

warning: function `hash_mgt_node` is never used
   --> crates/storager/ads_lib/src/mest/proof.rs:253:4
    |
253 | fn hash_mgt_node(children: &[[u8; 32]]) -> [u8; 32] {
    |    ^^^^^^^^^^^^^

warning: `ads_rust` (lib) generated 5 warnings
warning: unused variable: `acc_old`
   --> crates/common/src/verification.rs:721:13
    |
721 |         let acc_old = match G1Affine::deserialize_uncompressed(&proof[offset..offset + acc_old_len]) {
    |             ^^^^^^^ help: if this is intentional, prefix it with an underscore: `_acc_old`
    |
    = note: `#[warn(unused_variables)]` on by default

warning: `common` (lib) generated 1 warning
warning: unused imports: `Digest` and `Sha256`
   --> crates/storager/src/ads/acctrie_ads.rs:452:20
    |
452 |         use sha2::{Digest, Sha256};
    |                    ^^^^^^  ^^^^^^
    |
    = note: `#[warn(unused_imports)]` on by default

warning: `storager` (lib) generated 1 warning (run `cargo fix --lib -p storager` to apply 1 suggestion)
    Finished `release` profile [optimized] target(s) in 0.16s
     Running `target/release/storager 50094 mest`
🔧 MEST Add: keyword='market', fid='busi_00000004'
🔧 MEST Add: proof size=156 bytes, root_hash=[83, 87, d3, ee, fe, 18, 40, 48]...
🔧 MEST Add: keyword='market', fid='busi_00000004'
🔧 MEST Add: proof size=156 bytes, root_hash=[83, 87, d3, ee, fe, 18, 40, 48]...
🗑️ MEST Delete: keyword='market', fid='busi_00000004' (key completely removed)
🗑️ MEST Delete: post-delete root_hash=[e3, b0, c4, 42, 98, fc, 1c, 14]...
🔧 MEST Add: keyword='market', fid='busi_00000067'
🔧 MEST Add: proof size=156 bytes, root_hash=[29, 4e, 32, 0d, b0, 86, 29, 22]...
🗑️ MEST Delete: keyword='market', fid='busi_00000067' (key completely removed)
🗑️ MEST Delete: post-delete root_hash=[e3, b0, c4, 42, 98, fc, 1c, 14]...
🔧 MEST Add: keyword='market', fid='busi_00000071'
🔧 MEST Add: proof size=156 bytes, root_hash=[7c, 1f, 12, 89, 9b, 90, 0c, 08]...
🗑️ MEST Delete: keyword='market', fid='busi_00000071' (key completely removed)
🗑️ MEST Delete: post-delete root_hash=[e3, b0, c4, 42, 98, fc, 1c, 14]...
🔧 MEST Add: keyword='market', fid='busi_00000148'
🔧 MEST Add: proof size=156 bytes, root_hash=[e7, c1, 46, 60, 27, 59, 46, 28]...
🔧 MEST Add: keyword='market', fid='busi_00000148'
🔧 MEST Add: proof size=156 bytes, root_hash=[e7, c1, 46, 60, 27, 59, 46, 28]...
🗑️ MEST Delete: keyword='market', fid='busi_00000148' (key completely removed)
🗑️ MEST Delete: post-delete root_hash=[e3, b0, c4, 42, 98, fc, 1c, 14]...
🔧 MEST Add: keyword='market', fid='busi_00000264'
🔧 MEST Add: proof size=156 bytes, root_hash=[23, f6, 04, e4, d5, a4, 65, e5]...
🗑️ MEST Delete: keyword='market', fid='busi_00000264' (key completely removed)
🗑️ MEST Delete: post-delete root_hash=[e3, b0, c4, 42, 98, fc, 1c, 14]...
🔧 MEST Add: keyword='market', fid='busi_00000283'
🔧 MEST Add: proof size=156 bytes, root_hash=[42, e4, d7, 85, 75, 55, b8, 13]...
🔧 MEST Add: keyword='market', fid='busi_00000283'
🔧 MEST Add: proof size=156 bytes, root_hash=[42, e4, d7, 85, 75, 55, b8, 13]...
🗑️ MEST Delete: keyword='market', fid='busi_00000283' (key completely removed)
🗑️ MEST Delete: post-delete root_hash=[e3, b0, c4, 42, 98, fc, 1c, 14]...
🔧 MEST Add: keyword='market', fid='busi_00000294'
🔧 MEST Add: proof size=156 bytes, root_hash=[65, b1, 30, d5, 61, 90, ed, fa]...
🔧 MEST Add: keyword='market', fid='busi_00000294'
🔧 MEST Add: proof size=156 bytes, root_hash=[65, b1, 30, d5, 61, 90, ed, fa]...
🗑️ MEST Delete: keyword='market', fid='busi_00000294' (key completely removed)
🗑️ MEST Delete: post-delete root_hash=[e3, b0, c4, 42, 98, fc, 1c, 14]...
🔧 MEST Add: keyword='market', fid='busi_00000328'
🔧 MEST Add: proof size=156 bytes, root_hash=[77, 22, b6, 66, f4, 39, 3b, 2b]...
🗑️ MEST Delete: keyword='market', fid='busi_00000328' (key completely removed)
🗑️ MEST Delete: post-delete root_hash=[e3, b0, c4, 42, 98, fc, 1c, 14]...
🔧 MEST Add: keyword='market', fid='busi_00000330'
🔧 MEST Add: proof size=156 bytes, root_hash=[93, 1e, 60, 1c, 0e, 05, 50, a2]...
🗑️ MEST Delete: keyword='market', fid='busi_00000330' (key completely removed)
🗑️ MEST Delete: post-delete root_hash=[e3, b0, c4, 42, 98, fc, 1c, 14]...
🔧 MEST Add: keyword='market', fid='busi_00000357'
🔧 MEST Add: proof size=156 bytes, root_hash=[b9, 44, eb, 10, cb, 8d, 27, 48]...
🔧 MEST Add: keyword='market', fid='busi_00000357'
🔧 MEST Add: proof size=156 bytes, root_hash=[b9, 44, eb, 10, cb, 8d, 27, 48]...
🗑️ MEST Delete: keyword='market', fid='busi_00000357' (key completely removed)
🗑️ MEST Delete: post-delete root_hash=[e3, b0, c4, 42, 98, fc, 1c, 14]...
🔧 MEST Add: keyword='market', fid='busi_00000506'
🔧 MEST Add: proof size=156 bytes, root_hash=[80, 81, 5e, 8b, 5f, 03, e3, 34]...
🔧 MEST Add: keyword='market', fid='busi_00000506'
🔧 MEST Add: proof size=156 bytes, root_hash=[80, 81, 5e, 8b, 5f, 03, e3, 34]...
🗑️ MEST Delete: keyword='market', fid='busi_00000506' (key completely removed)
🗑️ MEST Delete: post-delete root_hash=[e3, b0, c4, 42, 98, fc, 1c, 14]...
🔧 MEST Add: keyword='market', fid='busi_00000525'
🔧 MEST Add: proof size=156 bytes, root_hash=[fe, 2f, 95, 93, 95, 2f, 05, 41]...
🔧 MEST Add: keyword='market', fid='busi_00000525'
🔧 MEST Add: proof size=156 bytes, root_hash=[fe, 2f, 95, 93, 95, 2f, 05, 41]...
🗑️ MEST Delete: keyword='market', fid='busi_00000525' (key completely removed)
🗑️ MEST Delete: post-delete root_hash=[e3, b0, c4, 42, 98, fc, 1c, 14]...
🔧 MEST Add: keyword='market', fid='busi_00000528'
🔧 MEST Add: proof size=156 bytes, root_hash=[31, 79, 8c, cb, 9a, 7d, 50, 6d]...
🔧 MEST Add: keyword='market', fid='busi_00000528'
🔧 MEST Add: proof size=156 bytes, root_hash=[31, 79, 8c, cb, 9a, 7d, 50, 6d]...
🗑️ MEST Delete: keyword='market', fid='busi_00000528' (key completely removed)
🗑️ MEST Delete: post-delete root_hash=[e3, b0, c4, 42, 98, fc, 1c, 14]...
🔧 MEST Add: keyword='market', fid='busi_00000600'
🔧 MEST Add: proof size=156 bytes, root_hash=[b5, f8, 96, 90, 0b, ea, 2d, 8a]...
🔧 MEST Add: keyword='market', fid='busi_00000600'
🔧 MEST Add: proof size=156 bytes, root_hash=[b5, f8, 96, 90, 0b, ea, 2d, 8a]...
🗑️ MEST Delete: keyword='market', fid='busi_00000600' (key completely removed)
🗑️ MEST Delete: post-delete root_hash=[e3, b0, c4, 42, 98, fc, 1c, 14]...
🔧 MEST Add: keyword='market', fid='busi_00000606'
🔧 MEST Add: proof size=156 bytes, root_hash=[4c, 40, c8, 88, c3, 41, 14, 70]...
🗑️ MEST Delete: keyword='market', fid='busi_00000606' (key completely removed)
🗑️ MEST Delete: post-delete root_hash=[e3, b0, c4, 42, 98, fc, 1c, 14]...
🔧 MEST Add: keyword='market', fid='busi_00000762'
🔧 MEST Add: proof size=156 bytes, root_hash=[52, c1, 45, 83, f8, 87, 57, 72]...
🗑️ MEST Delete: keyword='market', fid='busi_00000762' (key completely removed)
🗑️ MEST Delete: post-delete root_hash=[e3, b0, c4, 42, 98, fc, 1c, 14]...
🔧 MEST Add: keyword='market', fid='busi_00000791'
🔧 MEST Add: proof size=156 bytes, root_hash=[76, 13, a2, a8, de, 03, f4, a6]...
🔧 MEST Add: keyword='market', fid='busi_00000791'
🔧 MEST Add: proof size=156 bytes, root_hash=[76, 13, a2, a8, de, 03, f4, a6]...
🗑️ MEST Delete: keyword='market', fid='busi_00000791' (key completely removed)
🗑️ MEST Delete: post-delete root_hash=[e3, b0, c4, 42, 98, fc, 1c, 14]...
🔧 MEST Add: keyword='market', fid='busi_00000796'
🔧 MEST Add: proof size=156 bytes, root_hash=[76, 37, a6, d0, 42, 0f, 71, 15]...
🔧 MEST Add: keyword='market', fid='busi_00000796'
🔧 MEST Add: proof size=156 bytes, root_hash=[76, 37, a6, d0, 42, 0f, 71, 15]...
🗑️ MEST Delete: keyword='market', fid='busi_00000796' (key completely removed)
🗑️ MEST Delete: post-delete root_hash=[e3, b0, c4, 42, 98, fc, 1c, 14]...
🔧 MEST Add: keyword='market', fid='busi_00000869'
🔧 MEST Add: proof size=156 bytes, root_hash=[61, 15, 43, 3b, c2, a8, 4b, b1]...
🗑️ MEST Delete: keyword='market', fid='busi_00000869' (key completely removed)
🗑️ MEST Delete: post-delete root_hash=[e3, b0, c4, 42, 98, fc, 1c, 14]...
🔧 MEST Add: keyword='market', fid='busi_00000918'
🔧 MEST Add: proof size=156 bytes, root_hash=[1a, d0, 50, c0, e9, b9, 81, 18]...
🗑️ MEST Delete: keyword='market', fid='busi_00000918' (key completely removed)
🗑️ MEST Delete: post-delete root_hash=[e3, b0, c4, 42, 98, fc, 1c, 14]...
🔧 MEST Add: keyword='market', fid='busi_00000970'
🔧 MEST Add: proof size=156 bytes, root_hash=[f3, 5a, 3c, be, 02, 39, 0b, dc]...
🔧 MEST Add: keyword='market', fid='busi_00000970'
🔧 MEST Add: proof size=156 bytes, root_hash=[f3, 5a, 3c, be, 02, 39, 0b, dc]...
🗑️ MEST Delete: keyword='market', fid='busi_00000970' (key completely removed)
🗑️ MEST Delete: post-delete root_hash=[e3, b0, c4, 42, 98, fc, 1c, 14]...
