warning: profiles for the non root package will be ignored, specify profiles at the workspace root:
package:   /root/distributed-storage-system/crates/storager/ads_lib/Cargo.toml
workspace: /root/distributed-storage-system/Cargo.toml
warning: value assigned to `is_change` is never read
   --> crates/storager/ads_lib/src/mpt/mpt.rs:256:21
    |
256 |             let mut is_change = false;
    |                     ^^^^^^^^^
    |
    = help: maybe it is overwritten before being read?
    = note: `#[warn(unused_assignments)]` on by default

warning: value assigned to `is_change` is never read
   --> crates/storager/ads_lib/src/mpt/mpt.rs:462:25
    |
462 |                 let mut is_change = false;
    |                         ^^^^^^^^^
    |
    = help: maybe it is overwritten before being read?

warning: unused variable: `had_value`
   --> crates/storager/ads_lib/src/mpt/mpt.rs:526:21
    |
526 |                 let had_value = !old_value_str.is_empty();
    |                     ^^^^^^^^^ help: if this is intentional, prefix it with an underscore: `_had_value`
    |
    = note: `#[warn(unused_variables)]` on by default

warning: associated functions `short_node_batch_fix` and `full_node_batch_fix` are never used
    --> crates/storager/ads_lib/src/mpt/mpt.rs:1743:8
     |
  50 | impl MPT {
     | -------- associated functions in this implementation
...
1743 |     fn short_node_batch_fix(node: Arc<RwLock<ShortNode>>) -> Result<(), MPTError> {
     |        ^^^^^^^^^^^^^^^^^^^^
...
1748 |     fn full_node_batch_fix(node: Arc<RwLock<FullNode>>) -> Result<(), MPTError> {
     |        ^^^^^^^^^^^^^^^^^^^
     |
     = note: `#[warn(dead_code)]` on by default

warning: function `hash_mgt_node` is never used
   --> crates/storager/ads_lib/src/mest/proof.rs:253:4
    |
253 | fn hash_mgt_node(children: &[[u8; 32]]) -> [u8; 32] {
    |    ^^^^^^^^^^^^^

warning: `ads_rust` (lib) generated 5 warnings
warning: unused variable: `acc_old`
   --> crates/common/src/verification.rs:721:13
    |
721 |         let acc_old = match G1Affine::deserialize_uncompressed(&proof[offset..offset + acc_old_len]) {
    |             ^^^^^^^ help: if this is intentional, prefix it with an underscore: `_acc_old`
    |
    = note: `#[warn(unused_variables)]` on by default

warning: `common` (lib) generated 1 warning
warning: unused imports: `Digest` and `Sha256`
   --> crates/storager/src/ads/acctrie_ads.rs:452:20
    |
452 |         use sha2::{Digest, Sha256};
    |                    ^^^^^^  ^^^^^^
    |
    = note: `#[warn(unused_imports)]` on by default

warning: `storager` (lib) generated 1 warning (run `cargo fix --lib -p storager` to apply 1 suggestion)
    Finished `release` profile [optimized] target(s) in 0.15s
     Running `target/release/storager 50132 mest`
🔧 MEST Add: keyword='laboratory', fid='scie_00000008'
🔧 MEST Add: proof size=160 bytes, root_hash=[90, 6a, 98, 13, 6c, 32, 59, e9]...
🗑️ MEST Delete: keyword='laboratory', fid='scie_00000008' (key completely removed)
🗑️ MEST Delete: post-delete root_hash=[e3, b0, c4, 42, 98, fc, 1c, 14]...
🔧 MEST Add: keyword='recipe', fid='life_00000049'
🔧 MEST Add: proof size=156 bytes, root_hash=[d2, 38, bc, 39, a4, b4, 55, b4]...
🔧 MEST Add: keyword='recipe', fid='life_00000049'
🔧 MEST Add: proof size=156 bytes, root_hash=[d2, 38, bc, 39, a4, b4, 55, b4]...
🗑️ MEST Delete: keyword='recipe', fid='life_00000049' (key completely removed)
🗑️ MEST Delete: post-delete root_hash=[e3, b0, c4, 42, 98, fc, 1c, 14]...
🔧 MEST Add: keyword='laboratory', fid='scie_00000063'
🔧 MEST Add: proof size=160 bytes, root_hash=[09, 0b, e5, a9, 27, ca, b6, de]...
🗑️ MEST Delete: keyword='laboratory', fid='scie_00000063' (key completely removed)
🗑️ MEST Delete: post-delete root_hash=[e3, b0, c4, 42, 98, fc, 1c, 14]...
🔧 MEST Add: keyword='laboratory', fid='scie_00000116'
🔧 MEST Add: proof size=160 bytes, root_hash=[6f, 27, e0, 6f, 7e, 36, a7, 06]...
🗑️ MEST Delete: keyword='laboratory', fid='scie_00000116' (key completely removed)
🗑️ MEST Delete: post-delete root_hash=[e3, b0, c4, 42, 98, fc, 1c, 14]...
🔧 MEST Add: keyword='recipe', fid='life_00000130'
🔧 MEST Add: proof size=156 bytes, root_hash=[b4, dc, 6b, 6e, 45, e3, 57, d9]...
🗑️ MEST Delete: keyword='recipe', fid='life_00000130' (key completely removed)
🗑️ MEST Delete: post-delete root_hash=[e3, b0, c4, 42, 98, fc, 1c, 14]...
🔧 MEST Add: keyword='recipe', fid='life_00000234'
🔧 MEST Add: proof size=156 bytes, root_hash=[f0, b7, da, b3, 2f, df, 98, 66]...
🔧 MEST Add: keyword='recipe', fid='life_00000234'
🔧 MEST Add: proof size=156 bytes, root_hash=[f0, b7, da, b3, 2f, df, 98, 66]...
🗑️ MEST Delete: keyword='recipe', fid='life_00000234' (key completely removed)
🗑️ MEST Delete: post-delete root_hash=[e3, b0, c4, 42, 98, fc, 1c, 14]...
🔧 MEST Add: keyword='recipe', fid='life_00000240'
🔧 MEST Add: proof size=156 bytes, root_hash=[97, d4, a5, 0d, 67, 50, 0f, 87]...
🗑️ MEST Delete: keyword='recipe', fid='life_00000240' (key completely removed)
🗑️ MEST Delete: post-delete root_hash=[e3, b0, c4, 42, 98, fc, 1c, 14]...
🔧 MEST Add: keyword='recipe', fid='life_00000268'
🔧 MEST Add: proof size=156 bytes, root_hash=[a2, 74, 6f, c6, 18, 9d, a8, 36]...
🔧 MEST Add: keyword='recipe', fid='life_00000268'
🔧 MEST Add: proof size=156 bytes, root_hash=[a2, 74, 6f, c6, 18, 9d, a8, 36]...
🗑️ MEST Delete: keyword='recipe', fid='life_00000268' (key completely removed)
🗑️ MEST Delete: post-delete root_hash=[e3, b0, c4, 42, 98, fc, 1c, 14]...
🔧 MEST Add: keyword='laboratory', fid='scie_00000359'
🔧 MEST Add: proof size=160 bytes, root_hash=[4c, 09, 1a, c1, 07, 6a, 03, eb]...
🗑️ MEST Delete: keyword='laboratory', fid='scie_00000359' (key completely removed)
🗑️ MEST Delete: post-delete root_hash=[e3, b0, c4, 42, 98, fc, 1c, 14]...
🔧 MEST Add: keyword='recipe', fid='life_00000382'
🔧 MEST Add: proof size=156 bytes, root_hash=[35, 64, aa, bc, d8, 18, 63, 87]...
🗑️ MEST Delete: keyword='recipe', fid='life_00000382' (key completely removed)
🗑️ MEST Delete: post-delete root_hash=[e3, b0, c4, 42, 98, fc, 1c, 14]...
🔧 MEST Add: keyword='recipe', fid='life_00000441'
🔧 MEST Add: proof size=156 bytes, root_hash=[1f, c2, 03, 6d, 95, 21, ed, dc]...
🔧 MEST Add: keyword='recipe', fid='life_00000441'
🔧 MEST Add: proof size=156 bytes, root_hash=[1f, c2, 03, 6d, 95, 21, ed, dc]...
🗑️ MEST Delete: keyword='recipe', fid='life_00000441' (key completely removed)
🗑️ MEST Delete: post-delete root_hash=[e3, b0, c4, 42, 98, fc, 1c, 14]...
🔧 MEST Add: keyword='recipe', fid='life_00000521'
🔧 MEST Add: proof size=156 bytes, root_hash=[6b, 2e, ac, 9d, 3f, db, 7b, 51]...
🗑️ MEST Delete: keyword='recipe', fid='life_00000521' (key completely removed)
🗑️ MEST Delete: post-delete root_hash=[e3, b0, c4, 42, 98, fc, 1c, 14]...
🔧 MEST Add: keyword='recipe', fid='life_00000530'
🔧 MEST Add: proof size=156 bytes, root_hash=[bb, 5b, 1b, 1d, d4, 70, d8, ab]...
🗑️ MEST Delete: keyword='recipe', fid='life_00000530' (key completely removed)
🗑️ MEST Delete: post-delete root_hash=[e3, b0, c4, 42, 98, fc, 1c, 14]...
🔧 MEST Add: keyword='laboratory', fid='scie_00000531'
🔧 MEST Add: proof size=160 bytes, root_hash=[7f, 38, bd, 4c, 4c, fc, f1, ec]...
🗑️ MEST Delete: keyword='laboratory', fid='scie_00000531' (key completely removed)
🗑️ MEST Delete: post-delete root_hash=[e3, b0, c4, 42, 98, fc, 1c, 14]...
🔧 MEST Add: keyword='laboratory', fid='scie_00000542'
🔧 MEST Add: proof size=160 bytes, root_hash=[98, b6, a2, 1a, 9e, 5b, b2, 41]...
🗑️ MEST Delete: keyword='laboratory', fid='scie_00000542' (key completely removed)
🗑️ MEST Delete: post-delete root_hash=[e3, b0, c4, 42, 98, fc, 1c, 14]...
🔧 MEST Add: keyword='recipe', fid='life_00000636'
🔧 MEST Add: proof size=156 bytes, root_hash=[85, c9, d0, 72, 7d, 5a, f2, 29]...
🗑️ MEST Delete: keyword='recipe', fid='life_00000636' (key completely removed)
🗑️ MEST Delete: post-delete root_hash=[e3, b0, c4, 42, 98, fc, 1c, 14]...
🔧 MEST Add: keyword='recipe', fid='life_00000716'
🔧 MEST Add: proof size=156 bytes, root_hash=[52, 90, 70, 43, 2a, c1, 63, 59]...
🗑️ MEST Delete: keyword='recipe', fid='life_00000716' (key completely removed)
🗑️ MEST Delete: post-delete root_hash=[e3, b0, c4, 42, 98, fc, 1c, 14]...
🔧 MEST Add: keyword='recipe', fid='life_00000765'
🔧 MEST Add: proof size=156 bytes, root_hash=[da, 15, a1, 5c, e7, 1a, 55, 95]...
🗑️ MEST Delete: keyword='recipe', fid='life_00000765' (key completely removed)
🗑️ MEST Delete: post-delete root_hash=[e3, b0, c4, 42, 98, fc, 1c, 14]...
🔧 MEST Add: keyword='laboratory', fid='scie_00000767'
🔧 MEST Add: proof size=160 bytes, root_hash=[99, 37, c0, 7f, e6, c5, e2, bf]...
🗑️ MEST Delete: keyword='laboratory', fid='scie_00000767' (key completely removed)
🗑️ MEST Delete: post-delete root_hash=[e3, b0, c4, 42, 98, fc, 1c, 14]...
🔧 MEST Add: keyword='recipe', fid='life_00000799'
🔧 MEST Add: proof size=156 bytes, root_hash=[95, 2a, 80, 08, b5, c7, ab, 71]...
🗑️ MEST Delete: keyword='recipe', fid='life_00000799' (key completely removed)
🗑️ MEST Delete: post-delete root_hash=[e3, b0, c4, 42, 98, fc, 1c, 14]...
🔧 MEST Add: keyword='recipe', fid='life_00000852'
🔧 MEST Add: proof size=156 bytes, root_hash=[6b, 51, 66, 2b, 19, 47, 38, 91]...
🔧 MEST Add: keyword='recipe', fid='life_00000852'
🔧 MEST Add: proof size=156 bytes, root_hash=[6b, 51, 66, 2b, 19, 47, 38, 91]...
🗑️ MEST Delete: keyword='recipe', fid='life_00000852' (key completely removed)
🗑️ MEST Delete: post-delete root_hash=[e3, b0, c4, 42, 98, fc, 1c, 14]...
🔧 MEST Add: keyword='recipe', fid='life_00000865'
🔧 MEST Add: proof size=156 bytes, root_hash=[b7, 6a, b8, fe, 78, b9, ae, 24]...
🗑️ MEST Delete: keyword='recipe', fid='life_00000865' (key completely removed)
🗑️ MEST Delete: post-delete root_hash=[e3, b0, c4, 42, 98, fc, 1c, 14]...
🔧 MEST Add: keyword='recipe', fid='life_00000935'
🔧 MEST Add: proof size=156 bytes, root_hash=[e6, 46, a9, 15, 2d, 27, 27, 52]...
🗑️ MEST Delete: keyword='recipe', fid='life_00000935' (key completely removed)
🗑️ MEST Delete: post-delete root_hash=[e3, b0, c4, 42, 98, fc, 1c, 14]...
🔧 MEST Add: keyword='laboratory', fid='scie_00000940'
🔧 MEST Add: proof size=160 bytes, root_hash=[90, 06, 34, a9, 08, 8e, c1, 9c]...
🔧 MEST Add: keyword='laboratory', fid='scie_00000940'
🔧 MEST Add: proof size=160 bytes, root_hash=[90, 06, 34, a9, 08, 8e, c1, 9c]...
🗑️ MEST Delete: keyword='laboratory', fid='scie_00000940' (key completely removed)
🗑️ MEST Delete: post-delete root_hash=[e3, b0, c4, 42, 98, fc, 1c, 14]...
🔧 MEST Add: keyword='laboratory', fid='scie_00000948'
🔧 MEST Add: proof size=160 bytes, root_hash=[87, 2d, 17, a8, 74, 5f, 8c, 1a]...
🔧 MEST Add: keyword='laboratory', fid='scie_00000948'
🔧 MEST Add: proof size=160 bytes, root_hash=[87, 2d, 17, a8, 74, 5f, 8c, 1a]...
🗑️ MEST Delete: keyword='laboratory', fid='scie_00000948' (key completely removed)
🗑️ MEST Delete: post-delete root_hash=[e3, b0, c4, 42, 98, fc, 1c, 14]...
🔧 MEST Add: keyword='laboratory', fid='scie_00000986'
🔧 MEST Add: proof size=160 bytes, root_hash=[a4, cb, 15, fb, 37, 05, f6, cf]...
🔧 MEST Add: keyword='laboratory', fid='scie_00000986'
🔧 MEST Add: proof size=160 bytes, root_hash=[a4, cb, 15, fb, 37, 05, f6, cf]...
🗑️ MEST Delete: keyword='laboratory', fid='scie_00000986' (key completely removed)
🗑️ MEST Delete: post-delete root_hash=[e3, b0, c4, 42, 98, fc, 1c, 14]...
🔧 MEST Add: keyword='recipe', fid='life_00000998'
🔧 MEST Add: proof size=156 bytes, root_hash=[00, 03, 8a, 83, a4, 3a, 3e, 9f]...
🗑️ MEST Delete: keyword='recipe', fid='life_00000998' (key completely removed)
🗑️ MEST Delete: post-delete root_hash=[e3, b0, c4, 42, 98, fc, 1c, 14]...
