warning: profiles for the non root package will be ignored, specify profiles at the workspace root:
package:   /root/distributed-storage-system/crates/storager/ads_lib/Cargo.toml
workspace: /root/distributed-storage-system/Cargo.toml
warning: value assigned to `is_change` is never read
   --> crates/storager/ads_lib/src/mpt/mpt.rs:256:21
    |
256 |             let mut is_change = false;
    |                     ^^^^^^^^^
    |
    = help: maybe it is overwritten before being read?
    = note: `#[warn(unused_assignments)]` on by default

warning: value assigned to `is_change` is never read
   --> crates/storager/ads_lib/src/mpt/mpt.rs:462:25
    |
462 |                 let mut is_change = false;
    |                         ^^^^^^^^^
    |
    = help: maybe it is overwritten before being read?

warning: unused variable: `had_value`
   --> crates/storager/ads_lib/src/mpt/mpt.rs:526:21
    |
526 |                 let had_value = !old_value_str.is_empty();
    |                     ^^^^^^^^^ help: if this is intentional, prefix it with an underscore: `_had_value`
    |
    = note: `#[warn(unused_variables)]` on by default

warning: associated functions `short_node_batch_fix` and `full_node_batch_fix` are never used
    --> crates/storager/ads_lib/src/mpt/mpt.rs:1743:8
     |
  50 | impl MPT {
     | -------- associated functions in this implementation
...
1743 |     fn short_node_batch_fix(node: Arc<RwLock<ShortNode>>) -> Result<(), MPTError> {
     |        ^^^^^^^^^^^^^^^^^^^^
...
1748 |     fn full_node_batch_fix(node: Arc<RwLock<FullNode>>) -> Result<(), MPTError> {
     |        ^^^^^^^^^^^^^^^^^^^
     |
     = note: `#[warn(dead_code)]` on by default

warning: function `hash_mgt_node` is never used
   --> crates/storager/ads_lib/src/mest/proof.rs:253:4
    |
253 | fn hash_mgt_node(children: &[[u8; 32]]) -> [u8; 32] {
    |    ^^^^^^^^^^^^^

warning: `ads_rust` (lib) generated 5 warnings
warning: unused variable: `acc_old`
   --> crates/common/src/verification.rs:721:13
    |
721 |         let acc_old = match G1Affine::deserialize_uncompressed(&proof[offset..offset + acc_old_len]) {
    |             ^^^^^^^ help: if this is intentional, prefix it with an underscore: `_acc_old`
    |
    = note: `#[warn(unused_variables)]` on by default

warning: `common` (lib) generated 1 warning
warning: unused imports: `Digest` and `Sha256`
   --> crates/storager/src/ads/acctrie_ads.rs:452:20
    |
452 |         use sha2::{Digest, Sha256};
    |                    ^^^^^^  ^^^^^^
    |
    = note: `#[warn(unused_imports)]` on by default

warning: `storager` (lib) generated 1 warning (run `cargo fix --lib -p storager` to apply 1 suggestion)
    Finished `release` profile [optimized] target(s) in 0.15s
     Running `target/release/storager 50106 mest`
🔧 MEST Add: keyword='score', fid='spor_00000023'
🔧 MEST Add: proof size=155 bytes, root_hash=[47, df, d5, 47, 16, 7e, 66, 1f]...
🗑️ MEST Delete: keyword='score', fid='spor_00000023' (key completely removed)
🗑️ MEST Delete: post-delete root_hash=[e3, b0, c4, 42, 98, fc, 1c, 14]...
🔧 MEST Add: keyword='announcement', fid='news_00000097'
🔧 MEST Add: proof size=162 bytes, root_hash=[16, 8f, 5e, 87, 4e, c7, 70, de]...
🗑️ MEST Delete: keyword='announcement', fid='news_00000097' (key completely removed)
🗑️ MEST Delete: post-delete root_hash=[e3, b0, c4, 42, 98, fc, 1c, 14]...
🔧 MEST Add: keyword='announcement', fid='news_00000117'
🔧 MEST Add: proof size=162 bytes, root_hash=[11, 0e, 3a, 7e, 6a, 11, 95, bc]...
🔧 MEST Add: keyword='announcement', fid='news_00000117'
🔧 MEST Add: proof size=162 bytes, root_hash=[11, 0e, 3a, 7e, 6a, 11, 95, bc]...
🗑️ MEST Delete: keyword='announcement', fid='news_00000117' (key completely removed)
🗑️ MEST Delete: post-delete root_hash=[e3, b0, c4, 42, 98, fc, 1c, 14]...
🔧 MEST Add: keyword='announcement', fid='news_00000207'
🔧 MEST Add: proof size=162 bytes, root_hash=[ec, 32, c8, 62, 96, 34, 9e, 52]...
🗑️ MEST Delete: keyword='announcement', fid='news_00000207' (key completely removed)
🗑️ MEST Delete: post-delete root_hash=[e3, b0, c4, 42, 98, fc, 1c, 14]...
🔧 MEST Add: keyword='score', fid='spor_00000214'
🔧 MEST Add: proof size=155 bytes, root_hash=[c0, 7f, 33, dc, 3a, 00, 75, 87]...
🗑️ MEST Delete: keyword='score', fid='spor_00000214' (key completely removed)
🗑️ MEST Delete: post-delete root_hash=[e3, b0, c4, 42, 98, fc, 1c, 14]...
🔧 MEST Add: keyword='announcement', fid='news_00000258'
🔧 MEST Add: proof size=162 bytes, root_hash=[ee, 9d, ce, bb, 43, e0, d1, 16]...
🔧 MEST Add: keyword='announcement', fid='news_00000258'
🔧 MEST Add: proof size=162 bytes, root_hash=[ee, 9d, ce, bb, 43, e0, d1, 16]...
🗑️ MEST Delete: keyword='announcement', fid='news_00000258' (key completely removed)
🗑️ MEST Delete: post-delete root_hash=[e3, b0, c4, 42, 98, fc, 1c, 14]...
🔧 MEST Add: keyword='score', fid='spor_00000296'
🔧 MEST Add: proof size=155 bytes, root_hash=[c3, 26, 7e, ad, 4a, d8, 2d, 98]...
🗑️ MEST Delete: keyword='score', fid='spor_00000296' (key completely removed)
🗑️ MEST Delete: post-delete root_hash=[e3, b0, c4, 42, 98, fc, 1c, 14]...
🔧 MEST Add: keyword='announcement', fid='news_00000307'
🔧 MEST Add: proof size=162 bytes, root_hash=[d8, f3, 72, 2a, 74, 18, 22, f2]...
🗑️ MEST Delete: keyword='announcement', fid='news_00000307' (key completely removed)
🗑️ MEST Delete: post-delete root_hash=[e3, b0, c4, 42, 98, fc, 1c, 14]...
🔧 MEST Add: keyword='announcement', fid='news_00000308'
🔧 MEST Add: proof size=162 bytes, root_hash=[b1, 79, 4d, 6e, cc, 5f, 8d, 7d]...
🗑️ MEST Delete: keyword='announcement', fid='news_00000308' (key completely removed)
🗑️ MEST Delete: post-delete root_hash=[e3, b0, c4, 42, 98, fc, 1c, 14]...
🔧 MEST Add: keyword='score', fid='spor_00000316'
🔧 MEST Add: proof size=155 bytes, root_hash=[a8, e5, 76, 26, 4d, d8, 57, 10]...
🔧 MEST Add: keyword='score', fid='spor_00000316'
🔧 MEST Add: proof size=155 bytes, root_hash=[a8, e5, 76, 26, 4d, d8, 57, 10]...
🗑️ MEST Delete: keyword='score', fid='spor_00000316' (key completely removed)
🗑️ MEST Delete: post-delete root_hash=[e3, b0, c4, 42, 98, fc, 1c, 14]...
🔧 MEST Add: keyword='score', fid='spor_00000417'
🔧 MEST Add: proof size=155 bytes, root_hash=[a3, e5, 00, c5, 3d, 8e, 75, 50]...
🔧 MEST Add: keyword='score', fid='spor_00000417'
🔧 MEST Add: proof size=155 bytes, root_hash=[a3, e5, 00, c5, 3d, 8e, 75, 50]...
🗑️ MEST Delete: keyword='score', fid='spor_00000417' (key completely removed)
🗑️ MEST Delete: post-delete root_hash=[e3, b0, c4, 42, 98, fc, 1c, 14]...
🔧 MEST Add: keyword='announcement', fid='news_00000439'
🔧 MEST Add: proof size=162 bytes, root_hash=[b4, 06, ba, 71, f7, c5, 5b, 98]...
🗑️ MEST Delete: keyword='announcement', fid='news_00000439' (key completely removed)
🗑️ MEST Delete: post-delete root_hash=[e3, b0, c4, 42, 98, fc, 1c, 14]...
🔧 MEST Add: keyword='announcement', fid='news_00000451'
🔧 MEST Add: proof size=162 bytes, root_hash=[f9, 75, 00, 0f, 91, 03, 9e, 04]...
🗑️ MEST Delete: keyword='announcement', fid='news_00000451' (key completely removed)
🗑️ MEST Delete: post-delete root_hash=[e3, b0, c4, 42, 98, fc, 1c, 14]...
🔧 MEST Add: keyword='announcement', fid='news_00000475'
🔧 MEST Add: proof size=162 bytes, root_hash=[8b, a3, 9a, 53, 4c, 6a, 37, 2e]...
🗑️ MEST Delete: keyword='announcement', fid='news_00000475' (key completely removed)
🗑️ MEST Delete: post-delete root_hash=[e3, b0, c4, 42, 98, fc, 1c, 14]...
🔧 MEST Add: keyword='score', fid='spor_00000491'
🔧 MEST Add: proof size=155 bytes, root_hash=[4b, cb, c3, 20, dc, 2b, b3, ff]...
🔧 MEST Add: keyword='score', fid='spor_00000491'
🔧 MEST Add: proof size=155 bytes, root_hash=[4b, cb, c3, 20, dc, 2b, b3, ff]...
🗑️ MEST Delete: keyword='score', fid='spor_00000491' (key completely removed)
🗑️ MEST Delete: post-delete root_hash=[e3, b0, c4, 42, 98, fc, 1c, 14]...
🔧 MEST Add: keyword='announcement', fid='news_00000524'
🔧 MEST Add: proof size=162 bytes, root_hash=[ba, 18, 1e, 61, 5c, 83, b7, 7c]...
🗑️ MEST Delete: keyword='announcement', fid='news_00000524' (key completely removed)
🗑️ MEST Delete: post-delete root_hash=[e3, b0, c4, 42, 98, fc, 1c, 14]...
🔧 MEST Add: keyword='announcement', fid='news_00000526'
🔧 MEST Add: proof size=162 bytes, root_hash=[b7, 8b, 22, 13, ec, 84, a3, ea]...
🗑️ MEST Delete: keyword='announcement', fid='news_00000526' (key completely removed)
🗑️ MEST Delete: post-delete root_hash=[e3, b0, c4, 42, 98, fc, 1c, 14]...
🔧 MEST Add: keyword='announcement', fid='news_00000564'
🔧 MEST Add: proof size=162 bytes, root_hash=[88, 96, ec, 6c, 4b, a5, 6f, 16]...
🗑️ MEST Delete: keyword='announcement', fid='news_00000564' (key completely removed)
🗑️ MEST Delete: post-delete root_hash=[e3, b0, c4, 42, 98, fc, 1c, 14]...
🔧 MEST Add: keyword='announcement', fid='news_00000575'
🔧 MEST Add: proof size=162 bytes, root_hash=[a1, 02, 06, 56, c0, 2e, 5d, 70]...
🗑️ MEST Delete: keyword='announcement', fid='news_00000575' (key completely removed)
🗑️ MEST Delete: post-delete root_hash=[e3, b0, c4, 42, 98, fc, 1c, 14]...
🔧 MEST Add: keyword='score', fid='spor_00000604'
🔧 MEST Add: proof size=155 bytes, root_hash=[d9, 03, 4e, 1a, db, 03, 05, 44]...
🔧 MEST Add: keyword='score', fid='spor_00000604'
🔧 MEST Add: proof size=155 bytes, root_hash=[d9, 03, 4e, 1a, db, 03, 05, 44]...
🗑️ MEST Delete: keyword='score', fid='spor_00000604' (key completely removed)
🗑️ MEST Delete: post-delete root_hash=[e3, b0, c4, 42, 98, fc, 1c, 14]...
🔧 MEST Add: keyword='score', fid='spor_00000617'
🔧 MEST Add: proof size=155 bytes, root_hash=[8d, 5f, 1b, ab, b9, 71, 9d, 5c]...
🔧 MEST Add: keyword='score', fid='spor_00000617'
🔧 MEST Add: proof size=155 bytes, root_hash=[8d, 5f, 1b, ab, b9, 71, 9d, 5c]...
🗑️ MEST Delete: keyword='score', fid='spor_00000617' (key completely removed)
🗑️ MEST Delete: post-delete root_hash=[e3, b0, c4, 42, 98, fc, 1c, 14]...
🔧 MEST Add: keyword='announcement', fid='news_00000639'
🔧 MEST Add: proof size=162 bytes, root_hash=[e2, c9, 68, 8c, 43, 1a, 38, 50]...
🔧 MEST Add: keyword='announcement', fid='news_00000639'
🔧 MEST Add: proof size=162 bytes, root_hash=[e2, c9, 68, 8c, 43, 1a, 38, 50]...
🗑️ MEST Delete: keyword='announcement', fid='news_00000639' (key completely removed)
🗑️ MEST Delete: post-delete root_hash=[e3, b0, c4, 42, 98, fc, 1c, 14]...
🔧 MEST Add: keyword='announcement', fid='news_00000643'
🔧 MEST Add: proof size=162 bytes, root_hash=[1c, d1, 1e, be, 50, 16, 58, 6e]...
🔧 MEST Add: keyword='announcement', fid='news_00000643'
🔧 MEST Add: proof size=162 bytes, root_hash=[1c, d1, 1e, be, 50, 16, 58, 6e]...
🗑️ MEST Delete: keyword='announcement', fid='news_00000643' (key completely removed)
🗑️ MEST Delete: post-delete root_hash=[e3, b0, c4, 42, 98, fc, 1c, 14]...
🔧 MEST Add: keyword='announcement', fid='news_00000687'
🔧 MEST Add: proof size=162 bytes, root_hash=[e3, 7c, 8b, 15, 6a, 59, 4e, 1b]...
🗑️ MEST Delete: keyword='announcement', fid='news_00000687' (key completely removed)
🗑️ MEST Delete: post-delete root_hash=[e3, b0, c4, 42, 98, fc, 1c, 14]...
🔧 MEST Add: keyword='announcement', fid='news_00000780'
🔧 MEST Add: proof size=162 bytes, root_hash=[4f, 22, 01, f1, 1f, 24, 8e, f1]...
🗑️ MEST Delete: keyword='announcement', fid='news_00000780' (key completely removed)
🗑️ MEST Delete: post-delete root_hash=[e3, b0, c4, 42, 98, fc, 1c, 14]...
🔧 MEST Add: keyword='announcement', fid='news_00000788'
🔧 MEST Add: proof size=162 bytes, root_hash=[ef, d3, 69, 7d, 2a, ce, 40, cd]...
🗑️ MEST Delete: keyword='announcement', fid='news_00000788' (key completely removed)
🗑️ MEST Delete: post-delete root_hash=[e3, b0, c4, 42, 98, fc, 1c, 14]...
🔧 MEST Add: keyword='score', fid='spor_00000803'
🔧 MEST Add: proof size=155 bytes, root_hash=[84, 52, 36, 82, 8a, 49, 91, 2c]...
🗑️ MEST Delete: keyword='score', fid='spor_00000803' (key completely removed)
🗑️ MEST Delete: post-delete root_hash=[e3, b0, c4, 42, 98, fc, 1c, 14]...
🔧 MEST Add: keyword='announcement', fid='news_00000855'
🔧 MEST Add: proof size=162 bytes, root_hash=[25, ad, cc, 30, b9, 6c, 3b, 3d]...
🔧 MEST Add: keyword='announcement', fid='news_00000855'
🔧 MEST Add: proof size=162 bytes, root_hash=[25, ad, cc, 30, b9, 6c, 3b, 3d]...
🗑️ MEST Delete: keyword='announcement', fid='news_00000855' (key completely removed)
🗑️ MEST Delete: post-delete root_hash=[e3, b0, c4, 42, 98, fc, 1c, 14]...
🔧 MEST Add: keyword='announcement', fid='news_00000864'
🔧 MEST Add: proof size=162 bytes, root_hash=[99, 73, 43, 83, 62, 45, c3, e4]...
🔧 MEST Add: keyword='announcement', fid='news_00000864'
🔧 MEST Add: proof size=162 bytes, root_hash=[99, 73, 43, 83, 62, 45, c3, e4]...
🗑️ MEST Delete: keyword='announcement', fid='news_00000864' (key completely removed)
🗑️ MEST Delete: post-delete root_hash=[e3, b0, c4, 42, 98, fc, 1c, 14]...
🔧 MEST Add: keyword='score', fid='spor_00000891'
🔧 MEST Add: proof size=155 bytes, root_hash=[e3, 4a, 8f, 68, 5d, f6, 85, d3]...
🔧 MEST Add: keyword='score', fid='spor_00000891'
🔧 MEST Add: proof size=155 bytes, root_hash=[e3, 4a, 8f, 68, 5d, f6, 85, d3]...
🗑️ MEST Delete: keyword='score', fid='spor_00000891' (key completely removed)
🗑️ MEST Delete: post-delete root_hash=[e3, b0, c4, 42, 98, fc, 1c, 14]...
🔧 MEST Add: keyword='score', fid='spor_00000927'
🔧 MEST Add: proof size=155 bytes, root_hash=[77, 7f, 7a, 81, 6e, d3, 49, 16]...
🗑️ MEST Delete: keyword='score', fid='spor_00000927' (key completely removed)
🗑️ MEST Delete: post-delete root_hash=[e3, b0, c4, 42, 98, fc, 1c, 14]...
🔧 MEST Add: keyword='score', fid='spor_00000993'
🔧 MEST Add: proof size=155 bytes, root_hash=[3e, f0, 6b, 74, bd, ce, f0, 7c]...
🗑️ MEST Delete: keyword='score', fid='spor_00000993' (key completely removed)
🗑️ MEST Delete: post-delete root_hash=[e3, b0, c4, 42, 98, fc, 1c, 14]...
