warning: profiles for the non root package will be ignored, specify profiles at the workspace root:
package:   /root/distributed-storage-system/crates/storager/ads_lib/Cargo.toml
workspace: /root/distributed-storage-system/Cargo.toml
warning: value assigned to `is_change` is never read
   --> crates/storager/ads_lib/src/mpt/mpt.rs:256:21
    |
256 |             let mut is_change = false;
    |                     ^^^^^^^^^
    |
    = help: maybe it is overwritten before being read?
    = note: `#[warn(unused_assignments)]` on by default

warning: value assigned to `is_change` is never read
   --> crates/storager/ads_lib/src/mpt/mpt.rs:462:25
    |
462 |                 let mut is_change = false;
    |                         ^^^^^^^^^
    |
    = help: maybe it is overwritten before being read?

warning: unused variable: `had_value`
   --> crates/storager/ads_lib/src/mpt/mpt.rs:526:21
    |
526 |                 let had_value = !old_value_str.is_empty();
    |                     ^^^^^^^^^ help: if this is intentional, prefix it with an underscore: `_had_value`
    |
    = note: `#[warn(unused_variables)]` on by default

warning: associated functions `short_node_batch_fix` and `full_node_batch_fix` are never used
    --> crates/storager/ads_lib/src/mpt/mpt.rs:1743:8
     |
  50 | impl MPT {
     | -------- associated functions in this implementation
...
1743 |     fn short_node_batch_fix(node: Arc<RwLock<ShortNode>>) -> Result<(), MPTError> {
     |        ^^^^^^^^^^^^^^^^^^^^
...
1748 |     fn full_node_batch_fix(node: Arc<RwLock<FullNode>>) -> Result<(), MPTError> {
     |        ^^^^^^^^^^^^^^^^^^^
     |
     = note: `#[warn(dead_code)]` on by default

warning: function `hash_mgt_node` is never used
   --> crates/storager/ads_lib/src/mest/proof.rs:253:4
    |
253 | fn hash_mgt_node(children: &[[u8; 32]]) -> [u8; 32] {
    |    ^^^^^^^^^^^^^

warning: `ads_rust` (lib) generated 5 warnings
warning: unused variable: `acc_old`
   --> crates/common/src/verification.rs:721:13
    |
721 |         let acc_old = match G1Affine::deserialize_uncompressed(&proof[offset..offset + acc_old_len]) {
    |             ^^^^^^^ help: if this is intentional, prefix it with an underscore: `_acc_old`
    |
    = note: `#[warn(unused_variables)]` on by default

warning: `common` (lib) generated 1 warning
warning: unused imports: `Digest` and `Sha256`
   --> crates/storager/src/ads/acctrie_ads.rs:452:20
    |
452 |         use sha2::{Digest, Sha256};
    |                    ^^^^^^  ^^^^^^
    |
    = note: `#[warn(unused_imports)]` on by default

warning: `storager` (lib) generated 1 warning (run `cargo fix --lib -p storager` to apply 1 suggestion)
    Finished `release` profile [optimized] target(s) in 0.15s
     Running `target/release/storager 50087 mest`
🔧 MEST Add: keyword='event', fid='news_00000003'
🔧 MEST Add: proof size=155 bytes, root_hash=[80, 2d, 09, d0, c9, 16, 7a, 1e]...
🗑️ MEST Delete: keyword='event', fid='news_00000003' (key completely removed)
🗑️ MEST Delete: post-delete root_hash=[e3, b0, c4, 42, 98, fc, 1c, 14]...
🔧 MEST Add: keyword='student', fid='educ_00000016'
🔧 MEST Add: proof size=157 bytes, root_hash=[d9, 13, 2f, 42, 08, 52, 87, 8b]...
🔧 MEST Add: keyword='student', fid='educ_00000016'
🔧 MEST Add: proof size=157 bytes, root_hash=[d9, 13, 2f, 42, 08, 52, 87, 8b]...
🗑️ MEST Delete: keyword='student', fid='educ_00000016' (key completely removed)
🗑️ MEST Delete: post-delete root_hash=[e3, b0, c4, 42, 98, fc, 1c, 14]...
🔧 MEST Add: keyword='event', fid='news_00000059'
🔧 MEST Add: proof size=155 bytes, root_hash=[d7, 2a, 34, 79, ee, 9e, f7, ec]...
🗑️ MEST Delete: keyword='event', fid='news_00000059' (key completely removed)
🗑️ MEST Delete: post-delete root_hash=[e3, b0, c4, 42, 98, fc, 1c, 14]...
🔧 MEST Add: keyword='renewable', fid='envi_00000062'
🔧 MEST Add: proof size=159 bytes, root_hash=[92, 51, 1a, 7d, 41, de, 36, 2d]...
🗑️ MEST Delete: keyword='renewable', fid='envi_00000062' (key completely removed)
🗑️ MEST Delete: post-delete root_hash=[e3, b0, c4, 42, 98, fc, 1c, 14]...
🔧 MEST Add: keyword='student', fid='educ_00000081'
🔧 MEST Add: proof size=157 bytes, root_hash=[c3, 74, 82, 5d, 01, 86, 53, d2]...
🗑️ MEST Delete: keyword='student', fid='educ_00000081' (key completely removed)
🗑️ MEST Delete: post-delete root_hash=[e3, b0, c4, 42, 98, fc, 1c, 14]...
🔧 MEST Add: keyword='event', fid='news_00000086'
🔧 MEST Add: proof size=155 bytes, root_hash=[30, d4, 3a, cb, 67, 19, 2c, 99]...
🔧 MEST Add: keyword='event', fid='news_00000086'
🔧 MEST Add: proof size=155 bytes, root_hash=[30, d4, 3a, cb, 67, 19, 2c, 99]...
🗑️ MEST Delete: keyword='event', fid='news_00000086' (key completely removed)
🗑️ MEST Delete: post-delete root_hash=[e3, b0, c4, 42, 98, fc, 1c, 14]...
🔧 MEST Add: keyword='event', fid='news_00000097'
🔧 MEST Add: proof size=155 bytes, root_hash=[16, 8f, 5e, 87, 4e, c7, 70, de]...
🗑️ MEST Delete: keyword='event', fid='news_00000097' (key completely removed)
🗑️ MEST Delete: post-delete root_hash=[e3, b0, c4, 42, 98, fc, 1c, 14]...
🔧 MEST Add: keyword='student', fid='educ_00000099'
🔧 MEST Add: proof size=157 bytes, root_hash=[e1, 78, 81, 41, 8a, 57, 53, 5b]...
🗑️ MEST Delete: keyword='student', fid='educ_00000099' (key completely removed)
🗑️ MEST Delete: post-delete root_hash=[e3, b0, c4, 42, 98, fc, 1c, 14]...
🔧 MEST Add: keyword='event', fid='news_00000105'
🔧 MEST Add: proof size=155 bytes, root_hash=[9f, 73, 1f, 8b, 80, aa, 0f, d3]...
🗑️ MEST Delete: keyword='event', fid='news_00000105' (key completely removed)
🗑️ MEST Delete: post-delete root_hash=[e3, b0, c4, 42, 98, fc, 1c, 14]...
🔧 MEST Add: keyword='event', fid='news_00000107'
🔧 MEST Add: proof size=155 bytes, root_hash=[0e, 73, 21, e5, cd, fa, d0, 60]...
🗑️ MEST Delete: keyword='event', fid='news_00000107' (key completely removed)
🗑️ MEST Delete: post-delete root_hash=[e3, b0, c4, 42, 98, fc, 1c, 14]...
🔧 MEST Add: keyword='student', fid='educ_00000119'
🔧 MEST Add: proof size=157 bytes, root_hash=[3c, 53, 23, c1, 78, 7f, c6, 19]...
🔧 MEST Add: keyword='student', fid='educ_00000119'
🔧 MEST Add: proof size=157 bytes, root_hash=[3c, 53, 23, c1, 78, 7f, c6, 19]...
🗑️ MEST Delete: keyword='student', fid='educ_00000119' (key completely removed)
🗑️ MEST Delete: post-delete root_hash=[e3, b0, c4, 42, 98, fc, 1c, 14]...
🔧 MEST Add: keyword='student', fid='educ_00000144'
🔧 MEST Add: proof size=157 bytes, root_hash=[53, 48, 83, 56, 10, d4, 75, 23]...
🗑️ MEST Delete: keyword='student', fid='educ_00000144' (key completely removed)
🗑️ MEST Delete: post-delete root_hash=[e3, b0, c4, 42, 98, fc, 1c, 14]...
🔧 MEST Add: keyword='renewable', fid='envi_00000150'
🔧 MEST Add: proof size=159 bytes, root_hash=[2b, fe, 9f, b7, a5, 6b, 2d, 0d]...
🗑️ MEST Delete: keyword='renewable', fid='envi_00000150' (key completely removed)
🗑️ MEST Delete: post-delete root_hash=[e3, b0, c4, 42, 98, fc, 1c, 14]...
🔧 MEST Add: keyword='renewable', fid='envi_00000156'
🔧 MEST Add: proof size=159 bytes, root_hash=[41, 43, 61, 3d, 66, 1b, 0d, e0]...
🗑️ MEST Delete: keyword='renewable', fid='envi_00000156' (key completely removed)
🗑️ MEST Delete: post-delete root_hash=[e3, b0, c4, 42, 98, fc, 1c, 14]...
🔧 MEST Add: keyword='event', fid='news_00000189'
🔧 MEST Add: proof size=155 bytes, root_hash=[f6, ef, 7c, 6c, 99, bd, 45, b4]...
🔧 MEST Add: keyword='event', fid='news_00000189'
🔧 MEST Add: proof size=155 bytes, root_hash=[f6, ef, 7c, 6c, 99, bd, 45, b4]...
🗑️ MEST Delete: keyword='event', fid='news_00000189' (key completely removed)
🗑️ MEST Delete: post-delete root_hash=[e3, b0, c4, 42, 98, fc, 1c, 14]...
🔧 MEST Add: keyword='renewable', fid='envi_00000194'
🔧 MEST Add: proof size=159 bytes, root_hash=[c8, da, 9e, 3e, 1d, fa, d6, fd]...
🗑️ MEST Delete: keyword='renewable', fid='envi_00000194' (key completely removed)
🗑️ MEST Delete: post-delete root_hash=[e3, b0, c4, 42, 98, fc, 1c, 14]...
🔧 MEST Add: keyword='event', fid='news_00000239'
🔧 MEST Add: proof size=155 bytes, root_hash=[55, e3, 12, f0, bc, 29, a3, 00]...
🗑️ MEST Delete: keyword='event', fid='news_00000239' (key completely removed)
🗑️ MEST Delete: post-delete root_hash=[e3, b0, c4, 42, 98, fc, 1c, 14]...
🔧 MEST Add: keyword='student', fid='educ_00000249'
🔧 MEST Add: proof size=157 bytes, root_hash=[62, 42, 7e, ce, da, bf, 6c, 22]...
🔧 MEST Add: keyword='student', fid='educ_00000249'
🔧 MEST Add: proof size=157 bytes, root_hash=[62, 42, 7e, ce, da, bf, 6c, 22]...
🗑️ MEST Delete: keyword='student', fid='educ_00000249' (key completely removed)
🗑️ MEST Delete: post-delete root_hash=[e3, b0, c4, 42, 98, fc, 1c, 14]...
🔧 MEST Add: keyword='student', fid='educ_00000251'
🔧 MEST Add: proof size=157 bytes, root_hash=[d7, 62, c4, 71, 15, 0a, 98, 7c]...
🗑️ MEST Delete: keyword='student', fid='educ_00000251' (key completely removed)
🗑️ MEST Delete: post-delete root_hash=[e3, b0, c4, 42, 98, fc, 1c, 14]...
🔧 MEST Add: keyword='student', fid='educ_00000252'
🔧 MEST Add: proof size=157 bytes, root_hash=[bb, 5b, d7, cf, ec, dc, 9f, f4]...
🗑️ MEST Delete: keyword='student', fid='educ_00000252' (key completely removed)
🗑️ MEST Delete: post-delete root_hash=[e3, b0, c4, 42, 98, fc, 1c, 14]...
🔧 MEST Add: keyword='student', fid='educ_00000255'
🔧 MEST Add: proof size=157 bytes, root_hash=[48, 45, 0c, 3d, 01, 53, b6, 1b]...
🔧 MEST Add: keyword='student', fid='educ_00000255'
🔧 MEST Add: proof size=157 bytes, root_hash=[48, 45, 0c, 3d, 01, 53, b6, 1b]...
🗑️ MEST Delete: keyword='student', fid='educ_00000255' (key completely removed)
🗑️ MEST Delete: post-delete root_hash=[e3, b0, c4, 42, 98, fc, 1c, 14]...
🔧 MEST Add: keyword='event', fid='news_00000258'
🔧 MEST Add: proof size=155 bytes, root_hash=[ee, 9d, ce, bb, 43, e0, d1, 16]...
🗑️ MEST Delete: keyword='event', fid='news_00000258' (key completely removed)
🗑️ MEST Delete: post-delete root_hash=[e3, b0, c4, 42, 98, fc, 1c, 14]...
🔧 MEST Add: keyword='student', fid='educ_00000262'
🔧 MEST Add: proof size=157 bytes, root_hash=[b9, 88, c9, 06, 36, 4a, ed, 18]...
🔧 MEST Add: keyword='student', fid='educ_00000262'
🔧 MEST Add: proof size=157 bytes, root_hash=[b9, 88, c9, 06, 36, 4a, ed, 18]...
🗑️ MEST Delete: keyword='student', fid='educ_00000262' (key completely removed)
🗑️ MEST Delete: post-delete root_hash=[e3, b0, c4, 42, 98, fc, 1c, 14]...
🔧 MEST Add: keyword='event', fid='news_00000265'
🔧 MEST Add: proof size=155 bytes, root_hash=[57, 19, 66, bc, 2b, 0f, 12, 09]...
🔧 MEST Add: keyword='event', fid='news_00000265'
🔧 MEST Add: proof size=155 bytes, root_hash=[57, 19, 66, bc, 2b, 0f, 12, 09]...
🗑️ MEST Delete: keyword='event', fid='news_00000265' (key completely removed)
🗑️ MEST Delete: post-delete root_hash=[e3, b0, c4, 42, 98, fc, 1c, 14]...
🔧 MEST Add: keyword='event', fid='news_00000308'
🔧 MEST Add: proof size=155 bytes, root_hash=[b1, 79, 4d, 6e, cc, 5f, 8d, 7d]...
🗑️ MEST Delete: keyword='event', fid='news_00000308' (key completely removed)
🗑️ MEST Delete: post-delete root_hash=[e3, b0, c4, 42, 98, fc, 1c, 14]...
🔧 MEST Add: keyword='event', fid='news_00000314'
🔧 MEST Add: proof size=155 bytes, root_hash=[2f, 16, af, c1, 3b, 01, aa, 39]...
🗑️ MEST Delete: keyword='event', fid='news_00000314' (key completely removed)
🗑️ MEST Delete: post-delete root_hash=[e3, b0, c4, 42, 98, fc, 1c, 14]...
🔧 MEST Add: keyword='event', fid='news_00000323'
🔧 MEST Add: proof size=155 bytes, root_hash=[db, fd, 0d, b0, 12, 04, a6, ee]...
🗑️ MEST Delete: keyword='event', fid='news_00000323' (key completely removed)
🗑️ MEST Delete: post-delete root_hash=[e3, b0, c4, 42, 98, fc, 1c, 14]...
🔧 MEST Add: keyword='event', fid='news_00000333'
🔧 MEST Add: proof size=155 bytes, root_hash=[ff, b2, ac, 1d, d5, d9, fa, f1]...
🗑️ MEST Delete: keyword='event', fid='news_00000333' (key completely removed)
🗑️ MEST Delete: post-delete root_hash=[e3, b0, c4, 42, 98, fc, 1c, 14]...
🔧 MEST Add: keyword='student', fid='educ_00000374'
🔧 MEST Add: proof size=157 bytes, root_hash=[ab, 43, d7, a5, 8e, 56, 88, 43]...
🗑️ MEST Delete: keyword='student', fid='educ_00000374' (key completely removed)
🗑️ MEST Delete: post-delete root_hash=[e3, b0, c4, 42, 98, fc, 1c, 14]...
🔧 MEST Add: keyword='event', fid='news_00000385'
🔧 MEST Add: proof size=155 bytes, root_hash=[46, 3d, 3b, ee, 7d, e0, a2, 1d]...
🔧 MEST Add: keyword='event', fid='news_00000385'
🔧 MEST Add: proof size=155 bytes, root_hash=[46, 3d, 3b, ee, 7d, e0, a2, 1d]...
🗑️ MEST Delete: keyword='event', fid='news_00000385' (key completely removed)
🗑️ MEST Delete: post-delete root_hash=[e3, b0, c4, 42, 98, fc, 1c, 14]...
🔧 MEST Add: keyword='event', fid='news_00000439'
🔧 MEST Add: proof size=155 bytes, root_hash=[b4, 06, ba, 71, f7, c5, 5b, 98]...
🔧 MEST Add: keyword='event', fid='news_00000439'
🔧 MEST Add: proof size=155 bytes, root_hash=[b4, 06, ba, 71, f7, c5, 5b, 98]...
🗑️ MEST Delete: keyword='event', fid='news_00000439' (key completely removed)
🗑️ MEST Delete: post-delete root_hash=[e3, b0, c4, 42, 98, fc, 1c, 14]...
🔧 MEST Add: keyword='event', fid='news_00000442'
🔧 MEST Add: proof size=155 bytes, root_hash=[d6, fc, 8d, d0, 64, d7, ca, 62]...
🗑️ MEST Delete: keyword='event', fid='news_00000442' (key completely removed)
🗑️ MEST Delete: post-delete root_hash=[e3, b0, c4, 42, 98, fc, 1c, 14]...
🔧 MEST Add: keyword='event', fid='news_00000483'
🔧 MEST Add: proof size=155 bytes, root_hash=[b3, 21, e6, f3, 29, 2c, 19, a8]...
🔧 MEST Add: keyword='event', fid='news_00000483'
🔧 MEST Add: proof size=155 bytes, root_hash=[b3, 21, e6, f3, 29, 2c, 19, a8]...
🗑️ MEST Delete: keyword='event', fid='news_00000483' (key completely removed)
🗑️ MEST Delete: post-delete root_hash=[e3, b0, c4, 42, 98, fc, 1c, 14]...
🔧 MEST Add: keyword='student', fid='educ_00000492'
🔧 MEST Add: proof size=157 bytes, root_hash=[ea, 4b, 4d, 49, 4d, 80, ff, c5]...
🗑️ MEST Delete: keyword='student', fid='educ_00000492' (key completely removed)
🗑️ MEST Delete: post-delete root_hash=[e3, b0, c4, 42, 98, fc, 1c, 14]...
🔧 MEST Add: keyword='student', fid='educ_00000502'
🔧 MEST Add: proof size=157 bytes, root_hash=[93, c1, da, 72, b1, 54, 0b, 3c]...
🗑️ MEST Delete: keyword='student', fid='educ_00000502' (key completely removed)
🗑️ MEST Delete: post-delete root_hash=[e3, b0, c4, 42, 98, fc, 1c, 14]...
🔧 MEST Add: keyword='student', fid='educ_00000507'
🔧 MEST Add: proof size=157 bytes, root_hash=[21, 94, 0c, c5, 37, d6, be, 7a]...
🗑️ MEST Delete: keyword='student', fid='educ_00000507' (key completely removed)
🗑️ MEST Delete: post-delete root_hash=[e3, b0, c4, 42, 98, fc, 1c, 14]...
🔧 MEST Add: keyword='event', fid='news_00000545'
🔧 MEST Add: proof size=155 bytes, root_hash=[e8, 08, 4e, ab, db, 36, dc, bd]...
🔧 MEST Add: keyword='event', fid='news_00000545'
🔧 MEST Add: proof size=155 bytes, root_hash=[e8, 08, 4e, ab, db, 36, dc, bd]...
🗑️ MEST Delete: keyword='event', fid='news_00000545' (key completely removed)
🗑️ MEST Delete: post-delete root_hash=[e3, b0, c4, 42, 98, fc, 1c, 14]...
🔧 MEST Add: keyword='student', fid='educ_00000547'
🔧 MEST Add: proof size=157 bytes, root_hash=[e6, 19, 86, 0b, a5, 26, de, 79]...
🗑️ MEST Delete: keyword='student', fid='educ_00000547' (key completely removed)
🗑️ MEST Delete: post-delete root_hash=[e3, b0, c4, 42, 98, fc, 1c, 14]...
🔧 MEST Add: keyword='student', fid='educ_00000584'
🔧 MEST Add: proof size=157 bytes, root_hash=[0e, 18, 55, a9, 26, 7a, 44, 3c]...
🗑️ MEST Delete: keyword='student', fid='educ_00000584' (key completely removed)
🗑️ MEST Delete: post-delete root_hash=[e3, b0, c4, 42, 98, fc, 1c, 14]...
🔧 MEST Add: keyword='event', fid='news_00000597'
🔧 MEST Add: proof size=155 bytes, root_hash=[07, 1f, d5, 54, 5d, b8, 9e, 24]...
🔧 MEST Add: keyword='event', fid='news_00000597'
🔧 MEST Add: proof size=155 bytes, root_hash=[07, 1f, d5, 54, 5d, b8, 9e, 24]...
🗑️ MEST Delete: keyword='event', fid='news_00000597' (key completely removed)
🗑️ MEST Delete: post-delete root_hash=[e3, b0, c4, 42, 98, fc, 1c, 14]...
🔧 MEST Add: keyword='student', fid='educ_00000613'
🔧 MEST Add: proof size=157 bytes, root_hash=[e6, b0, 76, 13, 6c, 81, e5, c4]...
🗑️ MEST Delete: keyword='student', fid='educ_00000613' (key completely removed)
🗑️ MEST Delete: post-delete root_hash=[e3, b0, c4, 42, 98, fc, 1c, 14]...
🔧 MEST Add: keyword='renewable', fid='envi_00000620'
🔧 MEST Add: proof size=159 bytes, root_hash=[16, 9d, 1b, f5, ea, 3f, 78, 5f]...
🗑️ MEST Delete: keyword='renewable', fid='envi_00000620' (key completely removed)
🗑️ MEST Delete: post-delete root_hash=[e3, b0, c4, 42, 98, fc, 1c, 14]...
🔧 MEST Add: keyword='renewable', fid='envi_00000621'
🔧 MEST Add: proof size=159 bytes, root_hash=[cd, 6c, e8, c8, 5f, 19, df, 08]...
🗑️ MEST Delete: keyword='renewable', fid='envi_00000621' (key completely removed)
🗑️ MEST Delete: post-delete root_hash=[e3, b0, c4, 42, 98, fc, 1c, 14]...
🔧 MEST Add: keyword='renewable', fid='envi_00000651'
🔧 MEST Add: proof size=159 bytes, root_hash=[29, 00, f6, af, 48, 8f, 5c, b1]...
🔧 MEST Add: keyword='renewable', fid='envi_00000651'
🔧 MEST Add: proof size=159 bytes, root_hash=[29, 00, f6, af, 48, 8f, 5c, b1]...
🗑️ MEST Delete: keyword='renewable', fid='envi_00000651' (key completely removed)
🗑️ MEST Delete: post-delete root_hash=[e3, b0, c4, 42, 98, fc, 1c, 14]...
🔧 MEST Add: keyword='renewable', fid='envi_00000663'
🔧 MEST Add: proof size=159 bytes, root_hash=[9b, 51, 8c, 2b, 84, 2f, b2, ab]...
🔧 MEST Add: keyword='renewable', fid='envi_00000663'
🔧 MEST Add: proof size=159 bytes, root_hash=[9b, 51, 8c, 2b, 84, 2f, b2, ab]...
🗑️ MEST Delete: keyword='renewable', fid='envi_00000663' (key completely removed)
🗑️ MEST Delete: post-delete root_hash=[e3, b0, c4, 42, 98, fc, 1c, 14]...
🔧 MEST Add: keyword='student', fid='educ_00000670'
🔧 MEST Add: proof size=157 bytes, root_hash=[ef, 27, 7a, 18, b5, b1, 5b, d5]...
🗑️ MEST Delete: keyword='student', fid='educ_00000670' (key completely removed)
🗑️ MEST Delete: post-delete root_hash=[e3, b0, c4, 42, 98, fc, 1c, 14]...
🔧 MEST Add: keyword='renewable', fid='envi_00000676'
🔧 MEST Add: proof size=159 bytes, root_hash=[ae, ac, 0a, 8a, 42, 30, 52, 37]...
🗑️ MEST Delete: keyword='renewable', fid='envi_00000676' (key completely removed)
🗑️ MEST Delete: post-delete root_hash=[e3, b0, c4, 42, 98, fc, 1c, 14]...
🔧 MEST Add: keyword='renewable', fid='envi_00000681'
🔧 MEST Add: proof size=159 bytes, root_hash=[74, e8, ff, 85, 4b, 32, 9e, 51]...
🗑️ MEST Delete: keyword='renewable', fid='envi_00000681' (key completely removed)
🗑️ MEST Delete: post-delete root_hash=[e3, b0, c4, 42, 98, fc, 1c, 14]...
🔧 MEST Add: keyword='event', fid='news_00000705'
🔧 MEST Add: proof size=155 bytes, root_hash=[bc, e7, 59, de, d4, 3d, 3f, 3d]...
🔧 MEST Add: keyword='event', fid='news_00000705'
🔧 MEST Add: proof size=155 bytes, root_hash=[bc, e7, 59, de, d4, 3d, 3f, 3d]...
🗑️ MEST Delete: keyword='event', fid='news_00000705' (key completely removed)
🗑️ MEST Delete: post-delete root_hash=[e3, b0, c4, 42, 98, fc, 1c, 14]...
🔧 MEST Add: keyword='event', fid='news_00000706'
🔧 MEST Add: proof size=155 bytes, root_hash=[e4, 93, 8c, 89, 60, 15, a1, a0]...
🗑️ MEST Delete: keyword='event', fid='news_00000706' (key completely removed)
🗑️ MEST Delete: post-delete root_hash=[e3, b0, c4, 42, 98, fc, 1c, 14]...
🔧 MEST Add: keyword='student', fid='educ_00000733'
🔧 MEST Add: proof size=157 bytes, root_hash=[76, e2, d4, da, d4, e8, d5, ad]...
🗑️ MEST Delete: keyword='student', fid='educ_00000733' (key completely removed)
🗑️ MEST Delete: post-delete root_hash=[e3, b0, c4, 42, 98, fc, 1c, 14]...
🔧 MEST Add: keyword='event', fid='news_00000773'
🔧 MEST Add: proof size=155 bytes, root_hash=[ca, e4, 2d, 81, b4, 26, bb, 5e]...
🗑️ MEST Delete: keyword='event', fid='news_00000773' (key completely removed)
🗑️ MEST Delete: post-delete root_hash=[e3, b0, c4, 42, 98, fc, 1c, 14]...
🔧 MEST Add: keyword='event', fid='news_00000780'
🔧 MEST Add: proof size=155 bytes, root_hash=[4f, 22, 01, f1, 1f, 24, 8e, f1]...
🗑️ MEST Delete: keyword='event', fid='news_00000780' (key completely removed)
🗑️ MEST Delete: post-delete root_hash=[e3, b0, c4, 42, 98, fc, 1c, 14]...
🔧 MEST Add: keyword='renewable', fid='envi_00000806'
🔧 MEST Add: proof size=159 bytes, root_hash=[f3, 50, 37, 12, 6f, c0, ee, 91]...
🗑️ MEST Delete: keyword='renewable', fid='envi_00000806' (key completely removed)
🗑️ MEST Delete: post-delete root_hash=[e3, b0, c4, 42, 98, fc, 1c, 14]...
🔧 MEST Add: keyword='event', fid='news_00000824'
🔧 MEST Add: proof size=155 bytes, root_hash=[5a, b3, 73, 17, bd, d1, db, c8]...
🗑️ MEST Delete: keyword='event', fid='news_00000824' (key completely removed)
🗑️ MEST Delete: post-delete root_hash=[e3, b0, c4, 42, 98, fc, 1c, 14]...
🔧 MEST Add: keyword='student', fid='educ_00000830'
🔧 MEST Add: proof size=157 bytes, root_hash=[d2, 85, e7, 92, 0f, 1c, 37, 35]...
🗑️ MEST Delete: keyword='student', fid='educ_00000830' (key completely removed)
🗑️ MEST Delete: post-delete root_hash=[e3, b0, c4, 42, 98, fc, 1c, 14]...
🔧 MEST Add: keyword='student', fid='educ_00000831'
🔧 MEST Add: proof size=157 bytes, root_hash=[be, e3, 6a, 0b, aa, 73, 04, 83]...
🔧 MEST Add: keyword='student', fid='educ_00000831'
🔧 MEST Add: proof size=157 bytes, root_hash=[be, e3, 6a, 0b, aa, 73, 04, 83]...
🗑️ MEST Delete: keyword='student', fid='educ_00000831' (key completely removed)
🗑️ MEST Delete: post-delete root_hash=[e3, b0, c4, 42, 98, fc, 1c, 14]...
🔧 MEST Add: keyword='event', fid='news_00000835'
🔧 MEST Add: proof size=155 bytes, root_hash=[1b, b9, a8, bf, 72, 88, d6, 0a]...
🔧 MEST Add: keyword='event', fid='news_00000835'
🔧 MEST Add: proof size=155 bytes, root_hash=[1b, b9, a8, bf, 72, 88, d6, 0a]...
🗑️ MEST Delete: keyword='event', fid='news_00000835' (key completely removed)
🗑️ MEST Delete: post-delete root_hash=[e3, b0, c4, 42, 98, fc, 1c, 14]...
🔧 MEST Add: keyword='renewable', fid='envi_00000886'
🔧 MEST Add: proof size=159 bytes, root_hash=[2f, 9c, 3d, 04, a9, 65, 92, 50]...
🔧 MEST Add: keyword='renewable', fid='envi_00000886'
🔧 MEST Add: proof size=159 bytes, root_hash=[2f, 9c, 3d, 04, a9, 65, 92, 50]...
🗑️ MEST Delete: keyword='renewable', fid='envi_00000886' (key completely removed)
🗑️ MEST Delete: post-delete root_hash=[e3, b0, c4, 42, 98, fc, 1c, 14]...
