warning: profiles for the non root package will be ignored, specify profiles at the workspace root:
package:   /root/distributed-storage-system/crates/storager/ads_lib/Cargo.toml
workspace: /root/distributed-storage-system/Cargo.toml
warning: value assigned to `is_change` is never read
   --> crates/storager/ads_lib/src/mpt/mpt.rs:256:21
    |
256 |             let mut is_change = false;
    |                     ^^^^^^^^^
    |
    = help: maybe it is overwritten before being read?
    = note: `#[warn(unused_assignments)]` on by default

warning: value assigned to `is_change` is never read
   --> crates/storager/ads_lib/src/mpt/mpt.rs:462:25
    |
462 |                 let mut is_change = false;
    |                         ^^^^^^^^^
    |
    = help: maybe it is overwritten before being read?

warning: unused variable: `had_value`
   --> crates/storager/ads_lib/src/mpt/mpt.rs:526:21
    |
526 |                 let had_value = !old_value_str.is_empty();
    |                     ^^^^^^^^^ help: if this is intentional, prefix it with an underscore: `_had_value`
    |
    = note: `#[warn(unused_variables)]` on by default

warning: associated functions `short_node_batch_fix` and `full_node_batch_fix` are never used
    --> crates/storager/ads_lib/src/mpt/mpt.rs:1743:8
     |
  50 | impl MPT {
     | -------- associated functions in this implementation
...
1743 |     fn short_node_batch_fix(node: Arc<RwLock<ShortNode>>) -> Result<(), MPTError> {
     |        ^^^^^^^^^^^^^^^^^^^^
...
1748 |     fn full_node_batch_fix(node: Arc<RwLock<FullNode>>) -> Result<(), MPTError> {
     |        ^^^^^^^^^^^^^^^^^^^
     |
     = note: `#[warn(dead_code)]` on by default

warning: function `hash_mgt_node` is never used
   --> crates/storager/ads_lib/src/mest/proof.rs:253:4
    |
253 | fn hash_mgt_node(children: &[[u8; 32]]) -> [u8; 32] {
    |    ^^^^^^^^^^^^^

warning: `ads_rust` (lib) generated 5 warnings
warning: unused variable: `acc_old`
   --> crates/common/src/verification.rs:721:13
    |
721 |         let acc_old = match G1Affine::deserialize_uncompressed(&proof[offset..offset + acc_old_len]) {
    |             ^^^^^^^ help: if this is intentional, prefix it with an underscore: `_acc_old`
    |
    = note: `#[warn(unused_variables)]` on by default

warning: `common` (lib) generated 1 warning
warning: unused imports: `Digest` and `Sha256`
   --> crates/storager/src/ads/acctrie_ads.rs:452:20
    |
452 |         use sha2::{Digest, Sha256};
    |                    ^^^^^^  ^^^^^^
    |
    = note: `#[warn(unused_imports)]` on by default

warning: `storager` (lib) generated 1 warning (run `cargo fix --lib -p storager` to apply 1 suggestion)
    Finished `release` profile [optimized] target(s) in 0.15s
     Running `target/release/storager 50129 mest`
🔧 MEST Add: keyword='family', fid='life_00000022'
🔧 MEST Add: proof size=156 bytes, root_hash=[bf, f7, 9a, 97, 97, 2d, a1, b1]...
🗑️ MEST Delete: keyword='family', fid='life_00000022' (key completely removed)
🗑️ MEST Delete: post-delete root_hash=[e3, b0, c4, 42, 98, fc, 1c, 14]...
🔧 MEST Add: keyword='study', fid='educ_00000051'
🔧 MEST Add: proof size=155 bytes, root_hash=[0b, d7, 1e, 7c, 42, 18, 9d, 46]...
🔧 MEST Add: keyword='study', fid='educ_00000051'
🔧 MEST Add: proof size=155 bytes, root_hash=[0b, d7, 1e, 7c, 42, 18, 9d, 46]...
🗑️ MEST Delete: keyword='study', fid='educ_00000051' (key completely removed)
🗑️ MEST Delete: post-delete root_hash=[e3, b0, c4, 42, 98, fc, 1c, 14]...
🔧 MEST Add: keyword='study', fid='educ_00000092'
🔧 MEST Add: proof size=155 bytes, root_hash=[3c, e5, 5e, 67, 66, f2, b6, 20]...
🗑️ MEST Delete: keyword='study', fid='educ_00000092' (key completely removed)
🗑️ MEST Delete: post-delete root_hash=[e3, b0, c4, 42, 98, fc, 1c, 14]...
🔧 MEST Add: keyword='family', fid='life_00000096'
🔧 MEST Add: proof size=156 bytes, root_hash=[76, 93, 8b, 8a, 28, d5, 9f, 29]...
🔧 MEST Add: keyword='family', fid='life_00000096'
🔧 MEST Add: proof size=156 bytes, root_hash=[76, 93, 8b, 8a, 28, d5, 9f, 29]...
🗑️ MEST Delete: keyword='family', fid='life_00000096' (key completely removed)
🗑️ MEST Delete: post-delete root_hash=[e3, b0, c4, 42, 98, fc, 1c, 14]...
🔧 MEST Add: keyword='study', fid='educ_00000106'
🔧 MEST Add: proof size=155 bytes, root_hash=[16, a5, c3, 5a, ce, e5, 09, 8d]...
🗑️ MEST Delete: keyword='study', fid='educ_00000106' (key completely removed)
🗑️ MEST Delete: post-delete root_hash=[e3, b0, c4, 42, 98, fc, 1c, 14]...
🔧 MEST Add: keyword='family', fid='life_00000128'
🔧 MEST Add: proof size=156 bytes, root_hash=[80, 09, 40, 7a, ca, 98, c3, d3]...
🗑️ MEST Delete: keyword='family', fid='life_00000128' (key completely removed)
🗑️ MEST Delete: post-delete root_hash=[e3, b0, c4, 42, 98, fc, 1c, 14]...
🔧 MEST Add: keyword='family', fid='life_00000143'
🔧 MEST Add: proof size=156 bytes, root_hash=[68, 8e, 1e, 4f, 62, af, 53, 6f]...
🔧 MEST Add: keyword='family', fid='life_00000143'
🔧 MEST Add: proof size=156 bytes, root_hash=[68, 8e, 1e, 4f, 62, af, 53, 6f]...
🗑️ MEST Delete: keyword='family', fid='life_00000143' (key completely removed)
🗑️ MEST Delete: post-delete root_hash=[e3, b0, c4, 42, 98, fc, 1c, 14]...
🔧 MEST Add: keyword='family', fid='life_00000240'
🔧 MEST Add: proof size=156 bytes, root_hash=[97, d4, a5, 0d, 67, 50, 0f, 87]...
🔧 MEST Add: keyword='family', fid='life_00000240'
🔧 MEST Add: proof size=156 bytes, root_hash=[97, d4, a5, 0d, 67, 50, 0f, 87]...
🗑️ MEST Delete: keyword='family', fid='life_00000240' (key completely removed)
🗑️ MEST Delete: post-delete root_hash=[e3, b0, c4, 42, 98, fc, 1c, 14]...
🔧 MEST Add: keyword='study', fid='educ_00000374'
🔧 MEST Add: proof size=155 bytes, root_hash=[ab, 43, d7, a5, 8e, 56, 88, 43]...
🗑️ MEST Delete: keyword='study', fid='educ_00000374' (key completely removed)
🗑️ MEST Delete: post-delete root_hash=[e3, b0, c4, 42, 98, fc, 1c, 14]...
🔧 MEST Add: keyword='study', fid='educ_00000384'
🔧 MEST Add: proof size=155 bytes, root_hash=[f6, 20, 4a, 9a, b8, 16, 9f, f4]...
🔧 MEST Add: keyword='study', fid='educ_00000384'
🔧 MEST Add: proof size=155 bytes, root_hash=[f6, 20, 4a, 9a, b8, 16, 9f, f4]...
🗑️ MEST Delete: keyword='study', fid='educ_00000384' (key completely removed)
🗑️ MEST Delete: post-delete root_hash=[e3, b0, c4, 42, 98, fc, 1c, 14]...
🔧 MEST Add: keyword='study', fid='educ_00000406'
🔧 MEST Add: proof size=155 bytes, root_hash=[77, c9, 3f, 5b, cd, 98, 89, e2]...
🔧 MEST Add: keyword='study', fid='educ_00000406'
🔧 MEST Add: proof size=155 bytes, root_hash=[77, c9, 3f, 5b, cd, 98, 89, e2]...
🗑️ MEST Delete: keyword='study', fid='educ_00000406' (key completely removed)
🗑️ MEST Delete: post-delete root_hash=[e3, b0, c4, 42, 98, fc, 1c, 14]...
🔧 MEST Add: keyword='study', fid='educ_00000456'
🔧 MEST Add: proof size=155 bytes, root_hash=[d2, f3, 1f, ef, 55, d5, f0, 17]...
🗑️ MEST Delete: keyword='study', fid='educ_00000456' (key completely removed)
🗑️ MEST Delete: post-delete root_hash=[e3, b0, c4, 42, 98, fc, 1c, 14]...
🔧 MEST Add: keyword='family', fid='life_00000466'
🔧 MEST Add: proof size=156 bytes, root_hash=[20, ab, 91, 1e, 8a, ae, 0b, 64]...
🔧 MEST Add: keyword='family', fid='life_00000466'
🔧 MEST Add: proof size=156 bytes, root_hash=[20, ab, 91, 1e, 8a, ae, 0b, 64]...
🗑️ MEST Delete: keyword='family', fid='life_00000466' (key completely removed)
🗑️ MEST Delete: post-delete root_hash=[e3, b0, c4, 42, 98, fc, 1c, 14]...
🔧 MEST Add: keyword='study', fid='educ_00000473'
🔧 MEST Add: proof size=155 bytes, root_hash=[ca, 5f, 4d, 9c, 9b, 2b, fc, 94]...
🔧 MEST Add: keyword='study', fid='educ_00000473'
🔧 MEST Add: proof size=155 bytes, root_hash=[ca, 5f, 4d, 9c, 9b, 2b, fc, 94]...
🗑️ MEST Delete: keyword='study', fid='educ_00000473' (key completely removed)
🗑️ MEST Delete: post-delete root_hash=[e3, b0, c4, 42, 98, fc, 1c, 14]...
🔧 MEST Add: keyword='study', fid='educ_00000480'
🔧 MEST Add: proof size=155 bytes, root_hash=[02, a2, 47, bc, c6, 94, 61, 30]...
🔧 MEST Add: keyword='study', fid='educ_00000480'
🔧 MEST Add: proof size=155 bytes, root_hash=[02, a2, 47, bc, c6, 94, 61, 30]...
🗑️ MEST Delete: keyword='study', fid='educ_00000480' (key completely removed)
🗑️ MEST Delete: post-delete root_hash=[e3, b0, c4, 42, 98, fc, 1c, 14]...
🔧 MEST Add: keyword='study', fid='educ_00000482'
🔧 MEST Add: proof size=155 bytes, root_hash=[a0, 72, 0a, 7c, 78, 86, f1, e5]...
🗑️ MEST Delete: keyword='study', fid='educ_00000482' (key completely removed)
🗑️ MEST Delete: post-delete root_hash=[e3, b0, c4, 42, 98, fc, 1c, 14]...
🔧 MEST Add: keyword='family', fid='life_00000494'
🔧 MEST Add: proof size=156 bytes, root_hash=[ac, df, 2d, 50, 3f, e4, 04, ab]...
🗑️ MEST Delete: keyword='family', fid='life_00000494' (key completely removed)
🗑️ MEST Delete: post-delete root_hash=[e3, b0, c4, 42, 98, fc, 1c, 14]...
🔧 MEST Add: keyword='family', fid='life_00000521'
🔧 MEST Add: proof size=156 bytes, root_hash=[6b, 2e, ac, 9d, 3f, db, 7b, 51]...
🔧 MEST Add: keyword='family', fid='life_00000521'
🔧 MEST Add: proof size=156 bytes, root_hash=[6b, 2e, ac, 9d, 3f, db, 7b, 51]...
🗑️ MEST Delete: keyword='family', fid='life_00000521' (key completely removed)
🗑️ MEST Delete: post-delete root_hash=[e3, b0, c4, 42, 98, fc, 1c, 14]...
🔧 MEST Add: keyword='family', fid='life_00000530'
🔧 MEST Add: proof size=156 bytes, root_hash=[bb, 5b, 1b, 1d, d4, 70, d8, ab]...
🗑️ MEST Delete: keyword='family', fid='life_00000530' (key completely removed)
🗑️ MEST Delete: post-delete root_hash=[e3, b0, c4, 42, 98, fc, 1c, 14]...
🔧 MEST Add: keyword='study', fid='educ_00000584'
🔧 MEST Add: proof size=155 bytes, root_hash=[0e, 18, 55, a9, 26, 7a, 44, 3c]...
🗑️ MEST Delete: keyword='study', fid='educ_00000584' (key completely removed)
🗑️ MEST Delete: post-delete root_hash=[e3, b0, c4, 42, 98, fc, 1c, 14]...
🔧 MEST Add: keyword='family', fid='life_00000605'
🔧 MEST Add: proof size=156 bytes, root_hash=[13, 89, e8, 4c, c3, 31, 8b, 8c]...
🔧 MEST Add: keyword='family', fid='life_00000605'
🔧 MEST Add: proof size=156 bytes, root_hash=[13, 89, e8, 4c, c3, 31, 8b, 8c]...
🗑️ MEST Delete: keyword='family', fid='life_00000605' (key completely removed)
🗑️ MEST Delete: post-delete root_hash=[e3, b0, c4, 42, 98, fc, 1c, 14]...
🔧 MEST Add: keyword='family', fid='life_00000646'
🔧 MEST Add: proof size=156 bytes, root_hash=[ea, 92, de, 4c, d3, 14, 34, 48]...
🗑️ MEST Delete: keyword='family', fid='life_00000646' (key completely removed)
🗑️ MEST Delete: post-delete root_hash=[e3, b0, c4, 42, 98, fc, 1c, 14]...
🔧 MEST Add: keyword='family', fid='life_00000711'
🔧 MEST Add: proof size=156 bytes, root_hash=[8d, bb, c5, 53, 61, 6e, 91, 68]...
🔧 MEST Add: keyword='family', fid='life_00000711'
🔧 MEST Add: proof size=156 bytes, root_hash=[8d, bb, c5, 53, 61, 6e, 91, 68]...
🗑️ MEST Delete: keyword='family', fid='life_00000711' (key completely removed)
🗑️ MEST Delete: post-delete root_hash=[e3, b0, c4, 42, 98, fc, 1c, 14]...
🔧 MEST Add: keyword='study', fid='educ_00000720'
🔧 MEST Add: proof size=155 bytes, root_hash=[d7, 03, fa, 16, 37, 33, f4, 70]...
🗑️ MEST Delete: keyword='study', fid='educ_00000720' (key completely removed)
🗑️ MEST Delete: post-delete root_hash=[e3, b0, c4, 42, 98, fc, 1c, 14]...
🔧 MEST Add: keyword='family', fid='life_00000740'
🔧 MEST Add: proof size=156 bytes, root_hash=[ad, 0a, 53, 5d, ca, 97, df, 49]...
🔧 MEST Add: keyword='family', fid='life_00000740'
🔧 MEST Add: proof size=156 bytes, root_hash=[ad, 0a, 53, 5d, ca, 97, df, 49]...
🗑️ MEST Delete: keyword='family', fid='life_00000740' (key completely removed)
🗑️ MEST Delete: post-delete root_hash=[e3, b0, c4, 42, 98, fc, 1c, 14]...
🔧 MEST Add: keyword='study', fid='educ_00000760'
🔧 MEST Add: proof size=155 bytes, root_hash=[c0, d4, c2, 23, c9, 45, 82, 19]...
🔧 MEST Add: keyword='study', fid='educ_00000760'
🔧 MEST Add: proof size=155 bytes, root_hash=[c0, d4, c2, 23, c9, 45, 82, 19]...
🗑️ MEST Delete: keyword='study', fid='educ_00000760' (key completely removed)
🗑️ MEST Delete: post-delete root_hash=[e3, b0, c4, 42, 98, fc, 1c, 14]...
🔧 MEST Add: keyword='family', fid='life_00000765'
🔧 MEST Add: proof size=156 bytes, root_hash=[da, 15, a1, 5c, e7, 1a, 55, 95]...
🔧 MEST Add: keyword='family', fid='life_00000765'
🔧 MEST Add: proof size=156 bytes, root_hash=[da, 15, a1, 5c, e7, 1a, 55, 95]...
🗑️ MEST Delete: keyword='family', fid='life_00000765' (key completely removed)
🗑️ MEST Delete: post-delete root_hash=[e3, b0, c4, 42, 98, fc, 1c, 14]...
🔧 MEST Add: keyword='study', fid='educ_00000920'
🔧 MEST Add: proof size=155 bytes, root_hash=[4f, cd, 63, 88, b1, 87, e7, 24]...
🗑️ MEST Delete: keyword='study', fid='educ_00000920' (key completely removed)
🗑️ MEST Delete: post-delete root_hash=[e3, b0, c4, 42, 98, fc, 1c, 14]...
🔧 MEST Add: keyword='family', fid='life_00000935'
🔧 MEST Add: proof size=156 bytes, root_hash=[e6, 46, a9, 15, 2d, 27, 27, 52]...
🗑️ MEST Delete: keyword='family', fid='life_00000935' (key completely removed)
🗑️ MEST Delete: post-delete root_hash=[e3, b0, c4, 42, 98, fc, 1c, 14]...
🔧 MEST Add: keyword='study', fid='educ_00000944'
🔧 MEST Add: proof size=155 bytes, root_hash=[d6, 59, a5, 22, ef, 11, b5, a1]...
🗑️ MEST Delete: keyword='study', fid='educ_00000944' (key completely removed)
🗑️ MEST Delete: post-delete root_hash=[e3, b0, c4, 42, 98, fc, 1c, 14]...
🔧 MEST Add: keyword='study', fid='educ_00000955'
🔧 MEST Add: proof size=155 bytes, root_hash=[f2, a6, 75, 69, 45, 69, e2, 58]...
🗑️ MEST Delete: keyword='study', fid='educ_00000955' (key completely removed)
🗑️ MEST Delete: post-delete root_hash=[e3, b0, c4, 42, 98, fc, 1c, 14]...
🔧 MEST Add: keyword='study', fid='educ_00000990'
🔧 MEST Add: proof size=155 bytes, root_hash=[0e, b3, 4e, a9, ee, 69, e2, f9]...
🗑️ MEST Delete: keyword='study', fid='educ_00000990' (key completely removed)
🗑️ MEST Delete: post-delete root_hash=[e3, b0, c4, 42, 98, fc, 1c, 14]...
🔧 MEST Add: keyword='family', fid='life_00000998'
🔧 MEST Add: proof size=156 bytes, root_hash=[00, 03, 8a, 83, a4, 3a, 3e, 9f]...
🔧 MEST Add: keyword='family', fid='life_00000998'
🔧 MEST Add: proof size=156 bytes, root_hash=[00, 03, 8a, 83, a4, 3a, 3e, 9f]...
🗑️ MEST Delete: keyword='family', fid='life_00000998' (key completely removed)
🗑️ MEST Delete: post-delete root_hash=[e3, b0, c4, 42, 98, fc, 1c, 14]...
