warning: profiles for the non root package will be ignored, specify profiles at the workspace root:
package:   /root/distributed-storage-system/crates/storager/ads_lib/Cargo.toml
workspace: /root/distributed-storage-system/Cargo.toml
warning: value assigned to `is_change` is never read
   --> crates/storager/ads_lib/src/mpt/mpt.rs:256:21
    |
256 |             let mut is_change = false;
    |                     ^^^^^^^^^
    |
    = help: maybe it is overwritten before being read?
    = note: `#[warn(unused_assignments)]` on by default

warning: value assigned to `is_change` is never read
   --> crates/storager/ads_lib/src/mpt/mpt.rs:462:25
    |
462 |                 let mut is_change = false;
    |                         ^^^^^^^^^
    |
    = help: maybe it is overwritten before being read?

warning: unused variable: `had_value`
   --> crates/storager/ads_lib/src/mpt/mpt.rs:526:21
    |
526 |                 let had_value = !old_value_str.is_empty();
    |                     ^^^^^^^^^ help: if this is intentional, prefix it with an underscore: `_had_value`
    |
    = note: `#[warn(unused_variables)]` on by default

warning: associated functions `short_node_batch_fix` and `full_node_batch_fix` are never used
    --> crates/storager/ads_lib/src/mpt/mpt.rs:1743:8
     |
  50 | impl MPT {
     | -------- associated functions in this implementation
...
1743 |     fn short_node_batch_fix(node: Arc<RwLock<ShortNode>>) -> Result<(), MPTError> {
     |        ^^^^^^^^^^^^^^^^^^^^
...
1748 |     fn full_node_batch_fix(node: Arc<RwLock<FullNode>>) -> Result<(), MPTError> {
     |        ^^^^^^^^^^^^^^^^^^^
     |
     = note: `#[warn(dead_code)]` on by default

warning: function `hash_mgt_node` is never used
   --> crates/storager/ads_lib/src/mest/proof.rs:253:4
    |
253 | fn hash_mgt_node(children: &[[u8; 32]]) -> [u8; 32] {
    |    ^^^^^^^^^^^^^

warning: `ads_rust` (lib) generated 5 warnings
warning: unused variable: `acc_old`
   --> crates/common/src/verification.rs:721:13
    |
721 |         let acc_old = match G1Affine::deserialize_uncompressed(&proof[offset..offset + acc_old_len]) {
    |             ^^^^^^^ help: if this is intentional, prefix it with an underscore: `_acc_old`
    |
    = note: `#[warn(unused_variables)]` on by default

warning: `common` (lib) generated 1 warning
warning: unused imports: `Digest` and `Sha256`
   --> crates/storager/src/ads/acctrie_ads.rs:452:20
    |
452 |         use sha2::{Digest, Sha256};
    |                    ^^^^^^  ^^^^^^
    |
    = note: `#[warn(unused_imports)]` on by default

warning: `storager` (lib) generated 1 warning (run `cargo fix --lib -p storager` to apply 1 suggestion)
    Finished `release` profile [optimized] target(s) in 0.15s
     Running `target/release/storager 50095 mest`
🔧 MEST Add: keyword='ml', fid='tech_00000020'
🔧 MEST Add: proof size=152 bytes, root_hash=[f6, 6e, 4b, ad, af, bb, 13, d8]...
🗑️ MEST Delete: keyword='ml', fid='tech_00000020' (key completely removed)
🗑️ MEST Delete: post-delete root_hash=[e3, b0, c4, 42, 98, fc, 1c, 14]...
🔧 MEST Add: keyword='ml', fid='tech_00000031'
🔧 MEST Add: proof size=152 bytes, root_hash=[bc, fc, 30, 4e, 6b, 31, 62, 16]...
🔧 MEST Add: keyword='ml', fid='tech_00000031'
🔧 MEST Add: proof size=152 bytes, root_hash=[bc, fc, 30, 4e, 6b, 31, 62, 16]...
🗑️ MEST Delete: keyword='ml', fid='tech_00000031' (key completely removed)
🗑️ MEST Delete: post-delete root_hash=[e3, b0, c4, 42, 98, fc, 1c, 14]...
🔧 MEST Add: keyword='revenue', fid='busi_00000033'
🔧 MEST Add: proof size=157 bytes, root_hash=[67, 7b, bc, ec, ab, bf, 30, a2]...
🗑️ MEST Delete: keyword='revenue', fid='busi_00000033' (key completely removed)
🗑️ MEST Delete: post-delete root_hash=[e3, b0, c4, 42, 98, fc, 1c, 14]...
🔧 MEST Add: keyword='astronomy', fid='scie_00000054'
🔧 MEST Add: proof size=159 bytes, root_hash=[b8, db, 82, 88, f6, 9b, 6d, 08]...
🔧 MEST Add: keyword='astronomy', fid='scie_00000054'
🔧 MEST Add: proof size=159 bytes, root_hash=[b8, db, 82, 88, f6, 9b, 6d, 08]...
🗑️ MEST Delete: keyword='astronomy', fid='scie_00000054' (key completely removed)
🗑️ MEST Delete: post-delete root_hash=[e3, b0, c4, 42, 98, fc, 1c, 14]...
🔧 MEST Add: keyword='revenue', fid='busi_00000057'
🔧 MEST Add: proof size=157 bytes, root_hash=[0a, af, d0, 04, b5, 80, 85, 31]...
🔧 MEST Add: keyword='revenue', fid='busi_00000057'
🔧 MEST Add: proof size=157 bytes, root_hash=[0a, af, d0, 04, b5, 80, 85, 31]...
🗑️ MEST Delete: keyword='revenue', fid='busi_00000057' (key completely removed)
🗑️ MEST Delete: post-delete root_hash=[e3, b0, c4, 42, 98, fc, 1c, 14]...
🔧 MEST Add: keyword='revenue', fid='busi_00000065'
🔧 MEST Add: proof size=157 bytes, root_hash=[8e, a9, 40, 17, 82, c9, b6, ab]...
🗑️ MEST Delete: keyword='revenue', fid='busi_00000065' (key completely removed)
🗑️ MEST Delete: post-delete root_hash=[e3, b0, c4, 42, 98, fc, 1c, 14]...
🔧 MEST Add: keyword='revenue', fid='busi_00000089'
🔧 MEST Add: proof size=157 bytes, root_hash=[07, 23, df, cd, 7c, 59, cf, 55]...
🗑️ MEST Delete: keyword='revenue', fid='busi_00000089' (key completely removed)
🗑️ MEST Delete: post-delete root_hash=[e3, b0, c4, 42, 98, fc, 1c, 14]...
🔧 MEST Add: keyword='astronomy', fid='scie_00000142'
🔧 MEST Add: proof size=159 bytes, root_hash=[8f, 3b, 8d, d3, ac, 34, d6, 24]...
🗑️ MEST Delete: keyword='astronomy', fid='scie_00000142' (key completely removed)
🗑️ MEST Delete: post-delete root_hash=[e3, b0, c4, 42, 98, fc, 1c, 14]...
🔧 MEST Add: keyword='ml', fid='tech_00000155'
🔧 MEST Add: proof size=152 bytes, root_hash=[9b, 33, 1b, 46, 52, 17, 18, e3]...
🗑️ MEST Delete: keyword='ml', fid='tech_00000155' (key completely removed)
🗑️ MEST Delete: post-delete root_hash=[e3, b0, c4, 42, 98, fc, 1c, 14]...
🔧 MEST Add: keyword='revenue', fid='busi_00000159'
🔧 MEST Add: proof size=157 bytes, root_hash=[c4, a1, ea, 05, 58, e1, 8d, 9d]...
🔧 MEST Add: keyword='revenue', fid='busi_00000159'
🔧 MEST Add: proof size=157 bytes, root_hash=[c4, a1, ea, 05, 58, e1, 8d, 9d]...
🗑️ MEST Delete: keyword='revenue', fid='busi_00000159' (key completely removed)
🗑️ MEST Delete: post-delete root_hash=[e3, b0, c4, 42, 98, fc, 1c, 14]...
🔧 MEST Add: keyword='ml', fid='tech_00000174'
🔧 MEST Add: proof size=152 bytes, root_hash=[0b, 5b, 4c, 7f, 34, 71, a9, dd]...
🔧 MEST Add: keyword='ml', fid='tech_00000174'
🔧 MEST Add: proof size=152 bytes, root_hash=[0b, 5b, 4c, 7f, 34, 71, a9, dd]...
🗑️ MEST Delete: keyword='ml', fid='tech_00000174' (key completely removed)
🗑️ MEST Delete: post-delete root_hash=[e3, b0, c4, 42, 98, fc, 1c, 14]...
🔧 MEST Add: keyword='ml', fid='tech_00000203'
🔧 MEST Add: proof size=152 bytes, root_hash=[ca, 17, ac, e4, 83, 6c, 92, bd]...
🗑️ MEST Delete: keyword='ml', fid='tech_00000203' (key completely removed)
🗑️ MEST Delete: post-delete root_hash=[e3, b0, c4, 42, 98, fc, 1c, 14]...
🔧 MEST Add: keyword='ml', fid='tech_00000210'
🔧 MEST Add: proof size=152 bytes, root_hash=[4a, 5f, 84, 01, b0, 9b, 3f, fa]...
🗑️ MEST Delete: keyword='ml', fid='tech_00000210' (key completely removed)
🗑️ MEST Delete: post-delete root_hash=[e3, b0, c4, 42, 98, fc, 1c, 14]...
🔧 MEST Add: keyword='revenue', fid='busi_00000218'
🔧 MEST Add: proof size=157 bytes, root_hash=[ed, 79, 03, c1, 20, 04, 29, c6]...
🗑️ MEST Delete: keyword='revenue', fid='busi_00000218' (key completely removed)
🗑️ MEST Delete: post-delete root_hash=[e3, b0, c4, 42, 98, fc, 1c, 14]...
🔧 MEST Add: keyword='ml', fid='tech_00000227'
🔧 MEST Add: proof size=152 bytes, root_hash=[4d, 50, 59, 2e, aa, bd, 51, 48]...
🔧 MEST Add: keyword='ml', fid='tech_00000227'
🔧 MEST Add: proof size=152 bytes, root_hash=[4d, 50, 59, 2e, aa, bd, 51, 48]...
🗑️ MEST Delete: keyword='ml', fid='tech_00000227' (key completely removed)
🗑️ MEST Delete: post-delete root_hash=[e3, b0, c4, 42, 98, fc, 1c, 14]...
🔧 MEST Add: keyword='ml', fid='tech_00000230'
🔧 MEST Add: proof size=152 bytes, root_hash=[a6, df, c8, 01, 9b, fd, 00, 03]...
🗑️ MEST Delete: keyword='ml', fid='tech_00000230' (key completely removed)
🗑️ MEST Delete: post-delete root_hash=[e3, b0, c4, 42, 98, fc, 1c, 14]...
🔧 MEST Add: keyword='ml', fid='tech_00000231'
🔧 MEST Add: proof size=152 bytes, root_hash=[10, 81, e1, a9, cf, f7, 2f, b0]...
🗑️ MEST Delete: keyword='ml', fid='tech_00000231' (key completely removed)
🗑️ MEST Delete: post-delete root_hash=[e3, b0, c4, 42, 98, fc, 1c, 14]...
🔧 MEST Add: keyword='revenue', fid='busi_00000264'
🔧 MEST Add: proof size=157 bytes, root_hash=[23, f6, 04, e4, d5, a4, 65, e5]...
🗑️ MEST Delete: keyword='revenue', fid='busi_00000264' (key completely removed)
🗑️ MEST Delete: post-delete root_hash=[e3, b0, c4, 42, 98, fc, 1c, 14]...
🔧 MEST Add: keyword='revenue', fid='busi_00000273'
🔧 MEST Add: proof size=157 bytes, root_hash=[9c, 28, 79, 40, b5, 35, 37, d3]...
🗑️ MEST Delete: keyword='revenue', fid='busi_00000273' (key completely removed)
🗑️ MEST Delete: post-delete root_hash=[e3, b0, c4, 42, 98, fc, 1c, 14]...
🔧 MEST Add: keyword='astronomy', fid='scie_00000275'
🔧 MEST Add: proof size=159 bytes, root_hash=[12, 6a, f3, 75, 6b, 4b, e9, 51]...
🗑️ MEST Delete: keyword='astronomy', fid='scie_00000275' (key completely removed)
🗑️ MEST Delete: post-delete root_hash=[e3, b0, c4, 42, 98, fc, 1c, 14]...
🔧 MEST Add: keyword='ml', fid='tech_00000293'
🔧 MEST Add: proof size=152 bytes, root_hash=[02, 68, 56, 2e, a9, 1a, aa, 9a]...
🔧 MEST Add: keyword='ml', fid='tech_00000293'
🔧 MEST Add: proof size=152 bytes, root_hash=[02, 68, 56, 2e, a9, 1a, aa, 9a]...
🗑️ MEST Delete: keyword='ml', fid='tech_00000293' (key completely removed)
🗑️ MEST Delete: post-delete root_hash=[e3, b0, c4, 42, 98, fc, 1c, 14]...
🔧 MEST Add: keyword='astronomy', fid='scie_00000297'
🔧 MEST Add: proof size=159 bytes, root_hash=[d3, 5f, 63, 5e, 68, e8, 4a, 1d]...
🗑️ MEST Delete: keyword='astronomy', fid='scie_00000297' (key completely removed)
🗑️ MEST Delete: post-delete root_hash=[e3, b0, c4, 42, 98, fc, 1c, 14]...
🔧 MEST Add: keyword='astronomy', fid='scie_00000306'
🔧 MEST Add: proof size=159 bytes, root_hash=[42, 4d, ca, 11, 14, 92, cc, f1]...
🔧 MEST Add: keyword='astronomy', fid='scie_00000306'
🔧 MEST Add: proof size=159 bytes, root_hash=[42, 4d, ca, 11, 14, 92, cc, f1]...
🗑️ MEST Delete: keyword='astronomy', fid='scie_00000306' (key completely removed)
🗑️ MEST Delete: post-delete root_hash=[e3, b0, c4, 42, 98, fc, 1c, 14]...
🔧 MEST Add: keyword='ml', fid='tech_00000325'
🔧 MEST Add: proof size=152 bytes, root_hash=[bf, a3, 9c, 5d, a8, 4c, 77, f8]...
🔧 MEST Add: keyword='ml', fid='tech_00000325'
🔧 MEST Add: proof size=152 bytes, root_hash=[bf, a3, 9c, 5d, a8, 4c, 77, f8]...
🗑️ MEST Delete: keyword='ml', fid='tech_00000325' (key completely removed)
🗑️ MEST Delete: post-delete root_hash=[e3, b0, c4, 42, 98, fc, 1c, 14]...
🔧 MEST Add: keyword='ml', fid='tech_00000338'
🔧 MEST Add: proof size=152 bytes, root_hash=[69, fb, 66, 4e, 73, b7, 5d, d2]...
🗑️ MEST Delete: keyword='ml', fid='tech_00000338' (key completely removed)
🗑️ MEST Delete: post-delete root_hash=[e3, b0, c4, 42, 98, fc, 1c, 14]...
🔧 MEST Add: keyword='revenue', fid='busi_00000341'
🔧 MEST Add: proof size=157 bytes, root_hash=[f0, 50, c5, 5a, 87, 7e, 36, d4]...
🔧 MEST Add: keyword='revenue', fid='busi_00000341'
🔧 MEST Add: proof size=157 bytes, root_hash=[f0, 50, c5, 5a, 87, 7e, 36, d4]...
🗑️ MEST Delete: keyword='revenue', fid='busi_00000341' (key completely removed)
🗑️ MEST Delete: post-delete root_hash=[e3, b0, c4, 42, 98, fc, 1c, 14]...
🔧 MEST Add: keyword='astronomy', fid='scie_00000352'
🔧 MEST Add: proof size=159 bytes, root_hash=[50, 9e, d7, 28, 13, 6a, cb, b9]...
🗑️ MEST Delete: keyword='astronomy', fid='scie_00000352' (key completely removed)
🗑️ MEST Delete: post-delete root_hash=[e3, b0, c4, 42, 98, fc, 1c, 14]...
🔧 MEST Add: keyword='astronomy', fid='scie_00000358'
🔧 MEST Add: proof size=159 bytes, root_hash=[42, 12, 45, 07, 84, 7e, 8d, c8]...
🗑️ MEST Delete: keyword='astronomy', fid='scie_00000358' (key completely removed)
🗑️ MEST Delete: post-delete root_hash=[e3, b0, c4, 42, 98, fc, 1c, 14]...
🔧 MEST Add: keyword='revenue', fid='busi_00000365'
🔧 MEST Add: proof size=157 bytes, root_hash=[65, 54, e4, 29, 4c, 8e, 9c, 54]...
🔧 MEST Add: keyword='revenue', fid='busi_00000365'
🔧 MEST Add: proof size=157 bytes, root_hash=[65, 54, e4, 29, 4c, 8e, 9c, 54]...
🗑️ MEST Delete: keyword='revenue', fid='busi_00000365' (key completely removed)
🗑️ MEST Delete: post-delete root_hash=[e3, b0, c4, 42, 98, fc, 1c, 14]...
🔧 MEST Add: keyword='ml', fid='tech_00000432'
🔧 MEST Add: proof size=152 bytes, root_hash=[57, 4e, e2, ec, 08, fc, 77, e0]...
🔧 MEST Add: keyword='ml', fid='tech_00000432'
🔧 MEST Add: proof size=152 bytes, root_hash=[57, 4e, e2, ec, 08, fc, 77, e0]...
🗑️ MEST Delete: keyword='ml', fid='tech_00000432' (key completely removed)
🗑️ MEST Delete: post-delete root_hash=[e3, b0, c4, 42, 98, fc, 1c, 14]...
🔧 MEST Add: keyword='revenue', fid='busi_00000435'
🔧 MEST Add: proof size=157 bytes, root_hash=[60, aa, 68, 11, 87, f1, 42, a0]...
🔧 MEST Add: keyword='revenue', fid='busi_00000435'
🔧 MEST Add: proof size=157 bytes, root_hash=[60, aa, 68, 11, 87, f1, 42, a0]...
🗑️ MEST Delete: keyword='revenue', fid='busi_00000435' (key completely removed)
🗑️ MEST Delete: post-delete root_hash=[e3, b0, c4, 42, 98, fc, 1c, 14]...
🔧 MEST Add: keyword='revenue', fid='busi_00000445'
🔧 MEST Add: proof size=157 bytes, root_hash=[ac, 42, 93, b3, fa, 18, 73, ae]...
🔧 MEST Add: keyword='revenue', fid='busi_00000445'
🔧 MEST Add: proof size=157 bytes, root_hash=[ac, 42, 93, b3, fa, 18, 73, ae]...
🗑️ MEST Delete: keyword='revenue', fid='busi_00000445' (key completely removed)
🗑️ MEST Delete: post-delete root_hash=[e3, b0, c4, 42, 98, fc, 1c, 14]...
🔧 MEST Add: keyword='revenue', fid='busi_00000462'
🔧 MEST Add: proof size=157 bytes, root_hash=[27, aa, 4e, fa, fd, 71, 87, 83]...
🗑️ MEST Delete: keyword='revenue', fid='busi_00000462' (key completely removed)
🗑️ MEST Delete: post-delete root_hash=[e3, b0, c4, 42, 98, fc, 1c, 14]...
🔧 MEST Add: keyword='ml', fid='tech_00000468'
🔧 MEST Add: proof size=152 bytes, root_hash=[55, ae, d6, b6, bc, 32, fa, f7]...
🔧 MEST Add: keyword='ml', fid='tech_00000468'
🔧 MEST Add: proof size=152 bytes, root_hash=[55, ae, d6, b6, bc, 32, fa, f7]...
🗑️ MEST Delete: keyword='ml', fid='tech_00000468' (key completely removed)
🗑️ MEST Delete: post-delete root_hash=[e3, b0, c4, 42, 98, fc, 1c, 14]...
🔧 MEST Add: keyword='ml', fid='tech_00000470'
🔧 MEST Add: proof size=152 bytes, root_hash=[d5, aa, 5f, 5d, 62, b1, b9, 70]...
🗑️ MEST Delete: keyword='ml', fid='tech_00000470' (key completely removed)
🗑️ MEST Delete: post-delete root_hash=[e3, b0, c4, 42, 98, fc, 1c, 14]...
🔧 MEST Add: keyword='revenue', fid='busi_00000490'
🔧 MEST Add: proof size=157 bytes, root_hash=[fe, 4e, 6b, 1f, 74, dd, 56, 8b]...
🗑️ MEST Delete: keyword='revenue', fid='busi_00000490' (key completely removed)
🗑️ MEST Delete: post-delete root_hash=[e3, b0, c4, 42, 98, fc, 1c, 14]...
🔧 MEST Add: keyword='ml', fid='tech_00000493'
🔧 MEST Add: proof size=152 bytes, root_hash=[7a, ab, ed, cb, 56, 86, c4, 5f]...
🗑️ MEST Delete: keyword='ml', fid='tech_00000493' (key completely removed)
🗑️ MEST Delete: post-delete root_hash=[e3, b0, c4, 42, 98, fc, 1c, 14]...
🔧 MEST Add: keyword='astronomy', fid='scie_00000496'
🔧 MEST Add: proof size=159 bytes, root_hash=[7d, 08, ff, 1a, 35, 55, 1e, 17]...
🗑️ MEST Delete: keyword='astronomy', fid='scie_00000496' (key completely removed)
🗑️ MEST Delete: post-delete root_hash=[e3, b0, c4, 42, 98, fc, 1c, 14]...
🔧 MEST Add: keyword='revenue', fid='busi_00000520'
🔧 MEST Add: proof size=157 bytes, root_hash=[db, 8f, ae, 00, 6f, 9d, d6, 1d]...
🗑️ MEST Delete: keyword='revenue', fid='busi_00000520' (key completely removed)
🗑️ MEST Delete: post-delete root_hash=[e3, b0, c4, 42, 98, fc, 1c, 14]...
🔧 MEST Add: keyword='ml', fid='tech_00000557'
🔧 MEST Add: proof size=152 bytes, root_hash=[1f, 67, 91, 13, 45, 9a, cd, 01]...
🗑️ MEST Delete: keyword='ml', fid='tech_00000557' (key completely removed)
🗑️ MEST Delete: post-delete root_hash=[e3, b0, c4, 42, 98, fc, 1c, 14]...
🔧 MEST Add: keyword='revenue', fid='busi_00000590'
🔧 MEST Add: proof size=157 bytes, root_hash=[f1, 28, 75, 4f, 4c, 73, 5c, cb]...
🗑️ MEST Delete: keyword='revenue', fid='busi_00000590' (key completely removed)
🗑️ MEST Delete: post-delete root_hash=[e3, b0, c4, 42, 98, fc, 1c, 14]...
🔧 MEST Add: keyword='ml', fid='tech_00000607'
🔧 MEST Add: proof size=152 bytes, root_hash=[c5, 0b, b3, 98, 3b, 33, f2, 28]...
🗑️ MEST Delete: keyword='ml', fid='tech_00000607' (key completely removed)
🗑️ MEST Delete: post-delete root_hash=[e3, b0, c4, 42, 98, fc, 1c, 14]...
🔧 MEST Add: keyword='astronomy', fid='scie_00000632'
🔧 MEST Add: proof size=159 bytes, root_hash=[79, 4e, 2b, 1b, a9, 2b, 02, 63]...
🗑️ MEST Delete: keyword='astronomy', fid='scie_00000632' (key completely removed)
🗑️ MEST Delete: post-delete root_hash=[e3, b0, c4, 42, 98, fc, 1c, 14]...
🔧 MEST Add: keyword='ml', fid='tech_00000671'
🔧 MEST Add: proof size=152 bytes, root_hash=[96, 8f, 6a, 10, 98, 28, 99, a6]...
🗑️ MEST Delete: keyword='ml', fid='tech_00000671' (key completely removed)
🗑️ MEST Delete: post-delete root_hash=[e3, b0, c4, 42, 98, fc, 1c, 14]...
🔧 MEST Add: keyword='astronomy', fid='scie_00000691'
🔧 MEST Add: proof size=159 bytes, root_hash=[47, 88, f6, 02, ce, dc, 0a, b9]...
🔧 MEST Add: keyword='astronomy', fid='scie_00000691'
🔧 MEST Add: proof size=159 bytes, root_hash=[47, 88, f6, 02, ce, dc, 0a, b9]...
🗑️ MEST Delete: keyword='astronomy', fid='scie_00000691' (key completely removed)
🗑️ MEST Delete: post-delete root_hash=[e3, b0, c4, 42, 98, fc, 1c, 14]...
🔧 MEST Add: keyword='ml', fid='tech_00000692'
🔧 MEST Add: proof size=152 bytes, root_hash=[64, 75, 88, cf, 0c, b6, 4e, c9]...
🗑️ MEST Delete: keyword='ml', fid='tech_00000692' (key completely removed)
🗑️ MEST Delete: post-delete root_hash=[e3, b0, c4, 42, 98, fc, 1c, 14]...
🔧 MEST Add: keyword='revenue', fid='busi_00000693'
🔧 MEST Add: proof size=157 bytes, root_hash=[c0, e6, 07, 24, b5, 73, 6f, b3]...
🔧 MEST Add: keyword='revenue', fid='busi_00000693'
🔧 MEST Add: proof size=157 bytes, root_hash=[c0, e6, 07, 24, b5, 73, 6f, b3]...
🗑️ MEST Delete: keyword='revenue', fid='busi_00000693' (key completely removed)
🗑️ MEST Delete: post-delete root_hash=[e3, b0, c4, 42, 98, fc, 1c, 14]...
🔧 MEST Add: keyword='astronomy', fid='scie_00000724'
🔧 MEST Add: proof size=159 bytes, root_hash=[a0, 65, b5, da, 38, 2b, 63, 34]...
🗑️ MEST Delete: keyword='astronomy', fid='scie_00000724' (key completely removed)
🗑️ MEST Delete: post-delete root_hash=[e3, b0, c4, 42, 98, fc, 1c, 14]...
🔧 MEST Add: keyword='ml', fid='tech_00000730'
🔧 MEST Add: proof size=152 bytes, root_hash=[c1, 5d, bd, 89, 10, ae, 07, d1]...
🗑️ MEST Delete: keyword='ml', fid='tech_00000730' (key completely removed)
🗑️ MEST Delete: post-delete root_hash=[e3, b0, c4, 42, 98, fc, 1c, 14]...
🔧 MEST Add: keyword='revenue', fid='busi_00000762'
🔧 MEST Add: proof size=157 bytes, root_hash=[52, c1, 45, 83, f8, 87, 57, 72]...
🔧 MEST Add: keyword='revenue', fid='busi_00000762'
🔧 MEST Add: proof size=157 bytes, root_hash=[52, c1, 45, 83, f8, 87, 57, 72]...
🗑️ MEST Delete: keyword='revenue', fid='busi_00000762' (key completely removed)
🗑️ MEST Delete: post-delete root_hash=[e3, b0, c4, 42, 98, fc, 1c, 14]...
🔧 MEST Add: keyword='astronomy', fid='scie_00000767'
🔧 MEST Add: proof size=159 bytes, root_hash=[99, 37, c0, 7f, e6, c5, e2, bf]...
🗑️ MEST Delete: keyword='astronomy', fid='scie_00000767' (key completely removed)
🗑️ MEST Delete: post-delete root_hash=[e3, b0, c4, 42, 98, fc, 1c, 14]...
🔧 MEST Add: keyword='ml', fid='tech_00000804'
🔧 MEST Add: proof size=152 bytes, root_hash=[46, e9, 85, 39, 95, 6c, a2, 82]...
🗑️ MEST Delete: keyword='ml', fid='tech_00000804' (key completely removed)
🗑️ MEST Delete: post-delete root_hash=[e3, b0, c4, 42, 98, fc, 1c, 14]...
🔧 MEST Add: keyword='astronomy', fid='scie_00000826'
🔧 MEST Add: proof size=159 bytes, root_hash=[7a, 6c, ba, f1, e6, c7, ba, 82]...
🗑️ MEST Delete: keyword='astronomy', fid='scie_00000826' (key completely removed)
🗑️ MEST Delete: post-delete root_hash=[e3, b0, c4, 42, 98, fc, 1c, 14]...
🔧 MEST Add: keyword='revenue', fid='busi_00000836'
🔧 MEST Add: proof size=157 bytes, root_hash=[19, c1, ff, f8, bc, 94, cc, cb]...
🗑️ MEST Delete: keyword='revenue', fid='busi_00000836' (key completely removed)
🗑️ MEST Delete: post-delete root_hash=[e3, b0, c4, 42, 98, fc, 1c, 14]...
🔧 MEST Add: keyword='ml', fid='tech_00000851'
🔧 MEST Add: proof size=152 bytes, root_hash=[8e, b3, 9a, e7, e4, 77, ed, 1c]...
🔧 MEST Add: keyword='ml', fid='tech_00000851'
🔧 MEST Add: proof size=152 bytes, root_hash=[8e, b3, 9a, e7, e4, 77, ed, 1c]...
🗑️ MEST Delete: keyword='ml', fid='tech_00000851' (key completely removed)
🗑️ MEST Delete: post-delete root_hash=[e3, b0, c4, 42, 98, fc, 1c, 14]...
🔧 MEST Add: keyword='astronomy', fid='scie_00000866'
🔧 MEST Add: proof size=159 bytes, root_hash=[86, 60, 54, bd, 5f, 4b, 72, 43]...
🔧 MEST Add: keyword='astronomy', fid='scie_00000866'
🔧 MEST Add: proof size=159 bytes, root_hash=[86, 60, 54, bd, 5f, 4b, 72, 43]...
🗑️ MEST Delete: keyword='astronomy', fid='scie_00000866' (key completely removed)
🗑️ MEST Delete: post-delete root_hash=[e3, b0, c4, 42, 98, fc, 1c, 14]...
🔧 MEST Add: keyword='ml', fid='tech_00000893'
🔧 MEST Add: proof size=152 bytes, root_hash=[5b, 80, f1, 23, 2d, 69, 71, fb]...
🔧 MEST Add: keyword='ml', fid='tech_00000893'
🔧 MEST Add: proof size=152 bytes, root_hash=[5b, 80, f1, 23, 2d, 69, 71, fb]...
🗑️ MEST Delete: keyword='ml', fid='tech_00000893' (key completely removed)
🗑️ MEST Delete: post-delete root_hash=[e3, b0, c4, 42, 98, fc, 1c, 14]...
🔧 MEST Add: keyword='revenue', fid='busi_00000899'
🔧 MEST Add: proof size=157 bytes, root_hash=[b1, f7, d5, 15, 6a, a8, 4d, ea]...
🗑️ MEST Delete: keyword='revenue', fid='busi_00000899' (key completely removed)
🗑️ MEST Delete: post-delete root_hash=[e3, b0, c4, 42, 98, fc, 1c, 14]...
🔧 MEST Add: keyword='ml', fid='tech_00000910'
🔧 MEST Add: proof size=152 bytes, root_hash=[9a, 56, a2, 40, 00, 9c, c3, 52]...
🔧 MEST Add: keyword='ml', fid='tech_00000910'
🔧 MEST Add: proof size=152 bytes, root_hash=[9a, 56, a2, 40, 00, 9c, c3, 52]...
🗑️ MEST Delete: keyword='ml', fid='tech_00000910' (key completely removed)
🗑️ MEST Delete: post-delete root_hash=[e3, b0, c4, 42, 98, fc, 1c, 14]...
🔧 MEST Add: keyword='ml', fid='tech_00000914'
🔧 MEST Add: proof size=152 bytes, root_hash=[b5, 6c, e2, 8d, ca, 53, 1b, a9]...
🗑️ MEST Delete: keyword='ml', fid='tech_00000914' (key completely removed)
🗑️ MEST Delete: post-delete root_hash=[e3, b0, c4, 42, 98, fc, 1c, 14]...
🔧 MEST Add: keyword='ml', fid='tech_00000915'
🔧 MEST Add: proof size=152 bytes, root_hash=[b0, 72, fe, 37, b2, 0e, f8, 29]...
🗑️ MEST Delete: keyword='ml', fid='tech_00000915' (key completely removed)
🗑️ MEST Delete: post-delete root_hash=[e3, b0, c4, 42, 98, fc, 1c, 14]...
🔧 MEST Add: keyword='astronomy', fid='scie_00000948'
🔧 MEST Add: proof size=159 bytes, root_hash=[87, 2d, 17, a8, 74, 5f, 8c, 1a]...
🗑️ MEST Delete: keyword='astronomy', fid='scie_00000948' (key completely removed)
🗑️ MEST Delete: post-delete root_hash=[e3, b0, c4, 42, 98, fc, 1c, 14]...
🔧 MEST Add: keyword='ml', fid='tech_00000966'
🔧 MEST Add: proof size=152 bytes, root_hash=[39, 77, 22, 0b, 0d, 3e, 29, 00]...
🗑️ MEST Delete: keyword='ml', fid='tech_00000966' (key completely removed)
🗑️ MEST Delete: post-delete root_hash=[e3, b0, c4, 42, 98, fc, 1c, 14]...
🔧 MEST Add: keyword='astronomy', fid='scie_00000983'
🔧 MEST Add: proof size=159 bytes, root_hash=[21, 01, 4d, 37, a9, 06, 72, fe]...
🗑️ MEST Delete: keyword='astronomy', fid='scie_00000983' (key completely removed)
🗑️ MEST Delete: post-delete root_hash=[e3, b0, c4, 42, 98, fc, 1c, 14]...
🔧 MEST Add: keyword='revenue', fid='busi_00000997'
🔧 MEST Add: proof size=157 bytes, root_hash=[65, 76, 80, c9, 62, 31, 08, df]...
🔧 MEST Add: keyword='revenue', fid='busi_00000997'
🔧 MEST Add: proof size=157 bytes, root_hash=[65, 76, 80, c9, 62, 31, 08, df]...
🗑️ MEST Delete: keyword='revenue', fid='busi_00000997' (key completely removed)
🗑️ MEST Delete: post-delete root_hash=[e3, b0, c4, 42, 98, fc, 1c, 14]...
