warning: profiles for the non root package will be ignored, specify profiles at the workspace root:
package:   /root/distributed-storage-system/crates/storager/ads_lib/Cargo.toml
workspace: /root/distributed-storage-system/Cargo.toml
warning: value assigned to `is_change` is never read
   --> crates/storager/ads_lib/src/mpt/mpt.rs:256:21
    |
256 |             let mut is_change = false;
    |                     ^^^^^^^^^
    |
    = help: maybe it is overwritten before being read?
    = note: `#[warn(unused_assignments)]` on by default

warning: value assigned to `is_change` is never read
   --> crates/storager/ads_lib/src/mpt/mpt.rs:462:25
    |
462 |                 let mut is_change = false;
    |                         ^^^^^^^^^
    |
    = help: maybe it is overwritten before being read?

warning: unused variable: `had_value`
   --> crates/storager/ads_lib/src/mpt/mpt.rs:526:21
    |
526 |                 let had_value = !old_value_str.is_empty();
    |                     ^^^^^^^^^ help: if this is intentional, prefix it with an underscore: `_had_value`
    |
    = note: `#[warn(unused_variables)]` on by default

warning: associated functions `short_node_batch_fix` and `full_node_batch_fix` are never used
    --> crates/storager/ads_lib/src/mpt/mpt.rs:1743:8
     |
  50 | impl MPT {
     | -------- associated functions in this implementation
...
1743 |     fn short_node_batch_fix(node: Arc<RwLock<ShortNode>>) -> Result<(), MPTError> {
     |        ^^^^^^^^^^^^^^^^^^^^
...
1748 |     fn full_node_batch_fix(node: Arc<RwLock<FullNode>>) -> Result<(), MPTError> {
     |        ^^^^^^^^^^^^^^^^^^^
     |
     = note: `#[warn(dead_code)]` on by default

warning: function `hash_mgt_node` is never used
   --> crates/storager/ads_lib/src/mest/proof.rs:253:4
    |
253 | fn hash_mgt_node(children: &[[u8; 32]]) -> [u8; 32] {
    |    ^^^^^^^^^^^^^

warning: `ads_rust` (lib) generated 5 warnings
warning: unused variable: `acc_old`
   --> crates/common/src/verification.rs:721:13
    |
721 |         let acc_old = match G1Affine::deserialize_uncompressed(&proof[offset..offset + acc_old_len]) {
    |             ^^^^^^^ help: if this is intentional, prefix it with an underscore: `_acc_old`
    |
    = note: `#[warn(unused_variables)]` on by default

warning: `common` (lib) generated 1 warning
warning: unused imports: `Digest` and `Sha256`
   --> crates/storager/src/ads/acctrie_ads.rs:452:20
    |
452 |         use sha2::{Digest, Sha256};
    |                    ^^^^^^  ^^^^^^
    |
    = note: `#[warn(unused_imports)]` on by default

warning: `storager` (lib) generated 1 warning (run `cargo fix --lib -p storager` to apply 1 suggestion)
    Finished `release` profile [optimized] target(s) in 0.15s
     Running `target/release/storager 50055 mest`
🔧 MEST Add: keyword='exam', fid='educ_00000074'
🔧 MEST Add: proof size=154 bytes, root_hash=[51, 09, 87, 38, 75, a5, bd, b2]...
🔧 MEST Add: keyword='exam', fid='educ_00000074'
🔧 MEST Add: proof size=154 bytes, root_hash=[51, 09, 87, 38, 75, a5, bd, b2]...
🗑️ MEST Delete: keyword='exam', fid='educ_00000074' (key completely removed)
🗑️ MEST Delete: post-delete root_hash=[e3, b0, c4, 42, 98, fc, 1c, 14]...
🔧 MEST Add: keyword='exam', fid='educ_00000095'
🔧 MEST Add: proof size=154 bytes, root_hash=[0e, d1, 19, ce, 8c, 60, 7c, 74]...
🗑️ MEST Delete: keyword='exam', fid='educ_00000095' (key completely removed)
🗑️ MEST Delete: post-delete root_hash=[e3, b0, c4, 42, 98, fc, 1c, 14]...
🔧 MEST Add: keyword='exam', fid='educ_00000099'
🔧 MEST Add: proof size=154 bytes, root_hash=[e1, 78, 81, 41, 8a, 57, 53, 5b]...
🔧 MEST Add: keyword='exam', fid='educ_00000099'
🔧 MEST Add: proof size=154 bytes, root_hash=[e1, 78, 81, 41, 8a, 57, 53, 5b]...
🗑️ MEST Delete: keyword='exam', fid='educ_00000099' (key completely removed)
🗑️ MEST Delete: post-delete root_hash=[e3, b0, c4, 42, 98, fc, 1c, 14]...
🔧 MEST Add: keyword='drama', fid='ente_00000121'
🔧 MEST Add: proof size=155 bytes, root_hash=[c4, 2c, 70, bf, c1, 70, 80, 18]...
🗑️ MEST Delete: keyword='drama', fid='ente_00000121' (key completely removed)
🗑️ MEST Delete: post-delete root_hash=[e3, b0, c4, 42, 98, fc, 1c, 14]...
🔧 MEST Add: keyword='exam', fid='educ_00000158'
🔧 MEST Add: proof size=154 bytes, root_hash=[d8, 18, 6c, ec, e9, c5, 62, 75]...
🔧 MEST Add: keyword='exam', fid='educ_00000158'
🔧 MEST Add: proof size=154 bytes, root_hash=[d8, 18, 6c, ec, e9, c5, 62, 75]...
🗑️ MEST Delete: keyword='exam', fid='educ_00000158' (key completely removed)
🗑️ MEST Delete: post-delete root_hash=[e3, b0, c4, 42, 98, fc, 1c, 14]...
🔧 MEST Add: keyword='drama', fid='ente_00000182'
🔧 MEST Add: proof size=155 bytes, root_hash=[43, e6, c8, 4e, 01, 9a, 8b, fb]...
🔧 MEST Add: keyword='drama', fid='ente_00000182'
🔧 MEST Add: proof size=155 bytes, root_hash=[43, e6, c8, 4e, 01, 9a, 8b, fb]...
🗑️ MEST Delete: keyword='drama', fid='ente_00000182' (key completely removed)
🗑️ MEST Delete: post-delete root_hash=[e3, b0, c4, 42, 98, fc, 1c, 14]...
🔧 MEST Add: keyword='exam', fid='educ_00000217'
🔧 MEST Add: proof size=154 bytes, root_hash=[14, 18, e5, b8, aa, 46, 96, 53]...
🔧 MEST Add: keyword='exam', fid='educ_00000217'
🔧 MEST Add: proof size=154 bytes, root_hash=[14, 18, e5, b8, aa, 46, 96, 53]...
🗑️ MEST Delete: keyword='exam', fid='educ_00000217' (key completely removed)
🗑️ MEST Delete: post-delete root_hash=[e3, b0, c4, 42, 98, fc, 1c, 14]...
🔧 MEST Add: keyword='drama', fid='ente_00000233'
🔧 MEST Add: proof size=155 bytes, root_hash=[30, 20, ae, ca, 73, 4b, c4, 1a]...
🗑️ MEST Delete: keyword='drama', fid='ente_00000233' (key completely removed)
🗑️ MEST Delete: post-delete root_hash=[e3, b0, c4, 42, 98, fc, 1c, 14]...
🔧 MEST Add: keyword='exam', fid='educ_00000300'
🔧 MEST Add: proof size=154 bytes, root_hash=[c9, 29, ad, a3, 73, 7d, 47, 7a]...
🔧 MEST Add: keyword='exam', fid='educ_00000300'
🔧 MEST Add: proof size=154 bytes, root_hash=[c9, 29, ad, a3, 73, 7d, 47, 7a]...
🗑️ MEST Delete: keyword='exam', fid='educ_00000300' (key completely removed)
🗑️ MEST Delete: post-delete root_hash=[e3, b0, c4, 42, 98, fc, 1c, 14]...
🔧 MEST Add: keyword='drama', fid='ente_00000347'
🔧 MEST Add: proof size=155 bytes, root_hash=[8e, dd, b2, 94, 4b, 84, ea, 87]...
🔧 MEST Add: keyword='drama', fid='ente_00000347'
🔧 MEST Add: proof size=155 bytes, root_hash=[8e, dd, b2, 94, 4b, 84, ea, 87]...
🗑️ MEST Delete: keyword='drama', fid='ente_00000347' (key completely removed)
🗑️ MEST Delete: post-delete root_hash=[e3, b0, c4, 42, 98, fc, 1c, 14]...
🔧 MEST Add: keyword='drama', fid='ente_00000371'
🔧 MEST Add: proof size=155 bytes, root_hash=[20, d0, bc, 29, ce, 08, ce, b9]...
🗑️ MEST Delete: keyword='drama', fid='ente_00000371' (key completely removed)
🗑️ MEST Delete: post-delete root_hash=[e3, b0, c4, 42, 98, fc, 1c, 14]...
🔧 MEST Add: keyword='drama', fid='ente_00000381'
🔧 MEST Add: proof size=155 bytes, root_hash=[30, 3d, 73, 01, 8b, e5, 6d, dc]...
🔧 MEST Add: keyword='drama', fid='ente_00000381'
🔧 MEST Add: proof size=155 bytes, root_hash=[30, 3d, 73, 01, 8b, e5, 6d, dc]...
🗑️ MEST Delete: keyword='drama', fid='ente_00000381' (key completely removed)
🗑️ MEST Delete: post-delete root_hash=[e3, b0, c4, 42, 98, fc, 1c, 14]...
🔧 MEST Add: keyword='drama', fid='ente_00000389'
🔧 MEST Add: proof size=155 bytes, root_hash=[3d, bd, 36, d9, e6, 3b, 41, ff]...
🔧 MEST Add: keyword='drama', fid='ente_00000389'
🔧 MEST Add: proof size=155 bytes, root_hash=[3d, bd, 36, d9, e6, 3b, 41, ff]...
🗑️ MEST Delete: keyword='drama', fid='ente_00000389' (key completely removed)
🗑️ MEST Delete: post-delete root_hash=[e3, b0, c4, 42, 98, fc, 1c, 14]...
🔧 MEST Add: keyword='drama', fid='ente_00000396'
🔧 MEST Add: proof size=155 bytes, root_hash=[66, 62, 9c, 04, e9, 6a, b0, 64]...
🗑️ MEST Delete: keyword='drama', fid='ente_00000396' (key completely removed)
🗑️ MEST Delete: post-delete root_hash=[e3, b0, c4, 42, 98, fc, 1c, 14]...
🔧 MEST Add: keyword='exam', fid='educ_00000405'
🔧 MEST Add: proof size=154 bytes, root_hash=[ab, 5b, d0, e0, 75, b0, 75, e3]...
🗑️ MEST Delete: keyword='exam', fid='educ_00000405' (key completely removed)
🗑️ MEST Delete: post-delete root_hash=[e3, b0, c4, 42, 98, fc, 1c, 14]...
🔧 MEST Add: keyword='exam', fid='educ_00000407'
🔧 MEST Add: proof size=154 bytes, root_hash=[8a, 8b, d5, 5a, 09, 63, c7, 41]...
🔧 MEST Add: keyword='exam', fid='educ_00000407'
🔧 MEST Add: proof size=154 bytes, root_hash=[8a, 8b, d5, 5a, 09, 63, c7, 41]...
🗑️ MEST Delete: keyword='exam', fid='educ_00000407' (key completely removed)
🗑️ MEST Delete: post-delete root_hash=[e3, b0, c4, 42, 98, fc, 1c, 14]...
🔧 MEST Add: keyword='exam', fid='educ_00000408'
🔧 MEST Add: proof size=154 bytes, root_hash=[4c, fa, 2d, 4e, 41, d4, ae, 9e]...
🗑️ MEST Delete: keyword='exam', fid='educ_00000408' (key completely removed)
🗑️ MEST Delete: post-delete root_hash=[e3, b0, c4, 42, 98, fc, 1c, 14]...
🔧 MEST Add: keyword='exam', fid='educ_00000414'
🔧 MEST Add: proof size=154 bytes, root_hash=[41, 89, 00, d1, c7, d5, ae, 97]...
🔧 MEST Add: keyword='exam', fid='educ_00000414'
🔧 MEST Add: proof size=154 bytes, root_hash=[41, 89, 00, d1, c7, d5, ae, 97]...
🗑️ MEST Delete: keyword='exam', fid='educ_00000414' (key completely removed)
🗑️ MEST Delete: post-delete root_hash=[e3, b0, c4, 42, 98, fc, 1c, 14]...
🔧 MEST Add: keyword='drama', fid='ente_00000424'
🔧 MEST Add: proof size=155 bytes, root_hash=[f4, 8a, b1, fc, 66, 29, 94, 7b]...
🗑️ MEST Delete: keyword='drama', fid='ente_00000424' (key completely removed)
🗑️ MEST Delete: post-delete root_hash=[e3, b0, c4, 42, 98, fc, 1c, 14]...
🔧 MEST Add: keyword='exam', fid='educ_00000473'
🔧 MEST Add: proof size=154 bytes, root_hash=[ca, 5f, 4d, 9c, 9b, 2b, fc, 94]...
🗑️ MEST Delete: keyword='exam', fid='educ_00000473' (key completely removed)
🗑️ MEST Delete: post-delete root_hash=[e3, b0, c4, 42, 98, fc, 1c, 14]...
🔧 MEST Add: keyword='exam', fid='educ_00000482'
🔧 MEST Add: proof size=154 bytes, root_hash=[a0, 72, 0a, 7c, 78, 86, f1, e5]...
🔧 MEST Add: keyword='exam', fid='educ_00000482'
🔧 MEST Add: proof size=154 bytes, root_hash=[a0, 72, 0a, 7c, 78, 86, f1, e5]...
🗑️ MEST Delete: keyword='exam', fid='educ_00000482' (key completely removed)
🗑️ MEST Delete: post-delete root_hash=[e3, b0, c4, 42, 98, fc, 1c, 14]...
🔧 MEST Add: keyword='drama', fid='ente_00000523'
🔧 MEST Add: proof size=155 bytes, root_hash=[96, b4, 5d, da, 85, 4c, c6, 17]...
🔧 MEST Add: keyword='drama', fid='ente_00000523'
🔧 MEST Add: proof size=155 bytes, root_hash=[96, b4, 5d, da, 85, 4c, c6, 17]...
🗑️ MEST Delete: keyword='drama', fid='ente_00000523' (key completely removed)
🗑️ MEST Delete: post-delete root_hash=[e3, b0, c4, 42, 98, fc, 1c, 14]...
🔧 MEST Add: keyword='exam', fid='educ_00000539'
🔧 MEST Add: proof size=154 bytes, root_hash=[ab, 85, 27, ca, 3e, ef, fd, 84]...
🗑️ MEST Delete: keyword='exam', fid='educ_00000539' (key completely removed)
🗑️ MEST Delete: post-delete root_hash=[e3, b0, c4, 42, 98, fc, 1c, 14]...
🔧 MEST Add: keyword='exam', fid='educ_00000579'
🔧 MEST Add: proof size=154 bytes, root_hash=[ac, c1, 6e, 69, b5, 9d, 1f, 71]...
🗑️ MEST Delete: keyword='exam', fid='educ_00000579' (key completely removed)
🗑️ MEST Delete: post-delete root_hash=[e3, b0, c4, 42, 98, fc, 1c, 14]...
🔧 MEST Add: keyword='drama', fid='ente_00000633'
🔧 MEST Add: proof size=155 bytes, root_hash=[60, e2, 1d, 8d, 88, f8, dc, c0]...
🗑️ MEST Delete: keyword='drama', fid='ente_00000633' (key completely removed)
🗑️ MEST Delete: post-delete root_hash=[e3, b0, c4, 42, 98, fc, 1c, 14]...
🔧 MEST Add: keyword='exam', fid='educ_00000662'
🔧 MEST Add: proof size=154 bytes, root_hash=[80, f3, 06, 8f, db, 99, a9, 19]...
🔧 MEST Add: keyword='exam', fid='educ_00000662'
🔧 MEST Add: proof size=154 bytes, root_hash=[80, f3, 06, 8f, db, 99, a9, 19]...
🗑️ MEST Delete: keyword='exam', fid='educ_00000662' (key completely removed)
🗑️ MEST Delete: post-delete root_hash=[e3, b0, c4, 42, 98, fc, 1c, 14]...
🔧 MEST Add: keyword='exam', fid='educ_00000696'
🔧 MEST Add: proof size=154 bytes, root_hash=[3f, 54, 0e, 43, 5c, ec, 9b, 9f]...
🗑️ MEST Delete: keyword='exam', fid='educ_00000696' (key completely removed)
🗑️ MEST Delete: post-delete root_hash=[e3, b0, c4, 42, 98, fc, 1c, 14]...
🔧 MEST Add: keyword='drama', fid='ente_00000719'
🔧 MEST Add: proof size=155 bytes, root_hash=[4d, bb, 0e, 8d, e0, 96, 04, 4b]...
🗑️ MEST Delete: keyword='drama', fid='ente_00000719' (key completely removed)
🗑️ MEST Delete: post-delete root_hash=[e3, b0, c4, 42, 98, fc, 1c, 14]...
🔧 MEST Add: keyword='exam', fid='educ_00000731'
🔧 MEST Add: proof size=154 bytes, root_hash=[03, f4, 10, ce, cb, 17, 40, b9]...
🔧 MEST Add: keyword='exam', fid='educ_00000731'
🔧 MEST Add: proof size=154 bytes, root_hash=[03, f4, 10, ce, cb, 17, 40, b9]...
🗑️ MEST Delete: keyword='exam', fid='educ_00000731' (key completely removed)
🗑️ MEST Delete: post-delete root_hash=[e3, b0, c4, 42, 98, fc, 1c, 14]...
🔧 MEST Add: keyword='drama', fid='ente_00000734'
🔧 MEST Add: proof size=155 bytes, root_hash=[eb, a1, 9a, bc, 53, 33, 2e, 5e]...
🗑️ MEST Delete: keyword='drama', fid='ente_00000734' (key completely removed)
🗑️ MEST Delete: post-delete root_hash=[e3, b0, c4, 42, 98, fc, 1c, 14]...
🔧 MEST Add: keyword='exam', fid='educ_00000746'
🔧 MEST Add: proof size=154 bytes, root_hash=[4a, ba, f2, c7, f4, dd, 8f, d2]...
🔧 MEST Add: keyword='exam', fid='educ_00000746'
🔧 MEST Add: proof size=154 bytes, root_hash=[4a, ba, f2, c7, f4, dd, 8f, d2]...
🗑️ MEST Delete: keyword='exam', fid='educ_00000746' (key completely removed)
🗑️ MEST Delete: post-delete root_hash=[e3, b0, c4, 42, 98, fc, 1c, 14]...
🔧 MEST Add: keyword='drama', fid='ente_00000776'
🔧 MEST Add: proof size=155 bytes, root_hash=[3e, 12, 8b, 5c, 23, d3, 91, c7]...
🗑️ MEST Delete: keyword='drama', fid='ente_00000776' (key completely removed)
🗑️ MEST Delete: post-delete root_hash=[e3, b0, c4, 42, 98, fc, 1c, 14]...
🔧 MEST Add: keyword='exam', fid='educ_00000830'
🔧 MEST Add: proof size=154 bytes, root_hash=[d2, 85, e7, 92, 0f, 1c, 37, 35]...
🔧 MEST Add: keyword='exam', fid='educ_00000830'
🔧 MEST Add: proof size=154 bytes, root_hash=[d2, 85, e7, 92, 0f, 1c, 37, 35]...
🗑️ MEST Delete: keyword='exam', fid='educ_00000830' (key completely removed)
🗑️ MEST Delete: post-delete root_hash=[e3, b0, c4, 42, 98, fc, 1c, 14]...
🔧 MEST Add: keyword='drama', fid='ente_00000842'
🔧 MEST Add: proof size=155 bytes, root_hash=[dd, 69, 43, 21, 9f, fb, 1b, d9]...
🔧 MEST Add: keyword='drama', fid='ente_00000842'
🔧 MEST Add: proof size=155 bytes, root_hash=[dd, 69, 43, 21, 9f, fb, 1b, d9]...
🗑️ MEST Delete: keyword='drama', fid='ente_00000842' (key completely removed)
🗑️ MEST Delete: post-delete root_hash=[e3, b0, c4, 42, 98, fc, 1c, 14]...
🔧 MEST Add: keyword='exam', fid='educ_00000877'
🔧 MEST Add: proof size=154 bytes, root_hash=[61, 59, fd, 89, 66, 2c, 6d, a6]...
🔧 MEST Add: keyword='exam', fid='educ_00000877'
🔧 MEST Add: proof size=154 bytes, root_hash=[61, 59, fd, 89, 66, 2c, 6d, a6]...
🗑️ MEST Delete: keyword='exam', fid='educ_00000877' (key completely removed)
🗑️ MEST Delete: post-delete root_hash=[e3, b0, c4, 42, 98, fc, 1c, 14]...
🔧 MEST Add: keyword='drama', fid='ente_00000896'
🔧 MEST Add: proof size=155 bytes, root_hash=[8c, c8, 1c, 71, 94, 08, e7, b0]...
🔧 MEST Add: keyword='drama', fid='ente_00000896'
🔧 MEST Add: proof size=155 bytes, root_hash=[8c, c8, 1c, 71, 94, 08, e7, b0]...
🗑️ MEST Delete: keyword='drama', fid='ente_00000896' (key completely removed)
🗑️ MEST Delete: post-delete root_hash=[e3, b0, c4, 42, 98, fc, 1c, 14]...
🔧 MEST Add: keyword='exam', fid='educ_00000909'
🔧 MEST Add: proof size=154 bytes, root_hash=[75, 15, ef, 2d, 0a, 64, 54, 0e]...
🗑️ MEST Delete: keyword='exam', fid='educ_00000909' (key completely removed)
🗑️ MEST Delete: post-delete root_hash=[e3, b0, c4, 42, 98, fc, 1c, 14]...
🔧 MEST Add: keyword='exam', fid='educ_00000913'
🔧 MEST Add: proof size=154 bytes, root_hash=[57, 94, 2d, 6d, 7d, b4, 07, 92]...
🗑️ MEST Delete: keyword='exam', fid='educ_00000913' (key completely removed)
🗑️ MEST Delete: post-delete root_hash=[e3, b0, c4, 42, 98, fc, 1c, 14]...
🔧 MEST Add: keyword='exam', fid='educ_00000937'
🔧 MEST Add: proof size=154 bytes, root_hash=[3f, 03, 98, cb, dd, 85, 8f, 3c]...
🗑️ MEST Delete: keyword='exam', fid='educ_00000937' (key completely removed)
🗑️ MEST Delete: post-delete root_hash=[e3, b0, c4, 42, 98, fc, 1c, 14]...
🔧 MEST Add: keyword='exam', fid='educ_00000955'
🔧 MEST Add: proof size=154 bytes, root_hash=[f2, a6, 75, 69, 45, 69, e2, 58]...
🗑️ MEST Delete: keyword='exam', fid='educ_00000955' (key completely removed)
🗑️ MEST Delete: post-delete root_hash=[e3, b0, c4, 42, 98, fc, 1c, 14]...
🔧 MEST Add: keyword='exam', fid='educ_00000973'
🔧 MEST Add: proof size=154 bytes, root_hash=[e1, 4f, 1d, 89, fb, 08, 9f, 96]...
🗑️ MEST Delete: keyword='exam', fid='educ_00000973' (key completely removed)
🗑️ MEST Delete: post-delete root_hash=[e3, b0, c4, 42, 98, fc, 1c, 14]...
🔧 MEST Add: keyword='exam', fid='educ_00000992'
🔧 MEST Add: proof size=154 bytes, root_hash=[cd, 21, 48, 18, e7, a6, 95, 90]...
🗑️ MEST Delete: keyword='exam', fid='educ_00000992' (key completely removed)
🗑️ MEST Delete: post-delete root_hash=[e3, b0, c4, 42, 98, fc, 1c, 14]...
