warning: profiles for the non root package will be ignored, specify profiles at the workspace root:
package:   /root/distributed-storage-system/crates/storager/ads_lib/Cargo.toml
workspace: /root/distributed-storage-system/Cargo.toml
warning: value assigned to `is_change` is never read
   --> crates/storager/ads_lib/src/mpt/mpt.rs:256:21
    |
256 |             let mut is_change = false;
    |                     ^^^^^^^^^
    |
    = help: maybe it is overwritten before being read?
    = note: `#[warn(unused_assignments)]` on by default

warning: value assigned to `is_change` is never read
   --> crates/storager/ads_lib/src/mpt/mpt.rs:462:25
    |
462 |                 let mut is_change = false;
    |                         ^^^^^^^^^
    |
    = help: maybe it is overwritten before being read?

warning: unused variable: `had_value`
   --> crates/storager/ads_lib/src/mpt/mpt.rs:526:21
    |
526 |                 let had_value = !old_value_str.is_empty();
    |                     ^^^^^^^^^ help: if this is intentional, prefix it with an underscore: `_had_value`
    |
    = note: `#[warn(unused_variables)]` on by default

warning: associated functions `short_node_batch_fix` and `full_node_batch_fix` are never used
    --> crates/storager/ads_lib/src/mpt/mpt.rs:1743:8
     |
  50 | impl MPT {
     | -------- associated functions in this implementation
...
1743 |     fn short_node_batch_fix(node: Arc<RwLock<ShortNode>>) -> Result<(), MPTError> {
     |        ^^^^^^^^^^^^^^^^^^^^
...
1748 |     fn full_node_batch_fix(node: Arc<RwLock<FullNode>>) -> Result<(), MPTError> {
     |        ^^^^^^^^^^^^^^^^^^^
     |
     = note: `#[warn(dead_code)]` on by default

warning: function `hash_mgt_node` is never used
   --> crates/storager/ads_lib/src/mest/proof.rs:253:4
    |
253 | fn hash_mgt_node(children: &[[u8; 32]]) -> [u8; 32] {
    |    ^^^^^^^^^^^^^

warning: `ads_rust` (lib) generated 5 warnings
warning: unused variable: `acc_old`
   --> crates/common/src/verification.rs:721:13
    |
721 |         let acc_old = match G1Affine::deserialize_uncompressed(&proof[offset..offset + acc_old_len]) {
    |             ^^^^^^^ help: if this is intentional, prefix it with an underscore: `_acc_old`
    |
    = note: `#[warn(unused_variables)]` on by default

warning: `common` (lib) generated 1 warning
warning: unused imports: `Digest` and `Sha256`
   --> crates/storager/src/ads/acctrie_ads.rs:452:20
    |
452 |         use sha2::{Digest, Sha256};
    |                    ^^^^^^  ^^^^^^
    |
    = note: `#[warn(unused_imports)]` on by default

warning: `storager` (lib) generated 1 warning (run `cargo fix --lib -p storager` to apply 1 suggestion)
    Finished `release` profile [optimized] target(s) in 0.16s
     Running `target/release/storager 50092 mest`
🔧 MEST Add: keyword='lifestyle', fid='life_00000001'
🔧 MEST Add: proof size=159 bytes, root_hash=[97, d2, fa, 6f, 53, 41, 44, 34]...
🔍 MEST Query: keyword='lifestyle', found 1 fids
🔍 MEST Query: returning proof (159 bytes)
🗑️ MEST Delete: keyword='lifestyle', fid='life_00000001' (key completely removed)
🗑️ MEST Delete: post-delete root_hash=[e3, b0, c4, 42, 98, fc, 1c, 14]...
🗑️ MEST Delete: keyword='lifestyle', fid='life_00000001' (key completely removed)
🗑️ MEST Delete: post-delete root_hash=[e3, b0, c4, 42, 98, fc, 1c, 14]...
🔧 MEST Add: keyword='lifestyle', fid='life_00000022'
🔧 MEST Add: proof size=159 bytes, root_hash=[bf, f7, 9a, 97, 97, 2d, a1, b1]...
🔍 MEST Query: keyword='lifestyle', found 1 fids
🔍 MEST Query: returning proof (159 bytes)
🗑️ MEST Delete: keyword='lifestyle', fid='life_00000022' (key completely removed)
🗑️ MEST Delete: post-delete root_hash=[e3, b0, c4, 42, 98, fc, 1c, 14]...
🗑️ MEST Delete: keyword='lifestyle', fid='life_00000022' (key completely removed)
🗑️ MEST Delete: post-delete root_hash=[e3, b0, c4, 42, 98, fc, 1c, 14]...
🔧 MEST Add: keyword='lifestyle', fid='life_00000049'
🔧 MEST Add: proof size=159 bytes, root_hash=[d2, 38, bc, 39, a4, b4, 55, b4]...
🔍 MEST Query: keyword='lifestyle', found 1 fids
🔍 MEST Query: returning proof (159 bytes)
🗑️ MEST Delete: keyword='lifestyle', fid='life_00000049' (key completely removed)
🗑️ MEST Delete: post-delete root_hash=[e3, b0, c4, 42, 98, fc, 1c, 14]...
🗑️ MEST Delete: keyword='lifestyle', fid='life_00000049' (key completely removed)
🗑️ MEST Delete: post-delete root_hash=[e3, b0, c4, 42, 98, fc, 1c, 14]...
🔧 MEST Add: keyword='lifestyle', fid='life_00000052'
🔧 MEST Add: proof size=159 bytes, root_hash=[1d, 10, 5a, 43, bc, 3a, 5d, 2c]...
🔍 MEST Query: keyword='lifestyle', found 1 fids
🔍 MEST Query: returning proof (159 bytes)
🗑️ MEST Delete: keyword='lifestyle', fid='life_00000052' (key completely removed)
🗑️ MEST Delete: post-delete root_hash=[e3, b0, c4, 42, 98, fc, 1c, 14]...
🗑️ MEST Delete: keyword='lifestyle', fid='life_00000052' (key completely removed)
🗑️ MEST Delete: post-delete root_hash=[e3, b0, c4, 42, 98, fc, 1c, 14]...
🔧 MEST Add: keyword='lifestyle', fid='life_00000066'
🔧 MEST Add: proof size=159 bytes, root_hash=[2f, 6f, 61, 0d, 6f, 6a, 86, ca]...
🔍 MEST Query: keyword='lifestyle', found 1 fids
🔍 MEST Query: returning proof (159 bytes)
🗑️ MEST Delete: keyword='lifestyle', fid='life_00000066' (key completely removed)
🗑️ MEST Delete: post-delete root_hash=[e3, b0, c4, 42, 98, fc, 1c, 14]...
🗑️ MEST Delete: keyword='lifestyle', fid='life_00000066' (key completely removed)
🗑️ MEST Delete: post-delete root_hash=[e3, b0, c4, 42, 98, fc, 1c, 14]...
🔧 MEST Add: keyword='lifestyle', fid='life_00000070'
🔧 MEST Add: proof size=159 bytes, root_hash=[11, e4, 48, 4a, 6f, 9d, d4, 5e]...
🔍 MEST Query: keyword='lifestyle', found 1 fids
🔍 MEST Query: returning proof (159 bytes)
🗑️ MEST Delete: keyword='lifestyle', fid='life_00000070' (key completely removed)
🗑️ MEST Delete: post-delete root_hash=[e3, b0, c4, 42, 98, fc, 1c, 14]...
🗑️ MEST Delete: keyword='lifestyle', fid='life_00000070' (key completely removed)
🗑️ MEST Delete: post-delete root_hash=[e3, b0, c4, 42, 98, fc, 1c, 14]...
🔧 MEST Add: keyword='lifestyle', fid='life_00000096'
🔧 MEST Add: proof size=159 bytes, root_hash=[76, 93, 8b, 8a, 28, d5, 9f, 29]...
🔍 MEST Query: keyword='lifestyle', found 1 fids
🔍 MEST Query: returning proof (159 bytes)
🗑️ MEST Delete: keyword='lifestyle', fid='life_00000096' (key completely removed)
🗑️ MEST Delete: post-delete root_hash=[e3, b0, c4, 42, 98, fc, 1c, 14]...
🗑️ MEST Delete: keyword='lifestyle', fid='life_00000096' (key completely removed)
🗑️ MEST Delete: post-delete root_hash=[e3, b0, c4, 42, 98, fc, 1c, 14]...
🔧 MEST Add: keyword='lifestyle', fid='life_00000098'
🔧 MEST Add: proof size=159 bytes, root_hash=[39, 5f, 96, e7, c5, 44, 0a, ab]...
🔍 MEST Query: keyword='lifestyle', found 1 fids
🔍 MEST Query: returning proof (159 bytes)
🗑️ MEST Delete: keyword='lifestyle', fid='life_00000098' (key completely removed)
🗑️ MEST Delete: post-delete root_hash=[e3, b0, c4, 42, 98, fc, 1c, 14]...
🗑️ MEST Delete: keyword='lifestyle', fid='life_00000098' (key completely removed)
🗑️ MEST Delete: post-delete root_hash=[e3, b0, c4, 42, 98, fc, 1c, 14]...
🔧 MEST Add: keyword='lifestyle', fid='life_00000110'
🔧 MEST Add: proof size=159 bytes, root_hash=[9b, 46, b3, 57, 7a, a0, 04, 1c]...
🔍 MEST Query: keyword='lifestyle', found 1 fids
🔍 MEST Query: returning proof (159 bytes)
🗑️ MEST Delete: keyword='lifestyle', fid='life_00000110' (key completely removed)
🗑️ MEST Delete: post-delete root_hash=[e3, b0, c4, 42, 98, fc, 1c, 14]...
🗑️ MEST Delete: keyword='lifestyle', fid='life_00000110' (key completely removed)
🗑️ MEST Delete: post-delete root_hash=[e3, b0, c4, 42, 98, fc, 1c, 14]...
🔧 MEST Add: keyword='lifestyle', fid='life_00000123'
🔧 MEST Add: proof size=159 bytes, root_hash=[3c, df, cf, a3, bb, 37, 8c, 69]...
🔍 MEST Query: keyword='lifestyle', found 1 fids
🔍 MEST Query: returning proof (159 bytes)
🗑️ MEST Delete: keyword='lifestyle', fid='life_00000123' (key completely removed)
🗑️ MEST Delete: post-delete root_hash=[e3, b0, c4, 42, 98, fc, 1c, 14]...
🗑️ MEST Delete: keyword='lifestyle', fid='life_00000123' (key completely removed)
🗑️ MEST Delete: post-delete root_hash=[e3, b0, c4, 42, 98, fc, 1c, 14]...
🔧 MEST Add: keyword='lifestyle', fid='life_00000128'
🔧 MEST Add: proof size=159 bytes, root_hash=[80, 09, 40, 7a, ca, 98, c3, d3]...
🔍 MEST Query: keyword='lifestyle', found 1 fids
🔍 MEST Query: returning proof (159 bytes)
🗑️ MEST Delete: keyword='lifestyle', fid='life_00000128' (key completely removed)
🗑️ MEST Delete: post-delete root_hash=[e3, b0, c4, 42, 98, fc, 1c, 14]...
🗑️ MEST Delete: keyword='lifestyle', fid='life_00000128' (key completely removed)
🗑️ MEST Delete: post-delete root_hash=[e3, b0, c4, 42, 98, fc, 1c, 14]...
🔧 MEST Add: keyword='lifestyle', fid='life_00000130'
🔧 MEST Add: proof size=159 bytes, root_hash=[b4, dc, 6b, 6e, 45, e3, 57, d9]...
🔍 MEST Query: keyword='lifestyle', found 1 fids
🔍 MEST Query: returning proof (159 bytes)
🗑️ MEST Delete: keyword='lifestyle', fid='life_00000130' (key completely removed)
🗑️ MEST Delete: post-delete root_hash=[e3, b0, c4, 42, 98, fc, 1c, 14]...
🗑️ MEST Delete: keyword='lifestyle', fid='life_00000130' (key completely removed)
🗑️ MEST Delete: post-delete root_hash=[e3, b0, c4, 42, 98, fc, 1c, 14]...
🔧 MEST Add: keyword='lifestyle', fid='life_00000138'
🔧 MEST Add: proof size=159 bytes, root_hash=[92, 70, 9d, 13, eb, 30, e8, 00]...
🔍 MEST Query: keyword='lifestyle', found 1 fids
🔍 MEST Query: returning proof (159 bytes)
🗑️ MEST Delete: keyword='lifestyle', fid='life_00000138' (key completely removed)
🗑️ MEST Delete: post-delete root_hash=[e3, b0, c4, 42, 98, fc, 1c, 14]...
🗑️ MEST Delete: keyword='lifestyle', fid='life_00000138' (key completely removed)
🗑️ MEST Delete: post-delete root_hash=[e3, b0, c4, 42, 98, fc, 1c, 14]...
🔧 MEST Add: keyword='lifestyle', fid='life_00000143'
🔧 MEST Add: proof size=159 bytes, root_hash=[68, 8e, 1e, 4f, 62, af, 53, 6f]...
🔍 MEST Query: keyword='lifestyle', found 1 fids
🔍 MEST Query: returning proof (159 bytes)
🗑️ MEST Delete: keyword='lifestyle', fid='life_00000143' (key completely removed)
🗑️ MEST Delete: post-delete root_hash=[e3, b0, c4, 42, 98, fc, 1c, 14]...
🗑️ MEST Delete: keyword='lifestyle', fid='life_00000143' (key completely removed)
🗑️ MEST Delete: post-delete root_hash=[e3, b0, c4, 42, 98, fc, 1c, 14]...
🔧 MEST Add: keyword='lifestyle', fid='life_00000145'
🔧 MEST Add: proof size=159 bytes, root_hash=[cb, 9c, db, 41, bb, 69, b6, 72]...
🔍 MEST Query: keyword='lifestyle', found 1 fids
🔍 MEST Query: returning proof (159 bytes)
🗑️ MEST Delete: keyword='lifestyle', fid='life_00000145' (key completely removed)
🗑️ MEST Delete: post-delete root_hash=[e3, b0, c4, 42, 98, fc, 1c, 14]...
🗑️ MEST Delete: keyword='lifestyle', fid='life_00000145' (key completely removed)
🗑️ MEST Delete: post-delete root_hash=[e3, b0, c4, 42, 98, fc, 1c, 14]...
🔧 MEST Add: keyword='lifestyle', fid='life_00000166'
🔧 MEST Add: proof size=159 bytes, root_hash=[57, c1, cb, 8f, a2, d2, 53, 15]...
🔍 MEST Query: keyword='lifestyle', found 1 fids
🔍 MEST Query: returning proof (159 bytes)
🗑️ MEST Delete: keyword='lifestyle', fid='life_00000166' (key completely removed)
🗑️ MEST Delete: post-delete root_hash=[e3, b0, c4, 42, 98, fc, 1c, 14]...
🗑️ MEST Delete: keyword='lifestyle', fid='life_00000166' (key completely removed)
🗑️ MEST Delete: post-delete root_hash=[e3, b0, c4, 42, 98, fc, 1c, 14]...
🔧 MEST Add: keyword='lifestyle', fid='life_00000220'
🔧 MEST Add: proof size=159 bytes, root_hash=[7a, f7, 52, 3e, fb, 41, 8b, 00]...
🔍 MEST Query: keyword='lifestyle', found 1 fids
🔍 MEST Query: returning proof (159 bytes)
🗑️ MEST Delete: keyword='lifestyle', fid='life_00000220' (key completely removed)
🗑️ MEST Delete: post-delete root_hash=[e3, b0, c4, 42, 98, fc, 1c, 14]...
🗑️ MEST Delete: keyword='lifestyle', fid='life_00000220' (key completely removed)
🗑️ MEST Delete: post-delete root_hash=[e3, b0, c4, 42, 98, fc, 1c, 14]...
🔧 MEST Add: keyword='lifestyle', fid='life_00000234'
🔧 MEST Add: proof size=159 bytes, root_hash=[f0, b7, da, b3, 2f, df, 98, 66]...
🔍 MEST Query: keyword='lifestyle', found 1 fids
🔍 MEST Query: returning proof (159 bytes)
🗑️ MEST Delete: keyword='lifestyle', fid='life_00000234' (key completely removed)
🗑️ MEST Delete: post-delete root_hash=[e3, b0, c4, 42, 98, fc, 1c, 14]...
🗑️ MEST Delete: keyword='lifestyle', fid='life_00000234' (key completely removed)
🗑️ MEST Delete: post-delete root_hash=[e3, b0, c4, 42, 98, fc, 1c, 14]...
🔧 MEST Add: keyword='lifestyle', fid='life_00000240'
🔧 MEST Add: proof size=159 bytes, root_hash=[97, d4, a5, 0d, 67, 50, 0f, 87]...
🔍 MEST Query: keyword='lifestyle', found 1 fids
🔍 MEST Query: returning proof (159 bytes)
🗑️ MEST Delete: keyword='lifestyle', fid='life_00000240' (key completely removed)
🗑️ MEST Delete: post-delete root_hash=[e3, b0, c4, 42, 98, fc, 1c, 14]...
🗑️ MEST Delete: keyword='lifestyle', fid='life_00000240' (key completely removed)
🗑️ MEST Delete: post-delete root_hash=[e3, b0, c4, 42, 98, fc, 1c, 14]...
🔧 MEST Add: keyword='lifestyle', fid='life_00000241'
🔧 MEST Add: proof size=159 bytes, root_hash=[6c, 8e, 45, 29, 6a, ae, 1d, f8]...
🔍 MEST Query: keyword='lifestyle', found 1 fids
🔍 MEST Query: returning proof (159 bytes)
🗑️ MEST Delete: keyword='lifestyle', fid='life_00000241' (key completely removed)
🗑️ MEST Delete: post-delete root_hash=[e3, b0, c4, 42, 98, fc, 1c, 14]...
🗑️ MEST Delete: keyword='lifestyle', fid='life_00000241' (key completely removed)
🗑️ MEST Delete: post-delete root_hash=[e3, b0, c4, 42, 98, fc, 1c, 14]...
🔧 MEST Add: keyword='lifestyle', fid='life_00000253'
🔧 MEST Add: proof size=159 bytes, root_hash=[a4, 1e, aa, 65, 79, 32, ad, f4]...
🔍 MEST Query: keyword='lifestyle', found 1 fids
🔍 MEST Query: returning proof (159 bytes)
🗑️ MEST Delete: keyword='lifestyle', fid='life_00000253' (key completely removed)
🗑️ MEST Delete: post-delete root_hash=[e3, b0, c4, 42, 98, fc, 1c, 14]...
🗑️ MEST Delete: keyword='lifestyle', fid='life_00000253' (key completely removed)
🗑️ MEST Delete: post-delete root_hash=[e3, b0, c4, 42, 98, fc, 1c, 14]...
🔧 MEST Add: keyword='lifestyle', fid='life_00000268'
🔧 MEST Add: proof size=159 bytes, root_hash=[a2, 74, 6f, c6, 18, 9d, a8, 36]...
🔍 MEST Query: keyword='lifestyle', found 1 fids
🔍 MEST Query: returning proof (159 bytes)
🗑️ MEST Delete: keyword='lifestyle', fid='life_00000268' (key completely removed)
🗑️ MEST Delete: post-delete root_hash=[e3, b0, c4, 42, 98, fc, 1c, 14]...
🗑️ MEST Delete: keyword='lifestyle', fid='life_00000268' (key completely removed)
🗑️ MEST Delete: post-delete root_hash=[e3, b0, c4, 42, 98, fc, 1c, 14]...
🔧 MEST Add: keyword='lifestyle', fid='life_00000271'
🔧 MEST Add: proof size=159 bytes, root_hash=[57, d7, 3a, 98, 60, 14, 81, 26]...
🔍 MEST Query: keyword='lifestyle', found 1 fids
🔍 MEST Query: returning proof (159 bytes)
🗑️ MEST Delete: keyword='lifestyle', fid='life_00000271' (key completely removed)
🗑️ MEST Delete: post-delete root_hash=[e3, b0, c4, 42, 98, fc, 1c, 14]...
🗑️ MEST Delete: keyword='lifestyle', fid='life_00000271' (key completely removed)
🗑️ MEST Delete: post-delete root_hash=[e3, b0, c4, 42, 98, fc, 1c, 14]...
🔧 MEST Add: keyword='lifestyle', fid='life_00000282'
🔧 MEST Add: proof size=159 bytes, root_hash=[b9, 20, 60, fb, 42, ee, ee, 66]...
🔍 MEST Query: keyword='lifestyle', found 1 fids
🔍 MEST Query: returning proof (159 bytes)
🗑️ MEST Delete: keyword='lifestyle', fid='life_00000282' (key completely removed)
🗑️ MEST Delete: post-delete root_hash=[e3, b0, c4, 42, 98, fc, 1c, 14]...
🗑️ MEST Delete: keyword='lifestyle', fid='life_00000282' (key completely removed)
🗑️ MEST Delete: post-delete root_hash=[e3, b0, c4, 42, 98, fc, 1c, 14]...
🔧 MEST Add: keyword='lifestyle', fid='life_00000292'
🔧 MEST Add: proof size=159 bytes, root_hash=[0d, fe, b3, 39, ce, 42, 49, a6]...
🔍 MEST Query: keyword='lifestyle', found 1 fids
🔍 MEST Query: returning proof (159 bytes)
🗑️ MEST Delete: keyword='lifestyle', fid='life_00000292' (key completely removed)
🗑️ MEST Delete: post-delete root_hash=[e3, b0, c4, 42, 98, fc, 1c, 14]...
🗑️ MEST Delete: keyword='lifestyle', fid='life_00000292' (key completely removed)
🗑️ MEST Delete: post-delete root_hash=[e3, b0, c4, 42, 98, fc, 1c, 14]...
🔧 MEST Add: keyword='lifestyle', fid='life_00000310'
🔧 MEST Add: proof size=159 bytes, root_hash=[ef, 66, f7, c4, 19, 71, 76, 8d]...
🔍 MEST Query: keyword='lifestyle', found 1 fids
🔍 MEST Query: returning proof (159 bytes)
🗑️ MEST Delete: keyword='lifestyle', fid='life_00000310' (key completely removed)
🗑️ MEST Delete: post-delete root_hash=[e3, b0, c4, 42, 98, fc, 1c, 14]...
🗑️ MEST Delete: keyword='lifestyle', fid='life_00000310' (key completely removed)
🗑️ MEST Delete: post-delete root_hash=[e3, b0, c4, 42, 98, fc, 1c, 14]...
🔧 MEST Add: keyword='lifestyle', fid='life_00000334'
🔧 MEST Add: proof size=159 bytes, root_hash=[fe, 0d, 3b, 4e, 63, da, 27, 1d]...
🔍 MEST Query: keyword='lifestyle', found 1 fids
🔍 MEST Query: returning proof (159 bytes)
🗑️ MEST Delete: keyword='lifestyle', fid='life_00000334' (key completely removed)
🗑️ MEST Delete: post-delete root_hash=[e3, b0, c4, 42, 98, fc, 1c, 14]...
🗑️ MEST Delete: keyword='lifestyle', fid='life_00000334' (key completely removed)
🗑️ MEST Delete: post-delete root_hash=[e3, b0, c4, 42, 98, fc, 1c, 14]...
🔧 MEST Add: keyword='lifestyle', fid='life_00000335'
🔧 MEST Add: proof size=159 bytes, root_hash=[53, e4, 70, 97, db, 76, 59, 4c]...
🔍 MEST Query: keyword='lifestyle', found 1 fids
🔍 MEST Query: returning proof (159 bytes)
🗑️ MEST Delete: keyword='lifestyle', fid='life_00000335' (key completely removed)
🗑️ MEST Delete: post-delete root_hash=[e3, b0, c4, 42, 98, fc, 1c, 14]...
🗑️ MEST Delete: keyword='lifestyle', fid='life_00000335' (key completely removed)
🗑️ MEST Delete: post-delete root_hash=[e3, b0, c4, 42, 98, fc, 1c, 14]...
🔧 MEST Add: keyword='lifestyle', fid='life_00000345'
🔧 MEST Add: proof size=159 bytes, root_hash=[7e, 21, d2, 55, e0, 3c, 49, d4]...
🔍 MEST Query: keyword='lifestyle', found 1 fids
🔍 MEST Query: returning proof (159 bytes)
🗑️ MEST Delete: keyword='lifestyle', fid='life_00000345' (key completely removed)
🗑️ MEST Delete: post-delete root_hash=[e3, b0, c4, 42, 98, fc, 1c, 14]...
🗑️ MEST Delete: keyword='lifestyle', fid='life_00000345' (key completely removed)
🗑️ MEST Delete: post-delete root_hash=[e3, b0, c4, 42, 98, fc, 1c, 14]...
🔧 MEST Add: keyword='lifestyle', fid='life_00000354'
🔧 MEST Add: proof size=159 bytes, root_hash=[2a, 80, e9, 5f, 0a, a3, 9b, ae]...
🔍 MEST Query: keyword='lifestyle', found 1 fids
🔍 MEST Query: returning proof (159 bytes)
🗑️ MEST Delete: keyword='lifestyle', fid='life_00000354' (key completely removed)
🗑️ MEST Delete: post-delete root_hash=[e3, b0, c4, 42, 98, fc, 1c, 14]...
🗑️ MEST Delete: keyword='lifestyle', fid='life_00000354' (key completely removed)
🗑️ MEST Delete: post-delete root_hash=[e3, b0, c4, 42, 98, fc, 1c, 14]...
🔧 MEST Add: keyword='lifestyle', fid='life_00000382'
🔧 MEST Add: proof size=159 bytes, root_hash=[35, 64, aa, bc, d8, 18, 63, 87]...
🔍 MEST Query: keyword='lifestyle', found 1 fids
🔍 MEST Query: returning proof (159 bytes)
🗑️ MEST Delete: keyword='lifestyle', fid='life_00000382' (key completely removed)
🗑️ MEST Delete: post-delete root_hash=[e3, b0, c4, 42, 98, fc, 1c, 14]...
🗑️ MEST Delete: keyword='lifestyle', fid='life_00000382' (key completely removed)
🗑️ MEST Delete: post-delete root_hash=[e3, b0, c4, 42, 98, fc, 1c, 14]...
🔧 MEST Add: keyword='lifestyle', fid='life_00000429'
🔧 MEST Add: proof size=159 bytes, root_hash=[0c, 05, bb, 86, 92, 74, eb, 1a]...
🔍 MEST Query: keyword='lifestyle', found 1 fids
🔍 MEST Query: returning proof (159 bytes)
🗑️ MEST Delete: keyword='lifestyle', fid='life_00000429' (key completely removed)
🗑️ MEST Delete: post-delete root_hash=[e3, b0, c4, 42, 98, fc, 1c, 14]...
🗑️ MEST Delete: keyword='lifestyle', fid='life_00000429' (key completely removed)
🗑️ MEST Delete: post-delete root_hash=[e3, b0, c4, 42, 98, fc, 1c, 14]...
🔧 MEST Add: keyword='lifestyle', fid='life_00000441'
🔧 MEST Add: proof size=159 bytes, root_hash=[1f, c2, 03, 6d, 95, 21, ed, dc]...
🔍 MEST Query: keyword='lifestyle', found 1 fids
🔍 MEST Query: returning proof (159 bytes)
🗑️ MEST Delete: keyword='lifestyle', fid='life_00000441' (key completely removed)
🗑️ MEST Delete: post-delete root_hash=[e3, b0, c4, 42, 98, fc, 1c, 14]...
🗑️ MEST Delete: keyword='lifestyle', fid='life_00000441' (key completely removed)
🗑️ MEST Delete: post-delete root_hash=[e3, b0, c4, 42, 98, fc, 1c, 14]...
🔧 MEST Add: keyword='lifestyle', fid='life_00000447'
🔧 MEST Add: proof size=159 bytes, root_hash=[45, 22, bb, 5b, cc, bc, 56, b3]...
🔍 MEST Query: keyword='lifestyle', found 1 fids
🔍 MEST Query: returning proof (159 bytes)
🗑️ MEST Delete: keyword='lifestyle', fid='life_00000447' (key completely removed)
🗑️ MEST Delete: post-delete root_hash=[e3, b0, c4, 42, 98, fc, 1c, 14]...
🗑️ MEST Delete: keyword='lifestyle', fid='life_00000447' (key completely removed)
🗑️ MEST Delete: post-delete root_hash=[e3, b0, c4, 42, 98, fc, 1c, 14]...
🔧 MEST Add: keyword='lifestyle', fid='life_00000466'
🔧 MEST Add: proof size=159 bytes, root_hash=[20, ab, 91, 1e, 8a, ae, 0b, 64]...
🔍 MEST Query: keyword='lifestyle', found 1 fids
🔍 MEST Query: returning proof (159 bytes)
🗑️ MEST Delete: keyword='lifestyle', fid='life_00000466' (key completely removed)
🗑️ MEST Delete: post-delete root_hash=[e3, b0, c4, 42, 98, fc, 1c, 14]...
🗑️ MEST Delete: keyword='lifestyle', fid='life_00000466' (key completely removed)
🗑️ MEST Delete: post-delete root_hash=[e3, b0, c4, 42, 98, fc, 1c, 14]...
🔧 MEST Add: keyword='lifestyle', fid='life_00000486'
🔧 MEST Add: proof size=159 bytes, root_hash=[ea, 87, 08, 13, 38, 14, f1, 7d]...
🔍 MEST Query: keyword='lifestyle', found 1 fids
🔍 MEST Query: returning proof (159 bytes)
🗑️ MEST Delete: keyword='lifestyle', fid='life_00000486' (key completely removed)
🗑️ MEST Delete: post-delete root_hash=[e3, b0, c4, 42, 98, fc, 1c, 14]...
🗑️ MEST Delete: keyword='lifestyle', fid='life_00000486' (key completely removed)
🗑️ MEST Delete: post-delete root_hash=[e3, b0, c4, 42, 98, fc, 1c, 14]...
🔧 MEST Add: keyword='lifestyle', fid='life_00000494'
🔧 MEST Add: proof size=159 bytes, root_hash=[ac, df, 2d, 50, 3f, e4, 04, ab]...
🔍 MEST Query: keyword='lifestyle', found 1 fids
🔍 MEST Query: returning proof (159 bytes)
🗑️ MEST Delete: keyword='lifestyle', fid='life_00000494' (key completely removed)
🗑️ MEST Delete: post-delete root_hash=[e3, b0, c4, 42, 98, fc, 1c, 14]...
🗑️ MEST Delete: keyword='lifestyle', fid='life_00000494' (key completely removed)
🗑️ MEST Delete: post-delete root_hash=[e3, b0, c4, 42, 98, fc, 1c, 14]...
🔧 MEST Add: keyword='lifestyle', fid='life_00000512'
🔧 MEST Add: proof size=159 bytes, root_hash=[d3, 47, e7, 4c, db, c1, 52, c8]...
🔍 MEST Query: keyword='lifestyle', found 1 fids
🔍 MEST Query: returning proof (159 bytes)
🗑️ MEST Delete: keyword='lifestyle', fid='life_00000512' (key completely removed)
🗑️ MEST Delete: post-delete root_hash=[e3, b0, c4, 42, 98, fc, 1c, 14]...
🗑️ MEST Delete: keyword='lifestyle', fid='life_00000512' (key completely removed)
🗑️ MEST Delete: post-delete root_hash=[e3, b0, c4, 42, 98, fc, 1c, 14]...
🔧 MEST Add: keyword='lifestyle', fid='life_00000514'
🔧 MEST Add: proof size=159 bytes, root_hash=[43, d1, d5, 80, 65, 43, 37, 37]...
🔍 MEST Query: keyword='lifestyle', found 1 fids
🔍 MEST Query: returning proof (159 bytes)
🗑️ MEST Delete: keyword='lifestyle', fid='life_00000514' (key completely removed)
🗑️ MEST Delete: post-delete root_hash=[e3, b0, c4, 42, 98, fc, 1c, 14]...
🗑️ MEST Delete: keyword='lifestyle', fid='life_00000514' (key completely removed)
🗑️ MEST Delete: post-delete root_hash=[e3, b0, c4, 42, 98, fc, 1c, 14]...
🔧 MEST Add: keyword='lifestyle', fid='life_00000521'
🔧 MEST Add: proof size=159 bytes, root_hash=[6b, 2e, ac, 9d, 3f, db, 7b, 51]...
🔍 MEST Query: keyword='lifestyle', found 1 fids
🔍 MEST Query: returning proof (159 bytes)
🗑️ MEST Delete: keyword='lifestyle', fid='life_00000521' (key completely removed)
🗑️ MEST Delete: post-delete root_hash=[e3, b0, c4, 42, 98, fc, 1c, 14]...
🗑️ MEST Delete: keyword='lifestyle', fid='life_00000521' (key completely removed)
🗑️ MEST Delete: post-delete root_hash=[e3, b0, c4, 42, 98, fc, 1c, 14]...
🔧 MEST Add: keyword='lifestyle', fid='life_00000530'
🔧 MEST Add: proof size=159 bytes, root_hash=[bb, 5b, 1b, 1d, d4, 70, d8, ab]...
🔍 MEST Query: keyword='lifestyle', found 1 fids
🔍 MEST Query: returning proof (159 bytes)
🗑️ MEST Delete: keyword='lifestyle', fid='life_00000530' (key completely removed)
🗑️ MEST Delete: post-delete root_hash=[e3, b0, c4, 42, 98, fc, 1c, 14]...
🗑️ MEST Delete: keyword='lifestyle', fid='life_00000530' (key completely removed)
🗑️ MEST Delete: post-delete root_hash=[e3, b0, c4, 42, 98, fc, 1c, 14]...
🔧 MEST Add: keyword='lifestyle', fid='life_00000537'
🔧 MEST Add: proof size=159 bytes, root_hash=[24, 22, 49, c5, 08, a7, 8c, 33]...
🔍 MEST Query: keyword='lifestyle', found 1 fids
🔍 MEST Query: returning proof (159 bytes)
🗑️ MEST Delete: keyword='lifestyle', fid='life_00000537' (key completely removed)
🗑️ MEST Delete: post-delete root_hash=[e3, b0, c4, 42, 98, fc, 1c, 14]...
🗑️ MEST Delete: keyword='lifestyle', fid='life_00000537' (key completely removed)
🗑️ MEST Delete: post-delete root_hash=[e3, b0, c4, 42, 98, fc, 1c, 14]...
🔧 MEST Add: keyword='lifestyle', fid='life_00000551'
🔧 MEST Add: proof size=159 bytes, root_hash=[57, 11, 72, c3, 5e, b0, ea, 96]...
🔍 MEST Query: keyword='lifestyle', found 1 fids
🔍 MEST Query: returning proof (159 bytes)
🗑️ MEST Delete: keyword='lifestyle', fid='life_00000551' (key completely removed)
🗑️ MEST Delete: post-delete root_hash=[e3, b0, c4, 42, 98, fc, 1c, 14]...
🗑️ MEST Delete: keyword='lifestyle', fid='life_00000551' (key completely removed)
🗑️ MEST Delete: post-delete root_hash=[e3, b0, c4, 42, 98, fc, 1c, 14]...
🔧 MEST Add: keyword='lifestyle', fid='life_00000552'
🔧 MEST Add: proof size=159 bytes, root_hash=[8b, 2b, 67, 49, 87, 04, af, 90]...
🔍 MEST Query: keyword='lifestyle', found 1 fids
🔍 MEST Query: returning proof (159 bytes)
🗑️ MEST Delete: keyword='lifestyle', fid='life_00000552' (key completely removed)
🗑️ MEST Delete: post-delete root_hash=[e3, b0, c4, 42, 98, fc, 1c, 14]...
🗑️ MEST Delete: keyword='lifestyle', fid='life_00000552' (key completely removed)
🗑️ MEST Delete: post-delete root_hash=[e3, b0, c4, 42, 98, fc, 1c, 14]...
🔧 MEST Add: keyword='lifestyle', fid='life_00000556'
🔧 MEST Add: proof size=159 bytes, root_hash=[48, b2, 47, bf, cb, 36, 8d, cc]...
🔍 MEST Query: keyword='lifestyle', found 1 fids
🔍 MEST Query: returning proof (159 bytes)
🗑️ MEST Delete: keyword='lifestyle', fid='life_00000556' (key completely removed)
🗑️ MEST Delete: post-delete root_hash=[e3, b0, c4, 42, 98, fc, 1c, 14]...
🗑️ MEST Delete: keyword='lifestyle', fid='life_00000556' (key completely removed)
🗑️ MEST Delete: post-delete root_hash=[e3, b0, c4, 42, 98, fc, 1c, 14]...
🔧 MEST Add: keyword='lifestyle', fid='life_00000566'
🔧 MEST Add: proof size=159 bytes, root_hash=[26, 51, c1, d8, aa, cb, e2, a3]...
🔍 MEST Query: keyword='lifestyle', found 1 fids
🔍 MEST Query: returning proof (159 bytes)
🗑️ MEST Delete: keyword='lifestyle', fid='life_00000566' (key completely removed)
🗑️ MEST Delete: post-delete root_hash=[e3, b0, c4, 42, 98, fc, 1c, 14]...
🗑️ MEST Delete: keyword='lifestyle', fid='life_00000566' (key completely removed)
🗑️ MEST Delete: post-delete root_hash=[e3, b0, c4, 42, 98, fc, 1c, 14]...
🔧 MEST Add: keyword='lifestyle', fid='life_00000571'
🔧 MEST Add: proof size=159 bytes, root_hash=[10, 24, 54, d7, e8, 4b, ff, 8c]...
🔍 MEST Query: keyword='lifestyle', found 1 fids
🔍 MEST Query: returning proof (159 bytes)
🗑️ MEST Delete: keyword='lifestyle', fid='life_00000571' (key completely removed)
🗑️ MEST Delete: post-delete root_hash=[e3, b0, c4, 42, 98, fc, 1c, 14]...
🗑️ MEST Delete: keyword='lifestyle', fid='life_00000571' (key completely removed)
🗑️ MEST Delete: post-delete root_hash=[e3, b0, c4, 42, 98, fc, 1c, 14]...
🔧 MEST Add: keyword='lifestyle', fid='life_00000580'
🔧 MEST Add: proof size=159 bytes, root_hash=[76, 11, 05, 4d, 1d, cd, 35, 60]...
🔍 MEST Query: keyword='lifestyle', found 1 fids
🔍 MEST Query: returning proof (159 bytes)
🗑️ MEST Delete: keyword='lifestyle', fid='life_00000580' (key completely removed)
🗑️ MEST Delete: post-delete root_hash=[e3, b0, c4, 42, 98, fc, 1c, 14]...
🗑️ MEST Delete: keyword='lifestyle', fid='life_00000580' (key completely removed)
🗑️ MEST Delete: post-delete root_hash=[e3, b0, c4, 42, 98, fc, 1c, 14]...
🔧 MEST Add: keyword='lifestyle', fid='life_00000582'
🔧 MEST Add: proof size=159 bytes, root_hash=[05, 73, 50, c5, f0, d0, ab, 7f]...
🔍 MEST Query: keyword='lifestyle', found 1 fids
🔍 MEST Query: returning proof (159 bytes)
🗑️ MEST Delete: keyword='lifestyle', fid='life_00000582' (key completely removed)
🗑️ MEST Delete: post-delete root_hash=[e3, b0, c4, 42, 98, fc, 1c, 14]...
🗑️ MEST Delete: keyword='lifestyle', fid='life_00000582' (key completely removed)
🗑️ MEST Delete: post-delete root_hash=[e3, b0, c4, 42, 98, fc, 1c, 14]...
🔧 MEST Add: keyword='lifestyle', fid='life_00000583'
🔧 MEST Add: proof size=159 bytes, root_hash=[e3, 9e, 96, bf, 7e, 23, 34, ad]...
🔍 MEST Query: keyword='lifestyle', found 1 fids
🔍 MEST Query: returning proof (159 bytes)
🗑️ MEST Delete: keyword='lifestyle', fid='life_00000583' (key completely removed)
🗑️ MEST Delete: post-delete root_hash=[e3, b0, c4, 42, 98, fc, 1c, 14]...
🗑️ MEST Delete: keyword='lifestyle', fid='life_00000583' (key completely removed)
🗑️ MEST Delete: post-delete root_hash=[e3, b0, c4, 42, 98, fc, 1c, 14]...
🔧 MEST Add: keyword='lifestyle', fid='life_00000595'
🔧 MEST Add: proof size=159 bytes, root_hash=[4c, 5e, ae, e7, 5a, e1, c2, 03]...
🔍 MEST Query: keyword='lifestyle', found 1 fids
🔍 MEST Query: returning proof (159 bytes)
🗑️ MEST Delete: keyword='lifestyle', fid='life_00000595' (key completely removed)
🗑️ MEST Delete: post-delete root_hash=[e3, b0, c4, 42, 98, fc, 1c, 14]...
🗑️ MEST Delete: keyword='lifestyle', fid='life_00000595' (key completely removed)
🗑️ MEST Delete: post-delete root_hash=[e3, b0, c4, 42, 98, fc, 1c, 14]...
🔧 MEST Add: keyword='lifestyle', fid='life_00000605'
🔧 MEST Add: proof size=159 bytes, root_hash=[13, 89, e8, 4c, c3, 31, 8b, 8c]...
🔍 MEST Query: keyword='lifestyle', found 1 fids
🔍 MEST Query: returning proof (159 bytes)
🗑️ MEST Delete: keyword='lifestyle', fid='life_00000605' (key completely removed)
🗑️ MEST Delete: post-delete root_hash=[e3, b0, c4, 42, 98, fc, 1c, 14]...
🗑️ MEST Delete: keyword='lifestyle', fid='life_00000605' (key completely removed)
🗑️ MEST Delete: post-delete root_hash=[e3, b0, c4, 42, 98, fc, 1c, 14]...
🔧 MEST Add: keyword='lifestyle', fid='life_00000636'
🔧 MEST Add: proof size=159 bytes, root_hash=[85, c9, d0, 72, 7d, 5a, f2, 29]...
🔍 MEST Query: keyword='lifestyle', found 1 fids
🔍 MEST Query: returning proof (159 bytes)
🗑️ MEST Delete: keyword='lifestyle', fid='life_00000636' (key completely removed)
🗑️ MEST Delete: post-delete root_hash=[e3, b0, c4, 42, 98, fc, 1c, 14]...
🗑️ MEST Delete: keyword='lifestyle', fid='life_00000636' (key completely removed)
🗑️ MEST Delete: post-delete root_hash=[e3, b0, c4, 42, 98, fc, 1c, 14]...
🔧 MEST Add: keyword='lifestyle', fid='life_00000646'
🔧 MEST Add: proof size=159 bytes, root_hash=[ea, 92, de, 4c, d3, 14, 34, 48]...
🔍 MEST Query: keyword='lifestyle', found 1 fids
🔍 MEST Query: returning proof (159 bytes)
🗑️ MEST Delete: keyword='lifestyle', fid='life_00000646' (key completely removed)
🗑️ MEST Delete: post-delete root_hash=[e3, b0, c4, 42, 98, fc, 1c, 14]...
🗑️ MEST Delete: keyword='lifestyle', fid='life_00000646' (key completely removed)
🗑️ MEST Delete: post-delete root_hash=[e3, b0, c4, 42, 98, fc, 1c, 14]...
🔧 MEST Add: keyword='lifestyle', fid='life_00000702'
🔧 MEST Add: proof size=159 bytes, root_hash=[42, a1, 30, 7b, 0e, 75, 6e, 93]...
🔍 MEST Query: keyword='lifestyle', found 1 fids
🔍 MEST Query: returning proof (159 bytes)
🗑️ MEST Delete: keyword='lifestyle', fid='life_00000702' (key completely removed)
🗑️ MEST Delete: post-delete root_hash=[e3, b0, c4, 42, 98, fc, 1c, 14]...
🗑️ MEST Delete: keyword='lifestyle', fid='life_00000702' (key completely removed)
🗑️ MEST Delete: post-delete root_hash=[e3, b0, c4, 42, 98, fc, 1c, 14]...
🔧 MEST Add: keyword='lifestyle', fid='life_00000711'
🔧 MEST Add: proof size=159 bytes, root_hash=[8d, bb, c5, 53, 61, 6e, 91, 68]...
🔍 MEST Query: keyword='lifestyle', found 1 fids
🔍 MEST Query: returning proof (159 bytes)
🗑️ MEST Delete: keyword='lifestyle', fid='life_00000711' (key completely removed)
🗑️ MEST Delete: post-delete root_hash=[e3, b0, c4, 42, 98, fc, 1c, 14]...
🗑️ MEST Delete: keyword='lifestyle', fid='life_00000711' (key completely removed)
🗑️ MEST Delete: post-delete root_hash=[e3, b0, c4, 42, 98, fc, 1c, 14]...
🔧 MEST Add: keyword='lifestyle', fid='life_00000716'
🔧 MEST Add: proof size=159 bytes, root_hash=[52, 90, 70, 43, 2a, c1, 63, 59]...
🔍 MEST Query: keyword='lifestyle', found 1 fids
🔍 MEST Query: returning proof (159 bytes)
🗑️ MEST Delete: keyword='lifestyle', fid='life_00000716' (key completely removed)
🗑️ MEST Delete: post-delete root_hash=[e3, b0, c4, 42, 98, fc, 1c, 14]...
🗑️ MEST Delete: keyword='lifestyle', fid='life_00000716' (key completely removed)
🗑️ MEST Delete: post-delete root_hash=[e3, b0, c4, 42, 98, fc, 1c, 14]...
🔧 MEST Add: keyword='lifestyle', fid='life_00000736'
🔧 MEST Add: proof size=159 bytes, root_hash=[02, d1, 74, ae, c5, 38, cd, 8d]...
🔍 MEST Query: keyword='lifestyle', found 1 fids
🔍 MEST Query: returning proof (159 bytes)
🗑️ MEST Delete: keyword='lifestyle', fid='life_00000736' (key completely removed)
🗑️ MEST Delete: post-delete root_hash=[e3, b0, c4, 42, 98, fc, 1c, 14]...
🗑️ MEST Delete: keyword='lifestyle', fid='life_00000736' (key completely removed)
🗑️ MEST Delete: post-delete root_hash=[e3, b0, c4, 42, 98, fc, 1c, 14]...
🔧 MEST Add: keyword='lifestyle', fid='life_00000740'
🔧 MEST Add: proof size=159 bytes, root_hash=[ad, 0a, 53, 5d, ca, 97, df, 49]...
🔍 MEST Query: keyword='lifestyle', found 1 fids
🔍 MEST Query: returning proof (159 bytes)
🗑️ MEST Delete: keyword='lifestyle', fid='life_00000740' (key completely removed)
🗑️ MEST Delete: post-delete root_hash=[e3, b0, c4, 42, 98, fc, 1c, 14]...
🗑️ MEST Delete: keyword='lifestyle', fid='life_00000740' (key completely removed)
🗑️ MEST Delete: post-delete root_hash=[e3, b0, c4, 42, 98, fc, 1c, 14]...
🔧 MEST Add: keyword='lifestyle', fid='life_00000742'
🔧 MEST Add: proof size=159 bytes, root_hash=[41, 57, 80, c0, 08, 73, 74, 72]...
🔍 MEST Query: keyword='lifestyle', found 1 fids
🔍 MEST Query: returning proof (159 bytes)
🗑️ MEST Delete: keyword='lifestyle', fid='life_00000742' (key completely removed)
🗑️ MEST Delete: post-delete root_hash=[e3, b0, c4, 42, 98, fc, 1c, 14]...
🗑️ MEST Delete: keyword='lifestyle', fid='life_00000742' (key completely removed)
🗑️ MEST Delete: post-delete root_hash=[e3, b0, c4, 42, 98, fc, 1c, 14]...
🔧 MEST Add: keyword='lifestyle', fid='life_00000745'
🔧 MEST Add: proof size=159 bytes, root_hash=[f8, 1e, e6, 55, 7e, 10, e6, b4]...
🔍 MEST Query: keyword='lifestyle', found 1 fids
🔍 MEST Query: returning proof (159 bytes)
🗑️ MEST Delete: keyword='lifestyle', fid='life_00000745' (key completely removed)
🗑️ MEST Delete: post-delete root_hash=[e3, b0, c4, 42, 98, fc, 1c, 14]...
🗑️ MEST Delete: keyword='lifestyle', fid='life_00000745' (key completely removed)
🗑️ MEST Delete: post-delete root_hash=[e3, b0, c4, 42, 98, fc, 1c, 14]...
🔧 MEST Add: keyword='lifestyle', fid='life_00000753'
🔧 MEST Add: proof size=159 bytes, root_hash=[e3, 11, 8d, 32, e3, 1b, cd, 5f]...
🔍 MEST Query: keyword='lifestyle', found 1 fids
🔍 MEST Query: returning proof (159 bytes)
🗑️ MEST Delete: keyword='lifestyle', fid='life_00000753' (key completely removed)
🗑️ MEST Delete: post-delete root_hash=[e3, b0, c4, 42, 98, fc, 1c, 14]...
🗑️ MEST Delete: keyword='lifestyle', fid='life_00000753' (key completely removed)
🗑️ MEST Delete: post-delete root_hash=[e3, b0, c4, 42, 98, fc, 1c, 14]...
🔧 MEST Add: keyword='lifestyle', fid='life_00000755'
🔧 MEST Add: proof size=159 bytes, root_hash=[53, b3, 35, cc, 2a, 0b, df, 9f]...
🔍 MEST Query: keyword='lifestyle', found 1 fids
🔍 MEST Query: returning proof (159 bytes)
🗑️ MEST Delete: keyword='lifestyle', fid='life_00000755' (key completely removed)
🗑️ MEST Delete: post-delete root_hash=[e3, b0, c4, 42, 98, fc, 1c, 14]...
🗑️ MEST Delete: keyword='lifestyle', fid='life_00000755' (key completely removed)
🗑️ MEST Delete: post-delete root_hash=[e3, b0, c4, 42, 98, fc, 1c, 14]...
🔧 MEST Add: keyword='lifestyle', fid='life_00000765'
🔧 MEST Add: proof size=159 bytes, root_hash=[da, 15, a1, 5c, e7, 1a, 55, 95]...
🔍 MEST Query: keyword='lifestyle', found 1 fids
🔍 MEST Query: returning proof (159 bytes)
🗑️ MEST Delete: keyword='lifestyle', fid='life_00000765' (key completely removed)
🗑️ MEST Delete: post-delete root_hash=[e3, b0, c4, 42, 98, fc, 1c, 14]...
🗑️ MEST Delete: keyword='lifestyle', fid='life_00000765' (key completely removed)
🗑️ MEST Delete: post-delete root_hash=[e3, b0, c4, 42, 98, fc, 1c, 14]...
🔧 MEST Add: keyword='lifestyle', fid='life_00000789'
🔧 MEST Add: proof size=159 bytes, root_hash=[dd, d6, 59, 8c, 06, 7f, d0, 78]...
🔍 MEST Query: keyword='lifestyle', found 1 fids
🔍 MEST Query: returning proof (159 bytes)
🗑️ MEST Delete: keyword='lifestyle', fid='life_00000789' (key completely removed)
🗑️ MEST Delete: post-delete root_hash=[e3, b0, c4, 42, 98, fc, 1c, 14]...
🗑️ MEST Delete: keyword='lifestyle', fid='life_00000789' (key completely removed)
🗑️ MEST Delete: post-delete root_hash=[e3, b0, c4, 42, 98, fc, 1c, 14]...
🔧 MEST Add: keyword='lifestyle', fid='life_00000790'
🔧 MEST Add: proof size=159 bytes, root_hash=[f9, 86, eb, de, bc, d2, e2, f9]...
🔍 MEST Query: keyword='lifestyle', found 1 fids
🔍 MEST Query: returning proof (159 bytes)
🗑️ MEST Delete: keyword='lifestyle', fid='life_00000790' (key completely removed)
🗑️ MEST Delete: post-delete root_hash=[e3, b0, c4, 42, 98, fc, 1c, 14]...
🗑️ MEST Delete: keyword='lifestyle', fid='life_00000790' (key completely removed)
🗑️ MEST Delete: post-delete root_hash=[e3, b0, c4, 42, 98, fc, 1c, 14]...
🔧 MEST Add: keyword='lifestyle', fid='life_00000793'
🔧 MEST Add: proof size=159 bytes, root_hash=[1e, 23, 4c, ea, 90, e8, d9, e5]...
🔍 MEST Query: keyword='lifestyle', found 1 fids
🔍 MEST Query: returning proof (159 bytes)
🗑️ MEST Delete: keyword='lifestyle', fid='life_00000793' (key completely removed)
🗑️ MEST Delete: post-delete root_hash=[e3, b0, c4, 42, 98, fc, 1c, 14]...
🗑️ MEST Delete: keyword='lifestyle', fid='life_00000793' (key completely removed)
🗑️ MEST Delete: post-delete root_hash=[e3, b0, c4, 42, 98, fc, 1c, 14]...
🔧 MEST Add: keyword='lifestyle', fid='life_00000797'
🔧 MEST Add: proof size=159 bytes, root_hash=[cb, a5, e6, 52, c4, 52, 0a, 3b]...
🔍 MEST Query: keyword='lifestyle', found 1 fids
🔍 MEST Query: returning proof (159 bytes)
🗑️ MEST Delete: keyword='lifestyle', fid='life_00000797' (key completely removed)
🗑️ MEST Delete: post-delete root_hash=[e3, b0, c4, 42, 98, fc, 1c, 14]...
🗑️ MEST Delete: keyword='lifestyle', fid='life_00000797' (key completely removed)
🗑️ MEST Delete: post-delete root_hash=[e3, b0, c4, 42, 98, fc, 1c, 14]...
🔧 MEST Add: keyword='lifestyle', fid='life_00000799'
🔧 MEST Add: proof size=159 bytes, root_hash=[95, 2a, 80, 08, b5, c7, ab, 71]...
🔍 MEST Query: keyword='lifestyle', found 1 fids
🔍 MEST Query: returning proof (159 bytes)
🗑️ MEST Delete: keyword='lifestyle', fid='life_00000799' (key completely removed)
🗑️ MEST Delete: post-delete root_hash=[e3, b0, c4, 42, 98, fc, 1c, 14]...
🗑️ MEST Delete: keyword='lifestyle', fid='life_00000799' (key completely removed)
🗑️ MEST Delete: post-delete root_hash=[e3, b0, c4, 42, 98, fc, 1c, 14]...
🔧 MEST Add: keyword='lifestyle', fid='life_00000817'
🔧 MEST Add: proof size=159 bytes, root_hash=[c4, 5c, 9b, f9, bf, 1f, f8, 56]...
🔍 MEST Query: keyword='lifestyle', found 1 fids
🔍 MEST Query: returning proof (159 bytes)
🗑️ MEST Delete: keyword='lifestyle', fid='life_00000817' (key completely removed)
🗑️ MEST Delete: post-delete root_hash=[e3, b0, c4, 42, 98, fc, 1c, 14]...
🗑️ MEST Delete: keyword='lifestyle', fid='life_00000817' (key completely removed)
🗑️ MEST Delete: post-delete root_hash=[e3, b0, c4, 42, 98, fc, 1c, 14]...
🔧 MEST Add: keyword='lifestyle', fid='life_00000828'
🔧 MEST Add: proof size=159 bytes, root_hash=[bf, 1e, 3e, 30, 5c, 70, ce, e5]...
🔍 MEST Query: keyword='lifestyle', found 1 fids
🔍 MEST Query: returning proof (159 bytes)
🗑️ MEST Delete: keyword='lifestyle', fid='life_00000828' (key completely removed)
🗑️ MEST Delete: post-delete root_hash=[e3, b0, c4, 42, 98, fc, 1c, 14]...
🗑️ MEST Delete: keyword='lifestyle', fid='life_00000828' (key completely removed)
🗑️ MEST Delete: post-delete root_hash=[e3, b0, c4, 42, 98, fc, 1c, 14]...
🔧 MEST Add: keyword='lifestyle', fid='life_00000852'
🔧 MEST Add: proof size=159 bytes, root_hash=[6b, 51, 66, 2b, 19, 47, 38, 91]...
🔍 MEST Query: keyword='lifestyle', found 1 fids
🔍 MEST Query: returning proof (159 bytes)
🗑️ MEST Delete: keyword='lifestyle', fid='life_00000852' (key completely removed)
🗑️ MEST Delete: post-delete root_hash=[e3, b0, c4, 42, 98, fc, 1c, 14]...
🗑️ MEST Delete: keyword='lifestyle', fid='life_00000852' (key completely removed)
🗑️ MEST Delete: post-delete root_hash=[e3, b0, c4, 42, 98, fc, 1c, 14]...
🔧 MEST Add: keyword='lifestyle', fid='life_00000865'
🔧 MEST Add: proof size=159 bytes, root_hash=[b7, 6a, b8, fe, 78, b9, ae, 24]...
🔍 MEST Query: keyword='lifestyle', found 1 fids
🔍 MEST Query: returning proof (159 bytes)
🗑️ MEST Delete: keyword='lifestyle', fid='life_00000865' (key completely removed)
🗑️ MEST Delete: post-delete root_hash=[e3, b0, c4, 42, 98, fc, 1c, 14]...
🗑️ MEST Delete: keyword='lifestyle', fid='life_00000865' (key completely removed)
🗑️ MEST Delete: post-delete root_hash=[e3, b0, c4, 42, 98, fc, 1c, 14]...
🔧 MEST Add: keyword='lifestyle', fid='life_00000873'
🔧 MEST Add: proof size=159 bytes, root_hash=[e9, bd, 6c, ed, 6c, 2c, d1, 7a]...
🔍 MEST Query: keyword='lifestyle', found 1 fids
🔍 MEST Query: returning proof (159 bytes)
🗑️ MEST Delete: keyword='lifestyle', fid='life_00000873' (key completely removed)
🗑️ MEST Delete: post-delete root_hash=[e3, b0, c4, 42, 98, fc, 1c, 14]...
🗑️ MEST Delete: keyword='lifestyle', fid='life_00000873' (key completely removed)
🗑️ MEST Delete: post-delete root_hash=[e3, b0, c4, 42, 98, fc, 1c, 14]...
🔧 MEST Add: keyword='lifestyle', fid='life_00000882'
🔧 MEST Add: proof size=159 bytes, root_hash=[17, 0e, a6, 9f, 77, 1c, a9, 47]...
🔍 MEST Query: keyword='lifestyle', found 1 fids
🔍 MEST Query: returning proof (159 bytes)
🗑️ MEST Delete: keyword='lifestyle', fid='life_00000882' (key completely removed)
🗑️ MEST Delete: post-delete root_hash=[e3, b0, c4, 42, 98, fc, 1c, 14]...
🗑️ MEST Delete: keyword='lifestyle', fid='life_00000882' (key completely removed)
🗑️ MEST Delete: post-delete root_hash=[e3, b0, c4, 42, 98, fc, 1c, 14]...
🔧 MEST Add: keyword='lifestyle', fid='life_00000903'
🔧 MEST Add: proof size=159 bytes, root_hash=[14, 68, da, 5b, b5, 8d, 04, 89]...
🔍 MEST Query: keyword='lifestyle', found 1 fids
🔍 MEST Query: returning proof (159 bytes)
🗑️ MEST Delete: keyword='lifestyle', fid='life_00000903' (key completely removed)
🗑️ MEST Delete: post-delete root_hash=[e3, b0, c4, 42, 98, fc, 1c, 14]...
🗑️ MEST Delete: keyword='lifestyle', fid='life_00000903' (key completely removed)
🗑️ MEST Delete: post-delete root_hash=[e3, b0, c4, 42, 98, fc, 1c, 14]...
🔧 MEST Add: keyword='lifestyle', fid='life_00000935'
🔧 MEST Add: proof size=159 bytes, root_hash=[e6, 46, a9, 15, 2d, 27, 27, 52]...
🔍 MEST Query: keyword='lifestyle', found 1 fids
🔍 MEST Query: returning proof (159 bytes)
🗑️ MEST Delete: keyword='lifestyle', fid='life_00000935' (key completely removed)
🗑️ MEST Delete: post-delete root_hash=[e3, b0, c4, 42, 98, fc, 1c, 14]...
🗑️ MEST Delete: keyword='lifestyle', fid='life_00000935' (key completely removed)
🗑️ MEST Delete: post-delete root_hash=[e3, b0, c4, 42, 98, fc, 1c, 14]...
🔧 MEST Add: keyword='lifestyle', fid='life_00000941'
🔧 MEST Add: proof size=159 bytes, root_hash=[94, 53, d3, 0b, 28, 3c, 37, ee]...
🔍 MEST Query: keyword='lifestyle', found 1 fids
🔍 MEST Query: returning proof (159 bytes)
🗑️ MEST Delete: keyword='lifestyle', fid='life_00000941' (key completely removed)
🗑️ MEST Delete: post-delete root_hash=[e3, b0, c4, 42, 98, fc, 1c, 14]...
🗑️ MEST Delete: keyword='lifestyle', fid='life_00000941' (key completely removed)
🗑️ MEST Delete: post-delete root_hash=[e3, b0, c4, 42, 98, fc, 1c, 14]...
🔧 MEST Add: keyword='lifestyle', fid='life_00000946'
🔧 MEST Add: proof size=159 bytes, root_hash=[41, 80, 65, 48, 00, 1c, 70, 6c]...
🔍 MEST Query: keyword='lifestyle', found 1 fids
🔍 MEST Query: returning proof (159 bytes)
🗑️ MEST Delete: keyword='lifestyle', fid='life_00000946' (key completely removed)
🗑️ MEST Delete: post-delete root_hash=[e3, b0, c4, 42, 98, fc, 1c, 14]...
🗑️ MEST Delete: keyword='lifestyle', fid='life_00000946' (key completely removed)
🗑️ MEST Delete: post-delete root_hash=[e3, b0, c4, 42, 98, fc, 1c, 14]...
🔧 MEST Add: keyword='lifestyle', fid='life_00000949'
🔧 MEST Add: proof size=159 bytes, root_hash=[2f, f4, 2d, ba, 2a, ca, 41, e0]...
🔍 MEST Query: keyword='lifestyle', found 1 fids
🔍 MEST Query: returning proof (159 bytes)
🗑️ MEST Delete: keyword='lifestyle', fid='life_00000949' (key completely removed)
🗑️ MEST Delete: post-delete root_hash=[e3, b0, c4, 42, 98, fc, 1c, 14]...
🗑️ MEST Delete: keyword='lifestyle', fid='life_00000949' (key completely removed)
🗑️ MEST Delete: post-delete root_hash=[e3, b0, c4, 42, 98, fc, 1c, 14]...
🔧 MEST Add: keyword='lifestyle', fid='life_00000957'
🔧 MEST Add: proof size=159 bytes, root_hash=[a3, bf, b6, 38, 3d, 29, 79, 39]...
🔍 MEST Query: keyword='lifestyle', found 1 fids
🔍 MEST Query: returning proof (159 bytes)
🗑️ MEST Delete: keyword='lifestyle', fid='life_00000957' (key completely removed)
🗑️ MEST Delete: post-delete root_hash=[e3, b0, c4, 42, 98, fc, 1c, 14]...
🗑️ MEST Delete: keyword='lifestyle', fid='life_00000957' (key completely removed)
🗑️ MEST Delete: post-delete root_hash=[e3, b0, c4, 42, 98, fc, 1c, 14]...
🔧 MEST Add: keyword='lifestyle', fid='life_00000976'
🔧 MEST Add: proof size=159 bytes, root_hash=[71, 4e, bd, 95, 9c, 3e, 63, 90]...
🔍 MEST Query: keyword='lifestyle', found 1 fids
🔍 MEST Query: returning proof (159 bytes)
🗑️ MEST Delete: keyword='lifestyle', fid='life_00000976' (key completely removed)
🗑️ MEST Delete: post-delete root_hash=[e3, b0, c4, 42, 98, fc, 1c, 14]...
🗑️ MEST Delete: keyword='lifestyle', fid='life_00000976' (key completely removed)
🗑️ MEST Delete: post-delete root_hash=[e3, b0, c4, 42, 98, fc, 1c, 14]...
🔧 MEST Add: keyword='lifestyle', fid='life_00000998'
🔧 MEST Add: proof size=159 bytes, root_hash=[00, 03, 8a, 83, a4, 3a, 3e, 9f]...
🔍 MEST Query: keyword='lifestyle', found 1 fids
🔍 MEST Query: returning proof (159 bytes)
🗑️ MEST Delete: keyword='lifestyle', fid='life_00000998' (key completely removed)
🗑️ MEST Delete: post-delete root_hash=[e3, b0, c4, 42, 98, fc, 1c, 14]...
🗑️ MEST Delete: keyword='lifestyle', fid='life_00000998' (key completely removed)
🗑️ MEST Delete: post-delete root_hash=[e3, b0, c4, 42, 98, fc, 1c, 14]...
