warning: profiles for the non root package will be ignored, specify profiles at the workspace root:
package:   /root/distributed-storage-system/crates/storager/ads_lib/Cargo.toml
workspace: /root/distributed-storage-system/Cargo.toml
warning: value assigned to `is_change` is never read
   --> crates/storager/ads_lib/src/mpt/mpt.rs:256:21
    |
256 |             let mut is_change = false;
    |                     ^^^^^^^^^
    |
    = help: maybe it is overwritten before being read?
    = note: `#[warn(unused_assignments)]` on by default

warning: value assigned to `is_change` is never read
   --> crates/storager/ads_lib/src/mpt/mpt.rs:462:25
    |
462 |                 let mut is_change = false;
    |                         ^^^^^^^^^
    |
    = help: maybe it is overwritten before being read?

warning: unused variable: `had_value`
   --> crates/storager/ads_lib/src/mpt/mpt.rs:526:21
    |
526 |                 let had_value = !old_value_str.is_empty();
    |                     ^^^^^^^^^ help: if this is intentional, prefix it with an underscore: `_had_value`
    |
    = note: `#[warn(unused_variables)]` on by default

warning: associated functions `short_node_batch_fix` and `full_node_batch_fix` are never used
    --> crates/storager/ads_lib/src/mpt/mpt.rs:1743:8
     |
  50 | impl MPT {
     | -------- associated functions in this implementation
...
1743 |     fn short_node_batch_fix(node: Arc<RwLock<ShortNode>>) -> Result<(), MPTError> {
     |        ^^^^^^^^^^^^^^^^^^^^
...
1748 |     fn full_node_batch_fix(node: Arc<RwLock<FullNode>>) -> Result<(), MPTError> {
     |        ^^^^^^^^^^^^^^^^^^^
     |
     = note: `#[warn(dead_code)]` on by default

warning: function `hash_mgt_node` is never used
   --> crates/storager/ads_lib/src/mest/proof.rs:253:4
    |
253 | fn hash_mgt_node(children: &[[u8; 32]]) -> [u8; 32] {
    |    ^^^^^^^^^^^^^

warning: `ads_rust` (lib) generated 5 warnings
warning: unused variable: `acc_old`
   --> crates/common/src/verification.rs:721:13
    |
721 |         let acc_old = match G1Affine::deserialize_uncompressed(&proof[offset..offset + acc_old_len]) {
    |             ^^^^^^^ help: if this is intentional, prefix it with an underscore: `_acc_old`
    |
    = note: `#[warn(unused_variables)]` on by default

warning: `common` (lib) generated 1 warning
warning: unused imports: `Digest` and `Sha256`
   --> crates/storager/src/ads/acctrie_ads.rs:452:20
    |
452 |         use sha2::{Digest, Sha256};
    |                    ^^^^^^  ^^^^^^
    |
    = note: `#[warn(unused_imports)]` on by default

warning: `storager` (lib) generated 1 warning (run `cargo fix --lib -p storager` to apply 1 suggestion)
    Finished `release` profile [optimized] target(s) in 0.15s
     Running `target/release/storager 50117 mest`
🔧 MEST Add: keyword='championship', fid='spor_00000024'
🔧 MEST Add: proof size=162 bytes, root_hash=[09, 10, 03, 7c, de, f0, 58, 71]...
🔧 MEST Add: keyword='championship', fid='spor_00000024'
🔧 MEST Add: proof size=162 bytes, root_hash=[09, 10, 03, 7c, de, f0, 58, 71]...
🗑️ MEST Delete: keyword='championship', fid='spor_00000024' (key completely removed)
🗑️ MEST Delete: post-delete root_hash=[e3, b0, c4, 42, 98, fc, 1c, 14]...
🔧 MEST Add: keyword='championship', fid='spor_00000129'
🔧 MEST Add: proof size=162 bytes, root_hash=[66, 79, 16, 10, ce, da, e9, ff]...
🗑️ MEST Delete: keyword='championship', fid='spor_00000129' (key completely removed)
🗑️ MEST Delete: post-delete root_hash=[e3, b0, c4, 42, 98, fc, 1c, 14]...
🔧 MEST Add: keyword='championship', fid='spor_00000149'
🔧 MEST Add: proof size=162 bytes, root_hash=[eb, d1, 2a, 1a, 57, d8, 86, 35]...
🔧 MEST Add: keyword='championship', fid='spor_00000149'
🔧 MEST Add: proof size=162 bytes, root_hash=[eb, d1, 2a, 1a, 57, d8, 86, 35]...
🗑️ MEST Delete: keyword='championship', fid='spor_00000149' (key completely removed)
🗑️ MEST Delete: post-delete root_hash=[e3, b0, c4, 42, 98, fc, 1c, 14]...
🔧 MEST Add: keyword='championship', fid='spor_00000236'
🔧 MEST Add: proof size=162 bytes, root_hash=[42, d6, 4c, 93, ff, 93, 46, fa]...
🔧 MEST Add: keyword='championship', fid='spor_00000236'
🔧 MEST Add: proof size=162 bytes, root_hash=[42, d6, 4c, 93, ff, 93, 46, fa]...
🗑️ MEST Delete: keyword='championship', fid='spor_00000236' (key completely removed)
🗑️ MEST Delete: post-delete root_hash=[e3, b0, c4, 42, 98, fc, 1c, 14]...
🔧 MEST Add: keyword='championship', fid='spor_00000245'
🔧 MEST Add: proof size=162 bytes, root_hash=[42, 0f, f8, a4, fe, 6e, 22, e9]...
🗑️ MEST Delete: keyword='championship', fid='spor_00000245' (key completely removed)
🗑️ MEST Delete: post-delete root_hash=[e3, b0, c4, 42, 98, fc, 1c, 14]...
🔧 MEST Add: keyword='championship', fid='spor_00000285'
🔧 MEST Add: proof size=162 bytes, root_hash=[bf, eb, 62, 88, 66, 0f, 76, 46]...
🗑️ MEST Delete: keyword='championship', fid='spor_00000285' (key completely removed)
🗑️ MEST Delete: post-delete root_hash=[e3, b0, c4, 42, 98, fc, 1c, 14]...
🔧 MEST Add: keyword='championship', fid='spor_00000303'
🔧 MEST Add: proof size=162 bytes, root_hash=[23, d1, f3, 25, bd, 6f, 84, 75]...
🗑️ MEST Delete: keyword='championship', fid='spor_00000303' (key completely removed)
🗑️ MEST Delete: post-delete root_hash=[e3, b0, c4, 42, 98, fc, 1c, 14]...
🔧 MEST Add: keyword='championship', fid='spor_00000395'
🔧 MEST Add: proof size=162 bytes, root_hash=[c2, 91, fc, d8, a8, e0, f2, 56]...
🔧 MEST Add: keyword='championship', fid='spor_00000395'
🔧 MEST Add: proof size=162 bytes, root_hash=[c2, 91, fc, d8, a8, e0, f2, 56]...
🗑️ MEST Delete: keyword='championship', fid='spor_00000395' (key completely removed)
🗑️ MEST Delete: post-delete root_hash=[e3, b0, c4, 42, 98, fc, 1c, 14]...
🔧 MEST Add: keyword='championship', fid='spor_00000448'
🔧 MEST Add: proof size=162 bytes, root_hash=[84, e8, 66, 40, d5, ac, e8, db]...
🗑️ MEST Delete: keyword='championship', fid='spor_00000448' (key completely removed)
🗑️ MEST Delete: post-delete root_hash=[e3, b0, c4, 42, 98, fc, 1c, 14]...
🔧 MEST Add: keyword='championship', fid='spor_00000485'
🔧 MEST Add: proof size=162 bytes, root_hash=[6b, a3, 2e, 42, d7, fa, 6d, 45]...
🗑️ MEST Delete: keyword='championship', fid='spor_00000485' (key completely removed)
🗑️ MEST Delete: post-delete root_hash=[e3, b0, c4, 42, 98, fc, 1c, 14]...
🔧 MEST Add: keyword='championship', fid='spor_00000491'
🔧 MEST Add: proof size=162 bytes, root_hash=[4b, cb, c3, 20, dc, 2b, b3, ff]...
🗑️ MEST Delete: keyword='championship', fid='spor_00000491' (key completely removed)
🗑️ MEST Delete: post-delete root_hash=[e3, b0, c4, 42, 98, fc, 1c, 14]...
🔧 MEST Add: keyword='championship', fid='spor_00000560'
🔧 MEST Add: proof size=162 bytes, root_hash=[7c, 5b, 33, cc, 5e, 95, ec, cd]...
🔧 MEST Add: keyword='championship', fid='spor_00000560'
🔧 MEST Add: proof size=162 bytes, root_hash=[7c, 5b, 33, cc, 5e, 95, ec, cd]...
🗑️ MEST Delete: keyword='championship', fid='spor_00000560' (key completely removed)
🗑️ MEST Delete: post-delete root_hash=[e3, b0, c4, 42, 98, fc, 1c, 14]...
🔧 MEST Add: keyword='championship', fid='spor_00000617'
🔧 MEST Add: proof size=162 bytes, root_hash=[8d, 5f, 1b, ab, b9, 71, 9d, 5c]...
🗑️ MEST Delete: keyword='championship', fid='spor_00000617' (key completely removed)
🗑️ MEST Delete: post-delete root_hash=[e3, b0, c4, 42, 98, fc, 1c, 14]...
🔧 MEST Add: keyword='championship', fid='spor_00000622'
🔧 MEST Add: proof size=162 bytes, root_hash=[01, e6, a8, 5d, c8, 6c, 2f, b5]...
🔧 MEST Add: keyword='championship', fid='spor_00000622'
🔧 MEST Add: proof size=162 bytes, root_hash=[01, e6, a8, 5d, c8, 6c, 2f, b5]...
🗑️ MEST Delete: keyword='championship', fid='spor_00000622' (key completely removed)
🗑️ MEST Delete: post-delete root_hash=[e3, b0, c4, 42, 98, fc, 1c, 14]...
🔧 MEST Add: keyword='championship', fid='spor_00000704'
🔧 MEST Add: proof size=162 bytes, root_hash=[0c, 1b, 64, 25, de, a3, df, c4]...
🔧 MEST Add: keyword='championship', fid='spor_00000704'
🔧 MEST Add: proof size=162 bytes, root_hash=[0c, 1b, 64, 25, de, a3, df, c4]...
🗑️ MEST Delete: keyword='championship', fid='spor_00000704' (key completely removed)
🗑️ MEST Delete: post-delete root_hash=[e3, b0, c4, 42, 98, fc, 1c, 14]...
🔧 MEST Add: keyword='championship', fid='spor_00000713'
🔧 MEST Add: proof size=162 bytes, root_hash=[fc, bf, 2e, 63, 7a, 63, f5, b2]...
🔧 MEST Add: keyword='championship', fid='spor_00000713'
🔧 MEST Add: proof size=162 bytes, root_hash=[fc, bf, 2e, 63, 7a, 63, f5, b2]...
🗑️ MEST Delete: keyword='championship', fid='spor_00000713' (key completely removed)
🗑️ MEST Delete: post-delete root_hash=[e3, b0, c4, 42, 98, fc, 1c, 14]...
🔧 MEST Add: keyword='championship', fid='spor_00000764'
🔧 MEST Add: proof size=162 bytes, root_hash=[de, 67, 5e, fb, 10, 75, f4, 3e]...
🗑️ MEST Delete: keyword='championship', fid='spor_00000764' (key completely removed)
🗑️ MEST Delete: post-delete root_hash=[e3, b0, c4, 42, 98, fc, 1c, 14]...
🔧 MEST Add: keyword='championship', fid='spor_00000772'
🔧 MEST Add: proof size=162 bytes, root_hash=[da, 55, 21, 66, 85, d1, 17, 64]...
🔧 MEST Add: keyword='championship', fid='spor_00000772'
🔧 MEST Add: proof size=162 bytes, root_hash=[da, 55, 21, 66, 85, d1, 17, 64]...
🗑️ MEST Delete: keyword='championship', fid='spor_00000772' (key completely removed)
🗑️ MEST Delete: post-delete root_hash=[e3, b0, c4, 42, 98, fc, 1c, 14]...
🔧 MEST Add: keyword='championship', fid='spor_00000825'
🔧 MEST Add: proof size=162 bytes, root_hash=[f9, 0f, ce, c4, 13, fb, d0, e1]...
🗑️ MEST Delete: keyword='championship', fid='spor_00000825' (key completely removed)
🗑️ MEST Delete: post-delete root_hash=[e3, b0, c4, 42, 98, fc, 1c, 14]...
🔧 MEST Add: keyword='championship', fid='spor_00000883'
🔧 MEST Add: proof size=162 bytes, root_hash=[e5, 73, f9, 1b, 25, fd, 20, e5]...
🗑️ MEST Delete: keyword='championship', fid='spor_00000883' (key completely removed)
🗑️ MEST Delete: post-delete root_hash=[e3, b0, c4, 42, 98, fc, 1c, 14]...
🔧 MEST Add: keyword='championship', fid='spor_00000885'
🔧 MEST Add: proof size=162 bytes, root_hash=[bd, 25, 23, cd, 20, 36, 5e, f4]...
🔧 MEST Add: keyword='championship', fid='spor_00000885'
🔧 MEST Add: proof size=162 bytes, root_hash=[bd, 25, 23, cd, 20, 36, 5e, f4]...
🗑️ MEST Delete: keyword='championship', fid='spor_00000885' (key completely removed)
🗑️ MEST Delete: post-delete root_hash=[e3, b0, c4, 42, 98, fc, 1c, 14]...
🔧 MEST Add: keyword='championship', fid='spor_00000963'
🔧 MEST Add: proof size=162 bytes, root_hash=[c1, 6f, 7b, de, 72, da, 7a, 2c]...
🗑️ MEST Delete: keyword='championship', fid='spor_00000963' (key completely removed)
🗑️ MEST Delete: post-delete root_hash=[e3, b0, c4, 42, 98, fc, 1c, 14]...
🔧 MEST Add: keyword='championship', fid='spor_00000964'
🔧 MEST Add: proof size=162 bytes, root_hash=[41, 77, 78, c2, 87, 85, b9, 28]...
🔧 MEST Add: keyword='championship', fid='spor_00000964'
🔧 MEST Add: proof size=162 bytes, root_hash=[41, 77, 78, c2, 87, 85, b9, 28]...
🗑️ MEST Delete: keyword='championship', fid='spor_00000964' (key completely removed)
🗑️ MEST Delete: post-delete root_hash=[e3, b0, c4, 42, 98, fc, 1c, 14]...
🔧 MEST Add: keyword='championship', fid='spor_00000968'
🔧 MEST Add: proof size=162 bytes, root_hash=[b1, 2a, 33, 57, 7b, e5, df, b0]...
🗑️ MEST Delete: keyword='championship', fid='spor_00000968' (key completely removed)
🗑️ MEST Delete: post-delete root_hash=[e3, b0, c4, 42, 98, fc, 1c, 14]...
🔧 MEST Add: keyword='championship', fid='spor_00000993'
🔧 MEST Add: proof size=162 bytes, root_hash=[3e, f0, 6b, 74, bd, ce, f0, 7c]...
🗑️ MEST Delete: keyword='championship', fid='spor_00000993' (key completely removed)
🗑️ MEST Delete: post-delete root_hash=[e3, b0, c4, 42, 98, fc, 1c, 14]...
