warning: profiles for the non root package will be ignored, specify profiles at the workspace root:
package:   /root/distributed-storage-system/crates/storager/ads_lib/Cargo.toml
workspace: /root/distributed-storage-system/Cargo.toml
warning: value assigned to `is_change` is never read
   --> crates/storager/ads_lib/src/mpt/mpt.rs:256:21
    |
256 |             let mut is_change = false;
    |                     ^^^^^^^^^
    |
    = help: maybe it is overwritten before being read?
    = note: `#[warn(unused_assignments)]` on by default

warning: value assigned to `is_change` is never read
   --> crates/storager/ads_lib/src/mpt/mpt.rs:462:25
    |
462 |                 let mut is_change = false;
    |                         ^^^^^^^^^
    |
    = help: maybe it is overwritten before being read?

warning: unused variable: `had_value`
   --> crates/storager/ads_lib/src/mpt/mpt.rs:526:21
    |
526 |                 let had_value = !old_value_str.is_empty();
    |                     ^^^^^^^^^ help: if this is intentional, prefix it with an underscore: `_had_value`
    |
    = note: `#[warn(unused_variables)]` on by default

warning: associated functions `short_node_batch_fix` and `full_node_batch_fix` are never used
    --> crates/storager/ads_lib/src/mpt/mpt.rs:1743:8
     |
  50 | impl MPT {
     | -------- associated functions in this implementation
...
1743 |     fn short_node_batch_fix(node: Arc<RwLock<ShortNode>>) -> Result<(), MPTError> {
     |        ^^^^^^^^^^^^^^^^^^^^
...
1748 |     fn full_node_batch_fix(node: Arc<RwLock<FullNode>>) -> Result<(), MPTError> {
     |        ^^^^^^^^^^^^^^^^^^^
     |
     = note: `#[warn(dead_code)]` on by default

warning: function `hash_mgt_node` is never used
   --> crates/storager/ads_lib/src/mest/proof.rs:253:4
    |
253 | fn hash_mgt_node(children: &[[u8; 32]]) -> [u8; 32] {
    |    ^^^^^^^^^^^^^

warning: `ads_rust` (lib) generated 5 warnings
warning: unused variable: `acc_old`
   --> crates/common/src/verification.rs:721:13
    |
721 |         let acc_old = match G1Affine::deserialize_uncompressed(&proof[offset..offset + acc_old_len]) {
    |             ^^^^^^^ help: if this is intentional, prefix it with an underscore: `_acc_old`
    |
    = note: `#[warn(unused_variables)]` on by default

warning: `common` (lib) generated 1 warning
warning: unused imports: `Digest` and `Sha256`
   --> crates/storager/src/ads/acctrie_ads.rs:452:20
    |
452 |         use sha2::{Digest, Sha256};
    |                    ^^^^^^  ^^^^^^
    |
    = note: `#[warn(unused_imports)]` on by default

warning: `storager` (lib) generated 1 warning (run `cargo fix --lib -p storager` to apply 1 suggestion)
    Finished `release` profile [optimized] target(s) in 0.16s
     Running `target/release/storager 50121 mest`
🔧 MEST Add: keyword='policy', fid='news_00000003'
🔧 MEST Add: proof size=156 bytes, root_hash=[80, 2d, 09, d0, c9, 16, 7a, 1e]...
🗑️ MEST Delete: keyword='policy', fid='news_00000003' (key completely removed)
🗑️ MEST Delete: post-delete root_hash=[e3, b0, c4, 42, 98, fc, 1c, 14]...
🔧 MEST Add: keyword='policy', fid='news_00000060'
🔧 MEST Add: proof size=156 bytes, root_hash=[4d, 10, 3c, c6, ec, 8a, 54, c0]...
🔧 MEST Add: keyword='policy', fid='news_00000060'
🔧 MEST Add: proof size=156 bytes, root_hash=[4d, 10, 3c, c6, ec, 8a, 54, c0]...
🗑️ MEST Delete: keyword='policy', fid='news_00000060' (key completely removed)
🗑️ MEST Delete: post-delete root_hash=[e3, b0, c4, 42, 98, fc, 1c, 14]...
🔧 MEST Add: keyword='policy', fid='news_00000107'
🔧 MEST Add: proof size=156 bytes, root_hash=[0e, 73, 21, e5, cd, fa, d0, 60]...
🗑️ MEST Delete: keyword='policy', fid='news_00000107' (key completely removed)
🗑️ MEST Delete: post-delete root_hash=[e3, b0, c4, 42, 98, fc, 1c, 14]...
🔧 MEST Add: keyword='policy', fid='news_00000162'
🔧 MEST Add: proof size=156 bytes, root_hash=[9c, b4, 72, 50, 3f, 84, 44, 67]...
🗑️ MEST Delete: keyword='policy', fid='news_00000162' (key completely removed)
🗑️ MEST Delete: post-delete root_hash=[e3, b0, c4, 42, 98, fc, 1c, 14]...
🔧 MEST Add: keyword='policy', fid='news_00000167'
🔧 MEST Add: proof size=156 bytes, root_hash=[b5, 3f, 21, 66, 21, 51, a5, b4]...
🔧 MEST Add: keyword='policy', fid='news_00000167'
🔧 MEST Add: proof size=156 bytes, root_hash=[b5, 3f, 21, 66, 21, 51, a5, b4]...
🗑️ MEST Delete: keyword='policy', fid='news_00000167' (key completely removed)
🗑️ MEST Delete: post-delete root_hash=[e3, b0, c4, 42, 98, fc, 1c, 14]...
🔧 MEST Add: keyword='policy', fid='news_00000302'
🔧 MEST Add: proof size=156 bytes, root_hash=[37, 1b, 7f, cf, 38, f1, 2a, 3b]...
🔧 MEST Add: keyword='policy', fid='news_00000302'
🔧 MEST Add: proof size=156 bytes, root_hash=[37, 1b, 7f, cf, 38, f1, 2a, 3b]...
🗑️ MEST Delete: keyword='policy', fid='news_00000302' (key completely removed)
🗑️ MEST Delete: post-delete root_hash=[e3, b0, c4, 42, 98, fc, 1c, 14]...
🔧 MEST Add: keyword='policy', fid='news_00000314'
🔧 MEST Add: proof size=156 bytes, root_hash=[2f, 16, af, c1, 3b, 01, aa, 39]...
🔧 MEST Add: keyword='policy', fid='news_00000314'
🔧 MEST Add: proof size=156 bytes, root_hash=[2f, 16, af, c1, 3b, 01, aa, 39]...
🗑️ MEST Delete: keyword='policy', fid='news_00000314' (key completely removed)
🗑️ MEST Delete: post-delete root_hash=[e3, b0, c4, 42, 98, fc, 1c, 14]...
🔧 MEST Add: keyword='policy', fid='news_00000321'
🔧 MEST Add: proof size=156 bytes, root_hash=[9d, 7a, dc, 27, 6c, b8, 75, 7a]...
🔧 MEST Add: keyword='policy', fid='news_00000321'
🔧 MEST Add: proof size=156 bytes, root_hash=[9d, 7a, dc, 27, 6c, b8, 75, 7a]...
🗑️ MEST Delete: keyword='policy', fid='news_00000321' (key completely removed)
🗑️ MEST Delete: post-delete root_hash=[e3, b0, c4, 42, 98, fc, 1c, 14]...
🔧 MEST Add: keyword='policy', fid='news_00000322'
🔧 MEST Add: proof size=156 bytes, root_hash=[42, 1e, b3, 55, f9, f8, 01, 16]...
🗑️ MEST Delete: keyword='policy', fid='news_00000322' (key completely removed)
🗑️ MEST Delete: post-delete root_hash=[e3, b0, c4, 42, 98, fc, 1c, 14]...
🔧 MEST Add: keyword='policy', fid='news_00000385'
🔧 MEST Add: proof size=156 bytes, root_hash=[46, 3d, 3b, ee, 7d, e0, a2, 1d]...
🗑️ MEST Delete: keyword='policy', fid='news_00000385' (key completely removed)
🗑️ MEST Delete: post-delete root_hash=[e3, b0, c4, 42, 98, fc, 1c, 14]...
🔧 MEST Add: keyword='policy', fid='news_00000425'
🔧 MEST Add: proof size=156 bytes, root_hash=[1f, 6e, 08, 1b, 73, d1, 66, d1]...
🔧 MEST Add: keyword='policy', fid='news_00000425'
🔧 MEST Add: proof size=156 bytes, root_hash=[1f, 6e, 08, 1b, 73, d1, 66, d1]...
🗑️ MEST Delete: keyword='policy', fid='news_00000425' (key completely removed)
🗑️ MEST Delete: post-delete root_hash=[e3, b0, c4, 42, 98, fc, 1c, 14]...
🔧 MEST Add: keyword='policy', fid='news_00000431'
🔧 MEST Add: proof size=156 bytes, root_hash=[94, 27, 96, b3, 68, ee, 73, 2b]...
🔧 MEST Add: keyword='policy', fid='news_00000431'
🔧 MEST Add: proof size=156 bytes, root_hash=[94, 27, 96, b3, 68, ee, 73, 2b]...
🗑️ MEST Delete: keyword='policy', fid='news_00000431' (key completely removed)
🗑️ MEST Delete: post-delete root_hash=[e3, b0, c4, 42, 98, fc, 1c, 14]...
🔧 MEST Add: keyword='policy', fid='news_00000475'
🔧 MEST Add: proof size=156 bytes, root_hash=[8b, a3, 9a, 53, 4c, 6a, 37, 2e]...
🗑️ MEST Delete: keyword='policy', fid='news_00000475' (key completely removed)
🗑️ MEST Delete: post-delete root_hash=[e3, b0, c4, 42, 98, fc, 1c, 14]...
🔧 MEST Add: keyword='policy', fid='news_00000526'
🔧 MEST Add: proof size=156 bytes, root_hash=[b7, 8b, 22, 13, ec, 84, a3, ea]...
🔧 MEST Add: keyword='policy', fid='news_00000526'
🔧 MEST Add: proof size=156 bytes, root_hash=[b7, 8b, 22, 13, ec, 84, a3, ea]...
🗑️ MEST Delete: keyword='policy', fid='news_00000526' (key completely removed)
🗑️ MEST Delete: post-delete root_hash=[e3, b0, c4, 42, 98, fc, 1c, 14]...
🔧 MEST Add: keyword='policy', fid='news_00000602'
🔧 MEST Add: proof size=156 bytes, root_hash=[b7, b6, 1d, 28, 5b, ae, ab, 26]...
🗑️ MEST Delete: keyword='policy', fid='news_00000602' (key completely removed)
🗑️ MEST Delete: post-delete root_hash=[e3, b0, c4, 42, 98, fc, 1c, 14]...
🔧 MEST Add: keyword='policy', fid='news_00000708'
🔧 MEST Add: proof size=156 bytes, root_hash=[56, 13, 3e, 7b, 6f, 28, cd, 67]...
🗑️ MEST Delete: keyword='policy', fid='news_00000708' (key completely removed)
🗑️ MEST Delete: post-delete root_hash=[e3, b0, c4, 42, 98, fc, 1c, 14]...
🔧 MEST Add: keyword='policy', fid='news_00000752'
🔧 MEST Add: proof size=156 bytes, root_hash=[33, ed, a8, c5, 2a, 1c, 86, 5e]...
🔧 MEST Add: keyword='policy', fid='news_00000752'
🔧 MEST Add: proof size=156 bytes, root_hash=[33, ed, a8, c5, 2a, 1c, 86, 5e]...
🗑️ MEST Delete: keyword='policy', fid='news_00000752' (key completely removed)
🗑️ MEST Delete: post-delete root_hash=[e3, b0, c4, 42, 98, fc, 1c, 14]...
🔧 MEST Add: keyword='policy', fid='news_00000766'
🔧 MEST Add: proof size=156 bytes, root_hash=[7a, a8, 4d, be, 27, 49, aa, 1d]...
🔧 MEST Add: keyword='policy', fid='news_00000766'
🔧 MEST Add: proof size=156 bytes, root_hash=[7a, a8, 4d, be, 27, 49, aa, 1d]...
🗑️ MEST Delete: keyword='policy', fid='news_00000766' (key completely removed)
🗑️ MEST Delete: post-delete root_hash=[e3, b0, c4, 42, 98, fc, 1c, 14]...
🔧 MEST Add: keyword='policy', fid='news_00000780'
🔧 MEST Add: proof size=156 bytes, root_hash=[4f, 22, 01, f1, 1f, 24, 8e, f1]...
🗑️ MEST Delete: keyword='policy', fid='news_00000780' (key completely removed)
🗑️ MEST Delete: post-delete root_hash=[e3, b0, c4, 42, 98, fc, 1c, 14]...
🔧 MEST Add: keyword='policy', fid='news_00000875'
🔧 MEST Add: proof size=156 bytes, root_hash=[1b, 13, 15, db, b1, cc, 4f, 8d]...
🔧 MEST Add: keyword='policy', fid='news_00000875'
🔧 MEST Add: proof size=156 bytes, root_hash=[1b, 13, 15, db, b1, cc, 4f, 8d]...
🗑️ MEST Delete: keyword='policy', fid='news_00000875' (key completely removed)
🗑️ MEST Delete: post-delete root_hash=[e3, b0, c4, 42, 98, fc, 1c, 14]...
🔧 MEST Add: keyword='policy', fid='news_00000994'
🔧 MEST Add: proof size=156 bytes, root_hash=[01, ca, ba, 7f, 55, f3, 02, 9c]...
🗑️ MEST Delete: keyword='policy', fid='news_00000994' (key completely removed)
🗑️ MEST Delete: post-delete root_hash=[e3, b0, c4, 42, 98, fc, 1c, 14]...
🔧 MEST Add: keyword='policy', fid='news_00000999'
🔧 MEST Add: proof size=156 bytes, root_hash=[63, 65, ad, e6, e1, 13, 73, 0f]...
🗑️ MEST Delete: keyword='policy', fid='news_00000999' (key completely removed)
🗑️ MEST Delete: post-delete root_hash=[e3, b0, c4, 42, 98, fc, 1c, 14]...
