warning: profiles for the non root package will be ignored, specify profiles at the workspace root:
package:   /root/distributed-storage-system/crates/storager/ads_lib/Cargo.toml
workspace: /root/distributed-storage-system/Cargo.toml
warning: value assigned to `is_change` is never read
   --> crates/storager/ads_lib/src/mpt/mpt.rs:256:21
    |
256 |             let mut is_change = false;
    |                     ^^^^^^^^^
    |
    = help: maybe it is overwritten before being read?
    = note: `#[warn(unused_assignments)]` on by default

warning: value assigned to `is_change` is never read
   --> crates/storager/ads_lib/src/mpt/mpt.rs:462:25
    |
462 |                 let mut is_change = false;
    |                         ^^^^^^^^^
    |
    = help: maybe it is overwritten before being read?

warning: unused variable: `had_value`
   --> crates/storager/ads_lib/src/mpt/mpt.rs:526:21
    |
526 |                 let had_value = !old_value_str.is_empty();
    |                     ^^^^^^^^^ help: if this is intentional, prefix it with an underscore: `_had_value`
    |
    = note: `#[warn(unused_variables)]` on by default

warning: associated functions `short_node_batch_fix` and `full_node_batch_fix` are never used
    --> crates/storager/ads_lib/src/mpt/mpt.rs:1743:8
     |
  50 | impl MPT {
     | -------- associated functions in this implementation
...
1743 |     fn short_node_batch_fix(node: Arc<RwLock<ShortNode>>) -> Result<(), MPTError> {
     |        ^^^^^^^^^^^^^^^^^^^^
...
1748 |     fn full_node_batch_fix(node: Arc<RwLock<FullNode>>) -> Result<(), MPTError> {
     |        ^^^^^^^^^^^^^^^^^^^
     |
     = note: `#[warn(dead_code)]` on by default

warning: function `hash_mgt_node` is never used
   --> crates/storager/ads_lib/src/mest/proof.rs:253:4
    |
253 | fn hash_mgt_node(children: &[[u8; 32]]) -> [u8; 32] {
    |    ^^^^^^^^^^^^^

warning: `ads_rust` (lib) generated 5 warnings
warning: unused variable: `acc_old`
   --> crates/common/src/verification.rs:721:13
    |
721 |         let acc_old = match G1Affine::deserialize_uncompressed(&proof[offset..offset + acc_old_len]) {
    |             ^^^^^^^ help: if this is intentional, prefix it with an underscore: `_acc_old`
    |
    = note: `#[warn(unused_variables)]` on by default

warning: `common` (lib) generated 1 warning
warning: unused imports: `Digest` and `Sha256`
   --> crates/storager/src/ads/acctrie_ads.rs:452:20
    |
452 |         use sha2::{Digest, Sha256};
    |                    ^^^^^^  ^^^^^^
    |
    = note: `#[warn(unused_imports)]` on by default

warning: `storager` (lib) generated 1 warning (run `cargo fix --lib -p storager` to apply 1 suggestion)
    Finished `release` profile [optimized] target(s) in 0.16s
     Running `target/release/storager 50067 mest`
🔧 MEST Add: keyword='healthcare', fid='heal_00000039'
🔧 MEST Add: proof size=160 bytes, root_hash=[fa, e9, 06, 04, 76, a4, 3c, ba]...
🗑️ MEST Delete: keyword='healthcare', fid='heal_00000039' (key completely removed)
🗑️ MEST Delete: post-delete root_hash=[e3, b0, c4, 42, 98, fc, 1c, 14]...
🔧 MEST Add: keyword='healthcare', fid='heal_00000111'
🔧 MEST Add: proof size=160 bytes, root_hash=[ae, da, 89, 92, 88, 68, 62, 26]...
🔧 MEST Add: keyword='healthcare', fid='heal_00000111'
🔧 MEST Add: proof size=160 bytes, root_hash=[ae, da, 89, 92, 88, 68, 62, 26]...
🗑️ MEST Delete: keyword='healthcare', fid='heal_00000111' (key completely removed)
🗑️ MEST Delete: post-delete root_hash=[e3, b0, c4, 42, 98, fc, 1c, 14]...
🔧 MEST Add: keyword='healthcare', fid='heal_00000171'
🔧 MEST Add: proof size=160 bytes, root_hash=[06, 35, eb, f9, 6c, c7, 8a, cf]...
🔧 MEST Add: keyword='healthcare', fid='heal_00000171'
🔧 MEST Add: proof size=160 bytes, root_hash=[06, 35, eb, f9, 6c, c7, 8a, cf]...
🗑️ MEST Delete: keyword='healthcare', fid='heal_00000171' (key completely removed)
🗑️ MEST Delete: post-delete root_hash=[e3, b0, c4, 42, 98, fc, 1c, 14]...
🔧 MEST Add: keyword='healthcare', fid='heal_00000172'
🔧 MEST Add: proof size=160 bytes, root_hash=[5c, df, e2, df, 93, d4, 0d, b1]...
🗑️ MEST Delete: keyword='healthcare', fid='heal_00000172' (key completely removed)
🗑️ MEST Delete: post-delete root_hash=[e3, b0, c4, 42, 98, fc, 1c, 14]...
🔧 MEST Add: keyword='healthcare', fid='heal_00000179'
🔧 MEST Add: proof size=160 bytes, root_hash=[02, 2e, ee, 88, 2b, f8, b9, 31]...
🔧 MEST Add: keyword='healthcare', fid='heal_00000179'
🔧 MEST Add: proof size=160 bytes, root_hash=[02, 2e, ee, 88, 2b, f8, b9, 31]...
🗑️ MEST Delete: keyword='healthcare', fid='heal_00000179' (key completely removed)
🗑️ MEST Delete: post-delete root_hash=[e3, b0, c4, 42, 98, fc, 1c, 14]...
🔧 MEST Add: keyword='healthcare', fid='heal_00000193'
🔧 MEST Add: proof size=160 bytes, root_hash=[83, 91, a6, b3, f8, b5, 4a, 35]...
🔧 MEST Add: keyword='healthcare', fid='heal_00000193'
🔧 MEST Add: proof size=160 bytes, root_hash=[83, 91, a6, b3, f8, b5, 4a, 35]...
🗑️ MEST Delete: keyword='healthcare', fid='heal_00000193' (key completely removed)
🗑️ MEST Delete: post-delete root_hash=[e3, b0, c4, 42, 98, fc, 1c, 14]...
🔧 MEST Add: keyword='healthcare', fid='heal_00000222'
🔧 MEST Add: proof size=160 bytes, root_hash=[3b, 4d, ab, 73, ba, d1, 8f, b5]...
🗑️ MEST Delete: keyword='healthcare', fid='heal_00000222' (key completely removed)
🗑️ MEST Delete: post-delete root_hash=[e3, b0, c4, 42, 98, fc, 1c, 14]...
🔧 MEST Add: keyword='healthcare', fid='heal_00000226'
🔧 MEST Add: proof size=160 bytes, root_hash=[af, 19, 14, ea, 99, d4, 82, 40]...
🔧 MEST Add: keyword='healthcare', fid='heal_00000226'
🔧 MEST Add: proof size=160 bytes, root_hash=[af, 19, 14, ea, 99, d4, 82, 40]...
🗑️ MEST Delete: keyword='healthcare', fid='heal_00000226' (key completely removed)
🗑️ MEST Delete: post-delete root_hash=[e3, b0, c4, 42, 98, fc, 1c, 14]...
🔧 MEST Add: keyword='healthcare', fid='heal_00000235'
🔧 MEST Add: proof size=160 bytes, root_hash=[6e, 3d, 4b, ae, dc, d0, 07, 01]...
🗑️ MEST Delete: keyword='healthcare', fid='heal_00000235' (key completely removed)
🗑️ MEST Delete: post-delete root_hash=[e3, b0, c4, 42, 98, fc, 1c, 14]...
🔧 MEST Add: keyword='performance', fid='ente_00000272'
🔧 MEST Add: proof size=161 bytes, root_hash=[07, 83, a0, ed, d8, 49, b1, 3e]...
🗑️ MEST Delete: keyword='performance', fid='ente_00000272' (key completely removed)
🗑️ MEST Delete: post-delete root_hash=[e3, b0, c4, 42, 98, fc, 1c, 14]...
🔧 MEST Add: keyword='performance', fid='ente_00000299'
🔧 MEST Add: proof size=161 bytes, root_hash=[ae, 55, 53, 91, 2e, d6, 91, d3]...
🗑️ MEST Delete: keyword='performance', fid='ente_00000299' (key completely removed)
🗑️ MEST Delete: post-delete root_hash=[e3, b0, c4, 42, 98, fc, 1c, 14]...
🔧 MEST Add: keyword='performance', fid='ente_00000344'
🔧 MEST Add: proof size=161 bytes, root_hash=[ab, 0f, 67, 5e, 57, 0c, d5, 1c]...
🔧 MEST Add: keyword='performance', fid='ente_00000344'
🔧 MEST Add: proof size=161 bytes, root_hash=[ab, 0f, 67, 5e, 57, 0c, d5, 1c]...
🗑️ MEST Delete: keyword='performance', fid='ente_00000344' (key completely removed)
🗑️ MEST Delete: post-delete root_hash=[e3, b0, c4, 42, 98, fc, 1c, 14]...
🔧 MEST Add: keyword='performance', fid='ente_00000347'
🔧 MEST Add: proof size=161 bytes, root_hash=[8e, dd, b2, 94, 4b, 84, ea, 87]...
🗑️ MEST Delete: keyword='performance', fid='ente_00000347' (key completely removed)
🗑️ MEST Delete: post-delete root_hash=[e3, b0, c4, 42, 98, fc, 1c, 14]...
🔧 MEST Add: keyword='performance', fid='ente_00000363'
🔧 MEST Add: proof size=161 bytes, root_hash=[78, 54, ad, 68, 86, 64, e4, 19]...
🗑️ MEST Delete: keyword='performance', fid='ente_00000363' (key completely removed)
🗑️ MEST Delete: post-delete root_hash=[e3, b0, c4, 42, 98, fc, 1c, 14]...
🔧 MEST Add: keyword='healthcare', fid='heal_00000372'
🔧 MEST Add: proof size=160 bytes, root_hash=[8a, 89, 91, 63, 8f, e5, 5e, a0]...
🗑️ MEST Delete: keyword='healthcare', fid='heal_00000372' (key completely removed)
🗑️ MEST Delete: post-delete root_hash=[e3, b0, c4, 42, 98, fc, 1c, 14]...
🔧 MEST Add: keyword='healthcare', fid='heal_00000373'
🔧 MEST Add: proof size=160 bytes, root_hash=[70, 9f, aa, 04, b3, b3, 1d, fb]...
🗑️ MEST Delete: keyword='healthcare', fid='heal_00000373' (key completely removed)
🗑️ MEST Delete: post-delete root_hash=[e3, b0, c4, 42, 98, fc, 1c, 14]...
🔧 MEST Add: keyword='healthcare', fid='heal_00000375'
🔧 MEST Add: proof size=160 bytes, root_hash=[0a, 1d, 2e, 3a, 3c, 2d, 45, c7]...
🔧 MEST Add: keyword='healthcare', fid='heal_00000375'
🔧 MEST Add: proof size=160 bytes, root_hash=[0a, 1d, 2e, 3a, 3c, 2d, 45, c7]...
🗑️ MEST Delete: keyword='healthcare', fid='heal_00000375' (key completely removed)
🗑️ MEST Delete: post-delete root_hash=[e3, b0, c4, 42, 98, fc, 1c, 14]...
🔧 MEST Add: keyword='healthcare', fid='heal_00000392'
🔧 MEST Add: proof size=160 bytes, root_hash=[56, d9, 2a, 73, 2d, 8d, a0, c2]...
🗑️ MEST Delete: keyword='healthcare', fid='heal_00000392' (key completely removed)
🗑️ MEST Delete: post-delete root_hash=[e3, b0, c4, 42, 98, fc, 1c, 14]...
🔧 MEST Add: keyword='healthcare', fid='heal_00000460'
🔧 MEST Add: proof size=160 bytes, root_hash=[ca, 5f, 51, 5d, 61, 3a, fe, 4e]...
🔧 MEST Add: keyword='healthcare', fid='heal_00000460'
🔧 MEST Add: proof size=160 bytes, root_hash=[ca, 5f, 51, 5d, 61, 3a, fe, 4e]...
🗑️ MEST Delete: keyword='healthcare', fid='heal_00000460' (key completely removed)
🗑️ MEST Delete: post-delete root_hash=[e3, b0, c4, 42, 98, fc, 1c, 14]...
🔧 MEST Add: keyword='healthcare', fid='heal_00000498'
🔧 MEST Add: proof size=160 bytes, root_hash=[c4, ad, da, a3, 00, 01, 0e, c7]...
🔧 MEST Add: keyword='healthcare', fid='heal_00000498'
🔧 MEST Add: proof size=160 bytes, root_hash=[c4, ad, da, a3, 00, 01, 0e, c7]...
🗑️ MEST Delete: keyword='healthcare', fid='heal_00000498' (key completely removed)
🗑️ MEST Delete: post-delete root_hash=[e3, b0, c4, 42, 98, fc, 1c, 14]...
🔧 MEST Add: keyword='healthcare', fid='heal_00000499'
🔧 MEST Add: proof size=160 bytes, root_hash=[ad, 4f, b7, 1a, 5d, b5, 18, ed]...
🗑️ MEST Delete: keyword='healthcare', fid='heal_00000499' (key completely removed)
🗑️ MEST Delete: post-delete root_hash=[e3, b0, c4, 42, 98, fc, 1c, 14]...
🔧 MEST Add: keyword='performance', fid='ente_00000517'
🔧 MEST Add: proof size=161 bytes, root_hash=[e3, 30, b2, 7d, 91, eb, ac, f6]...
🗑️ MEST Delete: keyword='performance', fid='ente_00000517' (key completely removed)
🗑️ MEST Delete: post-delete root_hash=[e3, b0, c4, 42, 98, fc, 1c, 14]...
🔧 MEST Add: keyword='healthcare', fid='heal_00000540'
🔧 MEST Add: proof size=160 bytes, root_hash=[a1, d0, 54, ea, 07, 2e, da, a0]...
🗑️ MEST Delete: keyword='healthcare', fid='heal_00000540' (key completely removed)
🗑️ MEST Delete: post-delete root_hash=[e3, b0, c4, 42, 98, fc, 1c, 14]...
🔧 MEST Add: keyword='healthcare', fid='heal_00000568'
🔧 MEST Add: proof size=160 bytes, root_hash=[30, 2a, 0a, 41, 97, c5, 1d, 33]...
🔧 MEST Add: keyword='healthcare', fid='heal_00000568'
🔧 MEST Add: proof size=160 bytes, root_hash=[30, 2a, 0a, 41, 97, c5, 1d, 33]...
🗑️ MEST Delete: keyword='healthcare', fid='heal_00000568' (key completely removed)
🗑️ MEST Delete: post-delete root_hash=[e3, b0, c4, 42, 98, fc, 1c, 14]...
🔧 MEST Add: keyword='performance', fid='ente_00000633'
🔧 MEST Add: proof size=161 bytes, root_hash=[60, e2, 1d, 8d, 88, f8, dc, c0]...
🔧 MEST Add: keyword='performance', fid='ente_00000633'
🔧 MEST Add: proof size=161 bytes, root_hash=[60, e2, 1d, 8d, 88, f8, dc, c0]...
🗑️ MEST Delete: keyword='performance', fid='ente_00000633' (key completely removed)
🗑️ MEST Delete: post-delete root_hash=[e3, b0, c4, 42, 98, fc, 1c, 14]...
🔧 MEST Add: keyword='performance', fid='ente_00000660'
🔧 MEST Add: proof size=161 bytes, root_hash=[7e, 5c, 74, 2e, 14, 43, 30, 03]...
🗑️ MEST Delete: keyword='performance', fid='ente_00000660' (key completely removed)
🗑️ MEST Delete: post-delete root_hash=[e3, b0, c4, 42, 98, fc, 1c, 14]...
🔧 MEST Add: keyword='healthcare', fid='heal_00000664'
🔧 MEST Add: proof size=160 bytes, root_hash=[85, 05, 9a, 0d, 41, b9, 70, 6a]...
🔧 MEST Add: keyword='healthcare', fid='heal_00000664'
🔧 MEST Add: proof size=160 bytes, root_hash=[85, 05, 9a, 0d, 41, b9, 70, 6a]...
🗑️ MEST Delete: keyword='healthcare', fid='heal_00000664' (key completely removed)
🗑️ MEST Delete: post-delete root_hash=[e3, b0, c4, 42, 98, fc, 1c, 14]...
🔧 MEST Add: keyword='healthcare', fid='heal_00000701'
🔧 MEST Add: proof size=160 bytes, root_hash=[69, 33, 61, d0, 84, 84, 07, 43]...
🗑️ MEST Delete: keyword='healthcare', fid='heal_00000701' (key completely removed)
🗑️ MEST Delete: post-delete root_hash=[e3, b0, c4, 42, 98, fc, 1c, 14]...
🔧 MEST Add: keyword='performance', fid='ente_00000726'
🔧 MEST Add: proof size=161 bytes, root_hash=[fd, e4, ac, 8e, 51, 04, 6c, d7]...
🔧 MEST Add: keyword='performance', fid='ente_00000726'
🔧 MEST Add: proof size=161 bytes, root_hash=[fd, e4, ac, 8e, 51, 04, 6c, d7]...
🗑️ MEST Delete: keyword='performance', fid='ente_00000726' (key completely removed)
🗑️ MEST Delete: post-delete root_hash=[e3, b0, c4, 42, 98, fc, 1c, 14]...
🔧 MEST Add: keyword='healthcare', fid='heal_00000768'
🔧 MEST Add: proof size=160 bytes, root_hash=[46, fb, 3b, 54, e8, a7, 97, 2c]...
🗑️ MEST Delete: keyword='healthcare', fid='heal_00000768' (key completely removed)
🗑️ MEST Delete: post-delete root_hash=[e3, b0, c4, 42, 98, fc, 1c, 14]...
🔧 MEST Add: keyword='healthcare', fid='heal_00000798'
🔧 MEST Add: proof size=160 bytes, root_hash=[f2, b2, c1, 13, 8e, ed, 09, 3c]...
🔧 MEST Add: keyword='healthcare', fid='heal_00000798'
🔧 MEST Add: proof size=160 bytes, root_hash=[f2, b2, c1, 13, 8e, ed, 09, 3c]...
🗑️ MEST Delete: keyword='healthcare', fid='heal_00000798' (key completely removed)
🗑️ MEST Delete: post-delete root_hash=[e3, b0, c4, 42, 98, fc, 1c, 14]...
🔧 MEST Add: keyword='performance', fid='ente_00000823'
🔧 MEST Add: proof size=161 bytes, root_hash=[0b, 55, 91, 0f, 21, a3, 4b, 86]...
🔧 MEST Add: keyword='performance', fid='ente_00000823'
🔧 MEST Add: proof size=161 bytes, root_hash=[0b, 55, 91, 0f, 21, a3, 4b, 86]...
🗑️ MEST Delete: keyword='performance', fid='ente_00000823' (key completely removed)
🗑️ MEST Delete: post-delete root_hash=[e3, b0, c4, 42, 98, fc, 1c, 14]...
🔧 MEST Add: keyword='healthcare', fid='heal_00000845'
🔧 MEST Add: proof size=160 bytes, root_hash=[0d, 31, 38, f3, 11, 94, b0, aa]...
🗑️ MEST Delete: keyword='healthcare', fid='heal_00000845' (key completely removed)
🗑️ MEST Delete: post-delete root_hash=[e3, b0, c4, 42, 98, fc, 1c, 14]...
🔧 MEST Add: keyword='performance', fid='ente_00000861'
🔧 MEST Add: proof size=161 bytes, root_hash=[f0, 39, d8, 71, fc, 13, 7f, 8e]...
🗑️ MEST Delete: keyword='performance', fid='ente_00000861' (key completely removed)
🗑️ MEST Delete: post-delete root_hash=[e3, b0, c4, 42, 98, fc, 1c, 14]...
🔧 MEST Add: keyword='healthcare', fid='heal_00000907'
🔧 MEST Add: proof size=160 bytes, root_hash=[51, 01, 50, d6, aa, 2a, cd, c0]...
🗑️ MEST Delete: keyword='healthcare', fid='heal_00000907' (key completely removed)
🗑️ MEST Delete: post-delete root_hash=[e3, b0, c4, 42, 98, fc, 1c, 14]...
🔧 MEST Add: keyword='healthcare', fid='heal_00000919'
🔧 MEST Add: proof size=160 bytes, root_hash=[60, 92, 31, f0, 32, 4f, a6, 8d]...
🗑️ MEST Delete: keyword='healthcare', fid='heal_00000919' (key completely removed)
🗑️ MEST Delete: post-delete root_hash=[e3, b0, c4, 42, 98, fc, 1c, 14]...
🔧 MEST Add: keyword='performance', fid='ente_00000931'
🔧 MEST Add: proof size=161 bytes, root_hash=[ba, f9, 52, 7d, f8, e3, 9d, c4]...
🔧 MEST Add: keyword='performance', fid='ente_00000931'
🔧 MEST Add: proof size=161 bytes, root_hash=[ba, f9, 52, 7d, f8, e3, 9d, c4]...
🗑️ MEST Delete: keyword='performance', fid='ente_00000931' (key completely removed)
🗑️ MEST Delete: post-delete root_hash=[e3, b0, c4, 42, 98, fc, 1c, 14]...
🔧 MEST Add: keyword='performance', fid='ente_00000947'
🔧 MEST Add: proof size=161 bytes, root_hash=[ca, a2, f8, 1a, 4c, 68, 81, 43]...
🗑️ MEST Delete: keyword='performance', fid='ente_00000947' (key completely removed)
🗑️ MEST Delete: post-delete root_hash=[e3, b0, c4, 42, 98, fc, 1c, 14]...
