warning: profiles for the non root package will be ignored, specify profiles at the workspace root:
package:   /root/distributed-storage-system/crates/storager/ads_lib/Cargo.toml
workspace: /root/distributed-storage-system/Cargo.toml
warning: value assigned to `is_change` is never read
   --> crates/storager/ads_lib/src/mpt/mpt.rs:256:21
    |
256 |             let mut is_change = false;
    |                     ^^^^^^^^^
    |
    = help: maybe it is overwritten before being read?
    = note: `#[warn(unused_assignments)]` on by default

warning: value assigned to `is_change` is never read
   --> crates/storager/ads_lib/src/mpt/mpt.rs:462:25
    |
462 |                 let mut is_change = false;
    |                         ^^^^^^^^^
    |
    = help: maybe it is overwritten before being read?

warning: unused variable: `had_value`
   --> crates/storager/ads_lib/src/mpt/mpt.rs:526:21
    |
526 |                 let had_value = !old_value_str.is_empty();
    |                     ^^^^^^^^^ help: if this is intentional, prefix it with an underscore: `_had_value`
    |
    = note: `#[warn(unused_variables)]` on by default

warning: associated functions `short_node_batch_fix` and `full_node_batch_fix` are never used
    --> crates/storager/ads_lib/src/mpt/mpt.rs:1743:8
     |
  50 | impl MPT {
     | -------- associated functions in this implementation
...
1743 |     fn short_node_batch_fix(node: Arc<RwLock<ShortNode>>) -> Result<(), MPTError> {
     |        ^^^^^^^^^^^^^^^^^^^^
...
1748 |     fn full_node_batch_fix(node: Arc<RwLock<FullNode>>) -> Result<(), MPTError> {
     |        ^^^^^^^^^^^^^^^^^^^
     |
     = note: `#[warn(dead_code)]` on by default

warning: function `hash_mgt_node` is never used
   --> crates/storager/ads_lib/src/mest/proof.rs:253:4
    |
253 | fn hash_mgt_node(children: &[[u8; 32]]) -> [u8; 32] {
    |    ^^^^^^^^^^^^^

warning: `ads_rust` (lib) generated 5 warnings
warning: unused variable: `acc_old`
   --> crates/common/src/verification.rs:721:13
    |
721 |         let acc_old = match G1Affine::deserialize_uncompressed(&proof[offset..offset + acc_old_len]) {
    |             ^^^^^^^ help: if this is intentional, prefix it with an underscore: `_acc_old`
    |
    = note: `#[warn(unused_variables)]` on by default

warning: `common` (lib) generated 1 warning
warning: unused imports: `Digest` and `Sha256`
   --> crates/storager/src/ads/acctrie_ads.rs:452:20
    |
452 |         use sha2::{Digest, Sha256};
    |                    ^^^^^^  ^^^^^^
    |
    = note: `#[warn(unused_imports)]` on by default

warning: `storager` (lib) generated 1 warning (run `cargo fix --lib -p storager` to apply 1 suggestion)
    Finished `release` profile [optimized] target(s) in 0.17s
     Running `target/release/storager 50105 mest`
🔧 MEST Add: keyword='report', fid='news_00000006'
🔧 MEST Add: proof size=156 bytes, root_hash=[08, 3b, 3a, 28, b2, 43, db, 38]...
🔧 MEST Add: keyword='report', fid='news_00000006'
🔧 MEST Add: proof size=156 bytes, root_hash=[08, 3b, 3a, 28, b2, 43, db, 38]...
🗑️ MEST Delete: keyword='report', fid='news_00000006' (key completely removed)
🗑️ MEST Delete: post-delete root_hash=[e3, b0, c4, 42, 98, fc, 1c, 14]...
🔧 MEST Add: keyword='report', fid='news_00000014'
🔧 MEST Add: proof size=156 bytes, root_hash=[0a, c0, 0d, ff, 57, 79, ea, ff]...
🗑️ MEST Delete: keyword='report', fid='news_00000014' (key completely removed)
🗑️ MEST Delete: post-delete root_hash=[e3, b0, c4, 42, 98, fc, 1c, 14]...
🔧 MEST Add: keyword='report', fid='news_00000064'
🔧 MEST Add: proof size=156 bytes, root_hash=[89, 0e, c5, 91, 4e, eb, 93, e4]...
🔧 MEST Add: keyword='report', fid='news_00000064'
🔧 MEST Add: proof size=156 bytes, root_hash=[89, 0e, c5, 91, 4e, eb, 93, e4]...
🗑️ MEST Delete: keyword='report', fid='news_00000064' (key completely removed)
🗑️ MEST Delete: post-delete root_hash=[e3, b0, c4, 42, 98, fc, 1c, 14]...
🔧 MEST Add: keyword='report', fid='news_00000117'
🔧 MEST Add: proof size=156 bytes, root_hash=[11, 0e, 3a, 7e, 6a, 11, 95, bc]...
🗑️ MEST Delete: keyword='report', fid='news_00000117' (key completely removed)
🗑️ MEST Delete: post-delete root_hash=[e3, b0, c4, 42, 98, fc, 1c, 14]...
🔧 MEST Add: keyword='report', fid='news_00000131'
🔧 MEST Add: proof size=156 bytes, root_hash=[c8, 6d, ee, fe, de, 33, 31, e9]...
🔧 MEST Add: keyword='report', fid='news_00000131'
🔧 MEST Add: proof size=156 bytes, root_hash=[c8, 6d, ee, fe, de, 33, 31, e9]...
🗑️ MEST Delete: keyword='report', fid='news_00000131' (key completely removed)
🗑️ MEST Delete: post-delete root_hash=[e3, b0, c4, 42, 98, fc, 1c, 14]...
🔧 MEST Add: keyword='report', fid='news_00000157'
🔧 MEST Add: proof size=156 bytes, root_hash=[5f, 4b, 49, 6a, 25, 6c, b8, 8c]...
🗑️ MEST Delete: keyword='report', fid='news_00000157' (key completely removed)
🗑️ MEST Delete: post-delete root_hash=[e3, b0, c4, 42, 98, fc, 1c, 14]...
🔧 MEST Add: keyword='report', fid='news_00000167'
🔧 MEST Add: proof size=156 bytes, root_hash=[b5, 3f, 21, 66, 21, 51, a5, b4]...
🗑️ MEST Delete: keyword='report', fid='news_00000167' (key completely removed)
🗑️ MEST Delete: post-delete root_hash=[e3, b0, c4, 42, 98, fc, 1c, 14]...
🔧 MEST Add: keyword='report', fid='news_00000190'
🔧 MEST Add: proof size=156 bytes, root_hash=[bb, 24, 39, 57, 62, 6e, 6c, b2]...
🗑️ MEST Delete: keyword='report', fid='news_00000190' (key completely removed)
🗑️ MEST Delete: post-delete root_hash=[e3, b0, c4, 42, 98, fc, 1c, 14]...
🔧 MEST Add: keyword='report', fid='news_00000239'
🔧 MEST Add: proof size=156 bytes, root_hash=[55, e3, 12, f0, bc, 29, a3, 00]...
🗑️ MEST Delete: keyword='report', fid='news_00000239' (key completely removed)
🗑️ MEST Delete: post-delete root_hash=[e3, b0, c4, 42, 98, fc, 1c, 14]...
🔧 MEST Add: keyword='report', fid='news_00000305'
🔧 MEST Add: proof size=156 bytes, root_hash=[33, 5d, 20, 97, 63, 5c, c4, c3]...
🔧 MEST Add: keyword='report', fid='news_00000305'
🔧 MEST Add: proof size=156 bytes, root_hash=[33, 5d, 20, 97, 63, 5c, c4, c3]...
🗑️ MEST Delete: keyword='report', fid='news_00000305' (key completely removed)
🗑️ MEST Delete: post-delete root_hash=[e3, b0, c4, 42, 98, fc, 1c, 14]...
🔧 MEST Add: keyword='report', fid='news_00000343'
🔧 MEST Add: proof size=156 bytes, root_hash=[36, 3a, 95, 0a, b9, ec, 5e, 26]...
🔧 MEST Add: keyword='report', fid='news_00000343'
🔧 MEST Add: proof size=156 bytes, root_hash=[36, 3a, 95, 0a, b9, ec, 5e, 26]...
🗑️ MEST Delete: keyword='report', fid='news_00000343' (key completely removed)
🗑️ MEST Delete: post-delete root_hash=[e3, b0, c4, 42, 98, fc, 1c, 14]...
🔧 MEST Add: keyword='report', fid='news_00000402'
🔧 MEST Add: proof size=156 bytes, root_hash=[ae, 76, b3, c8, 27, 99, 05, b5]...
🗑️ MEST Delete: keyword='report', fid='news_00000402' (key completely removed)
🗑️ MEST Delete: post-delete root_hash=[e3, b0, c4, 42, 98, fc, 1c, 14]...
🔧 MEST Add: keyword='report', fid='news_00000451'
🔧 MEST Add: proof size=156 bytes, root_hash=[f9, 75, 00, 0f, 91, 03, 9e, 04]...
🔧 MEST Add: keyword='report', fid='news_00000451'
🔧 MEST Add: proof size=156 bytes, root_hash=[f9, 75, 00, 0f, 91, 03, 9e, 04]...
🗑️ MEST Delete: keyword='report', fid='news_00000451' (key completely removed)
🗑️ MEST Delete: post-delete root_hash=[e3, b0, c4, 42, 98, fc, 1c, 14]...
🔧 MEST Add: keyword='report', fid='news_00000457'
🔧 MEST Add: proof size=156 bytes, root_hash=[43, 1f, 18, b0, 05, 14, 12, 60]...
🗑️ MEST Delete: keyword='report', fid='news_00000457' (key completely removed)
🗑️ MEST Delete: post-delete root_hash=[e3, b0, c4, 42, 98, fc, 1c, 14]...
🔧 MEST Add: keyword='report', fid='news_00000511'
🔧 MEST Add: proof size=156 bytes, root_hash=[38, 8a, d3, b0, f5, 96, d1, 4f]...
🗑️ MEST Delete: keyword='report', fid='news_00000511' (key completely removed)
🗑️ MEST Delete: post-delete root_hash=[e3, b0, c4, 42, 98, fc, 1c, 14]...
🔧 MEST Add: keyword='report', fid='news_00000596'
🔧 MEST Add: proof size=156 bytes, root_hash=[52, b4, ce, 76, d2, eb, 6e, 47]...
🗑️ MEST Delete: keyword='report', fid='news_00000596' (key completely removed)
🗑️ MEST Delete: post-delete root_hash=[e3, b0, c4, 42, 98, fc, 1c, 14]...
🔧 MEST Add: keyword='report', fid='news_00000706'
🔧 MEST Add: proof size=156 bytes, root_hash=[e4, 93, 8c, 89, 60, 15, a1, a0]...
🗑️ MEST Delete: keyword='report', fid='news_00000706' (key completely removed)
🗑️ MEST Delete: post-delete root_hash=[e3, b0, c4, 42, 98, fc, 1c, 14]...
🔧 MEST Add: keyword='report', fid='news_00000708'
🔧 MEST Add: proof size=156 bytes, root_hash=[56, 13, 3e, 7b, 6f, 28, cd, 67]...
🔧 MEST Add: keyword='report', fid='news_00000708'
🔧 MEST Add: proof size=156 bytes, root_hash=[56, 13, 3e, 7b, 6f, 28, cd, 67]...
🗑️ MEST Delete: keyword='report', fid='news_00000708' (key completely removed)
🗑️ MEST Delete: post-delete root_hash=[e3, b0, c4, 42, 98, fc, 1c, 14]...
🔧 MEST Add: keyword='report', fid='news_00000795'
🔧 MEST Add: proof size=156 bytes, root_hash=[87, 93, 83, 4b, 27, a3, 5f, 88]...
🔧 MEST Add: keyword='report', fid='news_00000795'
🔧 MEST Add: proof size=156 bytes, root_hash=[87, 93, 83, 4b, 27, a3, 5f, 88]...
🗑️ MEST Delete: keyword='report', fid='news_00000795' (key completely removed)
🗑️ MEST Delete: post-delete root_hash=[e3, b0, c4, 42, 98, fc, 1c, 14]...
🔧 MEST Add: keyword='report', fid='news_00000872'
🔧 MEST Add: proof size=156 bytes, root_hash=[97, 3d, 35, 16, 7e, 95, ba, 51]...
🗑️ MEST Delete: keyword='report', fid='news_00000872' (key completely removed)
🗑️ MEST Delete: post-delete root_hash=[e3, b0, c4, 42, 98, fc, 1c, 14]...
🔧 MEST Add: keyword='report', fid='news_00000922'
🔧 MEST Add: proof size=156 bytes, root_hash=[e2, 8b, 0d, e5, 33, 59, c4, 98]...
🗑️ MEST Delete: keyword='report', fid='news_00000922' (key completely removed)
🗑️ MEST Delete: post-delete root_hash=[e3, b0, c4, 42, 98, fc, 1c, 14]...
🔧 MEST Add: keyword='report', fid='news_00000979'
🔧 MEST Add: proof size=156 bytes, root_hash=[ad, ef, d3, 64, ce, 99, da, 62]...
🔧 MEST Add: keyword='report', fid='news_00000979'
🔧 MEST Add: proof size=156 bytes, root_hash=[ad, ef, d3, 64, ce, 99, da, 62]...
🗑️ MEST Delete: keyword='report', fid='news_00000979' (key completely removed)
🗑️ MEST Delete: post-delete root_hash=[e3, b0, c4, 42, 98, fc, 1c, 14]...
🔧 MEST Add: keyword='report', fid='news_00000987'
🔧 MEST Add: proof size=156 bytes, root_hash=[c9, f2, 2a, 73, 06, 12, 9e, bd]...
🗑️ MEST Delete: keyword='report', fid='news_00000987' (key completely removed)
🗑️ MEST Delete: post-delete root_hash=[e3, b0, c4, 42, 98, fc, 1c, 14]...
