warning: profiles for the non root package will be ignored, specify profiles at the workspace root:
package:   /root/distributed-storage-system/crates/storager/ads_lib/Cargo.toml
workspace: /root/distributed-storage-system/Cargo.toml
warning: value assigned to `is_change` is never read
   --> crates/storager/ads_lib/src/mpt/mpt.rs:256:21
    |
256 |             let mut is_change = false;
    |                     ^^^^^^^^^
    |
    = help: maybe it is overwritten before being read?
    = note: `#[warn(unused_assignments)]` on by default

warning: value assigned to `is_change` is never read
   --> crates/storager/ads_lib/src/mpt/mpt.rs:462:25
    |
462 |                 let mut is_change = false;
    |                         ^^^^^^^^^
    |
    = help: maybe it is overwritten before being read?

warning: unused variable: `had_value`
   --> crates/storager/ads_lib/src/mpt/mpt.rs:526:21
    |
526 |                 let had_value = !old_value_str.is_empty();
    |                     ^^^^^^^^^ help: if this is intentional, prefix it with an underscore: `_had_value`
    |
    = note: `#[warn(unused_variables)]` on by default

warning: associated functions `short_node_batch_fix` and `full_node_batch_fix` are never used
    --> crates/storager/ads_lib/src/mpt/mpt.rs:1743:8
     |
  50 | impl MPT {
     | -------- associated functions in this implementation
...
1743 |     fn short_node_batch_fix(node: Arc<RwLock<ShortNode>>) -> Result<(), MPTError> {
     |        ^^^^^^^^^^^^^^^^^^^^
...
1748 |     fn full_node_batch_fix(node: Arc<RwLock<FullNode>>) -> Result<(), MPTError> {
     |        ^^^^^^^^^^^^^^^^^^^
     |
     = note: `#[warn(dead_code)]` on by default

warning: function `hash_mgt_node` is never used
   --> crates/storager/ads_lib/src/mest/proof.rs:253:4
    |
253 | fn hash_mgt_node(children: &[[u8; 32]]) -> [u8; 32] {
    |    ^^^^^^^^^^^^^

warning: `ads_rust` (lib) generated 5 warnings
warning: unused variable: `acc_old`
   --> crates/common/src/verification.rs:721:13
    |
721 |         let acc_old = match G1Affine::deserialize_uncompressed(&proof[offset..offset + acc_old_len]) {
    |             ^^^^^^^ help: if this is intentional, prefix it with an underscore: `_acc_old`
    |
    = note: `#[warn(unused_variables)]` on by default

warning: `common` (lib) generated 1 warning
warning: unused imports: `Digest` and `Sha256`
   --> crates/storager/src/ads/acctrie_ads.rs:452:20
    |
452 |         use sha2::{Digest, Sha256};
    |                    ^^^^^^  ^^^^^^
    |
    = note: `#[warn(unused_imports)]` on by default

warning: `storager` (lib) generated 1 warning (run `cargo fix --lib -p storager` to apply 1 suggestion)
    Finished `release` profile [optimized] target(s) in 0.15s
     Running `target/release/storager 50122 mest`
🔧 MEST Add: keyword='software', fid='tech_00000103'
🔧 MEST Add: proof size=158 bytes, root_hash=[41, ec, 2e, 35, 4d, c0, c1, de]...
🔧 MEST Add: keyword='software', fid='tech_00000103'
🔧 MEST Add: proof size=158 bytes, root_hash=[41, ec, 2e, 35, 4d, c0, c1, de]...
🗑️ MEST Delete: keyword='software', fid='tech_00000103' (key completely removed)
🗑️ MEST Delete: post-delete root_hash=[e3, b0, c4, 42, 98, fc, 1c, 14]...
🔧 MEST Add: keyword='software', fid='tech_00000155'
🔧 MEST Add: proof size=158 bytes, root_hash=[9b, 33, 1b, 46, 52, 17, 18, e3]...
🗑️ MEST Delete: keyword='software', fid='tech_00000155' (key completely removed)
🗑️ MEST Delete: post-delete root_hash=[e3, b0, c4, 42, 98, fc, 1c, 14]...
🔧 MEST Add: keyword='software', fid='tech_00000242'
🔧 MEST Add: proof size=158 bytes, root_hash=[e9, 1b, af, b1, 63, 52, ad, 51]...
🗑️ MEST Delete: keyword='software', fid='tech_00000242' (key completely removed)
🗑️ MEST Delete: post-delete root_hash=[e3, b0, c4, 42, 98, fc, 1c, 14]...
🔧 MEST Add: keyword='software', fid='tech_00000260'
🔧 MEST Add: proof size=158 bytes, root_hash=[c7, 01, 0d, fa, 08, c2, ad, 38]...
🔧 MEST Add: keyword='software', fid='tech_00000260'
🔧 MEST Add: proof size=158 bytes, root_hash=[c7, 01, 0d, fa, 08, c2, ad, 38]...
🗑️ MEST Delete: keyword='software', fid='tech_00000260' (key completely removed)
🗑️ MEST Delete: post-delete root_hash=[e3, b0, c4, 42, 98, fc, 1c, 14]...
🔧 MEST Add: keyword='software', fid='tech_00000326'
🔧 MEST Add: proof size=158 bytes, root_hash=[7f, fa, 5d, 64, ac, 86, ea, 2e]...
🗑️ MEST Delete: keyword='software', fid='tech_00000326' (key completely removed)
🗑️ MEST Delete: post-delete root_hash=[e3, b0, c4, 42, 98, fc, 1c, 14]...
🔧 MEST Add: keyword='software', fid='tech_00000413'
🔧 MEST Add: proof size=158 bytes, root_hash=[b3, aa, 90, 3b, 4d, 7a, 6b, 3a]...
🔧 MEST Add: keyword='software', fid='tech_00000413'
🔧 MEST Add: proof size=158 bytes, root_hash=[b3, aa, 90, 3b, 4d, 7a, 6b, 3a]...
🗑️ MEST Delete: keyword='software', fid='tech_00000413' (key completely removed)
🗑️ MEST Delete: post-delete root_hash=[e3, b0, c4, 42, 98, fc, 1c, 14]...
🔧 MEST Add: keyword='software', fid='tech_00000465'
🔧 MEST Add: proof size=158 bytes, root_hash=[50, 07, 8e, fc, 4f, 07, ad, 09]...
🔧 MEST Add: keyword='software', fid='tech_00000465'
🔧 MEST Add: proof size=158 bytes, root_hash=[50, 07, 8e, fc, 4f, 07, ad, 09]...
🗑️ MEST Delete: keyword='software', fid='tech_00000465' (key completely removed)
🗑️ MEST Delete: post-delete root_hash=[e3, b0, c4, 42, 98, fc, 1c, 14]...
🔧 MEST Add: keyword='software', fid='tech_00000468'
🔧 MEST Add: proof size=158 bytes, root_hash=[55, ae, d6, b6, bc, 32, fa, f7]...
🗑️ MEST Delete: keyword='software', fid='tech_00000468' (key completely removed)
🗑️ MEST Delete: post-delete root_hash=[e3, b0, c4, 42, 98, fc, 1c, 14]...
🔧 MEST Add: keyword='software', fid='tech_00000557'
🔧 MEST Add: proof size=158 bytes, root_hash=[1f, 67, 91, 13, 45, 9a, cd, 01]...
🔧 MEST Add: keyword='software', fid='tech_00000557'
🔧 MEST Add: proof size=158 bytes, root_hash=[1f, 67, 91, 13, 45, 9a, cd, 01]...
🗑️ MEST Delete: keyword='software', fid='tech_00000557' (key completely removed)
🗑️ MEST Delete: post-delete root_hash=[e3, b0, c4, 42, 98, fc, 1c, 14]...
🔧 MEST Add: keyword='software', fid='tech_00000599'
🔧 MEST Add: proof size=158 bytes, root_hash=[a0, b6, f3, 09, 3d, 83, 40, 35]...
🗑️ MEST Delete: keyword='software', fid='tech_00000599' (key completely removed)
🗑️ MEST Delete: post-delete root_hash=[e3, b0, c4, 42, 98, fc, 1c, 14]...
🔧 MEST Add: keyword='software', fid='tech_00000671'
🔧 MEST Add: proof size=158 bytes, root_hash=[96, 8f, 6a, 10, 98, 28, 99, a6]...
🗑️ MEST Delete: keyword='software', fid='tech_00000671' (key completely removed)
🗑️ MEST Delete: post-delete root_hash=[e3, b0, c4, 42, 98, fc, 1c, 14]...
🔧 MEST Add: keyword='software', fid='tech_00000784'
🔧 MEST Add: proof size=158 bytes, root_hash=[ba, 42, b4, 55, d0, 26, 65, 88]...
🗑️ MEST Delete: keyword='software', fid='tech_00000784' (key completely removed)
🗑️ MEST Delete: post-delete root_hash=[e3, b0, c4, 42, 98, fc, 1c, 14]...
🔧 MEST Add: keyword='software', fid='tech_00000820'
🔧 MEST Add: proof size=158 bytes, root_hash=[cf, 6d, c5, f2, 74, ed, 6e, 79]...
🗑️ MEST Delete: keyword='software', fid='tech_00000820' (key completely removed)
🗑️ MEST Delete: post-delete root_hash=[e3, b0, c4, 42, 98, fc, 1c, 14]...
🔧 MEST Add: keyword='software', fid='tech_00000821'
🔧 MEST Add: proof size=158 bytes, root_hash=[89, c8, 1d, f7, 1d, f7, 1e, 3d]...
🔧 MEST Add: keyword='software', fid='tech_00000821'
🔧 MEST Add: proof size=158 bytes, root_hash=[89, c8, 1d, f7, 1d, f7, 1e, 3d]...
🗑️ MEST Delete: keyword='software', fid='tech_00000821' (key completely removed)
🗑️ MEST Delete: post-delete root_hash=[e3, b0, c4, 42, 98, fc, 1c, 14]...
🔧 MEST Add: keyword='software', fid='tech_00000910'
🔧 MEST Add: proof size=158 bytes, root_hash=[9a, 56, a2, 40, 00, 9c, c3, 52]...
🗑️ MEST Delete: keyword='software', fid='tech_00000910' (key completely removed)
🗑️ MEST Delete: post-delete root_hash=[e3, b0, c4, 42, 98, fc, 1c, 14]...
🔧 MEST Add: keyword='software', fid='tech_00000914'
🔧 MEST Add: proof size=158 bytes, root_hash=[b5, 6c, e2, 8d, ca, 53, 1b, a9]...
🗑️ MEST Delete: keyword='software', fid='tech_00000914' (key completely removed)
🗑️ MEST Delete: post-delete root_hash=[e3, b0, c4, 42, 98, fc, 1c, 14]...
🔧 MEST Add: keyword='software', fid='tech_00000915'
🔧 MEST Add: proof size=158 bytes, root_hash=[b0, 72, fe, 37, b2, 0e, f8, 29]...
🔧 MEST Add: keyword='software', fid='tech_00000915'
🔧 MEST Add: proof size=158 bytes, root_hash=[b0, 72, fe, 37, b2, 0e, f8, 29]...
🗑️ MEST Delete: keyword='software', fid='tech_00000915' (key completely removed)
🗑️ MEST Delete: post-delete root_hash=[e3, b0, c4, 42, 98, fc, 1c, 14]...
🔧 MEST Add: keyword='software', fid='tech_00000933'
🔧 MEST Add: proof size=158 bytes, root_hash=[9b, 7f, f3, cb, 5d, 96, c3, 6c]...
🔧 MEST Add: keyword='software', fid='tech_00000933'
🔧 MEST Add: proof size=158 bytes, root_hash=[9b, 7f, f3, cb, 5d, 96, c3, 6c]...
🗑️ MEST Delete: keyword='software', fid='tech_00000933' (key completely removed)
🗑️ MEST Delete: post-delete root_hash=[e3, b0, c4, 42, 98, fc, 1c, 14]...
🔧 MEST Add: keyword='software', fid='tech_00000950'
🔧 MEST Add: proof size=158 bytes, root_hash=[8d, b7, 35, e3, 40, 9d, 14, 15]...
🗑️ MEST Delete: keyword='software', fid='tech_00000950' (key completely removed)
🗑️ MEST Delete: post-delete root_hash=[e3, b0, c4, 42, 98, fc, 1c, 14]...
🔧 MEST Add: keyword='software', fid='tech_00000985'
🔧 MEST Add: proof size=158 bytes, root_hash=[c4, 3b, 61, a7, 21, 5c, ab, 2b]...
🔧 MEST Add: keyword='software', fid='tech_00000985'
🔧 MEST Add: proof size=158 bytes, root_hash=[c4, 3b, 61, a7, 21, 5c, ab, 2b]...
🗑️ MEST Delete: keyword='software', fid='tech_00000985' (key completely removed)
🗑️ MEST Delete: post-delete root_hash=[e3, b0, c4, 42, 98, fc, 1c, 14]...
