warning: profiles for the non root package will be ignored, specify profiles at the workspace root:
package:   /root/distributed-storage-system/crates/storager/ads_lib/Cargo.toml
workspace: /root/distributed-storage-system/Cargo.toml
warning: value assigned to `is_change` is never read
   --> crates/storager/ads_lib/src/mpt/mpt.rs:256:21
    |
256 |             let mut is_change = false;
    |                     ^^^^^^^^^
    |
    = help: maybe it is overwritten before being read?
    = note: `#[warn(unused_assignments)]` on by default

warning: value assigned to `is_change` is never read
   --> crates/storager/ads_lib/src/mpt/mpt.rs:462:25
    |
462 |                 let mut is_change = false;
    |                         ^^^^^^^^^
    |
    = help: maybe it is overwritten before being read?

warning: unused variable: `had_value`
   --> crates/storager/ads_lib/src/mpt/mpt.rs:526:21
    |
526 |                 let had_value = !old_value_str.is_empty();
    |                     ^^^^^^^^^ help: if this is intentional, prefix it with an underscore: `_had_value`
    |
    = note: `#[warn(unused_variables)]` on by default

warning: associated functions `short_node_batch_fix` and `full_node_batch_fix` are never used
    --> crates/storager/ads_lib/src/mpt/mpt.rs:1743:8
     |
  50 | impl MPT {
     | -------- associated functions in this implementation
...
1743 |     fn short_node_batch_fix(node: Arc<RwLock<ShortNode>>) -> Result<(), MPTError> {
     |        ^^^^^^^^^^^^^^^^^^^^
...
1748 |     fn full_node_batch_fix(node: Arc<RwLock<FullNode>>) -> Result<(), MPTError> {
     |        ^^^^^^^^^^^^^^^^^^^
     |
     = note: `#[warn(dead_code)]` on by default

warning: function `hash_mgt_node` is never used
   --> crates/storager/ads_lib/src/mest/proof.rs:253:4
    |
253 | fn hash_mgt_node(children: &[[u8; 32]]) -> [u8; 32] {
    |    ^^^^^^^^^^^^^

warning: `ads_rust` (lib) generated 5 warnings
warning: unused variable: `acc_old`
   --> crates/common/src/verification.rs:721:13
    |
721 |         let acc_old = match G1Affine::deserialize_uncompressed(&proof[offset..offset + acc_old_len]) {
    |             ^^^^^^^ help: if this is intentional, prefix it with an underscore: `_acc_old`
    |
    = note: `#[warn(unused_variables)]` on by default

warning: `common` (lib) generated 1 warning
warning: unused imports: `Digest` and `Sha256`
   --> crates/storager/src/ads/acctrie_ads.rs:452:20
    |
452 |         use sha2::{Digest, Sha256};
    |                    ^^^^^^  ^^^^^^
    |
    = note: `#[warn(unused_imports)]` on by default

warning: `storager` (lib) generated 1 warning (run `cargo fix --lib -p storager` to apply 1 suggestion)
    Finished `release` profile [optimized] target(s) in 0.19s
     Running `target/release/storager 50135 mest`
🔧 MEST Add: keyword='learning', fid='educ_00000016'
🔧 MEST Add: proof size=158 bytes, root_hash=[d9, 13, 2f, 42, 08, 52, 87, 8b]...
🗑️ MEST Delete: keyword='learning', fid='educ_00000016' (key completely removed)
🗑️ MEST Delete: post-delete root_hash=[e3, b0, c4, 42, 98, fc, 1c, 14]...
🔧 MEST Add: keyword='learning', fid='educ_00000076'
🔧 MEST Add: proof size=158 bytes, root_hash=[f7, 42, b6, 43, 7e, a3, 80, 49]...
🔧 MEST Add: keyword='learning', fid='educ_00000076'
🔧 MEST Add: proof size=158 bytes, root_hash=[f7, 42, b6, 43, 7e, a3, 80, 49]...
🗑️ MEST Delete: keyword='learning', fid='educ_00000076' (key completely removed)
🗑️ MEST Delete: post-delete root_hash=[e3, b0, c4, 42, 98, fc, 1c, 14]...
🔧 MEST Add: keyword='learning', fid='educ_00000092'
🔧 MEST Add: proof size=158 bytes, root_hash=[3c, e5, 5e, 67, 66, f2, b6, 20]...
🔧 MEST Add: keyword='learning', fid='educ_00000092'
🔧 MEST Add: proof size=158 bytes, root_hash=[3c, e5, 5e, 67, 66, f2, b6, 20]...
🗑️ MEST Delete: keyword='learning', fid='educ_00000092' (key completely removed)
🗑️ MEST Delete: post-delete root_hash=[e3, b0, c4, 42, 98, fc, 1c, 14]...
🔧 MEST Add: keyword='album', fid='ente_00000121'
🔧 MEST Add: proof size=155 bytes, root_hash=[c4, 2c, 70, bf, c1, 70, 80, 18]...
🗑️ MEST Delete: keyword='album', fid='ente_00000121' (key completely removed)
🗑️ MEST Delete: post-delete root_hash=[e3, b0, c4, 42, 98, fc, 1c, 14]...
🔧 MEST Add: keyword='album', fid='ente_00000139'
🔧 MEST Add: proof size=155 bytes, root_hash=[88, e5, 29, fc, bb, 26, 52, 21]...
🔧 MEST Add: keyword='album', fid='ente_00000139'
🔧 MEST Add: proof size=155 bytes, root_hash=[88, e5, 29, fc, bb, 26, 52, 21]...
🗑️ MEST Delete: keyword='album', fid='ente_00000139' (key completely removed)
🗑️ MEST Delete: post-delete root_hash=[e3, b0, c4, 42, 98, fc, 1c, 14]...
🔧 MEST Add: keyword='learning', fid='educ_00000188'
🔧 MEST Add: proof size=158 bytes, root_hash=[b9, 02, 09, 7c, 11, e2, b9, 81]...
🔧 MEST Add: keyword='learning', fid='educ_00000188'
🔧 MEST Add: proof size=158 bytes, root_hash=[b9, 02, 09, 7c, 11, e2, b9, 81]...
🗑️ MEST Delete: keyword='learning', fid='educ_00000188' (key completely removed)
🗑️ MEST Delete: post-delete root_hash=[e3, b0, c4, 42, 98, fc, 1c, 14]...
🔧 MEST Add: keyword='learning', fid='educ_00000295'
🔧 MEST Add: proof size=158 bytes, root_hash=[ba, d0, 2e, 1a, e5, d9, 3f, 1a]...
🗑️ MEST Delete: keyword='learning', fid='educ_00000295' (key completely removed)
🗑️ MEST Delete: post-delete root_hash=[e3, b0, c4, 42, 98, fc, 1c, 14]...
🔧 MEST Add: keyword='learning', fid='educ_00000374'
🔧 MEST Add: proof size=158 bytes, root_hash=[ab, 43, d7, a5, 8e, 56, 88, 43]...
🗑️ MEST Delete: keyword='learning', fid='educ_00000374' (key completely removed)
🗑️ MEST Delete: post-delete root_hash=[e3, b0, c4, 42, 98, fc, 1c, 14]...
🔧 MEST Add: keyword='album', fid='ente_00000403'
🔧 MEST Add: proof size=155 bytes, root_hash=[8b, eb, fe, 84, 89, 85, 51, e2]...
🔧 MEST Add: keyword='album', fid='ente_00000403'
🔧 MEST Add: proof size=155 bytes, root_hash=[8b, eb, fe, 84, 89, 85, 51, e2]...
🗑️ MEST Delete: keyword='album', fid='ente_00000403' (key completely removed)
🗑️ MEST Delete: post-delete root_hash=[e3, b0, c4, 42, 98, fc, 1c, 14]...
🔧 MEST Add: keyword='learning', fid='educ_00000414'
🔧 MEST Add: proof size=158 bytes, root_hash=[41, 89, 00, d1, c7, d5, ae, 97]...
🗑️ MEST Delete: keyword='learning', fid='educ_00000414' (key completely removed)
🗑️ MEST Delete: post-delete root_hash=[e3, b0, c4, 42, 98, fc, 1c, 14]...
🔧 MEST Add: keyword='album', fid='ente_00000424'
🔧 MEST Add: proof size=155 bytes, root_hash=[f4, 8a, b1, fc, 66, 29, 94, 7b]...
🗑️ MEST Delete: keyword='album', fid='ente_00000424' (key completely removed)
🗑️ MEST Delete: post-delete root_hash=[e3, b0, c4, 42, 98, fc, 1c, 14]...
🔧 MEST Add: keyword='learning', fid='educ_00000434'
🔧 MEST Add: proof size=158 bytes, root_hash=[28, 16, dc, b7, fd, 81, 6b, cf]...
🗑️ MEST Delete: keyword='learning', fid='educ_00000434' (key completely removed)
🗑️ MEST Delete: post-delete root_hash=[e3, b0, c4, 42, 98, fc, 1c, 14]...
🔧 MEST Add: keyword='album', fid='ente_00000438'
🔧 MEST Add: proof size=155 bytes, root_hash=[d4, 0a, 81, 4f, 12, eb, ac, 68]...
🔧 MEST Add: keyword='album', fid='ente_00000438'
🔧 MEST Add: proof size=155 bytes, root_hash=[d4, 0a, 81, 4f, 12, eb, ac, 68]...
🗑️ MEST Delete: keyword='album', fid='ente_00000438' (key completely removed)
🗑️ MEST Delete: post-delete root_hash=[e3, b0, c4, 42, 98, fc, 1c, 14]...
🔧 MEST Add: keyword='learning', fid='educ_00000456'
🔧 MEST Add: proof size=158 bytes, root_hash=[d2, f3, 1f, ef, 55, d5, f0, 17]...
🔧 MEST Add: keyword='learning', fid='educ_00000456'
🔧 MEST Add: proof size=158 bytes, root_hash=[d2, f3, 1f, ef, 55, d5, f0, 17]...
🗑️ MEST Delete: keyword='learning', fid='educ_00000456' (key completely removed)
🗑️ MEST Delete: post-delete root_hash=[e3, b0, c4, 42, 98, fc, 1c, 14]...
🔧 MEST Add: keyword='learning', fid='educ_00000473'
🔧 MEST Add: proof size=158 bytes, root_hash=[ca, 5f, 4d, 9c, 9b, 2b, fc, 94]...
🗑️ MEST Delete: keyword='learning', fid='educ_00000473' (key completely removed)
🗑️ MEST Delete: post-delete root_hash=[e3, b0, c4, 42, 98, fc, 1c, 14]...
🔧 MEST Add: keyword='learning', fid='educ_00000480'
🔧 MEST Add: proof size=158 bytes, root_hash=[02, a2, 47, bc, c6, 94, 61, 30]...
🗑️ MEST Delete: keyword='learning', fid='educ_00000480' (key completely removed)
🗑️ MEST Delete: post-delete root_hash=[e3, b0, c4, 42, 98, fc, 1c, 14]...
🔧 MEST Add: keyword='album', fid='ente_00000638'
🔧 MEST Add: proof size=155 bytes, root_hash=[cb, d9, 19, bf, cb, 71, e8, e1]...
🔧 MEST Add: keyword='album', fid='ente_00000638'
🔧 MEST Add: proof size=155 bytes, root_hash=[cb, d9, 19, bf, cb, 71, e8, e1]...
🗑️ MEST Delete: keyword='album', fid='ente_00000638' (key completely removed)
🗑️ MEST Delete: post-delete root_hash=[e3, b0, c4, 42, 98, fc, 1c, 14]...
🔧 MEST Add: keyword='album', fid='ente_00000655'
🔧 MEST Add: proof size=155 bytes, root_hash=[7d, 54, dc, d2, c8, bf, 43, ce]...
🔧 MEST Add: keyword='album', fid='ente_00000655'
🔧 MEST Add: proof size=155 bytes, root_hash=[7d, 54, dc, d2, c8, bf, 43, ce]...
🗑️ MEST Delete: keyword='album', fid='ente_00000655' (key completely removed)
🗑️ MEST Delete: post-delete root_hash=[e3, b0, c4, 42, 98, fc, 1c, 14]...
🔧 MEST Add: keyword='album', fid='ente_00000661'
🔧 MEST Add: proof size=155 bytes, root_hash=[34, b8, e9, ae, 35, 1b, a8, a1]...
🗑️ MEST Delete: keyword='album', fid='ente_00000661' (key completely removed)
🗑️ MEST Delete: post-delete root_hash=[e3, b0, c4, 42, 98, fc, 1c, 14]...
🔧 MEST Add: keyword='learning', fid='educ_00000670'
🔧 MEST Add: proof size=158 bytes, root_hash=[ef, 27, 7a, 18, b5, b1, 5b, d5]...
🗑️ MEST Delete: keyword='learning', fid='educ_00000670' (key completely removed)
🗑️ MEST Delete: post-delete root_hash=[e3, b0, c4, 42, 98, fc, 1c, 14]...
🔧 MEST Add: keyword='album', fid='ente_00000709'
🔧 MEST Add: proof size=155 bytes, root_hash=[dc, 80, 65, 98, e3, 45, 01, d8]...
🔧 MEST Add: keyword='album', fid='ente_00000709'
🔧 MEST Add: proof size=155 bytes, root_hash=[dc, 80, 65, 98, e3, 45, 01, d8]...
🗑️ MEST Delete: keyword='album', fid='ente_00000709' (key completely removed)
🗑️ MEST Delete: post-delete root_hash=[e3, b0, c4, 42, 98, fc, 1c, 14]...
🔧 MEST Add: keyword='album', fid='ente_00000750'
🔧 MEST Add: proof size=155 bytes, root_hash=[54, 54, 04, f9, f4, 08, eb, f4]...
🗑️ MEST Delete: keyword='album', fid='ente_00000750' (key completely removed)
🗑️ MEST Delete: post-delete root_hash=[e3, b0, c4, 42, 98, fc, 1c, 14]...
🔧 MEST Add: keyword='learning', fid='educ_00000760'
🔧 MEST Add: proof size=158 bytes, root_hash=[c0, d4, c2, 23, c9, 45, 82, 19]...
🗑️ MEST Delete: keyword='learning', fid='educ_00000760' (key completely removed)
🗑️ MEST Delete: post-delete root_hash=[e3, b0, c4, 42, 98, fc, 1c, 14]...
🔧 MEST Add: keyword='learning', fid='educ_00000813'
🔧 MEST Add: proof size=158 bytes, root_hash=[1a, 17, 58, 09, c5, c6, 52, d9]...
🔧 MEST Add: keyword='learning', fid='educ_00000813'
🔧 MEST Add: proof size=158 bytes, root_hash=[1a, 17, 58, 09, c5, c6, 52, d9]...
🗑️ MEST Delete: keyword='learning', fid='educ_00000813' (key completely removed)
🗑️ MEST Delete: post-delete root_hash=[e3, b0, c4, 42, 98, fc, 1c, 14]...
🔧 MEST Add: keyword='learning', fid='educ_00000853'
🔧 MEST Add: proof size=158 bytes, root_hash=[0c, 46, f6, 0e, 8e, ab, 47, eb]...
🔧 MEST Add: keyword='learning', fid='educ_00000853'
🔧 MEST Add: proof size=158 bytes, root_hash=[0c, 46, f6, 0e, 8e, ab, 47, eb]...
🗑️ MEST Delete: keyword='learning', fid='educ_00000853' (key completely removed)
🗑️ MEST Delete: post-delete root_hash=[e3, b0, c4, 42, 98, fc, 1c, 14]...
🔧 MEST Add: keyword='learning', fid='educ_00000860'
🔧 MEST Add: proof size=158 bytes, root_hash=[ae, ff, 42, 3e, 42, 3b, b2, c1]...
🗑️ MEST Delete: keyword='learning', fid='educ_00000860' (key completely removed)
🗑️ MEST Delete: post-delete root_hash=[e3, b0, c4, 42, 98, fc, 1c, 14]...
🔧 MEST Add: keyword='learning', fid='educ_00000906'
🔧 MEST Add: proof size=158 bytes, root_hash=[14, 12, e8, 33, 34, 41, d2, 48]...
🔧 MEST Add: keyword='learning', fid='educ_00000906'
🔧 MEST Add: proof size=158 bytes, root_hash=[14, 12, e8, 33, 34, 41, d2, 48]...
🗑️ MEST Delete: keyword='learning', fid='educ_00000906' (key completely removed)
🗑️ MEST Delete: post-delete root_hash=[e3, b0, c4, 42, 98, fc, 1c, 14]...
🔧 MEST Add: keyword='album', fid='ente_00000911'
🔧 MEST Add: proof size=155 bytes, root_hash=[d9, aa, 1c, 61, d3, 2a, 60, a5]...
🔧 MEST Add: keyword='album', fid='ente_00000911'
🔧 MEST Add: proof size=155 bytes, root_hash=[d9, aa, 1c, 61, d3, 2a, 60, a5]...
🗑️ MEST Delete: keyword='album', fid='ente_00000911' (key completely removed)
🗑️ MEST Delete: post-delete root_hash=[e3, b0, c4, 42, 98, fc, 1c, 14]...
🔧 MEST Add: keyword='album', fid='ente_00000951'
🔧 MEST Add: proof size=155 bytes, root_hash=[f9, 0a, d2, 7c, 33, c4, d3, c4]...
🔧 MEST Add: keyword='album', fid='ente_00000951'
🔧 MEST Add: proof size=155 bytes, root_hash=[f9, 0a, d2, 7c, 33, c4, d3, c4]...
🗑️ MEST Delete: keyword='album', fid='ente_00000951' (key completely removed)
🗑️ MEST Delete: post-delete root_hash=[e3, b0, c4, 42, 98, fc, 1c, 14]...
🔧 MEST Add: keyword='album', fid='ente_00000977'
🔧 MEST Add: proof size=155 bytes, root_hash=[e5, 4c, 2a, a6, 25, 08, be, bc]...
🗑️ MEST Delete: keyword='album', fid='ente_00000977' (key completely removed)
🗑️ MEST Delete: post-delete root_hash=[e3, b0, c4, 42, 98, fc, 1c, 14]...
🔧 MEST Add: keyword='learning', fid='educ_00000990'
🔧 MEST Add: proof size=158 bytes, root_hash=[0e, b3, 4e, a9, ee, 69, e2, f9]...
🗑️ MEST Delete: keyword='learning', fid='educ_00000990' (key completely removed)
🗑️ MEST Delete: post-delete root_hash=[e3, b0, c4, 42, 98, fc, 1c, 14]...
🔧 MEST Add: keyword='learning', fid='educ_00000992'
🔧 MEST Add: proof size=158 bytes, root_hash=[cd, 21, 48, 18, e7, a6, 95, 90]...
🗑️ MEST Delete: keyword='learning', fid='educ_00000992' (key completely removed)
🗑️ MEST Delete: post-delete root_hash=[e3, b0, c4, 42, 98, fc, 1c, 14]...
