warning: profiles for the non root package will be ignored, specify profiles at the workspace root:
package:   /root/distributed-storage-system/crates/storager/ads_lib/Cargo.toml
workspace: /root/distributed-storage-system/Cargo.toml
warning: value assigned to `is_change` is never read
   --> crates/storager/ads_lib/src/mpt/mpt.rs:256:21
    |
256 |             let mut is_change = false;
    |                     ^^^^^^^^^
    |
    = help: maybe it is overwritten before being read?
    = note: `#[warn(unused_assignments)]` on by default

warning: value assigned to `is_change` is never read
   --> crates/storager/ads_lib/src/mpt/mpt.rs:462:25
    |
462 |                 let mut is_change = false;
    |                         ^^^^^^^^^
    |
    = help: maybe it is overwritten before being read?

warning: unused variable: `had_value`
   --> crates/storager/ads_lib/src/mpt/mpt.rs:526:21
    |
526 |                 let had_value = !old_value_str.is_empty();
    |                     ^^^^^^^^^ help: if this is intentional, prefix it with an underscore: `_had_value`
    |
    = note: `#[warn(unused_variables)]` on by default

warning: associated functions `short_node_batch_fix` and `full_node_batch_fix` are never used
    --> crates/storager/ads_lib/src/mpt/mpt.rs:1743:8
     |
  50 | impl MPT {
     | -------- associated functions in this implementation
...
1743 |     fn short_node_batch_fix(node: Arc<RwLock<ShortNode>>) -> Result<(), MPTError> {
     |        ^^^^^^^^^^^^^^^^^^^^
...
1748 |     fn full_node_batch_fix(node: Arc<RwLock<FullNode>>) -> Result<(), MPTError> {
     |        ^^^^^^^^^^^^^^^^^^^
     |
     = note: `#[warn(dead_code)]` on by default

warning: function `hash_mgt_node` is never used
   --> crates/storager/ads_lib/src/mest/proof.rs:253:4
    |
253 | fn hash_mgt_node(children: &[[u8; 32]]) -> [u8; 32] {
    |    ^^^^^^^^^^^^^

warning: `ads_rust` (lib) generated 5 warnings
warning: unused variable: `acc_old`
   --> crates/common/src/verification.rs:721:13
    |
721 |         let acc_old = match G1Affine::deserialize_uncompressed(&proof[offset..offset + acc_old_len]) {
    |             ^^^^^^^ help: if this is intentional, prefix it with an underscore: `_acc_old`
    |
    = note: `#[warn(unused_variables)]` on by default

warning: `common` (lib) generated 1 warning
warning: unused imports: `Digest` and `Sha256`
   --> crates/storager/src/ads/acctrie_ads.rs:452:20
    |
452 |         use sha2::{Digest, Sha256};
    |                    ^^^^^^  ^^^^^^
    |
    = note: `#[warn(unused_imports)]` on by default

warning: `storager` (lib) generated 1 warning (run `cargo fix --lib -p storager` to apply 1 suggestion)
    Finished `release` profile [optimized] target(s) in 0.15s
     Running `target/release/storager 50151 mest`
🔧 MEST Add: keyword='match', fid='spor_00000038'
🔧 MEST Add: proof size=155 bytes, root_hash=[d9, 13, f7, c2, 67, c7, c0, b9]...
🗑️ MEST Delete: keyword='match', fid='spor_00000038' (key completely removed)
🗑️ MEST Delete: post-delete root_hash=[e3, b0, c4, 42, 98, fc, 1c, 14]...
🔧 MEST Add: keyword='match', fid='spor_00000112'
🔧 MEST Add: proof size=155 bytes, root_hash=[ff, 41, 80, 0e, 9f, e3, 2e, 12]...
🗑️ MEST Delete: keyword='match', fid='spor_00000112' (key completely removed)
🗑️ MEST Delete: post-delete root_hash=[e3, b0, c4, 42, 98, fc, 1c, 14]...
🔧 MEST Add: keyword='assignment', fid='educ_00000135'
🔧 MEST Add: proof size=160 bytes, root_hash=[cd, dc, 3a, 46, 24, a6, 63, 57]...
🔧 MEST Add: keyword='assignment', fid='educ_00000135'
🔧 MEST Add: proof size=160 bytes, root_hash=[cd, dc, 3a, 46, 24, a6, 63, 57]...
🗑️ MEST Delete: keyword='assignment', fid='educ_00000135' (key completely removed)
🗑️ MEST Delete: post-delete root_hash=[e3, b0, c4, 42, 98, fc, 1c, 14]...
🔧 MEST Add: keyword='assignment', fid='educ_00000147'
🔧 MEST Add: proof size=160 bytes, root_hash=[d8, db, ae, 56, 50, 6b, b6, 12]...
🗑️ MEST Delete: keyword='assignment', fid='educ_00000147' (key completely removed)
🗑️ MEST Delete: post-delete root_hash=[e3, b0, c4, 42, 98, fc, 1c, 14]...
🔧 MEST Add: keyword='assignment', fid='educ_00000153'
🔧 MEST Add: proof size=160 bytes, root_hash=[57, ea, 3a, 8e, 15, 1d, 05, 92]...
🗑️ MEST Delete: keyword='assignment', fid='educ_00000153' (key completely removed)
🗑️ MEST Delete: post-delete root_hash=[e3, b0, c4, 42, 98, fc, 1c, 14]...
🔧 MEST Add: keyword='assignment', fid='educ_00000188'
🔧 MEST Add: proof size=160 bytes, root_hash=[b9, 02, 09, 7c, 11, e2, b9, 81]...
🗑️ MEST Delete: keyword='assignment', fid='educ_00000188' (key completely removed)
🗑️ MEST Delete: post-delete root_hash=[e3, b0, c4, 42, 98, fc, 1c, 14]...
🔧 MEST Add: keyword='assignment', fid='educ_00000238'
🔧 MEST Add: proof size=160 bytes, root_hash=[e1, aa, d4, 2b, 59, 97, 11, ff]...
🔧 MEST Add: keyword='assignment', fid='educ_00000238'
🔧 MEST Add: proof size=160 bytes, root_hash=[e1, aa, d4, 2b, 59, 97, 11, ff]...
🗑️ MEST Delete: keyword='assignment', fid='educ_00000238' (key completely removed)
🗑️ MEST Delete: post-delete root_hash=[e3, b0, c4, 42, 98, fc, 1c, 14]...
🔧 MEST Add: keyword='assignment', fid='educ_00000244'
🔧 MEST Add: proof size=160 bytes, root_hash=[33, 17, f5, 7e, 21, 2a, 62, 1c]...
🔧 MEST Add: keyword='assignment', fid='educ_00000244'
🔧 MEST Add: proof size=160 bytes, root_hash=[33, 17, f5, 7e, 21, 2a, 62, 1c]...
🗑️ MEST Delete: keyword='assignment', fid='educ_00000244' (key completely removed)
🗑️ MEST Delete: post-delete root_hash=[e3, b0, c4, 42, 98, fc, 1c, 14]...
🔧 MEST Add: keyword='match', fid='spor_00000245'
🔧 MEST Add: proof size=155 bytes, root_hash=[42, 0f, f8, a4, fe, 6e, 22, e9]...
🔧 MEST Add: keyword='match', fid='spor_00000245'
🔧 MEST Add: proof size=155 bytes, root_hash=[42, 0f, f8, a4, fe, 6e, 22, e9]...
🗑️ MEST Delete: keyword='match', fid='spor_00000245' (key completely removed)
🗑️ MEST Delete: post-delete root_hash=[e3, b0, c4, 42, 98, fc, 1c, 14]...
🔧 MEST Add: keyword='assignment', fid='educ_00000251'
🔧 MEST Add: proof size=160 bytes, root_hash=[d7, 62, c4, 71, 15, 0a, 98, 7c]...
🔧 MEST Add: keyword='assignment', fid='educ_00000251'
🔧 MEST Add: proof size=160 bytes, root_hash=[d7, 62, c4, 71, 15, 0a, 98, 7c]...
🗑️ MEST Delete: keyword='assignment', fid='educ_00000251' (key completely removed)
🗑️ MEST Delete: post-delete root_hash=[e3, b0, c4, 42, 98, fc, 1c, 14]...
🔧 MEST Add: keyword='assignment', fid='educ_00000252'
🔧 MEST Add: proof size=160 bytes, root_hash=[bb, 5b, d7, cf, ec, dc, 9f, f4]...
🗑️ MEST Delete: keyword='assignment', fid='educ_00000252' (key completely removed)
🗑️ MEST Delete: post-delete root_hash=[e3, b0, c4, 42, 98, fc, 1c, 14]...
🔧 MEST Add: keyword='assignment', fid='educ_00000269'
🔧 MEST Add: proof size=160 bytes, root_hash=[68, b8, 5a, b1, 15, 08, fa, d1]...
🗑️ MEST Delete: keyword='assignment', fid='educ_00000269' (key completely removed)
🗑️ MEST Delete: post-delete root_hash=[e3, b0, c4, 42, 98, fc, 1c, 14]...
🔧 MEST Add: keyword='match', fid='spor_00000367'
🔧 MEST Add: proof size=155 bytes, root_hash=[46, 63, 57, 8f, 3c, e4, af, 91]...
🗑️ MEST Delete: keyword='match', fid='spor_00000367' (key completely removed)
🗑️ MEST Delete: post-delete root_hash=[e3, b0, c4, 42, 98, fc, 1c, 14]...
🔧 MEST Add: keyword='match', fid='spor_00000401'
🔧 MEST Add: proof size=155 bytes, root_hash=[b6, aa, 67, 02, da, 03, 49, cb]...
🗑️ MEST Delete: keyword='match', fid='spor_00000401' (key completely removed)
🗑️ MEST Delete: post-delete root_hash=[e3, b0, c4, 42, 98, fc, 1c, 14]...
🔧 MEST Add: keyword='assignment', fid='educ_00000419'
🔧 MEST Add: proof size=160 bytes, root_hash=[ab, f8, 1b, bc, 2d, ac, 6f, 6e]...
🔧 MEST Add: keyword='assignment', fid='educ_00000419'
🔧 MEST Add: proof size=160 bytes, root_hash=[ab, f8, 1b, bc, 2d, ac, 6f, 6e]...
🗑️ MEST Delete: keyword='assignment', fid='educ_00000419' (key completely removed)
🗑️ MEST Delete: post-delete root_hash=[e3, b0, c4, 42, 98, fc, 1c, 14]...
🔧 MEST Add: keyword='match', fid='spor_00000448'
🔧 MEST Add: proof size=155 bytes, root_hash=[84, e8, 66, 40, d5, ac, e8, db]...
🔧 MEST Add: keyword='match', fid='spor_00000448'
🔧 MEST Add: proof size=155 bytes, root_hash=[84, e8, 66, 40, d5, ac, e8, db]...
🗑️ MEST Delete: keyword='match', fid='spor_00000448' (key completely removed)
🗑️ MEST Delete: post-delete root_hash=[e3, b0, c4, 42, 98, fc, 1c, 14]...
🔧 MEST Add: keyword='assignment', fid='educ_00000453'
🔧 MEST Add: proof size=160 bytes, root_hash=[26, 6b, ea, 79, 0d, ae, b4, b3]...
🔧 MEST Add: keyword='assignment', fid='educ_00000453'
🔧 MEST Add: proof size=160 bytes, root_hash=[26, 6b, ea, 79, 0d, ae, b4, b3]...
🗑️ MEST Delete: keyword='assignment', fid='educ_00000453' (key completely removed)
🗑️ MEST Delete: post-delete root_hash=[e3, b0, c4, 42, 98, fc, 1c, 14]...
🔧 MEST Add: keyword='assignment', fid='educ_00000476'
🔧 MEST Add: proof size=160 bytes, root_hash=[7a, 66, 17, ad, c9, 0a, da, 4e]...
🔧 MEST Add: keyword='assignment', fid='educ_00000476'
🔧 MEST Add: proof size=160 bytes, root_hash=[7a, 66, 17, ad, c9, 0a, da, 4e]...
🗑️ MEST Delete: keyword='assignment', fid='educ_00000476' (key completely removed)
🗑️ MEST Delete: post-delete root_hash=[e3, b0, c4, 42, 98, fc, 1c, 14]...
🔧 MEST Add: keyword='match', fid='spor_00000478'
🔧 MEST Add: proof size=155 bytes, root_hash=[7c, 73, 65, 51, 4d, 27, ce, b1]...
🔧 MEST Add: keyword='match', fid='spor_00000478'
🔧 MEST Add: proof size=155 bytes, root_hash=[7c, 73, 65, 51, 4d, 27, ce, b1]...
🗑️ MEST Delete: keyword='match', fid='spor_00000478' (key completely removed)
🗑️ MEST Delete: post-delete root_hash=[e3, b0, c4, 42, 98, fc, 1c, 14]...
🔧 MEST Add: keyword='assignment', fid='educ_00000482'
🔧 MEST Add: proof size=160 bytes, root_hash=[a0, 72, 0a, 7c, 78, 86, f1, e5]...
🗑️ MEST Delete: keyword='assignment', fid='educ_00000482' (key completely removed)
🗑️ MEST Delete: post-delete root_hash=[e3, b0, c4, 42, 98, fc, 1c, 14]...
🔧 MEST Add: keyword='assignment', fid='educ_00000492'
🔧 MEST Add: proof size=160 bytes, root_hash=[ea, 4b, 4d, 49, 4d, 80, ff, c5]...
🗑️ MEST Delete: keyword='assignment', fid='educ_00000492' (key completely removed)
🗑️ MEST Delete: post-delete root_hash=[e3, b0, c4, 42, 98, fc, 1c, 14]...
🔧 MEST Add: keyword='assignment', fid='educ_00000508'
🔧 MEST Add: proof size=160 bytes, root_hash=[97, 35, c4, 94, 4b, 59, be, 5a]...
🗑️ MEST Delete: keyword='assignment', fid='educ_00000508' (key completely removed)
🗑️ MEST Delete: post-delete root_hash=[e3, b0, c4, 42, 98, fc, 1c, 14]...
🔧 MEST Add: keyword='assignment', fid='educ_00000535'
🔧 MEST Add: proof size=160 bytes, root_hash=[99, 1c, 57, cc, 3c, 64, 2c, cd]...
🗑️ MEST Delete: keyword='assignment', fid='educ_00000535' (key completely removed)
🗑️ MEST Delete: post-delete root_hash=[e3, b0, c4, 42, 98, fc, 1c, 14]...
🔧 MEST Add: keyword='assignment', fid='educ_00000539'
🔧 MEST Add: proof size=160 bytes, root_hash=[ab, 85, 27, ca, 3e, ef, fd, 84]...
🔧 MEST Add: keyword='assignment', fid='educ_00000539'
🔧 MEST Add: proof size=160 bytes, root_hash=[ab, 85, 27, ca, 3e, ef, fd, 84]...
🗑️ MEST Delete: keyword='assignment', fid='educ_00000539' (key completely removed)
🗑️ MEST Delete: post-delete root_hash=[e3, b0, c4, 42, 98, fc, 1c, 14]...
🔧 MEST Add: keyword='assignment', fid='educ_00000547'
🔧 MEST Add: proof size=160 bytes, root_hash=[e6, 19, 86, 0b, a5, 26, de, 79]...
🔧 MEST Add: keyword='assignment', fid='educ_00000547'
🔧 MEST Add: proof size=160 bytes, root_hash=[e6, 19, 86, 0b, a5, 26, de, 79]...
🗑️ MEST Delete: keyword='assignment', fid='educ_00000547' (key completely removed)
🗑️ MEST Delete: post-delete root_hash=[e3, b0, c4, 42, 98, fc, 1c, 14]...
🔧 MEST Add: keyword='assignment', fid='educ_00000584'
🔧 MEST Add: proof size=160 bytes, root_hash=[0e, 18, 55, a9, 26, 7a, 44, 3c]...
🗑️ MEST Delete: keyword='assignment', fid='educ_00000584' (key completely removed)
🗑️ MEST Delete: post-delete root_hash=[e3, b0, c4, 42, 98, fc, 1c, 14]...
🔧 MEST Add: keyword='assignment', fid='educ_00000670'
🔧 MEST Add: proof size=160 bytes, root_hash=[ef, 27, 7a, 18, b5, b1, 5b, d5]...
🔧 MEST Add: keyword='assignment', fid='educ_00000670'
🔧 MEST Add: proof size=160 bytes, root_hash=[ef, 27, 7a, 18, b5, b1, 5b, d5]...
🗑️ MEST Delete: keyword='assignment', fid='educ_00000670' (key completely removed)
🗑️ MEST Delete: post-delete root_hash=[e3, b0, c4, 42, 98, fc, 1c, 14]...
🔧 MEST Add: keyword='assignment', fid='educ_00000674'
🔧 MEST Add: proof size=160 bytes, root_hash=[04, 80, 18, b2, 66, ae, 67, 5c]...
🗑️ MEST Delete: keyword='assignment', fid='educ_00000674' (key completely removed)
🗑️ MEST Delete: post-delete root_hash=[e3, b0, c4, 42, 98, fc, 1c, 14]...
🔧 MEST Add: keyword='assignment', fid='educ_00000696'
🔧 MEST Add: proof size=160 bytes, root_hash=[3f, 54, 0e, 43, 5c, ec, 9b, 9f]...
🔧 MEST Add: keyword='assignment', fid='educ_00000696'
🔧 MEST Add: proof size=160 bytes, root_hash=[3f, 54, 0e, 43, 5c, ec, 9b, 9f]...
🗑️ MEST Delete: keyword='assignment', fid='educ_00000696' (key completely removed)
🗑️ MEST Delete: post-delete root_hash=[e3, b0, c4, 42, 98, fc, 1c, 14]...
🔧 MEST Add: keyword='assignment', fid='educ_00000728'
🔧 MEST Add: proof size=160 bytes, root_hash=[1f, 03, 8d, 2d, 4f, dc, 2f, 84]...
🗑️ MEST Delete: keyword='assignment', fid='educ_00000728' (key completely removed)
🗑️ MEST Delete: post-delete root_hash=[e3, b0, c4, 42, 98, fc, 1c, 14]...
🔧 MEST Add: keyword='match', fid='spor_00000772'
🔧 MEST Add: proof size=155 bytes, root_hash=[da, 55, 21, 66, 85, d1, 17, 64]...
🗑️ MEST Delete: keyword='match', fid='spor_00000772' (key completely removed)
🗑️ MEST Delete: post-delete root_hash=[e3, b0, c4, 42, 98, fc, 1c, 14]...
🔧 MEST Add: keyword='assignment', fid='educ_00000901'
🔧 MEST Add: proof size=160 bytes, root_hash=[b7, 45, b4, da, d0, d7, 88, 42]...
🗑️ MEST Delete: keyword='assignment', fid='educ_00000901' (key completely removed)
🗑️ MEST Delete: post-delete root_hash=[e3, b0, c4, 42, 98, fc, 1c, 14]...
🔧 MEST Add: keyword='assignment', fid='educ_00000923'
🔧 MEST Add: proof size=160 bytes, root_hash=[fb, 34, 98, 5d, ae, 3c, b3, 60]...
🔧 MEST Add: keyword='assignment', fid='educ_00000923'
🔧 MEST Add: proof size=160 bytes, root_hash=[fb, 34, 98, 5d, ae, 3c, b3, 60]...
🗑️ MEST Delete: keyword='assignment', fid='educ_00000923' (key completely removed)
🗑️ MEST Delete: post-delete root_hash=[e3, b0, c4, 42, 98, fc, 1c, 14]...
🔧 MEST Add: keyword='match', fid='spor_00000927'
🔧 MEST Add: proof size=155 bytes, root_hash=[77, 7f, 7a, 81, 6e, d3, 49, 16]...
🗑️ MEST Delete: keyword='match', fid='spor_00000927' (key completely removed)
🗑️ MEST Delete: post-delete root_hash=[e3, b0, c4, 42, 98, fc, 1c, 14]...
🔧 MEST Add: keyword='assignment', fid='educ_00000961'
🔧 MEST Add: proof size=160 bytes, root_hash=[cf, 35, 7d, 52, 0f, df, c9, ea]...
🗑️ MEST Delete: keyword='assignment', fid='educ_00000961' (key completely removed)
🗑️ MEST Delete: post-delete root_hash=[e3, b0, c4, 42, 98, fc, 1c, 14]...
🔧 MEST Add: keyword='assignment', fid='educ_00000992'
🔧 MEST Add: proof size=160 bytes, root_hash=[cd, 21, 48, 18, e7, a6, 95, 90]...
🗑️ MEST Delete: keyword='assignment', fid='educ_00000992' (key completely removed)
🗑️ MEST Delete: post-delete root_hash=[e3, b0, c4, 42, 98, fc, 1c, 14]...
