warning: profiles for the non root package will be ignored, specify profiles at the workspace root:
package:   /root/distributed-storage-system/crates/storager/ads_lib/Cargo.toml
workspace: /root/distributed-storage-system/Cargo.toml
warning: value assigned to `is_change` is never read
   --> crates/storager/ads_lib/src/mpt/mpt.rs:256:21
    |
256 |             let mut is_change = false;
    |                     ^^^^^^^^^
    |
    = help: maybe it is overwritten before being read?
    = note: `#[warn(unused_assignments)]` on by default

warning: value assigned to `is_change` is never read
   --> crates/storager/ads_lib/src/mpt/mpt.rs:462:25
    |
462 |                 let mut is_change = false;
    |                         ^^^^^^^^^
    |
    = help: maybe it is overwritten before being read?

warning: unused variable: `had_value`
   --> crates/storager/ads_lib/src/mpt/mpt.rs:526:21
    |
526 |                 let had_value = !old_value_str.is_empty();
    |                     ^^^^^^^^^ help: if this is intentional, prefix it with an underscore: `_had_value`
    |
    = note: `#[warn(unused_variables)]` on by default

warning: associated functions `short_node_batch_fix` and `full_node_batch_fix` are never used
    --> crates/storager/ads_lib/src/mpt/mpt.rs:1743:8
     |
  50 | impl MPT {
     | -------- associated functions in this implementation
...
1743 |     fn short_node_batch_fix(node: Arc<RwLock<ShortNode>>) -> Result<(), MPTError> {
     |        ^^^^^^^^^^^^^^^^^^^^
...
1748 |     fn full_node_batch_fix(node: Arc<RwLock<FullNode>>) -> Result<(), MPTError> {
     |        ^^^^^^^^^^^^^^^^^^^
     |
     = note: `#[warn(dead_code)]` on by default

warning: function `hash_mgt_node` is never used
   --> crates/storager/ads_lib/src/mest/proof.rs:253:4
    |
253 | fn hash_mgt_node(children: &[[u8; 32]]) -> [u8; 32] {
    |    ^^^^^^^^^^^^^

warning: `ads_rust` (lib) generated 5 warnings
warning: unused variable: `acc_old`
   --> crates/common/src/verification.rs:721:13
    |
721 |         let acc_old = match G1Affine::deserialize_uncompressed(&proof[offset..offset + acc_old_len]) {
    |             ^^^^^^^ help: if this is intentional, prefix it with an underscore: `_acc_old`
    |
    = note: `#[warn(unused_variables)]` on by default

warning: `common` (lib) generated 1 warning
warning: unused imports: `Digest` and `Sha256`
   --> crates/storager/src/ads/acctrie_ads.rs:452:20
    |
452 |         use sha2::{Digest, Sha256};
    |                    ^^^^^^  ^^^^^^
    |
    = note: `#[warn(unused_imports)]` on by default

warning: `storager` (lib) generated 1 warning (run `cargo fix --lib -p storager` to apply 1 suggestion)
    Finished `release` profile [optimized] target(s) in 0.16s
     Running `target/release/storager 50103 mest`
🔧 MEST Add: keyword='cloud', fid='tech_00000007'
🔧 MEST Add: proof size=155 bytes, root_hash=[ac, f5, 33, 27, 80, 2c, bb, 4b]...
🔧 MEST Add: keyword='cloud', fid='tech_00000007'
🔧 MEST Add: proof size=155 bytes, root_hash=[ac, f5, 33, 27, 80, 2c, bb, 4b]...
🗑️ MEST Delete: keyword='cloud', fid='tech_00000007' (key completely removed)
🗑️ MEST Delete: post-delete root_hash=[e3, b0, c4, 42, 98, fc, 1c, 14]...
🔧 MEST Add: keyword='cloud', fid='tech_00000027'
🔧 MEST Add: proof size=155 bytes, root_hash=[d5, 3f, 4d, a8, a0, 68, 96, e6]...
🔧 MEST Add: keyword='cloud', fid='tech_00000027'
🔧 MEST Add: proof size=155 bytes, root_hash=[d5, 3f, 4d, a8, a0, 68, 96, e6]...
🗑️ MEST Delete: keyword='cloud', fid='tech_00000027' (key completely removed)
🗑️ MEST Delete: post-delete root_hash=[e3, b0, c4, 42, 98, fc, 1c, 14]...
🔧 MEST Add: keyword='cloud', fid='tech_00000056'
🔧 MEST Add: proof size=155 bytes, root_hash=[68, d2, 8c, cc, b3, 0a, 4d, 75]...
🔧 MEST Add: keyword='cloud', fid='tech_00000056'
🔧 MEST Add: proof size=155 bytes, root_hash=[68, d2, 8c, cc, b3, 0a, 4d, 75]...
🗑️ MEST Delete: keyword='cloud', fid='tech_00000056' (key completely removed)
🗑️ MEST Delete: post-delete root_hash=[e3, b0, c4, 42, 98, fc, 1c, 14]...
🔧 MEST Add: keyword='cloud', fid='tech_00000100'
🔧 MEST Add: proof size=155 bytes, root_hash=[89, 79, 9c, 01, 8c, c2, cd, f3]...
🗑️ MEST Delete: keyword='cloud', fid='tech_00000100' (key completely removed)
🗑️ MEST Delete: post-delete root_hash=[e3, b0, c4, 42, 98, fc, 1c, 14]...
🔧 MEST Add: keyword='cloud', fid='tech_00000197'
🔧 MEST Add: proof size=155 bytes, root_hash=[78, 8c, be, 28, 31, e1, f0, f1]...
🗑️ MEST Delete: keyword='cloud', fid='tech_00000197' (key completely removed)
🗑️ MEST Delete: post-delete root_hash=[e3, b0, c4, 42, 98, fc, 1c, 14]...
🔧 MEST Add: keyword='cloud', fid='tech_00000203'
🔧 MEST Add: proof size=155 bytes, root_hash=[ca, 17, ac, e4, 83, 6c, 92, bd]...
🔧 MEST Add: keyword='cloud', fid='tech_00000203'
🔧 MEST Add: proof size=155 bytes, root_hash=[ca, 17, ac, e4, 83, 6c, 92, bd]...
🗑️ MEST Delete: keyword='cloud', fid='tech_00000203' (key completely removed)
🗑️ MEST Delete: post-delete root_hash=[e3, b0, c4, 42, 98, fc, 1c, 14]...
🔧 MEST Add: keyword='cloud', fid='tech_00000274'
🔧 MEST Add: proof size=155 bytes, root_hash=[c1, 55, b1, d2, f2, f9, c9, 87]...
🔧 MEST Add: keyword='cloud', fid='tech_00000274'
🔧 MEST Add: proof size=155 bytes, root_hash=[c1, 55, b1, d2, f2, f9, c9, 87]...
🗑️ MEST Delete: keyword='cloud', fid='tech_00000274' (key completely removed)
🗑️ MEST Delete: post-delete root_hash=[e3, b0, c4, 42, 98, fc, 1c, 14]...
🔧 MEST Add: keyword='cloud', fid='tech_00000288'
🔧 MEST Add: proof size=155 bytes, root_hash=[15, 3a, 6e, 19, 48, b2, c7, 8c]...
🔧 MEST Add: keyword='cloud', fid='tech_00000288'
🔧 MEST Add: proof size=155 bytes, root_hash=[15, 3a, 6e, 19, 48, b2, c7, 8c]...
🗑️ MEST Delete: keyword='cloud', fid='tech_00000288' (key completely removed)
🗑️ MEST Delete: post-delete root_hash=[e3, b0, c4, 42, 98, fc, 1c, 14]...
🔧 MEST Add: keyword='cloud', fid='tech_00000386'
🔧 MEST Add: proof size=155 bytes, root_hash=[44, e4, bb, d5, e9, 42, 27, e3]...
🗑️ MEST Delete: keyword='cloud', fid='tech_00000386' (key completely removed)
🗑️ MEST Delete: post-delete root_hash=[e3, b0, c4, 42, 98, fc, 1c, 14]...
🔧 MEST Add: keyword='cloud', fid='tech_00000391'
🔧 MEST Add: proof size=155 bytes, root_hash=[ed, 8b, b8, d3, 61, d7, 2b, 1d]...
🗑️ MEST Delete: keyword='cloud', fid='tech_00000391' (key completely removed)
🗑️ MEST Delete: post-delete root_hash=[e3, b0, c4, 42, 98, fc, 1c, 14]...
🔧 MEST Add: keyword='cloud', fid='tech_00000397'
🔧 MEST Add: proof size=155 bytes, root_hash=[fe, d9, d0, 3c, e5, da, 8a, f9]...
🗑️ MEST Delete: keyword='cloud', fid='tech_00000397' (key completely removed)
🗑️ MEST Delete: post-delete root_hash=[e3, b0, c4, 42, 98, fc, 1c, 14]...
🔧 MEST Add: keyword='cloud', fid='tech_00000432'
🔧 MEST Add: proof size=155 bytes, root_hash=[57, 4e, e2, ec, 08, fc, 77, e0]...
🗑️ MEST Delete: keyword='cloud', fid='tech_00000432' (key completely removed)
🗑️ MEST Delete: post-delete root_hash=[e3, b0, c4, 42, 98, fc, 1c, 14]...
🔧 MEST Add: keyword='cloud', fid='tech_00000465'
🔧 MEST Add: proof size=155 bytes, root_hash=[50, 07, 8e, fc, 4f, 07, ad, 09]...
🗑️ MEST Delete: keyword='cloud', fid='tech_00000465' (key completely removed)
🗑️ MEST Delete: post-delete root_hash=[e3, b0, c4, 42, 98, fc, 1c, 14]...
🔧 MEST Add: keyword='cloud', fid='tech_00000493'
🔧 MEST Add: proof size=155 bytes, root_hash=[7a, ab, ed, cb, 56, 86, c4, 5f]...
🗑️ MEST Delete: keyword='cloud', fid='tech_00000493' (key completely removed)
🗑️ MEST Delete: post-delete root_hash=[e3, b0, c4, 42, 98, fc, 1c, 14]...
🔧 MEST Add: keyword='cloud', fid='tech_00000550'
🔧 MEST Add: proof size=155 bytes, root_hash=[21, 09, 44, 1e, 49, 41, c1, f2]...
🗑️ MEST Delete: keyword='cloud', fid='tech_00000550' (key completely removed)
🗑️ MEST Delete: post-delete root_hash=[e3, b0, c4, 42, 98, fc, 1c, 14]...
🔧 MEST Add: keyword='cloud', fid='tech_00000557'
🔧 MEST Add: proof size=155 bytes, root_hash=[1f, 67, 91, 13, 45, 9a, cd, 01]...
🗑️ MEST Delete: keyword='cloud', fid='tech_00000557' (key completely removed)
🗑️ MEST Delete: post-delete root_hash=[e3, b0, c4, 42, 98, fc, 1c, 14]...
🔧 MEST Add: keyword='cloud', fid='tech_00000599'
🔧 MEST Add: proof size=155 bytes, root_hash=[a0, b6, f3, 09, 3d, 83, 40, 35]...
🗑️ MEST Delete: keyword='cloud', fid='tech_00000599' (key completely removed)
🗑️ MEST Delete: post-delete root_hash=[e3, b0, c4, 42, 98, fc, 1c, 14]...
🔧 MEST Add: keyword='cloud', fid='tech_00000607'
🔧 MEST Add: proof size=155 bytes, root_hash=[c5, 0b, b3, 98, 3b, 33, f2, 28]...
🗑️ MEST Delete: keyword='cloud', fid='tech_00000607' (key completely removed)
🗑️ MEST Delete: post-delete root_hash=[e3, b0, c4, 42, 98, fc, 1c, 14]...
🔧 MEST Add: keyword='cloud', fid='tech_00000615'
🔧 MEST Add: proof size=155 bytes, root_hash=[59, bf, 98, 66, 0b, f1, 70, 3c]...
🗑️ MEST Delete: keyword='cloud', fid='tech_00000615' (key completely removed)
🗑️ MEST Delete: post-delete root_hash=[e3, b0, c4, 42, 98, fc, 1c, 14]...
🔧 MEST Add: keyword='cloud', fid='tech_00000634'
🔧 MEST Add: proof size=155 bytes, root_hash=[83, 2c, 67, cb, aa, 97, 17, 45]...
🗑️ MEST Delete: keyword='cloud', fid='tech_00000634' (key completely removed)
🗑️ MEST Delete: post-delete root_hash=[e3, b0, c4, 42, 98, fc, 1c, 14]...
🔧 MEST Add: keyword='cloud', fid='tech_00000680'
🔧 MEST Add: proof size=155 bytes, root_hash=[c8, 8e, 22, 30, 69, 6b, e8, 60]...
🗑️ MEST Delete: keyword='cloud', fid='tech_00000680' (key completely removed)
🗑️ MEST Delete: post-delete root_hash=[e3, b0, c4, 42, 98, fc, 1c, 14]...
🔧 MEST Add: keyword='cloud', fid='tech_00000692'
🔧 MEST Add: proof size=155 bytes, root_hash=[64, 75, 88, cf, 0c, b6, 4e, c9]...
🗑️ MEST Delete: keyword='cloud', fid='tech_00000692' (key completely removed)
🗑️ MEST Delete: post-delete root_hash=[e3, b0, c4, 42, 98, fc, 1c, 14]...
🔧 MEST Add: keyword='cloud', fid='tech_00000827'
🔧 MEST Add: proof size=155 bytes, root_hash=[2a, e6, 71, 2d, cd, ee, 1e, 82]...
🗑️ MEST Delete: keyword='cloud', fid='tech_00000827' (key completely removed)
🗑️ MEST Delete: post-delete root_hash=[e3, b0, c4, 42, 98, fc, 1c, 14]...
🔧 MEST Add: keyword='cloud', fid='tech_00000843'
🔧 MEST Add: proof size=155 bytes, root_hash=[eb, d1, 03, 85, 26, 33, 15, 83]...
🔧 MEST Add: keyword='cloud', fid='tech_00000843'
🔧 MEST Add: proof size=155 bytes, root_hash=[eb, d1, 03, 85, 26, 33, 15, 83]...
🗑️ MEST Delete: keyword='cloud', fid='tech_00000843' (key completely removed)
🗑️ MEST Delete: post-delete root_hash=[e3, b0, c4, 42, 98, fc, 1c, 14]...
🔧 MEST Add: keyword='cloud', fid='tech_00000905'
🔧 MEST Add: proof size=155 bytes, root_hash=[2e, ec, 3f, 1e, b7, 27, 3b, 15]...
🔧 MEST Add: keyword='cloud', fid='tech_00000905'
🔧 MEST Add: proof size=155 bytes, root_hash=[2e, ec, 3f, 1e, b7, 27, 3b, 15]...
🗑️ MEST Delete: keyword='cloud', fid='tech_00000905' (key completely removed)
🗑️ MEST Delete: post-delete root_hash=[e3, b0, c4, 42, 98, fc, 1c, 14]...
🔧 MEST Add: keyword='cloud', fid='tech_00000916'
🔧 MEST Add: proof size=155 bytes, root_hash=[90, 87, f9, fc, fb, ad, b3, 0f]...
🗑️ MEST Delete: keyword='cloud', fid='tech_00000916' (key completely removed)
🗑️ MEST Delete: post-delete root_hash=[e3, b0, c4, 42, 98, fc, 1c, 14]...
🔧 MEST Add: keyword='cloud', fid='tech_00000962'
🔧 MEST Add: proof size=155 bytes, root_hash=[dc, 52, bd, a8, 44, f5, ca, cb]...
🗑️ MEST Delete: keyword='cloud', fid='tech_00000962' (key completely removed)
🗑️ MEST Delete: post-delete root_hash=[e3, b0, c4, 42, 98, fc, 1c, 14]...
