warning: profiles for the non root package will be ignored, specify profiles at the workspace root:
package:   /root/distributed-storage-system/crates/storager/ads_lib/Cargo.toml
workspace: /root/distributed-storage-system/Cargo.toml
warning: value assigned to `is_change` is never read
   --> crates/storager/ads_lib/src/mpt/mpt.rs:256:21
    |
256 |             let mut is_change = false;
    |                     ^^^^^^^^^
    |
    = help: maybe it is overwritten before being read?
    = note: `#[warn(unused_assignments)]` on by default

warning: value assigned to `is_change` is never read
   --> crates/storager/ads_lib/src/mpt/mpt.rs:462:25
    |
462 |                 let mut is_change = false;
    |                         ^^^^^^^^^
    |
    = help: maybe it is overwritten before being read?

warning: unused variable: `had_value`
   --> crates/storager/ads_lib/src/mpt/mpt.rs:526:21
    |
526 |                 let had_value = !old_value_str.is_empty();
    |                     ^^^^^^^^^ help: if this is intentional, prefix it with an underscore: `_had_value`
    |
    = note: `#[warn(unused_variables)]` on by default

warning: associated functions `short_node_batch_fix` and `full_node_batch_fix` are never used
    --> crates/storager/ads_lib/src/mpt/mpt.rs:1743:8
     |
  50 | impl MPT {
     | -------- associated functions in this implementation
...
1743 |     fn short_node_batch_fix(node: Arc<RwLock<ShortNode>>) -> Result<(), MPTError> {
     |        ^^^^^^^^^^^^^^^^^^^^
...
1748 |     fn full_node_batch_fix(node: Arc<RwLock<FullNode>>) -> Result<(), MPTError> {
     |        ^^^^^^^^^^^^^^^^^^^
     |
     = note: `#[warn(dead_code)]` on by default

warning: function `hash_mgt_node` is never used
   --> crates/storager/ads_lib/src/mest/proof.rs:253:4
    |
253 | fn hash_mgt_node(children: &[[u8; 32]]) -> [u8; 32] {
    |    ^^^^^^^^^^^^^

warning: `ads_rust` (lib) generated 5 warnings
warning: unused variable: `acc_old`
   --> crates/common/src/verification.rs:721:13
    |
721 |         let acc_old = match G1Affine::deserialize_uncompressed(&proof[offset..offset + acc_old_len]) {
    |             ^^^^^^^ help: if this is intentional, prefix it with an underscore: `_acc_old`
    |
    = note: `#[warn(unused_variables)]` on by default

warning: `common` (lib) generated 1 warning
warning: unused imports: `Digest` and `Sha256`
   --> crates/storager/src/ads/acctrie_ads.rs:452:20
    |
452 |         use sha2::{Digest, Sha256};
    |                    ^^^^^^  ^^^^^^
    |
    = note: `#[warn(unused_imports)]` on by default

warning: `storager` (lib) generated 1 warning (run `cargo fix --lib -p storager` to apply 1 suggestion)
    Finished `release` profile [optimized] target(s) in 0.15s
     Running `target/release/storager 50144 mest`
🔧 MEST Add: keyword='medical', fid='heal_00000002'
🔧 MEST Add: proof size=157 bytes, root_hash=[ca, 4f, 14, 44, 85, bc, 3e, a5]...
🔧 MEST Add: keyword='medical', fid='heal_00000002'
🔧 MEST Add: proof size=157 bytes, root_hash=[ca, 4f, 14, 44, 85, bc, 3e, a5]...
🗑️ MEST Delete: keyword='medical', fid='heal_00000002' (key completely removed)
🗑️ MEST Delete: post-delete root_hash=[e3, b0, c4, 42, 98, fc, 1c, 14]...
🔧 MEST Add: keyword='recycling', fid='envi_00000021'
🔧 MEST Add: proof size=159 bytes, root_hash=[c7, a4, 62, 85, 58, 33, 1d, 0a]...
🗑️ MEST Delete: keyword='recycling', fid='envi_00000021' (key completely removed)
🗑️ MEST Delete: post-delete root_hash=[e3, b0, c4, 42, 98, fc, 1c, 14]...
🔧 MEST Add: keyword='medical', fid='heal_00000088'
🔧 MEST Add: proof size=157 bytes, root_hash=[35, f0, 19, c1, 69, 23, cf, aa]...
🗑️ MEST Delete: keyword='medical', fid='heal_00000088' (key completely removed)
🗑️ MEST Delete: post-delete root_hash=[e3, b0, c4, 42, 98, fc, 1c, 14]...
🔧 MEST Add: keyword='medical', fid='heal_00000193'
🔧 MEST Add: proof size=157 bytes, root_hash=[83, 91, a6, b3, f8, b5, 4a, 35]...
🗑️ MEST Delete: keyword='medical', fid='heal_00000193' (key completely removed)
🗑️ MEST Delete: post-delete root_hash=[e3, b0, c4, 42, 98, fc, 1c, 14]...
🔧 MEST Add: keyword='recycling', fid='envi_00000194'
🔧 MEST Add: proof size=159 bytes, root_hash=[c8, da, 9e, 3e, 1d, fa, d6, fd]...
🗑️ MEST Delete: keyword='recycling', fid='envi_00000194' (key completely removed)
🗑️ MEST Delete: post-delete root_hash=[e3, b0, c4, 42, 98, fc, 1c, 14]...
🔧 MEST Add: keyword='medical', fid='heal_00000195'
🔧 MEST Add: proof size=157 bytes, root_hash=[8a, 1f, e4, cf, 24, 7d, bf, 96]...
🔧 MEST Add: keyword='medical', fid='heal_00000195'
🔧 MEST Add: proof size=157 bytes, root_hash=[8a, 1f, e4, cf, 24, 7d, bf, 96]...
🗑️ MEST Delete: keyword='medical', fid='heal_00000195' (key completely removed)
🗑️ MEST Delete: post-delete root_hash=[e3, b0, c4, 42, 98, fc, 1c, 14]...
🔧 MEST Add: keyword='medical', fid='heal_00000204'
🔧 MEST Add: proof size=157 bytes, root_hash=[76, f7, 51, 6f, 5c, 1a, ad, b4]...
🗑️ MEST Delete: keyword='medical', fid='heal_00000204' (key completely removed)
🗑️ MEST Delete: post-delete root_hash=[e3, b0, c4, 42, 98, fc, 1c, 14]...
🔧 MEST Add: keyword='medical', fid='heal_00000235'
🔧 MEST Add: proof size=157 bytes, root_hash=[6e, 3d, 4b, ae, dc, d0, 07, 01]...
🗑️ MEST Delete: keyword='medical', fid='heal_00000235' (key completely removed)
🗑️ MEST Delete: post-delete root_hash=[e3, b0, c4, 42, 98, fc, 1c, 14]...
🔧 MEST Add: keyword='medical', fid='heal_00000317'
🔧 MEST Add: proof size=157 bytes, root_hash=[89, 26, 33, 01, 8d, 6a, 76, 29]...
🗑️ MEST Delete: keyword='medical', fid='heal_00000317' (key completely removed)
🗑️ MEST Delete: post-delete root_hash=[e3, b0, c4, 42, 98, fc, 1c, 14]...
🔧 MEST Add: keyword='medical', fid='heal_00000329'
🔧 MEST Add: proof size=157 bytes, root_hash=[fe, 67, 65, ff, 06, 36, 5e, 83]...
🔧 MEST Add: keyword='medical', fid='heal_00000329'
🔧 MEST Add: proof size=157 bytes, root_hash=[fe, 67, 65, ff, 06, 36, 5e, 83]...
🗑️ MEST Delete: keyword='medical', fid='heal_00000329' (key completely removed)
🗑️ MEST Delete: post-delete root_hash=[e3, b0, c4, 42, 98, fc, 1c, 14]...
🔧 MEST Add: keyword='medical', fid='heal_00000369'
🔧 MEST Add: proof size=157 bytes, root_hash=[82, 05, 4b, 61, ad, 9d, a2, 3c]...
🔧 MEST Add: keyword='medical', fid='heal_00000369'
🔧 MEST Add: proof size=157 bytes, root_hash=[82, 05, 4b, 61, ad, 9d, a2, 3c]...
🗑️ MEST Delete: keyword='medical', fid='heal_00000369' (key completely removed)
🗑️ MEST Delete: post-delete root_hash=[e3, b0, c4, 42, 98, fc, 1c, 14]...
🔧 MEST Add: keyword='recycling', fid='envi_00000421'
🔧 MEST Add: proof size=159 bytes, root_hash=[58, 24, ac, 5b, 75, aa, bf, fc]...
🗑️ MEST Delete: keyword='recycling', fid='envi_00000421' (key completely removed)
🗑️ MEST Delete: post-delete root_hash=[e3, b0, c4, 42, 98, fc, 1c, 14]...
🔧 MEST Add: keyword='medical', fid='heal_00000460'
🔧 MEST Add: proof size=157 bytes, root_hash=[ca, 5f, 51, 5d, 61, 3a, fe, 4e]...
🗑️ MEST Delete: keyword='medical', fid='heal_00000460' (key completely removed)
🗑️ MEST Delete: post-delete root_hash=[e3, b0, c4, 42, 98, fc, 1c, 14]...
🔧 MEST Add: keyword='recycling', fid='envi_00000516'
🔧 MEST Add: proof size=159 bytes, root_hash=[86, 3b, a8, 30, 41, ab, a7, a2]...
🔧 MEST Add: keyword='recycling', fid='envi_00000516'
🔧 MEST Add: proof size=159 bytes, root_hash=[86, 3b, a8, 30, 41, ab, a7, a2]...
🗑️ MEST Delete: keyword='recycling', fid='envi_00000516' (key completely removed)
🗑️ MEST Delete: post-delete root_hash=[e3, b0, c4, 42, 98, fc, 1c, 14]...
🔧 MEST Add: keyword='medical', fid='heal_00000563'
🔧 MEST Add: proof size=157 bytes, root_hash=[c8, 3e, ca, 36, 38, 4f, c1, 5e]...
🗑️ MEST Delete: keyword='medical', fid='heal_00000563' (key completely removed)
🗑️ MEST Delete: post-delete root_hash=[e3, b0, c4, 42, 98, fc, 1c, 14]...
🔧 MEST Add: keyword='medical', fid='heal_00000565'
🔧 MEST Add: proof size=157 bytes, root_hash=[5c, dc, 83, cc, cd, d8, 06, cd]...
🗑️ MEST Delete: keyword='medical', fid='heal_00000565' (key completely removed)
🗑️ MEST Delete: post-delete root_hash=[e3, b0, c4, 42, 98, fc, 1c, 14]...
🔧 MEST Add: keyword='recycling', fid='envi_00000570'
🔧 MEST Add: proof size=159 bytes, root_hash=[d6, d4, 64, 65, ca, 8d, 80, 6b]...
🔧 MEST Add: keyword='recycling', fid='envi_00000570'
🔧 MEST Add: proof size=159 bytes, root_hash=[d6, d4, 64, 65, ca, 8d, 80, 6b]...
🗑️ MEST Delete: keyword='recycling', fid='envi_00000570' (key completely removed)
🗑️ MEST Delete: post-delete root_hash=[e3, b0, c4, 42, 98, fc, 1c, 14]...
🔧 MEST Add: keyword='medical', fid='heal_00000593'
🔧 MEST Add: proof size=157 bytes, root_hash=[20, 55, 70, b9, 83, 91, 3f, e6]...
🔧 MEST Add: keyword='medical', fid='heal_00000593'
🔧 MEST Add: proof size=157 bytes, root_hash=[20, 55, 70, b9, 83, 91, 3f, e6]...
🗑️ MEST Delete: keyword='medical', fid='heal_00000593' (key completely removed)
🗑️ MEST Delete: post-delete root_hash=[e3, b0, c4, 42, 98, fc, 1c, 14]...
🔧 MEST Add: keyword='medical', fid='heal_00000609'
🔧 MEST Add: proof size=157 bytes, root_hash=[55, 12, cd, 1d, d6, cb, 9c, 5d]...
🗑️ MEST Delete: keyword='medical', fid='heal_00000609' (key completely removed)
🗑️ MEST Delete: post-delete root_hash=[e3, b0, c4, 42, 98, fc, 1c, 14]...
🔧 MEST Add: keyword='recycling', fid='envi_00000637'
🔧 MEST Add: proof size=159 bytes, root_hash=[d9, 4f, 0f, dc, 78, 0b, 46, 75]...
🗑️ MEST Delete: keyword='recycling', fid='envi_00000637' (key completely removed)
🗑️ MEST Delete: post-delete root_hash=[e3, b0, c4, 42, 98, fc, 1c, 14]...
🔧 MEST Add: keyword='medical', fid='heal_00000669'
🔧 MEST Add: proof size=157 bytes, root_hash=[e3, 2b, a1, 79, ed, b1, 90, 68]...
🔧 MEST Add: keyword='medical', fid='heal_00000669'
🔧 MEST Add: proof size=157 bytes, root_hash=[e3, 2b, a1, 79, ed, b1, 90, 68]...
🗑️ MEST Delete: keyword='medical', fid='heal_00000669' (key completely removed)
🗑️ MEST Delete: post-delete root_hash=[e3, b0, c4, 42, 98, fc, 1c, 14]...
🔧 MEST Add: keyword='recycling', fid='envi_00000678'
🔧 MEST Add: proof size=159 bytes, root_hash=[ab, d5, 26, 37, 45, 8f, 3b, 77]...
🔧 MEST Add: keyword='recycling', fid='envi_00000678'
🔧 MEST Add: proof size=159 bytes, root_hash=[ab, d5, 26, 37, 45, 8f, 3b, 77]...
🗑️ MEST Delete: keyword='recycling', fid='envi_00000678' (key completely removed)
🗑️ MEST Delete: post-delete root_hash=[e3, b0, c4, 42, 98, fc, 1c, 14]...
🔧 MEST Add: keyword='recycling', fid='envi_00000681'
🔧 MEST Add: proof size=159 bytes, root_hash=[74, e8, ff, 85, 4b, 32, 9e, 51]...
🗑️ MEST Delete: keyword='recycling', fid='envi_00000681' (key completely removed)
🗑️ MEST Delete: post-delete root_hash=[e3, b0, c4, 42, 98, fc, 1c, 14]...
🔧 MEST Add: keyword='recycling', fid='envi_00000686'
🔧 MEST Add: proof size=159 bytes, root_hash=[28, ce, 3e, 8a, d9, 9f, 31, 0b]...
🗑️ MEST Delete: keyword='recycling', fid='envi_00000686' (key completely removed)
🗑️ MEST Delete: post-delete root_hash=[e3, b0, c4, 42, 98, fc, 1c, 14]...
🔧 MEST Add: keyword='recycling', fid='envi_00000689'
🔧 MEST Add: proof size=159 bytes, root_hash=[b7, 79, 5a, 17, 63, a0, 6d, 0a]...
🗑️ MEST Delete: keyword='recycling', fid='envi_00000689' (key completely removed)
🗑️ MEST Delete: post-delete root_hash=[e3, b0, c4, 42, 98, fc, 1c, 14]...
🔧 MEST Add: keyword='medical', fid='heal_00000761'
🔧 MEST Add: proof size=157 bytes, root_hash=[0a, f0, ae, 27, 7a, bd, bd, 5a]...
🔧 MEST Add: keyword='medical', fid='heal_00000761'
🔧 MEST Add: proof size=157 bytes, root_hash=[0a, f0, ae, 27, 7a, bd, bd, 5a]...
🗑️ MEST Delete: keyword='medical', fid='heal_00000761' (key completely removed)
🗑️ MEST Delete: post-delete root_hash=[e3, b0, c4, 42, 98, fc, 1c, 14]...
🔧 MEST Add: keyword='recycling', fid='envi_00000800'
🔧 MEST Add: proof size=159 bytes, root_hash=[92, ac, 44, fc, aa, 46, 04, 16]...
🔧 MEST Add: keyword='recycling', fid='envi_00000800'
🔧 MEST Add: proof size=159 bytes, root_hash=[92, ac, 44, fc, aa, 46, 04, 16]...
🗑️ MEST Delete: keyword='recycling', fid='envi_00000800' (key completely removed)
🗑️ MEST Delete: post-delete root_hash=[e3, b0, c4, 42, 98, fc, 1c, 14]...
🔧 MEST Add: keyword='recycling', fid='envi_00000802'
🔧 MEST Add: proof size=159 bytes, root_hash=[fb, 8d, d6, fb, 9b, 9a, ad, 78]...
🗑️ MEST Delete: keyword='recycling', fid='envi_00000802' (key completely removed)
🗑️ MEST Delete: post-delete root_hash=[e3, b0, c4, 42, 98, fc, 1c, 14]...
🔧 MEST Add: keyword='recycling', fid='envi_00000806'
🔧 MEST Add: proof size=159 bytes, root_hash=[f3, 50, 37, 12, 6f, c0, ee, 91]...
🔧 MEST Add: keyword='recycling', fid='envi_00000806'
🔧 MEST Add: proof size=159 bytes, root_hash=[f3, 50, 37, 12, 6f, c0, ee, 91]...
🗑️ MEST Delete: keyword='recycling', fid='envi_00000806' (key completely removed)
🗑️ MEST Delete: post-delete root_hash=[e3, b0, c4, 42, 98, fc, 1c, 14]...
🔧 MEST Add: keyword='recycling', fid='envi_00000811'
🔧 MEST Add: proof size=159 bytes, root_hash=[4b, 47, 12, cf, 07, 22, 43, e2]...
🔧 MEST Add: keyword='recycling', fid='envi_00000811'
🔧 MEST Add: proof size=159 bytes, root_hash=[4b, 47, 12, cf, 07, 22, 43, e2]...
🗑️ MEST Delete: keyword='recycling', fid='envi_00000811' (key completely removed)
🗑️ MEST Delete: post-delete root_hash=[e3, b0, c4, 42, 98, fc, 1c, 14]...
🔧 MEST Add: keyword='medical', fid='heal_00000924'
🔧 MEST Add: proof size=157 bytes, root_hash=[87, a9, 3d, 79, 51, 18, 62, 43]...
🔧 MEST Add: keyword='medical', fid='heal_00000924'
🔧 MEST Add: proof size=157 bytes, root_hash=[87, a9, 3d, 79, 51, 18, 62, 43]...
🗑️ MEST Delete: keyword='medical', fid='heal_00000924' (key completely removed)
🗑️ MEST Delete: post-delete root_hash=[e3, b0, c4, 42, 98, fc, 1c, 14]...
🔧 MEST Add: keyword='medical', fid='heal_00000988'
🔧 MEST Add: proof size=157 bytes, root_hash=[dc, c8, 96, 3b, 45, 9c, 3e, ca]...
🔧 MEST Add: keyword='medical', fid='heal_00000988'
🔧 MEST Add: proof size=157 bytes, root_hash=[dc, c8, 96, 3b, 45, 9c, 3e, ca]...
🗑️ MEST Delete: keyword='medical', fid='heal_00000988' (key completely removed)
🗑️ MEST Delete: post-delete root_hash=[e3, b0, c4, 42, 98, fc, 1c, 14]...
