warning: profiles for the non root package will be ignored, specify profiles at the workspace root:
package:   /root/distributed-storage-system/crates/storager/ads_lib/Cargo.toml
workspace: /root/distributed-storage-system/Cargo.toml
warning: value assigned to `is_change` is never read
   --> crates/storager/ads_lib/src/mpt/mpt.rs:256:21
    |
256 |             let mut is_change = false;
    |                     ^^^^^^^^^
    |
    = help: maybe it is overwritten before being read?
    = note: `#[warn(unused_assignments)]` on by default

warning: value assigned to `is_change` is never read
   --> crates/storager/ads_lib/src/mpt/mpt.rs:462:25
    |
462 |                 let mut is_change = false;
    |                         ^^^^^^^^^
    |
    = help: maybe it is overwritten before being read?

warning: unused variable: `had_value`
   --> crates/storager/ads_lib/src/mpt/mpt.rs:526:21
    |
526 |                 let had_value = !old_value_str.is_empty();
    |                     ^^^^^^^^^ help: if this is intentional, prefix it with an underscore: `_had_value`
    |
    = note: `#[warn(unused_variables)]` on by default

warning: associated functions `short_node_batch_fix` and `full_node_batch_fix` are never used
    --> crates/storager/ads_lib/src/mpt/mpt.rs:1743:8
     |
  50 | impl MPT {
     | -------- associated functions in this implementation
...
1743 |     fn short_node_batch_fix(node: Arc<RwLock<ShortNode>>) -> Result<(), MPTError> {
     |        ^^^^^^^^^^^^^^^^^^^^
...
1748 |     fn full_node_batch_fix(node: Arc<RwLock<FullNode>>) -> Result<(), MPTError> {
     |        ^^^^^^^^^^^^^^^^^^^
     |
     = note: `#[warn(dead_code)]` on by default

warning: function `hash_mgt_node` is never used
   --> crates/storager/ads_lib/src/mest/proof.rs:253:4
    |
253 | fn hash_mgt_node(children: &[[u8; 32]]) -> [u8; 32] {
    |    ^^^^^^^^^^^^^

warning: `ads_rust` (lib) generated 5 warnings
warning: unused variable: `acc_old`
   --> crates/common/src/verification.rs:721:13
    |
721 |         let acc_old = match G1Affine::deserialize_uncompressed(&proof[offset..offset + acc_old_len]) {
    |             ^^^^^^^ help: if this is intentional, prefix it with an underscore: `_acc_old`
    |
    = note: `#[warn(unused_variables)]` on by default

warning: `common` (lib) generated 1 warning
warning: unused imports: `Digest` and `Sha256`
   --> crates/storager/src/ads/acctrie_ads.rs:452:20
    |
452 |         use sha2::{Digest, Sha256};
    |                    ^^^^^^  ^^^^^^
    |
    = note: `#[warn(unused_imports)]` on by default

warning: `storager` (lib) generated 1 warning (run `cargo fix --lib -p storager` to apply 1 suggestion)
    Finished `release` profile [optimized] target(s) in 0.15s
     Running `target/release/storager 50150 mest`
🔧 MEST Add: keyword='tennis', fid='spor_00000017'
🔧 MEST Add: proof size=156 bytes, root_hash=[4a, a9, 3e, 0b, 25, 98, 68, 49]...
🔧 MEST Add: keyword='tennis', fid='spor_00000017'
🔧 MEST Add: proof size=156 bytes, root_hash=[4a, a9, 3e, 0b, 25, 98, 68, 49]...
🗑️ MEST Delete: keyword='tennis', fid='spor_00000017' (key completely removed)
🗑️ MEST Delete: post-delete root_hash=[e3, b0, c4, 42, 98, fc, 1c, 14]...
🔧 MEST Add: keyword='tennis', fid='spor_00000035'
🔧 MEST Add: proof size=156 bytes, root_hash=[0b, 7b, 49, 0b, 1a, e1, 51, 05]...
🔧 MEST Add: keyword='tennis', fid='spor_00000035'
🔧 MEST Add: proof size=156 bytes, root_hash=[0b, 7b, 49, 0b, 1a, e1, 51, 05]...
🗑️ MEST Delete: keyword='tennis', fid='spor_00000035' (key completely removed)
🗑️ MEST Delete: post-delete root_hash=[e3, b0, c4, 42, 98, fc, 1c, 14]...
🔧 MEST Add: keyword='government', fid='news_00000097'
🔧 MEST Add: proof size=160 bytes, root_hash=[16, 8f, 5e, 87, 4e, c7, 70, de]...
🔧 MEST Add: keyword='government', fid='news_00000097'
🔧 MEST Add: proof size=160 bytes, root_hash=[16, 8f, 5e, 87, 4e, c7, 70, de]...
🗑️ MEST Delete: keyword='government', fid='news_00000097' (key completely removed)
🗑️ MEST Delete: post-delete root_hash=[e3, b0, c4, 42, 98, fc, 1c, 14]...
🔧 MEST Add: keyword='government', fid='news_00000105'
🔧 MEST Add: proof size=160 bytes, root_hash=[9f, 73, 1f, 8b, 80, aa, 0f, d3]...
🗑️ MEST Delete: keyword='government', fid='news_00000105' (key completely removed)
🗑️ MEST Delete: post-delete root_hash=[e3, b0, c4, 42, 98, fc, 1c, 14]...
🔧 MEST Add: keyword='government', fid='news_00000107'
🔧 MEST Add: proof size=160 bytes, root_hash=[0e, 73, 21, e5, cd, fa, d0, 60]...
🗑️ MEST Delete: keyword='government', fid='news_00000107' (key completely removed)
🗑️ MEST Delete: post-delete root_hash=[e3, b0, c4, 42, 98, fc, 1c, 14]...
🔧 MEST Add: keyword='government', fid='news_00000131'
🔧 MEST Add: proof size=160 bytes, root_hash=[c8, 6d, ee, fe, de, 33, 31, e9]...
🗑️ MEST Delete: keyword='government', fid='news_00000131' (key completely removed)
🗑️ MEST Delete: post-delete root_hash=[e3, b0, c4, 42, 98, fc, 1c, 14]...
🔧 MEST Add: keyword='government', fid='news_00000168'
🔧 MEST Add: proof size=160 bytes, root_hash=[fd, c5, 8d, d4, 74, 7f, fc, 02]...
🗑️ MEST Delete: keyword='government', fid='news_00000168' (key completely removed)
🗑️ MEST Delete: post-delete root_hash=[e3, b0, c4, 42, 98, fc, 1c, 14]...
🔧 MEST Add: keyword='government', fid='news_00000190'
🔧 MEST Add: proof size=160 bytes, root_hash=[bb, 24, 39, 57, 62, 6e, 6c, b2]...
🗑️ MEST Delete: keyword='government', fid='news_00000190' (key completely removed)
🗑️ MEST Delete: post-delete root_hash=[e3, b0, c4, 42, 98, fc, 1c, 14]...
🔧 MEST Add: keyword='tennis', fid='spor_00000206'
🔧 MEST Add: proof size=156 bytes, root_hash=[c8, f2, f1, cd, 5a, 0a, b2, e5]...
🔧 MEST Add: keyword='tennis', fid='spor_00000206'
🔧 MEST Add: proof size=156 bytes, root_hash=[c8, f2, f1, cd, 5a, 0a, b2, e5]...
🗑️ MEST Delete: keyword='tennis', fid='spor_00000206' (key completely removed)
🗑️ MEST Delete: post-delete root_hash=[e3, b0, c4, 42, 98, fc, 1c, 14]...
🔧 MEST Add: keyword='government', fid='news_00000207'
🔧 MEST Add: proof size=160 bytes, root_hash=[ec, 32, c8, 62, 96, 34, 9e, 52]...
🔧 MEST Add: keyword='government', fid='news_00000207'
🔧 MEST Add: proof size=160 bytes, root_hash=[ec, 32, c8, 62, 96, 34, 9e, 52]...
🗑️ MEST Delete: keyword='government', fid='news_00000207' (key completely removed)
🗑️ MEST Delete: post-delete root_hash=[e3, b0, c4, 42, 98, fc, 1c, 14]...
🔧 MEST Add: keyword='tennis', fid='spor_00000214'
🔧 MEST Add: proof size=156 bytes, root_hash=[c0, 7f, 33, dc, 3a, 00, 75, 87]...
🗑️ MEST Delete: keyword='tennis', fid='spor_00000214' (key completely removed)
🗑️ MEST Delete: post-delete root_hash=[e3, b0, c4, 42, 98, fc, 1c, 14]...
🔧 MEST Add: keyword='government', fid='news_00000261'
🔧 MEST Add: proof size=160 bytes, root_hash=[0e, cb, bd, 7f, 59, 8a, 5f, cc]...
🗑️ MEST Delete: keyword='government', fid='news_00000261' (key completely removed)
🗑️ MEST Delete: post-delete root_hash=[e3, b0, c4, 42, 98, fc, 1c, 14]...
🔧 MEST Add: keyword='government', fid='news_00000337'
🔧 MEST Add: proof size=160 bytes, root_hash=[a0, af, 4d, f7, aa, 3a, db, 50]...
🗑️ MEST Delete: keyword='government', fid='news_00000337' (key completely removed)
🗑️ MEST Delete: post-delete root_hash=[e3, b0, c4, 42, 98, fc, 1c, 14]...
🔧 MEST Add: keyword='government', fid='news_00000348'
🔧 MEST Add: proof size=160 bytes, root_hash=[01, b4, 84, 04, 7b, 83, 94, 3c]...
🔧 MEST Add: keyword='government', fid='news_00000348'
🔧 MEST Add: proof size=160 bytes, root_hash=[01, b4, 84, 04, 7b, 83, 94, 3c]...
🗑️ MEST Delete: keyword='government', fid='news_00000348' (key completely removed)
🗑️ MEST Delete: post-delete root_hash=[e3, b0, c4, 42, 98, fc, 1c, 14]...
🔧 MEST Add: keyword='government', fid='news_00000402'
🔧 MEST Add: proof size=160 bytes, root_hash=[ae, 76, b3, c8, 27, 99, 05, b5]...
🔧 MEST Add: keyword='government', fid='news_00000402'
🔧 MEST Add: proof size=160 bytes, root_hash=[ae, 76, b3, c8, 27, 99, 05, b5]...
🗑️ MEST Delete: keyword='government', fid='news_00000402' (key completely removed)
🗑️ MEST Delete: post-delete root_hash=[e3, b0, c4, 42, 98, fc, 1c, 14]...
🔧 MEST Add: keyword='government', fid='news_00000425'
🔧 MEST Add: proof size=160 bytes, root_hash=[1f, 6e, 08, 1b, 73, d1, 66, d1]...
🗑️ MEST Delete: keyword='government', fid='news_00000425' (key completely removed)
🗑️ MEST Delete: post-delete root_hash=[e3, b0, c4, 42, 98, fc, 1c, 14]...
🔧 MEST Add: keyword='government', fid='news_00000475'
🔧 MEST Add: proof size=160 bytes, root_hash=[8b, a3, 9a, 53, 4c, 6a, 37, 2e]...
🗑️ MEST Delete: keyword='government', fid='news_00000475' (key completely removed)
🗑️ MEST Delete: post-delete root_hash=[e3, b0, c4, 42, 98, fc, 1c, 14]...
🔧 MEST Add: keyword='government', fid='news_00000483'
🔧 MEST Add: proof size=160 bytes, root_hash=[b3, 21, e6, f3, 29, 2c, 19, a8]...
🗑️ MEST Delete: keyword='government', fid='news_00000483' (key completely removed)
🗑️ MEST Delete: post-delete root_hash=[e3, b0, c4, 42, 98, fc, 1c, 14]...
🔧 MEST Add: keyword='tennis', fid='spor_00000491'
🔧 MEST Add: proof size=156 bytes, root_hash=[4b, cb, c3, 20, dc, 2b, b3, ff]...
🗑️ MEST Delete: keyword='tennis', fid='spor_00000491' (key completely removed)
🗑️ MEST Delete: post-delete root_hash=[e3, b0, c4, 42, 98, fc, 1c, 14]...
🔧 MEST Add: keyword='tennis', fid='spor_00000501'
🔧 MEST Add: proof size=156 bytes, root_hash=[c1, c9, 94, 30, d6, ac, cd, 55]...
🔧 MEST Add: keyword='tennis', fid='spor_00000501'
🔧 MEST Add: proof size=156 bytes, root_hash=[c1, c9, 94, 30, d6, ac, cd, 55]...
🗑️ MEST Delete: keyword='tennis', fid='spor_00000501' (key completely removed)
🗑️ MEST Delete: post-delete root_hash=[e3, b0, c4, 42, 98, fc, 1c, 14]...
🔧 MEST Add: keyword='government', fid='news_00000658'
🔧 MEST Add: proof size=160 bytes, root_hash=[77, 6d, 85, 9a, c8, 56, 24, b6]...
🗑️ MEST Delete: keyword='government', fid='news_00000658' (key completely removed)
🗑️ MEST Delete: post-delete root_hash=[e3, b0, c4, 42, 98, fc, 1c, 14]...
🔧 MEST Add: keyword='government', fid='news_00000665'
🔧 MEST Add: proof size=160 bytes, root_hash=[a4, 65, ef, 1f, 7b, f8, 27, 77]...
🔧 MEST Add: keyword='government', fid='news_00000665'
🔧 MEST Add: proof size=160 bytes, root_hash=[a4, 65, ef, 1f, 7b, f8, 27, 77]...
🗑️ MEST Delete: keyword='government', fid='news_00000665' (key completely removed)
🗑️ MEST Delete: post-delete root_hash=[e3, b0, c4, 42, 98, fc, 1c, 14]...
🔧 MEST Add: keyword='government', fid='news_00000687'
🔧 MEST Add: proof size=160 bytes, root_hash=[e3, 7c, 8b, 15, 6a, 59, 4e, 1b]...
🗑️ MEST Delete: keyword='government', fid='news_00000687' (key completely removed)
🗑️ MEST Delete: post-delete root_hash=[e3, b0, c4, 42, 98, fc, 1c, 14]...
🔧 MEST Add: keyword='tennis', fid='spor_00000717'
🔧 MEST Add: proof size=156 bytes, root_hash=[b2, 18, 08, 5f, 28, 4e, 84, 53]...
🗑️ MEST Delete: keyword='tennis', fid='spor_00000717' (key completely removed)
🗑️ MEST Delete: post-delete root_hash=[e3, b0, c4, 42, 98, fc, 1c, 14]...
🔧 MEST Add: keyword='tennis', fid='spor_00000748'
🔧 MEST Add: proof size=156 bytes, root_hash=[a8, f7, 67, 02, 75, 86, fe, fe]...
🔧 MEST Add: keyword='tennis', fid='spor_00000748'
🔧 MEST Add: proof size=156 bytes, root_hash=[a8, f7, 67, 02, 75, 86, fe, fe]...
🗑️ MEST Delete: keyword='tennis', fid='spor_00000748' (key completely removed)
🗑️ MEST Delete: post-delete root_hash=[e3, b0, c4, 42, 98, fc, 1c, 14]...
🔧 MEST Add: keyword='tennis', fid='spor_00000779'
🔧 MEST Add: proof size=156 bytes, root_hash=[b1, 44, 46, de, b8, e0, 98, dd]...
🔧 MEST Add: keyword='tennis', fid='spor_00000779'
🔧 MEST Add: proof size=156 bytes, root_hash=[b1, 44, 46, de, b8, e0, 98, dd]...
🗑️ MEST Delete: keyword='tennis', fid='spor_00000779' (key completely removed)
🗑️ MEST Delete: post-delete root_hash=[e3, b0, c4, 42, 98, fc, 1c, 14]...
🔧 MEST Add: keyword='government', fid='news_00000788'
🔧 MEST Add: proof size=160 bytes, root_hash=[ef, d3, 69, 7d, 2a, ce, 40, cd]...
🔧 MEST Add: keyword='government', fid='news_00000788'
🔧 MEST Add: proof size=160 bytes, root_hash=[ef, d3, 69, 7d, 2a, ce, 40, cd]...
🗑️ MEST Delete: keyword='government', fid='news_00000788' (key completely removed)
🗑️ MEST Delete: post-delete root_hash=[e3, b0, c4, 42, 98, fc, 1c, 14]...
🔧 MEST Add: keyword='tennis', fid='spor_00000926'
🔧 MEST Add: proof size=156 bytes, root_hash=[09, e0, f4, 32, 86, 2f, 58, 36]...
🗑️ MEST Delete: keyword='tennis', fid='spor_00000926' (key completely removed)
🗑️ MEST Delete: post-delete root_hash=[e3, b0, c4, 42, 98, fc, 1c, 14]...
🔧 MEST Add: keyword='tennis', fid='spor_00000934'
🔧 MEST Add: proof size=156 bytes, root_hash=[ef, a1, 1e, d4, 13, 36, 6d, 73]...
🗑️ MEST Delete: keyword='tennis', fid='spor_00000934' (key completely removed)
🗑️ MEST Delete: post-delete root_hash=[e3, b0, c4, 42, 98, fc, 1c, 14]...
🔧 MEST Add: keyword='tennis', fid='spor_00000945'
🔧 MEST Add: proof size=156 bytes, root_hash=[ed, 3a, 38, 5a, 0d, e0, 7e, 47]...
🔧 MEST Add: keyword='tennis', fid='spor_00000945'
🔧 MEST Add: proof size=156 bytes, root_hash=[ed, 3a, 38, 5a, 0d, e0, 7e, 47]...
🗑️ MEST Delete: keyword='tennis', fid='spor_00000945' (key completely removed)
🗑️ MEST Delete: post-delete root_hash=[e3, b0, c4, 42, 98, fc, 1c, 14]...
🔧 MEST Add: keyword='government', fid='news_00000972'
🔧 MEST Add: proof size=160 bytes, root_hash=[44, 13, 59, 12, 60, 0b, fa, dd]...
🗑️ MEST Delete: keyword='government', fid='news_00000972' (key completely removed)
🗑️ MEST Delete: post-delete root_hash=[e3, b0, c4, 42, 98, fc, 1c, 14]...
