warning: profiles for the non root package will be ignored, specify profiles at the workspace root:
package:   /root/distributed-storage-system/crates/storager/ads_lib/Cargo.toml
workspace: /root/distributed-storage-system/Cargo.toml
warning: value assigned to `is_change` is never read
   --> crates/storager/ads_lib/src/mpt/mpt.rs:256:21
    |
256 |             let mut is_change = false;
    |                     ^^^^^^^^^
    |
    = help: maybe it is overwritten before being read?
    = note: `#[warn(unused_assignments)]` on by default

warning: value assigned to `is_change` is never read
   --> crates/storager/ads_lib/src/mpt/mpt.rs:462:25
    |
462 |                 let mut is_change = false;
    |                         ^^^^^^^^^
    |
    = help: maybe it is overwritten before being read?

warning: unused variable: `had_value`
   --> crates/storager/ads_lib/src/mpt/mpt.rs:526:21
    |
526 |                 let had_value = !old_value_str.is_empty();
    |                     ^^^^^^^^^ help: if this is intentional, prefix it with an underscore: `_had_value`
    |
    = note: `#[warn(unused_variables)]` on by default

warning: associated functions `short_node_batch_fix` and `full_node_batch_fix` are never used
    --> crates/storager/ads_lib/src/mpt/mpt.rs:1743:8
     |
  50 | impl MPT {
     | -------- associated functions in this implementation
...
1743 |     fn short_node_batch_fix(node: Arc<RwLock<ShortNode>>) -> Result<(), MPTError> {
     |        ^^^^^^^^^^^^^^^^^^^^
...
1748 |     fn full_node_batch_fix(node: Arc<RwLock<FullNode>>) -> Result<(), MPTError> {
     |        ^^^^^^^^^^^^^^^^^^^
     |
     = note: `#[warn(dead_code)]` on by default

warning: function `hash_mgt_node` is never used
   --> crates/storager/ads_lib/src/mest/proof.rs:253:4
    |
253 | fn hash_mgt_node(children: &[[u8; 32]]) -> [u8; 32] {
    |    ^^^^^^^^^^^^^

warning: `ads_rust` (lib) generated 5 warnings
warning: unused variable: `acc_old`
   --> crates/common/src/verification.rs:721:13
    |
721 |         let acc_old = match G1Affine::deserialize_uncompressed(&proof[offset..offset + acc_old_len]) {
    |             ^^^^^^^ help: if this is intentional, prefix it with an underscore: `_acc_old`
    |
    = note: `#[warn(unused_variables)]` on by default

warning: `common` (lib) generated 1 warning
warning: unused imports: `Digest` and `Sha256`
   --> crates/storager/src/ads/acctrie_ads.rs:452:20
    |
452 |         use sha2::{Digest, Sha256};
    |                    ^^^^^^  ^^^^^^
    |
    = note: `#[warn(unused_imports)]` on by default

warning: `storager` (lib) generated 1 warning (run `cargo fix --lib -p storager` to apply 1 suggestion)
    Finished `release` profile [optimized] target(s) in 0.15s
     Running `target/release/storager 50127 mest`
🔧 MEST Add: keyword='customer', fid='busi_00000004'
🔧 MEST Add: proof size=158 bytes, root_hash=[83, 87, d3, ee, fe, 18, 40, 48]...
🗑️ MEST Delete: keyword='customer', fid='busi_00000004' (key completely removed)
🗑️ MEST Delete: post-delete root_hash=[e3, b0, c4, 42, 98, fc, 1c, 14]...
🔧 MEST Add: keyword='customer', fid='busi_00000028'
🔧 MEST Add: proof size=158 bytes, root_hash=[a2, d8, d0, 53, 20, 3b, d3, 9e]...
🔧 MEST Add: keyword='customer', fid='busi_00000028'
🔧 MEST Add: proof size=158 bytes, root_hash=[a2, d8, d0, 53, 20, 3b, d3, 9e]...
🗑️ MEST Delete: keyword='customer', fid='busi_00000028' (key completely removed)
🗑️ MEST Delete: post-delete root_hash=[e3, b0, c4, 42, 98, fc, 1c, 14]...
🔧 MEST Add: keyword='customer', fid='busi_00000061'
🔧 MEST Add: proof size=158 bytes, root_hash=[bc, a5, da, c7, 05, f3, ed, 4e]...
🗑️ MEST Delete: keyword='customer', fid='busi_00000061' (key completely removed)
🗑️ MEST Delete: post-delete root_hash=[e3, b0, c4, 42, 98, fc, 1c, 14]...
🔧 MEST Add: keyword='scholarship', fid='educ_00000074'
🔧 MEST Add: proof size=161 bytes, root_hash=[51, 09, 87, 38, 75, a5, bd, b2]...
🗑️ MEST Delete: keyword='scholarship', fid='educ_00000074' (key completely removed)
🗑️ MEST Delete: post-delete root_hash=[e3, b0, c4, 42, 98, fc, 1c, 14]...
🔧 MEST Add: keyword='scholarship', fid='educ_00000081'
🔧 MEST Add: proof size=161 bytes, root_hash=[c3, 74, 82, 5d, 01, 86, 53, d2]...
🔧 MEST Add: keyword='scholarship', fid='educ_00000081'
🔧 MEST Add: proof size=161 bytes, root_hash=[c3, 74, 82, 5d, 01, 86, 53, d2]...
🗑️ MEST Delete: keyword='scholarship', fid='educ_00000081' (key completely removed)
🗑️ MEST Delete: post-delete root_hash=[e3, b0, c4, 42, 98, fc, 1c, 14]...
🔧 MEST Add: keyword='customer', fid='busi_00000115'
🔧 MEST Add: proof size=158 bytes, root_hash=[91, 31, f7, 00, e3, 6f, d7, 36]...
🗑️ MEST Delete: keyword='customer', fid='busi_00000115' (key completely removed)
🗑️ MEST Delete: post-delete root_hash=[e3, b0, c4, 42, 98, fc, 1c, 14]...
🔧 MEST Add: keyword='scholarship', fid='educ_00000140'
🔧 MEST Add: proof size=161 bytes, root_hash=[fb, 11, ed, 92, 62, fc, b9, 1f]...
🔧 MEST Add: keyword='scholarship', fid='educ_00000140'
🔧 MEST Add: proof size=161 bytes, root_hash=[fb, 11, ed, 92, 62, fc, b9, 1f]...
🗑️ MEST Delete: keyword='scholarship', fid='educ_00000140' (key completely removed)
🗑️ MEST Delete: post-delete root_hash=[e3, b0, c4, 42, 98, fc, 1c, 14]...
🔧 MEST Add: keyword='customer', fid='busi_00000180'
🔧 MEST Add: proof size=158 bytes, root_hash=[ff, 79, 52, 19, 8f, 69, 6c, 30]...
🗑️ MEST Delete: keyword='customer', fid='busi_00000180' (key completely removed)
🗑️ MEST Delete: post-delete root_hash=[e3, b0, c4, 42, 98, fc, 1c, 14]...
🔧 MEST Add: keyword='scholarship', fid='educ_00000184'
🔧 MEST Add: proof size=161 bytes, root_hash=[c2, 2c, c5, 4a, 2e, 3d, 9b, 60]...
🔧 MEST Add: keyword='scholarship', fid='educ_00000184'
🔧 MEST Add: proof size=161 bytes, root_hash=[c2, 2c, c5, 4a, 2e, 3d, 9b, 60]...
🗑️ MEST Delete: keyword='scholarship', fid='educ_00000184' (key completely removed)
🗑️ MEST Delete: post-delete root_hash=[e3, b0, c4, 42, 98, fc, 1c, 14]...
🔧 MEST Add: keyword='customer', fid='busi_00000211'
🔧 MEST Add: proof size=158 bytes, root_hash=[00, 33, db, ee, ad, ae, 2d, c2]...
🔧 MEST Add: keyword='customer', fid='busi_00000211'
🔧 MEST Add: proof size=158 bytes, root_hash=[00, 33, db, ee, ad, ae, 2d, c2]...
🗑️ MEST Delete: keyword='customer', fid='busi_00000211' (key completely removed)
🗑️ MEST Delete: post-delete root_hash=[e3, b0, c4, 42, 98, fc, 1c, 14]...
🔧 MEST Add: keyword='customer', fid='busi_00000232'
🔧 MEST Add: proof size=158 bytes, root_hash=[6e, 72, d4, 6f, 34, fb, 03, cc]...
🔧 MEST Add: keyword='customer', fid='busi_00000232'
🔧 MEST Add: proof size=158 bytes, root_hash=[6e, 72, d4, 6f, 34, fb, 03, cc]...
🗑️ MEST Delete: keyword='customer', fid='busi_00000232' (key completely removed)
🗑️ MEST Delete: post-delete root_hash=[e3, b0, c4, 42, 98, fc, 1c, 14]...
🔧 MEST Add: keyword='customer', fid='busi_00000237'
🔧 MEST Add: proof size=158 bytes, root_hash=[f2, 3f, 56, 72, 87, 8c, c3, b9]...
🔧 MEST Add: keyword='customer', fid='busi_00000237'
🔧 MEST Add: proof size=158 bytes, root_hash=[f2, 3f, 56, 72, 87, 8c, c3, b9]...
🗑️ MEST Delete: keyword='customer', fid='busi_00000237' (key completely removed)
🗑️ MEST Delete: post-delete root_hash=[e3, b0, c4, 42, 98, fc, 1c, 14]...
🔧 MEST Add: keyword='customer', fid='busi_00000264'
🔧 MEST Add: proof size=158 bytes, root_hash=[23, f6, 04, e4, d5, a4, 65, e5]...
🗑️ MEST Delete: keyword='customer', fid='busi_00000264' (key completely removed)
🗑️ MEST Delete: post-delete root_hash=[e3, b0, c4, 42, 98, fc, 1c, 14]...
🔧 MEST Add: keyword='scholarship', fid='educ_00000269'
🔧 MEST Add: proof size=161 bytes, root_hash=[68, b8, 5a, b1, 15, 08, fa, d1]...
🗑️ MEST Delete: keyword='scholarship', fid='educ_00000269' (key completely removed)
🗑️ MEST Delete: post-delete root_hash=[e3, b0, c4, 42, 98, fc, 1c, 14]...
🔧 MEST Add: keyword='customer', fid='busi_00000356'
🔧 MEST Add: proof size=158 bytes, root_hash=[4a, 2b, f6, 38, d0, db, e0, ca]...
🔧 MEST Add: keyword='customer', fid='busi_00000356'
🔧 MEST Add: proof size=158 bytes, root_hash=[4a, 2b, f6, 38, d0, db, e0, ca]...
🗑️ MEST Delete: keyword='customer', fid='busi_00000356' (key completely removed)
🗑️ MEST Delete: post-delete root_hash=[e3, b0, c4, 42, 98, fc, 1c, 14]...
🔧 MEST Add: keyword='scholarship', fid='educ_00000374'
🔧 MEST Add: proof size=161 bytes, root_hash=[ab, 43, d7, a5, 8e, 56, 88, 43]...
🔧 MEST Add: keyword='scholarship', fid='educ_00000374'
🔧 MEST Add: proof size=161 bytes, root_hash=[ab, 43, d7, a5, 8e, 56, 88, 43]...
🗑️ MEST Delete: keyword='scholarship', fid='educ_00000374' (key completely removed)
🗑️ MEST Delete: post-delete root_hash=[e3, b0, c4, 42, 98, fc, 1c, 14]...
🔧 MEST Add: keyword='scholarship', fid='educ_00000399'
🔧 MEST Add: proof size=161 bytes, root_hash=[dd, 0b, 37, a4, 28, 22, 94, c0]...
🗑️ MEST Delete: keyword='scholarship', fid='educ_00000399' (key completely removed)
🗑️ MEST Delete: post-delete root_hash=[e3, b0, c4, 42, 98, fc, 1c, 14]...
🔧 MEST Add: keyword='scholarship', fid='educ_00000407'
🔧 MEST Add: proof size=161 bytes, root_hash=[8a, 8b, d5, 5a, 09, 63, c7, 41]...
🗑️ MEST Delete: keyword='scholarship', fid='educ_00000407' (key completely removed)
🗑️ MEST Delete: post-delete root_hash=[e3, b0, c4, 42, 98, fc, 1c, 14]...
🔧 MEST Add: keyword='scholarship', fid='educ_00000507'
🔧 MEST Add: proof size=161 bytes, root_hash=[21, 94, 0c, c5, 37, d6, be, 7a]...
🔧 MEST Add: keyword='scholarship', fid='educ_00000507'
🔧 MEST Add: proof size=161 bytes, root_hash=[21, 94, 0c, c5, 37, d6, be, 7a]...
🗑️ MEST Delete: keyword='scholarship', fid='educ_00000507' (key completely removed)
🗑️ MEST Delete: post-delete root_hash=[e3, b0, c4, 42, 98, fc, 1c, 14]...
🔧 MEST Add: keyword='customer', fid='busi_00000518'
🔧 MEST Add: proof size=158 bytes, root_hash=[ae, 48, 4f, 3b, ea, 90, f7, 08]...
🔧 MEST Add: keyword='customer', fid='busi_00000518'
🔧 MEST Add: proof size=158 bytes, root_hash=[ae, 48, 4f, 3b, ea, 90, f7, 08]...
🗑️ MEST Delete: keyword='customer', fid='busi_00000518' (key completely removed)
🗑️ MEST Delete: post-delete root_hash=[e3, b0, c4, 42, 98, fc, 1c, 14]...
🔧 MEST Add: keyword='scholarship', fid='educ_00000535'
🔧 MEST Add: proof size=161 bytes, root_hash=[99, 1c, 57, cc, 3c, 64, 2c, cd]...
🔧 MEST Add: keyword='scholarship', fid='educ_00000535'
🔧 MEST Add: proof size=161 bytes, root_hash=[99, 1c, 57, cc, 3c, 64, 2c, cd]...
🗑️ MEST Delete: keyword='scholarship', fid='educ_00000535' (key completely removed)
🗑️ MEST Delete: post-delete root_hash=[e3, b0, c4, 42, 98, fc, 1c, 14]...
🔧 MEST Add: keyword='scholarship', fid='educ_00000558'
🔧 MEST Add: proof size=161 bytes, root_hash=[78, e1, 9a, 93, 81, d9, 1a, 7e]...
🔧 MEST Add: keyword='scholarship', fid='educ_00000558'
🔧 MEST Add: proof size=161 bytes, root_hash=[78, e1, 9a, 93, 81, d9, 1a, 7e]...
🗑️ MEST Delete: keyword='scholarship', fid='educ_00000558' (key completely removed)
🗑️ MEST Delete: post-delete root_hash=[e3, b0, c4, 42, 98, fc, 1c, 14]...
🔧 MEST Add: keyword='scholarship', fid='educ_00000579'
🔧 MEST Add: proof size=161 bytes, root_hash=[ac, c1, 6e, 69, b5, 9d, 1f, 71]...
🔧 MEST Add: keyword='scholarship', fid='educ_00000579'
🔧 MEST Add: proof size=161 bytes, root_hash=[ac, c1, 6e, 69, b5, 9d, 1f, 71]...
🗑️ MEST Delete: keyword='scholarship', fid='educ_00000579' (key completely removed)
🗑️ MEST Delete: post-delete root_hash=[e3, b0, c4, 42, 98, fc, 1c, 14]...
🔧 MEST Add: keyword='customer', fid='busi_00000606'
🔧 MEST Add: proof size=158 bytes, root_hash=[4c, 40, c8, 88, c3, 41, 14, 70]...
🔧 MEST Add: keyword='customer', fid='busi_00000606'
🔧 MEST Add: proof size=158 bytes, root_hash=[4c, 40, c8, 88, c3, 41, 14, 70]...
🗑️ MEST Delete: keyword='customer', fid='busi_00000606' (key completely removed)
🗑️ MEST Delete: post-delete root_hash=[e3, b0, c4, 42, 98, fc, 1c, 14]...
🔧 MEST Add: keyword='scholarship', fid='educ_00000645'
🔧 MEST Add: proof size=161 bytes, root_hash=[f8, fe, cb, 08, b5, fc, 14, f4]...
🔧 MEST Add: keyword='scholarship', fid='educ_00000645'
🔧 MEST Add: proof size=161 bytes, root_hash=[f8, fe, cb, 08, b5, fc, 14, f4]...
🗑️ MEST Delete: keyword='scholarship', fid='educ_00000645' (key completely removed)
🗑️ MEST Delete: post-delete root_hash=[e3, b0, c4, 42, 98, fc, 1c, 14]...
🔧 MEST Add: keyword='scholarship', fid='educ_00000674'
🔧 MEST Add: proof size=161 bytes, root_hash=[04, 80, 18, b2, 66, ae, 67, 5c]...
🔧 MEST Add: keyword='scholarship', fid='educ_00000674'
🔧 MEST Add: proof size=161 bytes, root_hash=[04, 80, 18, b2, 66, ae, 67, 5c]...
🗑️ MEST Delete: keyword='scholarship', fid='educ_00000674' (key completely removed)
🗑️ MEST Delete: post-delete root_hash=[e3, b0, c4, 42, 98, fc, 1c, 14]...
🔧 MEST Add: keyword='customer', fid='busi_00000693'
🔧 MEST Add: proof size=158 bytes, root_hash=[c0, e6, 07, 24, b5, 73, 6f, b3]...
🗑️ MEST Delete: keyword='customer', fid='busi_00000693' (key completely removed)
🗑️ MEST Delete: post-delete root_hash=[e3, b0, c4, 42, 98, fc, 1c, 14]...
🔧 MEST Add: keyword='customer', fid='busi_00000715'
🔧 MEST Add: proof size=158 bytes, root_hash=[e8, 7e, 56, 29, 6e, 15, 87, b5]...
🔧 MEST Add: keyword='customer', fid='busi_00000715'
🔧 MEST Add: proof size=158 bytes, root_hash=[e8, 7e, 56, 29, 6e, 15, 87, b5]...
🗑️ MEST Delete: keyword='customer', fid='busi_00000715' (key completely removed)
🗑️ MEST Delete: post-delete root_hash=[e3, b0, c4, 42, 98, fc, 1c, 14]...
🔧 MEST Add: keyword='scholarship', fid='educ_00000733'
🔧 MEST Add: proof size=161 bytes, root_hash=[76, e2, d4, da, d4, e8, d5, ad]...
🔧 MEST Add: keyword='scholarship', fid='educ_00000733'
🔧 MEST Add: proof size=161 bytes, root_hash=[76, e2, d4, da, d4, e8, d5, ad]...
🗑️ MEST Delete: keyword='scholarship', fid='educ_00000733' (key completely removed)
🗑️ MEST Delete: post-delete root_hash=[e3, b0, c4, 42, 98, fc, 1c, 14]...
🔧 MEST Add: keyword='customer', fid='busi_00000762'
🔧 MEST Add: proof size=158 bytes, root_hash=[52, c1, 45, 83, f8, 87, 57, 72]...
🗑️ MEST Delete: keyword='customer', fid='busi_00000762' (key completely removed)
🗑️ MEST Delete: post-delete root_hash=[e3, b0, c4, 42, 98, fc, 1c, 14]...
🔧 MEST Add: keyword='customer', fid='busi_00000781'
🔧 MEST Add: proof size=158 bytes, root_hash=[b2, 07, fb, f4, 67, 95, 7f, 42]...
🔧 MEST Add: keyword='customer', fid='busi_00000781'
🔧 MEST Add: proof size=158 bytes, root_hash=[b2, 07, fb, f4, 67, 95, 7f, 42]...
🗑️ MEST Delete: keyword='customer', fid='busi_00000781' (key completely removed)
🗑️ MEST Delete: post-delete root_hash=[e3, b0, c4, 42, 98, fc, 1c, 14]...
🔧 MEST Add: keyword='customer', fid='busi_00000841'
🔧 MEST Add: proof size=158 bytes, root_hash=[d8, 65, 28, 53, b0, d5, 62, dc]...
🔧 MEST Add: keyword='customer', fid='busi_00000841'
🔧 MEST Add: proof size=158 bytes, root_hash=[d8, 65, 28, 53, b0, d5, 62, dc]...
🗑️ MEST Delete: keyword='customer', fid='busi_00000841' (key completely removed)
🗑️ MEST Delete: post-delete root_hash=[e3, b0, c4, 42, 98, fc, 1c, 14]...
🔧 MEST Add: keyword='scholarship', fid='educ_00000847'
🔧 MEST Add: proof size=161 bytes, root_hash=[9a, 28, a4, dd, 8e, 40, 1c, 80]...
🔧 MEST Add: keyword='scholarship', fid='educ_00000847'
🔧 MEST Add: proof size=161 bytes, root_hash=[9a, 28, a4, dd, 8e, 40, 1c, 80]...
🗑️ MEST Delete: keyword='scholarship', fid='educ_00000847' (key completely removed)
🗑️ MEST Delete: post-delete root_hash=[e3, b0, c4, 42, 98, fc, 1c, 14]...
🔧 MEST Add: keyword='customer', fid='busi_00000848'
🔧 MEST Add: proof size=158 bytes, root_hash=[7d, df, 15, 0c, 02, 84, b7, 3c]...
🗑️ MEST Delete: keyword='customer', fid='busi_00000848' (key completely removed)
🗑️ MEST Delete: post-delete root_hash=[e3, b0, c4, 42, 98, fc, 1c, 14]...
🔧 MEST Add: keyword='scholarship', fid='educ_00000920'
🔧 MEST Add: proof size=161 bytes, root_hash=[4f, cd, 63, 88, b1, 87, e7, 24]...
🗑️ MEST Delete: keyword='scholarship', fid='educ_00000920' (key completely removed)
🗑️ MEST Delete: post-delete root_hash=[e3, b0, c4, 42, 98, fc, 1c, 14]...
🔧 MEST Add: keyword='scholarship', fid='educ_00000937'
🔧 MEST Add: proof size=161 bytes, root_hash=[3f, 03, 98, cb, dd, 85, 8f, 3c]...
🗑️ MEST Delete: keyword='scholarship', fid='educ_00000937' (key completely removed)
🗑️ MEST Delete: post-delete root_hash=[e3, b0, c4, 42, 98, fc, 1c, 14]...
🔧 MEST Add: keyword='scholarship', fid='educ_00000955'
🔧 MEST Add: proof size=161 bytes, root_hash=[f2, a6, 75, 69, 45, 69, e2, 58]...
🔧 MEST Add: keyword='scholarship', fid='educ_00000955'
🔧 MEST Add: proof size=161 bytes, root_hash=[f2, a6, 75, 69, 45, 69, e2, 58]...
🗑️ MEST Delete: keyword='scholarship', fid='educ_00000955' (key completely removed)
🗑️ MEST Delete: post-delete root_hash=[e3, b0, c4, 42, 98, fc, 1c, 14]...
🔧 MEST Add: keyword='customer', fid='busi_00000980'
🔧 MEST Add: proof size=158 bytes, root_hash=[32, 4d, 5f, 28, 96, 77, 94, a8]...
🔧 MEST Add: keyword='customer', fid='busi_00000980'
🔧 MEST Add: proof size=158 bytes, root_hash=[32, 4d, 5f, 28, 96, 77, 94, a8]...
🗑️ MEST Delete: keyword='customer', fid='busi_00000980' (key completely removed)
🗑️ MEST Delete: post-delete root_hash=[e3, b0, c4, 42, 98, fc, 1c, 14]...
🔧 MEST Add: keyword='customer', fid='busi_00000982'
🔧 MEST Add: proof size=158 bytes, root_hash=[6c, c2, ce, fd, a1, 9a, 03, 66]...
🗑️ MEST Delete: keyword='customer', fid='busi_00000982' (key completely removed)
🗑️ MEST Delete: post-delete root_hash=[e3, b0, c4, 42, 98, fc, 1c, 14]...
🔧 MEST Add: keyword='scholarship', fid='educ_00000990'
🔧 MEST Add: proof size=161 bytes, root_hash=[0e, b3, 4e, a9, ee, 69, e2, f9]...
🔧 MEST Add: keyword='scholarship', fid='educ_00000990'
🔧 MEST Add: proof size=161 bytes, root_hash=[0e, b3, 4e, a9, ee, 69, e2, f9]...
🗑️ MEST Delete: keyword='scholarship', fid='educ_00000990' (key completely removed)
🗑️ MEST Delete: post-delete root_hash=[e3, b0, c4, 42, 98, fc, 1c, 14]...
🔧 MEST Add: keyword='customer', fid='busi_00000991'
🔧 MEST Add: proof size=158 bytes, root_hash=[f3, 27, 68, 6c, c2, e7, bc, 08]...
🗑️ MEST Delete: keyword='customer', fid='busi_00000991' (key completely removed)
🗑️ MEST Delete: post-delete root_hash=[e3, b0, c4, 42, 98, fc, 1c, 14]...
🔧 MEST Add: keyword='scholarship', fid='educ_00000992'
🔧 MEST Add: proof size=161 bytes, root_hash=[cd, 21, 48, 18, e7, a6, 95, 90]...
🔧 MEST Add: keyword='scholarship', fid='educ_00000992'
🔧 MEST Add: proof size=161 bytes, root_hash=[cd, 21, 48, 18, e7, a6, 95, 90]...
🗑️ MEST Delete: keyword='scholarship', fid='educ_00000992' (key completely removed)
🗑️ MEST Delete: post-delete root_hash=[e3, b0, c4, 42, 98, fc, 1c, 14]...
