warning: profiles for the non root package will be ignored, specify profiles at the workspace root:
package:   /root/distributed-storage-system/crates/storager/ads_lib/Cargo.toml
workspace: /root/distributed-storage-system/Cargo.toml
warning: value assigned to `is_change` is never read
   --> crates/storager/ads_lib/src/mpt/mpt.rs:256:21
    |
256 |             let mut is_change = false;
    |                     ^^^^^^^^^
    |
    = help: maybe it is overwritten before being read?
    = note: `#[warn(unused_assignments)]` on by default

warning: value assigned to `is_change` is never read
   --> crates/storager/ads_lib/src/mpt/mpt.rs:462:25
    |
462 |                 let mut is_change = false;
    |                         ^^^^^^^^^
    |
    = help: maybe it is overwritten before being read?

warning: unused variable: `had_value`
   --> crates/storager/ads_lib/src/mpt/mpt.rs:526:21
    |
526 |                 let had_value = !old_value_str.is_empty();
    |                     ^^^^^^^^^ help: if this is intentional, prefix it with an underscore: `_had_value`
    |
    = note: `#[warn(unused_variables)]` on by default

warning: associated functions `short_node_batch_fix` and `full_node_batch_fix` are never used
    --> crates/storager/ads_lib/src/mpt/mpt.rs:1743:8
     |
  50 | impl MPT {
     | -------- associated functions in this implementation
...
1743 |     fn short_node_batch_fix(node: Arc<RwLock<ShortNode>>) -> Result<(), MPTError> {
     |        ^^^^^^^^^^^^^^^^^^^^
...
1748 |     fn full_node_batch_fix(node: Arc<RwLock<FullNode>>) -> Result<(), MPTError> {
     |        ^^^^^^^^^^^^^^^^^^^
     |
     = note: `#[warn(dead_code)]` on by default

warning: function `hash_mgt_node` is never used
   --> crates/storager/ads_lib/src/mest/proof.rs:253:4
    |
253 | fn hash_mgt_node(children: &[[u8; 32]]) -> [u8; 32] {
    |    ^^^^^^^^^^^^^

warning: `ads_rust` (lib) generated 5 warnings
warning: unused variable: `acc_old`
   --> crates/common/src/verification.rs:721:13
    |
721 |         let acc_old = match G1Affine::deserialize_uncompressed(&proof[offset..offset + acc_old_len]) {
    |             ^^^^^^^ help: if this is intentional, prefix it with an underscore: `_acc_old`
    |
    = note: `#[warn(unused_variables)]` on by default

warning: `common` (lib) generated 1 warning
warning: unused imports: `Digest` and `Sha256`
   --> crates/storager/src/ads/acctrie_ads.rs:452:20
    |
452 |         use sha2::{Digest, Sha256};
    |                    ^^^^^^  ^^^^^^
    |
    = note: `#[warn(unused_imports)]` on by default

warning: `storager` (lib) generated 1 warning (run `cargo fix --lib -p storager` to apply 1 suggestion)
    Finished `release` profile [optimized] target(s) in 0.15s
     Running `target/release/storager 50108 mest`
🔧 MEST Add: keyword='investment', fid='busi_00000065'
🔧 MEST Add: proof size=160 bytes, root_hash=[8e, a9, 40, 17, 82, c9, b6, ab]...
🗑️ MEST Delete: keyword='investment', fid='busi_00000065' (key completely removed)
🗑️ MEST Delete: post-delete root_hash=[e3, b0, c4, 42, 98, fc, 1c, 14]...
🔧 MEST Add: keyword='investment', fid='busi_00000067'
🔧 MEST Add: proof size=160 bytes, root_hash=[29, 4e, 32, 0d, b0, 86, 29, 22]...
🔧 MEST Add: keyword='investment', fid='busi_00000067'
🔧 MEST Add: proof size=160 bytes, root_hash=[29, 4e, 32, 0d, b0, 86, 29, 22]...
🗑️ MEST Delete: keyword='investment', fid='busi_00000067' (key completely removed)
🗑️ MEST Delete: post-delete root_hash=[e3, b0, c4, 42, 98, fc, 1c, 14]...
🔧 MEST Add: keyword='investment', fid='busi_00000120'
🔧 MEST Add: proof size=160 bytes, root_hash=[94, 37, 6a, 2c, 0a, 75, 25, c4]...
🔧 MEST Add: keyword='investment', fid='busi_00000120'
🔧 MEST Add: proof size=160 bytes, root_hash=[94, 37, 6a, 2c, 0a, 75, 25, c4]...
🗑️ MEST Delete: keyword='investment', fid='busi_00000120' (key completely removed)
🗑️ MEST Delete: post-delete root_hash=[e3, b0, c4, 42, 98, fc, 1c, 14]...
🔧 MEST Add: keyword='investment', fid='busi_00000133'
🔧 MEST Add: proof size=160 bytes, root_hash=[72, f2, 35, 6b, 87, ac, 6c, a3]...
🗑️ MEST Delete: keyword='investment', fid='busi_00000133' (key completely removed)
🗑️ MEST Delete: post-delete root_hash=[e3, b0, c4, 42, 98, fc, 1c, 14]...
🔧 MEST Add: keyword='investment', fid='busi_00000173'
🔧 MEST Add: proof size=160 bytes, root_hash=[0f, 3f, 76, 23, b5, 18, 87, 5a]...
🔧 MEST Add: keyword='investment', fid='busi_00000173'
🔧 MEST Add: proof size=160 bytes, root_hash=[0f, 3f, 76, 23, b5, 18, 87, 5a]...
🗑️ MEST Delete: keyword='investment', fid='busi_00000173' (key completely removed)
🗑️ MEST Delete: post-delete root_hash=[e3, b0, c4, 42, 98, fc, 1c, 14]...
🔧 MEST Add: keyword='investment', fid='busi_00000224'
🔧 MEST Add: proof size=160 bytes, root_hash=[65, 25, c1, d9, 09, d6, a6, a6]...
🔧 MEST Add: keyword='investment', fid='busi_00000224'
🔧 MEST Add: proof size=160 bytes, root_hash=[65, 25, c1, d9, 09, d6, a6, a6]...
🗑️ MEST Delete: keyword='investment', fid='busi_00000224' (key completely removed)
🗑️ MEST Delete: post-delete root_hash=[e3, b0, c4, 42, 98, fc, 1c, 14]...
🔧 MEST Add: keyword='investment', fid='busi_00000248'
🔧 MEST Add: proof size=160 bytes, root_hash=[2a, 40, de, c7, f0, 4a, e3, 74]...
🔧 MEST Add: keyword='investment', fid='busi_00000248'
🔧 MEST Add: proof size=160 bytes, root_hash=[2a, 40, de, c7, f0, 4a, e3, 74]...
🗑️ MEST Delete: keyword='investment', fid='busi_00000248' (key completely removed)
🗑️ MEST Delete: post-delete root_hash=[e3, b0, c4, 42, 98, fc, 1c, 14]...
🔧 MEST Add: keyword='investment', fid='busi_00000330'
🔧 MEST Add: proof size=160 bytes, root_hash=[93, 1e, 60, 1c, 0e, 05, 50, a2]...
🔧 MEST Add: keyword='investment', fid='busi_00000330'
🔧 MEST Add: proof size=160 bytes, root_hash=[93, 1e, 60, 1c, 0e, 05, 50, a2]...
🗑️ MEST Delete: keyword='investment', fid='busi_00000330' (key completely removed)
🗑️ MEST Delete: post-delete root_hash=[e3, b0, c4, 42, 98, fc, 1c, 14]...
🔧 MEST Add: keyword='investment', fid='busi_00000404'
🔧 MEST Add: proof size=160 bytes, root_hash=[3e, 6d, 28, 89, ed, a9, 46, b7]...
🗑️ MEST Delete: keyword='investment', fid='busi_00000404' (key completely removed)
🗑️ MEST Delete: post-delete root_hash=[e3, b0, c4, 42, 98, fc, 1c, 14]...
🔧 MEST Add: keyword='investment', fid='busi_00000520'
🔧 MEST Add: proof size=160 bytes, root_hash=[db, 8f, ae, 00, 6f, 9d, d6, 1d]...
🗑️ MEST Delete: keyword='investment', fid='busi_00000520' (key completely removed)
🗑️ MEST Delete: post-delete root_hash=[e3, b0, c4, 42, 98, fc, 1c, 14]...
🔧 MEST Add: keyword='investment', fid='busi_00000578'
🔧 MEST Add: proof size=160 bytes, root_hash=[b6, d8, 60, f5, 80, 22, 91, 4c]...
🗑️ MEST Delete: keyword='investment', fid='busi_00000578' (key completely removed)
🗑️ MEST Delete: post-delete root_hash=[e3, b0, c4, 42, 98, fc, 1c, 14]...
🔧 MEST Add: keyword='investment', fid='busi_00000642'
🔧 MEST Add: proof size=160 bytes, root_hash=[60, 5e, 6c, c5, 06, 4d, 67, 2e]...
🔧 MEST Add: keyword='investment', fid='busi_00000642'
🔧 MEST Add: proof size=160 bytes, root_hash=[60, 5e, 6c, c5, 06, 4d, 67, 2e]...
🗑️ MEST Delete: keyword='investment', fid='busi_00000642' (key completely removed)
🗑️ MEST Delete: post-delete root_hash=[e3, b0, c4, 42, 98, fc, 1c, 14]...
🔧 MEST Add: keyword='investment', fid='busi_00000762'
🔧 MEST Add: proof size=160 bytes, root_hash=[52, c1, 45, 83, f8, 87, 57, 72]...
🗑️ MEST Delete: keyword='investment', fid='busi_00000762' (key completely removed)
🗑️ MEST Delete: post-delete root_hash=[e3, b0, c4, 42, 98, fc, 1c, 14]...
🔧 MEST Add: keyword='investment', fid='busi_00000781'
🔧 MEST Add: proof size=160 bytes, root_hash=[b2, 07, fb, f4, 67, 95, 7f, 42]...
🗑️ MEST Delete: keyword='investment', fid='busi_00000781' (key completely removed)
🗑️ MEST Delete: post-delete root_hash=[e3, b0, c4, 42, 98, fc, 1c, 14]...
🔧 MEST Add: keyword='investment', fid='busi_00000837'
🔧 MEST Add: proof size=160 bytes, root_hash=[dd, 4a, 42, 36, 33, ab, a0, ba]...
🔧 MEST Add: keyword='investment', fid='busi_00000837'
🔧 MEST Add: proof size=160 bytes, root_hash=[dd, 4a, 42, 36, 33, ab, a0, ba]...
🗑️ MEST Delete: keyword='investment', fid='busi_00000837' (key completely removed)
🗑️ MEST Delete: post-delete root_hash=[e3, b0, c4, 42, 98, fc, 1c, 14]...
🔧 MEST Add: keyword='investment', fid='busi_00000869'
🔧 MEST Add: proof size=160 bytes, root_hash=[61, 15, 43, 3b, c2, a8, 4b, b1]...
🔧 MEST Add: keyword='investment', fid='busi_00000869'
🔧 MEST Add: proof size=160 bytes, root_hash=[61, 15, 43, 3b, c2, a8, 4b, b1]...
🗑️ MEST Delete: keyword='investment', fid='busi_00000869' (key completely removed)
🗑️ MEST Delete: post-delete root_hash=[e3, b0, c4, 42, 98, fc, 1c, 14]...
🔧 MEST Add: keyword='investment', fid='busi_00000874'
🔧 MEST Add: proof size=160 bytes, root_hash=[b4, 80, e0, 2b, 40, 6a, 8a, 68]...
🔧 MEST Add: keyword='investment', fid='busi_00000874'
🔧 MEST Add: proof size=160 bytes, root_hash=[b4, 80, e0, 2b, 40, 6a, 8a, 68]...
🗑️ MEST Delete: keyword='investment', fid='busi_00000874' (key completely removed)
🗑️ MEST Delete: post-delete root_hash=[e3, b0, c4, 42, 98, fc, 1c, 14]...
🔧 MEST Add: keyword='investment', fid='busi_00000894'
🔧 MEST Add: proof size=160 bytes, root_hash=[f7, 8f, 35, f8, e1, cf, 7a, 59]...
🗑️ MEST Delete: keyword='investment', fid='busi_00000894' (key completely removed)
🗑️ MEST Delete: post-delete root_hash=[e3, b0, c4, 42, 98, fc, 1c, 14]...
🔧 MEST Add: keyword='investment', fid='busi_00000912'
🔧 MEST Add: proof size=160 bytes, root_hash=[4b, 78, ff, a4, 2e, c3, 57, 4b]...
🗑️ MEST Delete: keyword='investment', fid='busi_00000912' (key completely removed)
🗑️ MEST Delete: post-delete root_hash=[e3, b0, c4, 42, 98, fc, 1c, 14]...
🔧 MEST Add: keyword='investment', fid='busi_00000930'
🔧 MEST Add: proof size=160 bytes, root_hash=[56, 5c, 49, 18, 02, a7, a2, 00]...
🔧 MEST Add: keyword='investment', fid='busi_00000930'
🔧 MEST Add: proof size=160 bytes, root_hash=[56, 5c, 49, 18, 02, a7, a2, 00]...
🗑️ MEST Delete: keyword='investment', fid='busi_00000930' (key completely removed)
🗑️ MEST Delete: post-delete root_hash=[e3, b0, c4, 42, 98, fc, 1c, 14]...
🔧 MEST Add: keyword='investment', fid='busi_00000969'
🔧 MEST Add: proof size=160 bytes, root_hash=[7b, 93, 0d, 27, 74, 8d, 4a, 5f]...
🔧 MEST Add: keyword='investment', fid='busi_00000969'
🔧 MEST Add: proof size=160 bytes, root_hash=[7b, 93, 0d, 27, 74, 8d, 4a, 5f]...
🗑️ MEST Delete: keyword='investment', fid='busi_00000969' (key completely removed)
🗑️ MEST Delete: post-delete root_hash=[e3, b0, c4, 42, 98, fc, 1c, 14]...
