warning: profiles for the non root package will be ignored, specify profiles at the workspace root:
package:   /root/distributed-storage-system/crates/storager/ads_lib/Cargo.toml
workspace: /root/distributed-storage-system/Cargo.toml
warning: value assigned to `is_change` is never read
   --> crates/storager/ads_lib/src/mpt/mpt.rs:256:21
    |
256 |             let mut is_change = false;
    |                     ^^^^^^^^^
    |
    = help: maybe it is overwritten before being read?
    = note: `#[warn(unused_assignments)]` on by default

warning: value assigned to `is_change` is never read
   --> crates/storager/ads_lib/src/mpt/mpt.rs:462:25
    |
462 |                 let mut is_change = false;
    |                         ^^^^^^^^^
    |
    = help: maybe it is overwritten before being read?

warning: unused variable: `had_value`
   --> crates/storager/ads_lib/src/mpt/mpt.rs:526:21
    |
526 |                 let had_value = !old_value_str.is_empty();
    |                     ^^^^^^^^^ help: if this is intentional, prefix it with an underscore: `_had_value`
    |
    = note: `#[warn(unused_variables)]` on by default

warning: associated functions `short_node_batch_fix` and `full_node_batch_fix` are never used
    --> crates/storager/ads_lib/src/mpt/mpt.rs:1743:8
     |
  50 | impl MPT {
     | -------- associated functions in this implementation
...
1743 |     fn short_node_batch_fix(node: Arc<RwLock<ShortNode>>) -> Result<(), MPTError> {
     |        ^^^^^^^^^^^^^^^^^^^^
...
1748 |     fn full_node_batch_fix(node: Arc<RwLock<FullNode>>) -> Result<(), MPTError> {
     |        ^^^^^^^^^^^^^^^^^^^
     |
     = note: `#[warn(dead_code)]` on by default

warning: function `hash_mgt_node` is never used
   --> crates/storager/ads_lib/src/mest/proof.rs:253:4
    |
253 | fn hash_mgt_node(children: &[[u8; 32]]) -> [u8; 32] {
    |    ^^^^^^^^^^^^^

warning: `ads_rust` (lib) generated 5 warnings
warning: unused variable: `acc_old`
   --> crates/common/src/verification.rs:721:13
    |
721 |         let acc_old = match G1Affine::deserialize_uncompressed(&proof[offset..offset + acc_old_len]) {
    |             ^^^^^^^ help: if this is intentional, prefix it with an underscore: `_acc_old`
    |
    = note: `#[warn(unused_variables)]` on by default

warning: `common` (lib) generated 1 warning
warning: unused imports: `Digest` and `Sha256`
   --> crates/storager/src/ads/acctrie_ads.rs:452:20
    |
452 |         use sha2::{Digest, Sha256};
    |                    ^^^^^^  ^^^^^^
    |
    = note: `#[warn(unused_imports)]` on by default

warning: `storager` (lib) generated 1 warning (run `cargo fix --lib -p storager` to apply 1 suggestion)
    Finished `release` profile [optimized] target(s) in 0.15s
     Running `target/release/storager 50102 mest`
🔧 MEST Add: keyword='entertainment', fid='ente_00000012'
🔧 MEST Add: proof size=163 bytes, root_hash=[58, 1a, ec, c6, 57, ea, 13, 9b]...
🔍 MEST Query: keyword='entertainment', found 1 fids
🔍 MEST Query: returning proof (163 bytes)
🗑️ MEST Delete: keyword='entertainment', fid='ente_00000012' (key completely removed)
🗑️ MEST Delete: post-delete root_hash=[e3, b0, c4, 42, 98, fc, 1c, 14]...
🗑️ MEST Delete: keyword='entertainment', fid='ente_00000012' (key completely removed)
🗑️ MEST Delete: post-delete root_hash=[e3, b0, c4, 42, 98, fc, 1c, 14]...
🔧 MEST Add: keyword='entertainment', fid='ente_00000025'
🔧 MEST Add: proof size=163 bytes, root_hash=[8a, c5, 74, bb, 9f, 3f, d3, 6f]...
🔍 MEST Query: keyword='entertainment', found 1 fids
🔍 MEST Query: returning proof (163 bytes)
🗑️ MEST Delete: keyword='entertainment', fid='ente_00000025' (key completely removed)
🗑️ MEST Delete: post-delete root_hash=[e3, b0, c4, 42, 98, fc, 1c, 14]...
🗑️ MEST Delete: keyword='entertainment', fid='ente_00000025' (key completely removed)
🗑️ MEST Delete: post-delete root_hash=[e3, b0, c4, 42, 98, fc, 1c, 14]...
🔧 MEST Add: keyword='entertainment', fid='ente_00000029'
🔧 MEST Add: proof size=163 bytes, root_hash=[93, f0, 7e, 22, 60, b9, 3c, ec]...
🔍 MEST Query: keyword='entertainment', found 1 fids
🔍 MEST Query: returning proof (163 bytes)
🗑️ MEST Delete: keyword='entertainment', fid='ente_00000029' (key completely removed)
🗑️ MEST Delete: post-delete root_hash=[e3, b0, c4, 42, 98, fc, 1c, 14]...
🗑️ MEST Delete: keyword='entertainment', fid='ente_00000029' (key completely removed)
🗑️ MEST Delete: post-delete root_hash=[e3, b0, c4, 42, 98, fc, 1c, 14]...
🔧 MEST Add: keyword='entertainment', fid='ente_00000032'
🔧 MEST Add: proof size=163 bytes, root_hash=[ec, dc, 37, ec, 59, e4, bf, b5]...
🔍 MEST Query: keyword='entertainment', found 1 fids
🔍 MEST Query: returning proof (163 bytes)
🗑️ MEST Delete: keyword='entertainment', fid='ente_00000032' (key completely removed)
🗑️ MEST Delete: post-delete root_hash=[e3, b0, c4, 42, 98, fc, 1c, 14]...
🗑️ MEST Delete: keyword='entertainment', fid='ente_00000032' (key completely removed)
🗑️ MEST Delete: post-delete root_hash=[e3, b0, c4, 42, 98, fc, 1c, 14]...
🔧 MEST Add: keyword='entertainment', fid='ente_00000037'
🔧 MEST Add: proof size=163 bytes, root_hash=[6e, 33, a7, 08, 2e, ef, da, 12]...
🔍 MEST Query: keyword='entertainment', found 1 fids
🔍 MEST Query: returning proof (163 bytes)
🗑️ MEST Delete: keyword='entertainment', fid='ente_00000037' (key completely removed)
🗑️ MEST Delete: post-delete root_hash=[e3, b0, c4, 42, 98, fc, 1c, 14]...
🗑️ MEST Delete: keyword='entertainment', fid='ente_00000037' (key completely removed)
🗑️ MEST Delete: post-delete root_hash=[e3, b0, c4, 42, 98, fc, 1c, 14]...
🔧 MEST Add: keyword='shopping', fid='life_00000052'
🔧 MEST Add: proof size=158 bytes, root_hash=[1d, 10, 5a, 43, bc, 3a, 5d, 2c]...
🔧 MEST Add: keyword='shopping', fid='life_00000052'
🔧 MEST Add: proof size=158 bytes, root_hash=[1d, 10, 5a, 43, bc, 3a, 5d, 2c]...
🗑️ MEST Delete: keyword='shopping', fid='life_00000052' (key completely removed)
🗑️ MEST Delete: post-delete root_hash=[e3, b0, c4, 42, 98, fc, 1c, 14]...
🔧 MEST Add: keyword='shopping', fid='life_00000066'
🔧 MEST Add: proof size=158 bytes, root_hash=[2f, 6f, 61, 0d, 6f, 6a, 86, ca]...
🗑️ MEST Delete: keyword='shopping', fid='life_00000066' (key completely removed)
🗑️ MEST Delete: post-delete root_hash=[e3, b0, c4, 42, 98, fc, 1c, 14]...
🔧 MEST Add: keyword='shopping', fid='life_00000070'
🔧 MEST Add: proof size=158 bytes, root_hash=[11, e4, 48, 4a, 6f, 9d, d4, 5e]...
🔧 MEST Add: keyword='shopping', fid='life_00000070'
🔧 MEST Add: proof size=158 bytes, root_hash=[11, e4, 48, 4a, 6f, 9d, d4, 5e]...
🗑️ MEST Delete: keyword='shopping', fid='life_00000070' (key completely removed)
🗑️ MEST Delete: post-delete root_hash=[e3, b0, c4, 42, 98, fc, 1c, 14]...
🔧 MEST Add: keyword='entertainment', fid='ente_00000075'
🔧 MEST Add: proof size=163 bytes, root_hash=[3a, 0b, b0, fe, 42, 15, 7b, 56]...
🔍 MEST Query: keyword='entertainment', found 1 fids
🔍 MEST Query: returning proof (163 bytes)
🗑️ MEST Delete: keyword='entertainment', fid='ente_00000075' (key completely removed)
🗑️ MEST Delete: post-delete root_hash=[e3, b0, c4, 42, 98, fc, 1c, 14]...
🗑️ MEST Delete: keyword='entertainment', fid='ente_00000075' (key completely removed)
🗑️ MEST Delete: post-delete root_hash=[e3, b0, c4, 42, 98, fc, 1c, 14]...
🔧 MEST Add: keyword='entertainment', fid='ente_00000078'
🔧 MEST Add: proof size=163 bytes, root_hash=[03, 3a, be, 63, bf, f7, e6, 84]...
🔍 MEST Query: keyword='entertainment', found 1 fids
🔍 MEST Query: returning proof (163 bytes)
🗑️ MEST Delete: keyword='entertainment', fid='ente_00000078' (key completely removed)
🗑️ MEST Delete: post-delete root_hash=[e3, b0, c4, 42, 98, fc, 1c, 14]...
🗑️ MEST Delete: keyword='entertainment', fid='ente_00000078' (key completely removed)
🗑️ MEST Delete: post-delete root_hash=[e3, b0, c4, 42, 98, fc, 1c, 14]...
🔧 MEST Add: keyword='entertainment', fid='ente_00000079'
🔧 MEST Add: proof size=163 bytes, root_hash=[f2, 01, 9a, 35, 9a, d6, ed, 92]...
🔍 MEST Query: keyword='entertainment', found 1 fids
🔍 MEST Query: returning proof (163 bytes)
🗑️ MEST Delete: keyword='entertainment', fid='ente_00000079' (key completely removed)
🗑️ MEST Delete: post-delete root_hash=[e3, b0, c4, 42, 98, fc, 1c, 14]...
🗑️ MEST Delete: keyword='entertainment', fid='ente_00000079' (key completely removed)
🗑️ MEST Delete: post-delete root_hash=[e3, b0, c4, 42, 98, fc, 1c, 14]...
🔧 MEST Add: keyword='entertainment', fid='ente_00000121'
🔧 MEST Add: proof size=163 bytes, root_hash=[c4, 2c, 70, bf, c1, 70, 80, 18]...
🔍 MEST Query: keyword='entertainment', found 1 fids
🔍 MEST Query: returning proof (163 bytes)
🗑️ MEST Delete: keyword='entertainment', fid='ente_00000121' (key completely removed)
🗑️ MEST Delete: post-delete root_hash=[e3, b0, c4, 42, 98, fc, 1c, 14]...
🗑️ MEST Delete: keyword='entertainment', fid='ente_00000121' (key completely removed)
🗑️ MEST Delete: post-delete root_hash=[e3, b0, c4, 42, 98, fc, 1c, 14]...
🔧 MEST Add: keyword='entertainment', fid='ente_00000139'
🔧 MEST Add: proof size=163 bytes, root_hash=[88, e5, 29, fc, bb, 26, 52, 21]...
🔍 MEST Query: keyword='entertainment', found 1 fids
🔍 MEST Query: returning proof (163 bytes)
🗑️ MEST Delete: keyword='entertainment', fid='ente_00000139' (key completely removed)
🗑️ MEST Delete: post-delete root_hash=[e3, b0, c4, 42, 98, fc, 1c, 14]...
🗑️ MEST Delete: keyword='entertainment', fid='ente_00000139' (key completely removed)
🗑️ MEST Delete: post-delete root_hash=[e3, b0, c4, 42, 98, fc, 1c, 14]...
🔧 MEST Add: keyword='shopping', fid='life_00000145'
🔧 MEST Add: proof size=158 bytes, root_hash=[cb, 9c, db, 41, bb, 69, b6, 72]...
🗑️ MEST Delete: keyword='shopping', fid='life_00000145' (key completely removed)
🗑️ MEST Delete: post-delete root_hash=[e3, b0, c4, 42, 98, fc, 1c, 14]...
🔧 MEST Add: keyword='entertainment', fid='ente_00000164'
🔧 MEST Add: proof size=163 bytes, root_hash=[8c, 0a, bd, 8b, ad, 73, 55, ba]...
🔍 MEST Query: keyword='entertainment', found 1 fids
🔍 MEST Query: returning proof (163 bytes)
🗑️ MEST Delete: keyword='entertainment', fid='ente_00000164' (key completely removed)
🗑️ MEST Delete: post-delete root_hash=[e3, b0, c4, 42, 98, fc, 1c, 14]...
🗑️ MEST Delete: keyword='entertainment', fid='ente_00000164' (key completely removed)
🗑️ MEST Delete: post-delete root_hash=[e3, b0, c4, 42, 98, fc, 1c, 14]...
🔧 MEST Add: keyword='entertainment', fid='ente_00000170'
🔧 MEST Add: proof size=163 bytes, root_hash=[5e, 76, 73, 73, 87, ad, d6, be]...
🔍 MEST Query: keyword='entertainment', found 1 fids
🔍 MEST Query: returning proof (163 bytes)
🗑️ MEST Delete: keyword='entertainment', fid='ente_00000170' (key completely removed)
🗑️ MEST Delete: post-delete root_hash=[e3, b0, c4, 42, 98, fc, 1c, 14]...
🗑️ MEST Delete: keyword='entertainment', fid='ente_00000170' (key completely removed)
🗑️ MEST Delete: post-delete root_hash=[e3, b0, c4, 42, 98, fc, 1c, 14]...
🔧 MEST Add: keyword='entertainment', fid='ente_00000175'
🔧 MEST Add: proof size=163 bytes, root_hash=[43, 67, 0c, eb, aa, 55, 90, 02]...
🔍 MEST Query: keyword='entertainment', found 1 fids
🔍 MEST Query: returning proof (163 bytes)
🗑️ MEST Delete: keyword='entertainment', fid='ente_00000175' (key completely removed)
🗑️ MEST Delete: post-delete root_hash=[e3, b0, c4, 42, 98, fc, 1c, 14]...
🗑️ MEST Delete: keyword='entertainment', fid='ente_00000175' (key completely removed)
🗑️ MEST Delete: post-delete root_hash=[e3, b0, c4, 42, 98, fc, 1c, 14]...
🔧 MEST Add: keyword='entertainment', fid='ente_00000182'
🔧 MEST Add: proof size=163 bytes, root_hash=[43, e6, c8, 4e, 01, 9a, 8b, fb]...
🔍 MEST Query: keyword='entertainment', found 1 fids
🔍 MEST Query: returning proof (163 bytes)
🗑️ MEST Delete: keyword='entertainment', fid='ente_00000182' (key completely removed)
🗑️ MEST Delete: post-delete root_hash=[e3, b0, c4, 42, 98, fc, 1c, 14]...
🗑️ MEST Delete: keyword='entertainment', fid='ente_00000182' (key completely removed)
🗑️ MEST Delete: post-delete root_hash=[e3, b0, c4, 42, 98, fc, 1c, 14]...
🔧 MEST Add: keyword='entertainment', fid='ente_00000186'
🔧 MEST Add: proof size=163 bytes, root_hash=[3c, e5, d8, 8a, c9, 4e, 53, 9c]...
🔍 MEST Query: keyword='entertainment', found 1 fids
🔍 MEST Query: returning proof (163 bytes)
🗑️ MEST Delete: keyword='entertainment', fid='ente_00000186' (key completely removed)
🗑️ MEST Delete: post-delete root_hash=[e3, b0, c4, 42, 98, fc, 1c, 14]...
🗑️ MEST Delete: keyword='entertainment', fid='ente_00000186' (key completely removed)
🗑️ MEST Delete: post-delete root_hash=[e3, b0, c4, 42, 98, fc, 1c, 14]...
🔧 MEST Add: keyword='entertainment', fid='ente_00000192'
🔧 MEST Add: proof size=163 bytes, root_hash=[bd, b3, 25, 76, 78, 93, 23, 5d]...
🔍 MEST Query: keyword='entertainment', found 1 fids
🔍 MEST Query: returning proof (163 bytes)
🗑️ MEST Delete: keyword='entertainment', fid='ente_00000192' (key completely removed)
🗑️ MEST Delete: post-delete root_hash=[e3, b0, c4, 42, 98, fc, 1c, 14]...
🗑️ MEST Delete: keyword='entertainment', fid='ente_00000192' (key completely removed)
🗑️ MEST Delete: post-delete root_hash=[e3, b0, c4, 42, 98, fc, 1c, 14]...
🔧 MEST Add: keyword='entertainment', fid='ente_00000199'
🔧 MEST Add: proof size=163 bytes, root_hash=[ae, 95, 90, 5e, 67, 6d, b9, 3d]...
🔍 MEST Query: keyword='entertainment', found 1 fids
🔍 MEST Query: returning proof (163 bytes)
🗑️ MEST Delete: keyword='entertainment', fid='ente_00000199' (key completely removed)
🗑️ MEST Delete: post-delete root_hash=[e3, b0, c4, 42, 98, fc, 1c, 14]...
🗑️ MEST Delete: keyword='entertainment', fid='ente_00000199' (key completely removed)
🗑️ MEST Delete: post-delete root_hash=[e3, b0, c4, 42, 98, fc, 1c, 14]...
🔧 MEST Add: keyword='entertainment', fid='ente_00000233'
🔧 MEST Add: proof size=163 bytes, root_hash=[30, 20, ae, ca, 73, 4b, c4, 1a]...
🔍 MEST Query: keyword='entertainment', found 1 fids
🔍 MEST Query: returning proof (163 bytes)
🗑️ MEST Delete: keyword='entertainment', fid='ente_00000233' (key completely removed)
🗑️ MEST Delete: post-delete root_hash=[e3, b0, c4, 42, 98, fc, 1c, 14]...
🗑️ MEST Delete: keyword='entertainment', fid='ente_00000233' (key completely removed)
🗑️ MEST Delete: post-delete root_hash=[e3, b0, c4, 42, 98, fc, 1c, 14]...
🔧 MEST Add: keyword='shopping', fid='life_00000234'
🔧 MEST Add: proof size=158 bytes, root_hash=[f0, b7, da, b3, 2f, df, 98, 66]...
🗑️ MEST Delete: keyword='shopping', fid='life_00000234' (key completely removed)
🗑️ MEST Delete: post-delete root_hash=[e3, b0, c4, 42, 98, fc, 1c, 14]...
🔧 MEST Add: keyword='entertainment', fid='ente_00000246'
🔧 MEST Add: proof size=163 bytes, root_hash=[47, 6b, b3, b4, 67, 83, 47, 0d]...
🔍 MEST Query: keyword='entertainment', found 1 fids
🔍 MEST Query: returning proof (163 bytes)
🗑️ MEST Delete: keyword='entertainment', fid='ente_00000246' (key completely removed)
🗑️ MEST Delete: post-delete root_hash=[e3, b0, c4, 42, 98, fc, 1c, 14]...
🗑️ MEST Delete: keyword='entertainment', fid='ente_00000246' (key completely removed)
🗑️ MEST Delete: post-delete root_hash=[e3, b0, c4, 42, 98, fc, 1c, 14]...
🔧 MEST Add: keyword='entertainment', fid='ente_00000272'
🔧 MEST Add: proof size=163 bytes, root_hash=[07, 83, a0, ed, d8, 49, b1, 3e]...
🔍 MEST Query: keyword='entertainment', found 1 fids
🔍 MEST Query: returning proof (163 bytes)
🗑️ MEST Delete: keyword='entertainment', fid='ente_00000272' (key completely removed)
🗑️ MEST Delete: post-delete root_hash=[e3, b0, c4, 42, 98, fc, 1c, 14]...
🗑️ MEST Delete: keyword='entertainment', fid='ente_00000272' (key completely removed)
🗑️ MEST Delete: post-delete root_hash=[e3, b0, c4, 42, 98, fc, 1c, 14]...
🔧 MEST Add: keyword='entertainment', fid='ente_00000289'
🔧 MEST Add: proof size=163 bytes, root_hash=[91, 9f, b6, 3b, ea, 77, ee, 61]...
🔍 MEST Query: keyword='entertainment', found 1 fids
🔍 MEST Query: returning proof (163 bytes)
🗑️ MEST Delete: keyword='entertainment', fid='ente_00000289' (key completely removed)
🗑️ MEST Delete: post-delete root_hash=[e3, b0, c4, 42, 98, fc, 1c, 14]...
🗑️ MEST Delete: keyword='entertainment', fid='ente_00000289' (key completely removed)
🗑️ MEST Delete: post-delete root_hash=[e3, b0, c4, 42, 98, fc, 1c, 14]...
🔧 MEST Add: keyword='shopping', fid='life_00000292'
🔧 MEST Add: proof size=158 bytes, root_hash=[0d, fe, b3, 39, ce, 42, 49, a6]...
🔧 MEST Add: keyword='shopping', fid='life_00000292'
🔧 MEST Add: proof size=158 bytes, root_hash=[0d, fe, b3, 39, ce, 42, 49, a6]...
🗑️ MEST Delete: keyword='shopping', fid='life_00000292' (key completely removed)
🗑️ MEST Delete: post-delete root_hash=[e3, b0, c4, 42, 98, fc, 1c, 14]...
🔧 MEST Add: keyword='entertainment', fid='ente_00000299'
🔧 MEST Add: proof size=163 bytes, root_hash=[ae, 55, 53, 91, 2e, d6, 91, d3]...
🔍 MEST Query: keyword='entertainment', found 1 fids
🔍 MEST Query: returning proof (163 bytes)
🗑️ MEST Delete: keyword='entertainment', fid='ente_00000299' (key completely removed)
🗑️ MEST Delete: post-delete root_hash=[e3, b0, c4, 42, 98, fc, 1c, 14]...
🗑️ MEST Delete: keyword='entertainment', fid='ente_00000299' (key completely removed)
🗑️ MEST Delete: post-delete root_hash=[e3, b0, c4, 42, 98, fc, 1c, 14]...
🔧 MEST Add: keyword='entertainment', fid='ente_00000311'
🔧 MEST Add: proof size=163 bytes, root_hash=[86, 56, 49, 01, 6d, 18, 07, 60]...
🔍 MEST Query: keyword='entertainment', found 1 fids
🔍 MEST Query: returning proof (163 bytes)
🗑️ MEST Delete: keyword='entertainment', fid='ente_00000311' (key completely removed)
🗑️ MEST Delete: post-delete root_hash=[e3, b0, c4, 42, 98, fc, 1c, 14]...
🗑️ MEST Delete: keyword='entertainment', fid='ente_00000311' (key completely removed)
🗑️ MEST Delete: post-delete root_hash=[e3, b0, c4, 42, 98, fc, 1c, 14]...
🔧 MEST Add: keyword='entertainment', fid='ente_00000344'
🔧 MEST Add: proof size=163 bytes, root_hash=[ab, 0f, 67, 5e, 57, 0c, d5, 1c]...
🔍 MEST Query: keyword='entertainment', found 1 fids
🔍 MEST Query: returning proof (163 bytes)
🗑️ MEST Delete: keyword='entertainment', fid='ente_00000344' (key completely removed)
🗑️ MEST Delete: post-delete root_hash=[e3, b0, c4, 42, 98, fc, 1c, 14]...
🗑️ MEST Delete: keyword='entertainment', fid='ente_00000344' (key completely removed)
🗑️ MEST Delete: post-delete root_hash=[e3, b0, c4, 42, 98, fc, 1c, 14]...
🔧 MEST Add: keyword='entertainment', fid='ente_00000347'
🔧 MEST Add: proof size=163 bytes, root_hash=[8e, dd, b2, 94, 4b, 84, ea, 87]...
🔍 MEST Query: keyword='entertainment', found 1 fids
🔍 MEST Query: returning proof (163 bytes)
🗑️ MEST Delete: keyword='entertainment', fid='ente_00000347' (key completely removed)
🗑️ MEST Delete: post-delete root_hash=[e3, b0, c4, 42, 98, fc, 1c, 14]...
🗑️ MEST Delete: keyword='entertainment', fid='ente_00000347' (key completely removed)
🗑️ MEST Delete: post-delete root_hash=[e3, b0, c4, 42, 98, fc, 1c, 14]...
🔧 MEST Add: keyword='shopping', fid='life_00000354'
🔧 MEST Add: proof size=158 bytes, root_hash=[2a, 80, e9, 5f, 0a, a3, 9b, ae]...
🔧 MEST Add: keyword='shopping', fid='life_00000354'
🔧 MEST Add: proof size=158 bytes, root_hash=[2a, 80, e9, 5f, 0a, a3, 9b, ae]...
🗑️ MEST Delete: keyword='shopping', fid='life_00000354' (key completely removed)
🗑️ MEST Delete: post-delete root_hash=[e3, b0, c4, 42, 98, fc, 1c, 14]...
🔧 MEST Add: keyword='entertainment', fid='ente_00000363'
🔧 MEST Add: proof size=163 bytes, root_hash=[78, 54, ad, 68, 86, 64, e4, 19]...
🔍 MEST Query: keyword='entertainment', found 1 fids
🔍 MEST Query: returning proof (163 bytes)
🗑️ MEST Delete: keyword='entertainment', fid='ente_00000363' (key completely removed)
🗑️ MEST Delete: post-delete root_hash=[e3, b0, c4, 42, 98, fc, 1c, 14]...
🗑️ MEST Delete: keyword='entertainment', fid='ente_00000363' (key completely removed)
🗑️ MEST Delete: post-delete root_hash=[e3, b0, c4, 42, 98, fc, 1c, 14]...
🔧 MEST Add: keyword='entertainment', fid='ente_00000370'
🔧 MEST Add: proof size=163 bytes, root_hash=[ef, cb, b0, 67, 8b, d2, e2, a8]...
🔍 MEST Query: keyword='entertainment', found 1 fids
🔍 MEST Query: returning proof (163 bytes)
🗑️ MEST Delete: keyword='entertainment', fid='ente_00000370' (key completely removed)
🗑️ MEST Delete: post-delete root_hash=[e3, b0, c4, 42, 98, fc, 1c, 14]...
🗑️ MEST Delete: keyword='entertainment', fid='ente_00000370' (key completely removed)
🗑️ MEST Delete: post-delete root_hash=[e3, b0, c4, 42, 98, fc, 1c, 14]...
🔧 MEST Add: keyword='entertainment', fid='ente_00000371'
🔧 MEST Add: proof size=163 bytes, root_hash=[20, d0, bc, 29, ce, 08, ce, b9]...
🔍 MEST Query: keyword='entertainment', found 1 fids
🔍 MEST Query: returning proof (163 bytes)
🗑️ MEST Delete: keyword='entertainment', fid='ente_00000371' (key completely removed)
🗑️ MEST Delete: post-delete root_hash=[e3, b0, c4, 42, 98, fc, 1c, 14]...
🗑️ MEST Delete: keyword='entertainment', fid='ente_00000371' (key completely removed)
🗑️ MEST Delete: post-delete root_hash=[e3, b0, c4, 42, 98, fc, 1c, 14]...
🔧 MEST Add: keyword='entertainment', fid='ente_00000381'
🔧 MEST Add: proof size=163 bytes, root_hash=[30, 3d, 73, 01, 8b, e5, 6d, dc]...
🔍 MEST Query: keyword='entertainment', found 1 fids
🔍 MEST Query: returning proof (163 bytes)
🗑️ MEST Delete: keyword='entertainment', fid='ente_00000381' (key completely removed)
🗑️ MEST Delete: post-delete root_hash=[e3, b0, c4, 42, 98, fc, 1c, 14]...
🗑️ MEST Delete: keyword='entertainment', fid='ente_00000381' (key completely removed)
🗑️ MEST Delete: post-delete root_hash=[e3, b0, c4, 42, 98, fc, 1c, 14]...
🔧 MEST Add: keyword='entertainment', fid='ente_00000389'
🔧 MEST Add: proof size=163 bytes, root_hash=[3d, bd, 36, d9, e6, 3b, 41, ff]...
🔍 MEST Query: keyword='entertainment', found 1 fids
🔍 MEST Query: returning proof (163 bytes)
🗑️ MEST Delete: keyword='entertainment', fid='ente_00000389' (key completely removed)
🗑️ MEST Delete: post-delete root_hash=[e3, b0, c4, 42, 98, fc, 1c, 14]...
🗑️ MEST Delete: keyword='entertainment', fid='ente_00000389' (key completely removed)
🗑️ MEST Delete: post-delete root_hash=[e3, b0, c4, 42, 98, fc, 1c, 14]...
🔧 MEST Add: keyword='entertainment', fid='ente_00000390'
🔧 MEST Add: proof size=163 bytes, root_hash=[d4, eb, 7d, 6b, 19, 42, 73, 0b]...
🔍 MEST Query: keyword='entertainment', found 1 fids
🔍 MEST Query: returning proof (163 bytes)
🗑️ MEST Delete: keyword='entertainment', fid='ente_00000390' (key completely removed)
🗑️ MEST Delete: post-delete root_hash=[e3, b0, c4, 42, 98, fc, 1c, 14]...
🗑️ MEST Delete: keyword='entertainment', fid='ente_00000390' (key completely removed)
🗑️ MEST Delete: post-delete root_hash=[e3, b0, c4, 42, 98, fc, 1c, 14]...
🔧 MEST Add: keyword='entertainment', fid='ente_00000396'
🔧 MEST Add: proof size=163 bytes, root_hash=[66, 62, 9c, 04, e9, 6a, b0, 64]...
🔍 MEST Query: keyword='entertainment', found 1 fids
🔍 MEST Query: returning proof (163 bytes)
🗑️ MEST Delete: keyword='entertainment', fid='ente_00000396' (key completely removed)
🗑️ MEST Delete: post-delete root_hash=[e3, b0, c4, 42, 98, fc, 1c, 14]...
🗑️ MEST Delete: keyword='entertainment', fid='ente_00000396' (key completely removed)
🗑️ MEST Delete: post-delete root_hash=[e3, b0, c4, 42, 98, fc, 1c, 14]...
🔧 MEST Add: keyword='entertainment', fid='ente_00000403'
🔧 MEST Add: proof size=163 bytes, root_hash=[8b, eb, fe, 84, 89, 85, 51, e2]...
🔍 MEST Query: keyword='entertainment', found 1 fids
🔍 MEST Query: returning proof (163 bytes)
🗑️ MEST Delete: keyword='entertainment', fid='ente_00000403' (key completely removed)
🗑️ MEST Delete: post-delete root_hash=[e3, b0, c4, 42, 98, fc, 1c, 14]...
🗑️ MEST Delete: keyword='entertainment', fid='ente_00000403' (key completely removed)
🗑️ MEST Delete: post-delete root_hash=[e3, b0, c4, 42, 98, fc, 1c, 14]...
🔧 MEST Add: keyword='entertainment', fid='ente_00000424'
🔧 MEST Add: proof size=163 bytes, root_hash=[f4, 8a, b1, fc, 66, 29, 94, 7b]...
🔍 MEST Query: keyword='entertainment', found 1 fids
🔍 MEST Query: returning proof (163 bytes)
🗑️ MEST Delete: keyword='entertainment', fid='ente_00000424' (key completely removed)
🗑️ MEST Delete: post-delete root_hash=[e3, b0, c4, 42, 98, fc, 1c, 14]...
🗑️ MEST Delete: keyword='entertainment', fid='ente_00000424' (key completely removed)
🗑️ MEST Delete: post-delete root_hash=[e3, b0, c4, 42, 98, fc, 1c, 14]...
🔧 MEST Add: keyword='entertainment', fid='ente_00000437'
🔧 MEST Add: proof size=163 bytes, root_hash=[49, 34, 69, d2, 7d, 49, 4d, 03]...
🔍 MEST Query: keyword='entertainment', found 1 fids
🔍 MEST Query: returning proof (163 bytes)
🗑️ MEST Delete: keyword='entertainment', fid='ente_00000437' (key completely removed)
🗑️ MEST Delete: post-delete root_hash=[e3, b0, c4, 42, 98, fc, 1c, 14]...
🗑️ MEST Delete: keyword='entertainment', fid='ente_00000437' (key completely removed)
🗑️ MEST Delete: post-delete root_hash=[e3, b0, c4, 42, 98, fc, 1c, 14]...
🔧 MEST Add: keyword='entertainment', fid='ente_00000438'
🔧 MEST Add: proof size=163 bytes, root_hash=[d4, 0a, 81, 4f, 12, eb, ac, 68]...
🔍 MEST Query: keyword='entertainment', found 1 fids
🔍 MEST Query: returning proof (163 bytes)
🗑️ MEST Delete: keyword='entertainment', fid='ente_00000438' (key completely removed)
🗑️ MEST Delete: post-delete root_hash=[e3, b0, c4, 42, 98, fc, 1c, 14]...
🗑️ MEST Delete: keyword='entertainment', fid='ente_00000438' (key completely removed)
🗑️ MEST Delete: post-delete root_hash=[e3, b0, c4, 42, 98, fc, 1c, 14]...
🔧 MEST Add: keyword='entertainment', fid='ente_00000450'
🔧 MEST Add: proof size=163 bytes, root_hash=[4e, e3, e2, 2d, b8, e3, 44, 05]...
🔍 MEST Query: keyword='entertainment', found 1 fids
🔍 MEST Query: returning proof (163 bytes)
🗑️ MEST Delete: keyword='entertainment', fid='ente_00000450' (key completely removed)
🗑️ MEST Delete: post-delete root_hash=[e3, b0, c4, 42, 98, fc, 1c, 14]...
🗑️ MEST Delete: keyword='entertainment', fid='ente_00000450' (key completely removed)
🗑️ MEST Delete: post-delete root_hash=[e3, b0, c4, 42, 98, fc, 1c, 14]...
🔧 MEST Add: keyword='entertainment', fid='ente_00000452'
🔧 MEST Add: proof size=163 bytes, root_hash=[e4, 6d, 47, ee, 80, dc, 48, a4]...
🔍 MEST Query: keyword='entertainment', found 1 fids
🔍 MEST Query: returning proof (163 bytes)
🗑️ MEST Delete: keyword='entertainment', fid='ente_00000452' (key completely removed)
🗑️ MEST Delete: post-delete root_hash=[e3, b0, c4, 42, 98, fc, 1c, 14]...
🗑️ MEST Delete: keyword='entertainment', fid='ente_00000452' (key completely removed)
🗑️ MEST Delete: post-delete root_hash=[e3, b0, c4, 42, 98, fc, 1c, 14]...
🔧 MEST Add: keyword='entertainment', fid='ente_00000463'
🔧 MEST Add: proof size=163 bytes, root_hash=[2b, 94, b4, 39, 09, 02, b5, 97]...
🔍 MEST Query: keyword='entertainment', found 1 fids
🔍 MEST Query: returning proof (163 bytes)
🗑️ MEST Delete: keyword='entertainment', fid='ente_00000463' (key completely removed)
🗑️ MEST Delete: post-delete root_hash=[e3, b0, c4, 42, 98, fc, 1c, 14]...
🗑️ MEST Delete: keyword='entertainment', fid='ente_00000463' (key completely removed)
🗑️ MEST Delete: post-delete root_hash=[e3, b0, c4, 42, 98, fc, 1c, 14]...
🔧 MEST Add: keyword='entertainment', fid='ente_00000464'
🔧 MEST Add: proof size=163 bytes, root_hash=[f7, 50, d4, ce, 8e, 21, bf, 39]...
🔍 MEST Query: keyword='entertainment', found 1 fids
🔍 MEST Query: returning proof (163 bytes)
🗑️ MEST Delete: keyword='entertainment', fid='ente_00000464' (key completely removed)
🗑️ MEST Delete: post-delete root_hash=[e3, b0, c4, 42, 98, fc, 1c, 14]...
🗑️ MEST Delete: keyword='entertainment', fid='ente_00000464' (key completely removed)
🗑️ MEST Delete: post-delete root_hash=[e3, b0, c4, 42, 98, fc, 1c, 14]...
🔧 MEST Add: keyword='entertainment', fid='ente_00000487'
🔧 MEST Add: proof size=163 bytes, root_hash=[92, 78, 91, 3b, 87, 66, e4, 9c]...
🔍 MEST Query: keyword='entertainment', found 1 fids
🔍 MEST Query: returning proof (163 bytes)
🗑️ MEST Delete: keyword='entertainment', fid='ente_00000487' (key completely removed)
🗑️ MEST Delete: post-delete root_hash=[e3, b0, c4, 42, 98, fc, 1c, 14]...
🗑️ MEST Delete: keyword='entertainment', fid='ente_00000487' (key completely removed)
🗑️ MEST Delete: post-delete root_hash=[e3, b0, c4, 42, 98, fc, 1c, 14]...
🔧 MEST Add: keyword='shopping', fid='life_00000494'
🔧 MEST Add: proof size=158 bytes, root_hash=[ac, df, 2d, 50, 3f, e4, 04, ab]...
🔧 MEST Add: keyword='shopping', fid='life_00000494'
🔧 MEST Add: proof size=158 bytes, root_hash=[ac, df, 2d, 50, 3f, e4, 04, ab]...
🗑️ MEST Delete: keyword='shopping', fid='life_00000494' (key completely removed)
🗑️ MEST Delete: post-delete root_hash=[e3, b0, c4, 42, 98, fc, 1c, 14]...
🔧 MEST Add: keyword='entertainment', fid='ente_00000497'
🔧 MEST Add: proof size=163 bytes, root_hash=[5a, 6c, 76, b9, 49, 7a, 92, 4c]...
🔍 MEST Query: keyword='entertainment', found 1 fids
🔍 MEST Query: returning proof (163 bytes)
🗑️ MEST Delete: keyword='entertainment', fid='ente_00000497' (key completely removed)
🗑️ MEST Delete: post-delete root_hash=[e3, b0, c4, 42, 98, fc, 1c, 14]...
🗑️ MEST Delete: keyword='entertainment', fid='ente_00000497' (key completely removed)
🗑️ MEST Delete: post-delete root_hash=[e3, b0, c4, 42, 98, fc, 1c, 14]...
🔧 MEST Add: keyword='entertainment', fid='ente_00000510'
🔧 MEST Add: proof size=163 bytes, root_hash=[50, 14, 9f, f1, 72, 3a, eb, ed]...
🔍 MEST Query: keyword='entertainment', found 1 fids
🔍 MEST Query: returning proof (163 bytes)
🗑️ MEST Delete: keyword='entertainment', fid='ente_00000510' (key completely removed)
🗑️ MEST Delete: post-delete root_hash=[e3, b0, c4, 42, 98, fc, 1c, 14]...
🗑️ MEST Delete: keyword='entertainment', fid='ente_00000510' (key completely removed)
🗑️ MEST Delete: post-delete root_hash=[e3, b0, c4, 42, 98, fc, 1c, 14]...
🔧 MEST Add: keyword='entertainment', fid='ente_00000517'
🔧 MEST Add: proof size=163 bytes, root_hash=[e3, 30, b2, 7d, 91, eb, ac, f6]...
🔍 MEST Query: keyword='entertainment', found 1 fids
🔍 MEST Query: returning proof (163 bytes)
🗑️ MEST Delete: keyword='entertainment', fid='ente_00000517' (key completely removed)
🗑️ MEST Delete: post-delete root_hash=[e3, b0, c4, 42, 98, fc, 1c, 14]...
🗑️ MEST Delete: keyword='entertainment', fid='ente_00000517' (key completely removed)
🗑️ MEST Delete: post-delete root_hash=[e3, b0, c4, 42, 98, fc, 1c, 14]...
🔧 MEST Add: keyword='entertainment', fid='ente_00000522'
🔧 MEST Add: proof size=163 bytes, root_hash=[8d, c3, 25, 14, 03, 44, 18, 9e]...
🔍 MEST Query: keyword='entertainment', found 1 fids
🔍 MEST Query: returning proof (163 bytes)
🗑️ MEST Delete: keyword='entertainment', fid='ente_00000522' (key completely removed)
🗑️ MEST Delete: post-delete root_hash=[e3, b0, c4, 42, 98, fc, 1c, 14]...
🗑️ MEST Delete: keyword='entertainment', fid='ente_00000522' (key completely removed)
🗑️ MEST Delete: post-delete root_hash=[e3, b0, c4, 42, 98, fc, 1c, 14]...
🔧 MEST Add: keyword='entertainment', fid='ente_00000523'
🔧 MEST Add: proof size=163 bytes, root_hash=[96, b4, 5d, da, 85, 4c, c6, 17]...
🔍 MEST Query: keyword='entertainment', found 1 fids
🔍 MEST Query: returning proof (163 bytes)
🗑️ MEST Delete: keyword='entertainment', fid='ente_00000523' (key completely removed)
🗑️ MEST Delete: post-delete root_hash=[e3, b0, c4, 42, 98, fc, 1c, 14]...
🗑️ MEST Delete: keyword='entertainment', fid='ente_00000523' (key completely removed)
🗑️ MEST Delete: post-delete root_hash=[e3, b0, c4, 42, 98, fc, 1c, 14]...
🔧 MEST Add: keyword='entertainment', fid='ente_00000532'
🔧 MEST Add: proof size=163 bytes, root_hash=[ea, 5e, ea, 21, 55, 82, 5c, 74]...
🔍 MEST Query: keyword='entertainment', found 1 fids
🔍 MEST Query: returning proof (163 bytes)
🗑️ MEST Delete: keyword='entertainment', fid='ente_00000532' (key completely removed)
🗑️ MEST Delete: post-delete root_hash=[e3, b0, c4, 42, 98, fc, 1c, 14]...
🗑️ MEST Delete: keyword='entertainment', fid='ente_00000532' (key completely removed)
🗑️ MEST Delete: post-delete root_hash=[e3, b0, c4, 42, 98, fc, 1c, 14]...
🔧 MEST Add: keyword='entertainment', fid='ente_00000548'
🔧 MEST Add: proof size=163 bytes, root_hash=[ee, 43, 82, ba, 09, 84, 8f, 37]...
🔍 MEST Query: keyword='entertainment', found 1 fids
🔍 MEST Query: returning proof (163 bytes)
🗑️ MEST Delete: keyword='entertainment', fid='ente_00000548' (key completely removed)
🗑️ MEST Delete: post-delete root_hash=[e3, b0, c4, 42, 98, fc, 1c, 14]...
🗑️ MEST Delete: keyword='entertainment', fid='ente_00000548' (key completely removed)
🗑️ MEST Delete: post-delete root_hash=[e3, b0, c4, 42, 98, fc, 1c, 14]...
🔧 MEST Add: keyword='shopping', fid='life_00000552'
🔧 MEST Add: proof size=158 bytes, root_hash=[8b, 2b, 67, 49, 87, 04, af, 90]...
🔧 MEST Add: keyword='shopping', fid='life_00000552'
🔧 MEST Add: proof size=158 bytes, root_hash=[8b, 2b, 67, 49, 87, 04, af, 90]...
🗑️ MEST Delete: keyword='shopping', fid='life_00000552' (key completely removed)
🗑️ MEST Delete: post-delete root_hash=[e3, b0, c4, 42, 98, fc, 1c, 14]...
🔧 MEST Add: keyword='entertainment', fid='ente_00000559'
🔧 MEST Add: proof size=163 bytes, root_hash=[d5, 61, ae, d0, 3d, af, 26, 41]...
🔍 MEST Query: keyword='entertainment', found 1 fids
🔍 MEST Query: returning proof (163 bytes)
🗑️ MEST Delete: keyword='entertainment', fid='ente_00000559' (key completely removed)
🗑️ MEST Delete: post-delete root_hash=[e3, b0, c4, 42, 98, fc, 1c, 14]...
🗑️ MEST Delete: keyword='entertainment', fid='ente_00000559' (key completely removed)
🗑️ MEST Delete: post-delete root_hash=[e3, b0, c4, 42, 98, fc, 1c, 14]...
🔧 MEST Add: keyword='shopping', fid='life_00000566'
🔧 MEST Add: proof size=158 bytes, root_hash=[26, 51, c1, d8, aa, cb, e2, a3]...
🗑️ MEST Delete: keyword='shopping', fid='life_00000566' (key completely removed)
🗑️ MEST Delete: post-delete root_hash=[e3, b0, c4, 42, 98, fc, 1c, 14]...
🔧 MEST Add: keyword='entertainment', fid='ente_00000576'
🔧 MEST Add: proof size=163 bytes, root_hash=[71, c3, 7a, 08, 3d, 22, 34, 91]...
🔍 MEST Query: keyword='entertainment', found 1 fids
🔍 MEST Query: returning proof (163 bytes)
🗑️ MEST Delete: keyword='entertainment', fid='ente_00000576' (key completely removed)
🗑️ MEST Delete: post-delete root_hash=[e3, b0, c4, 42, 98, fc, 1c, 14]...
🗑️ MEST Delete: keyword='entertainment', fid='ente_00000576' (key completely removed)
🗑️ MEST Delete: post-delete root_hash=[e3, b0, c4, 42, 98, fc, 1c, 14]...
🔧 MEST Add: keyword='entertainment', fid='ente_00000589'
🔧 MEST Add: proof size=163 bytes, root_hash=[68, 31, 07, 2f, 4d, 59, 90, b9]...
🔍 MEST Query: keyword='entertainment', found 1 fids
🔍 MEST Query: returning proof (163 bytes)
🗑️ MEST Delete: keyword='entertainment', fid='ente_00000589' (key completely removed)
🗑️ MEST Delete: post-delete root_hash=[e3, b0, c4, 42, 98, fc, 1c, 14]...
🗑️ MEST Delete: keyword='entertainment', fid='ente_00000589' (key completely removed)
🗑️ MEST Delete: post-delete root_hash=[e3, b0, c4, 42, 98, fc, 1c, 14]...
🔧 MEST Add: keyword='entertainment', fid='ente_00000630'
🔧 MEST Add: proof size=163 bytes, root_hash=[ed, f9, 5e, b8, 23, d5, d7, 76]...
🔍 MEST Query: keyword='entertainment', found 1 fids
🔍 MEST Query: returning proof (163 bytes)
🗑️ MEST Delete: keyword='entertainment', fid='ente_00000630' (key completely removed)
🗑️ MEST Delete: post-delete root_hash=[e3, b0, c4, 42, 98, fc, 1c, 14]...
🗑️ MEST Delete: keyword='entertainment', fid='ente_00000630' (key completely removed)
🗑️ MEST Delete: post-delete root_hash=[e3, b0, c4, 42, 98, fc, 1c, 14]...
🔧 MEST Add: keyword='entertainment', fid='ente_00000633'
🔧 MEST Add: proof size=163 bytes, root_hash=[60, e2, 1d, 8d, 88, f8, dc, c0]...
🔍 MEST Query: keyword='entertainment', found 1 fids
🔍 MEST Query: returning proof (163 bytes)
🗑️ MEST Delete: keyword='entertainment', fid='ente_00000633' (key completely removed)
🗑️ MEST Delete: post-delete root_hash=[e3, b0, c4, 42, 98, fc, 1c, 14]...
🗑️ MEST Delete: keyword='entertainment', fid='ente_00000633' (key completely removed)
🗑️ MEST Delete: post-delete root_hash=[e3, b0, c4, 42, 98, fc, 1c, 14]...
🔧 MEST Add: keyword='entertainment', fid='ente_00000638'
🔧 MEST Add: proof size=163 bytes, root_hash=[cb, d9, 19, bf, cb, 71, e8, e1]...
🔍 MEST Query: keyword='entertainment', found 1 fids
🔍 MEST Query: returning proof (163 bytes)
🗑️ MEST Delete: keyword='entertainment', fid='ente_00000638' (key completely removed)
🗑️ MEST Delete: post-delete root_hash=[e3, b0, c4, 42, 98, fc, 1c, 14]...
🗑️ MEST Delete: keyword='entertainment', fid='ente_00000638' (key completely removed)
🗑️ MEST Delete: post-delete root_hash=[e3, b0, c4, 42, 98, fc, 1c, 14]...
🔧 MEST Add: keyword='entertainment', fid='ente_00000644'
🔧 MEST Add: proof size=163 bytes, root_hash=[e1, cf, 6a, 38, f4, 3d, 5f, 81]...
🔍 MEST Query: keyword='entertainment', found 1 fids
🔍 MEST Query: returning proof (163 bytes)
🗑️ MEST Delete: keyword='entertainment', fid='ente_00000644' (key completely removed)
🗑️ MEST Delete: post-delete root_hash=[e3, b0, c4, 42, 98, fc, 1c, 14]...
🗑️ MEST Delete: keyword='entertainment', fid='ente_00000644' (key completely removed)
🗑️ MEST Delete: post-delete root_hash=[e3, b0, c4, 42, 98, fc, 1c, 14]...
🔧 MEST Add: keyword='shopping', fid='life_00000646'
🔧 MEST Add: proof size=158 bytes, root_hash=[ea, 92, de, 4c, d3, 14, 34, 48]...
🗑️ MEST Delete: keyword='shopping', fid='life_00000646' (key completely removed)
🗑️ MEST Delete: post-delete root_hash=[e3, b0, c4, 42, 98, fc, 1c, 14]...
🔧 MEST Add: keyword='entertainment', fid='ente_00000655'
🔧 MEST Add: proof size=163 bytes, root_hash=[7d, 54, dc, d2, c8, bf, 43, ce]...
🔍 MEST Query: keyword='entertainment', found 1 fids
🔍 MEST Query: returning proof (163 bytes)
🗑️ MEST Delete: keyword='entertainment', fid='ente_00000655' (key completely removed)
🗑️ MEST Delete: post-delete root_hash=[e3, b0, c4, 42, 98, fc, 1c, 14]...
🗑️ MEST Delete: keyword='entertainment', fid='ente_00000655' (key completely removed)
🗑️ MEST Delete: post-delete root_hash=[e3, b0, c4, 42, 98, fc, 1c, 14]...
🔧 MEST Add: keyword='entertainment', fid='ente_00000660'
🔧 MEST Add: proof size=163 bytes, root_hash=[7e, 5c, 74, 2e, 14, 43, 30, 03]...
🔍 MEST Query: keyword='entertainment', found 1 fids
🔍 MEST Query: returning proof (163 bytes)
🗑️ MEST Delete: keyword='entertainment', fid='ente_00000660' (key completely removed)
🗑️ MEST Delete: post-delete root_hash=[e3, b0, c4, 42, 98, fc, 1c, 14]...
🗑️ MEST Delete: keyword='entertainment', fid='ente_00000660' (key completely removed)
🗑️ MEST Delete: post-delete root_hash=[e3, b0, c4, 42, 98, fc, 1c, 14]...
🔧 MEST Add: keyword='entertainment', fid='ente_00000661'
🔧 MEST Add: proof size=163 bytes, root_hash=[34, b8, e9, ae, 35, 1b, a8, a1]...
🔍 MEST Query: keyword='entertainment', found 1 fids
🔍 MEST Query: returning proof (163 bytes)
🗑️ MEST Delete: keyword='entertainment', fid='ente_00000661' (key completely removed)
🗑️ MEST Delete: post-delete root_hash=[e3, b0, c4, 42, 98, fc, 1c, 14]...
🗑️ MEST Delete: keyword='entertainment', fid='ente_00000661' (key completely removed)
🗑️ MEST Delete: post-delete root_hash=[e3, b0, c4, 42, 98, fc, 1c, 14]...
🔧 MEST Add: keyword='entertainment', fid='ente_00000675'
🔧 MEST Add: proof size=163 bytes, root_hash=[71, 80, 3a, c0, af, 87, bf, dd]...
🔍 MEST Query: keyword='entertainment', found 1 fids
🔍 MEST Query: returning proof (163 bytes)
🗑️ MEST Delete: keyword='entertainment', fid='ente_00000675' (key completely removed)
🗑️ MEST Delete: post-delete root_hash=[e3, b0, c4, 42, 98, fc, 1c, 14]...
🗑️ MEST Delete: keyword='entertainment', fid='ente_00000675' (key completely removed)
🗑️ MEST Delete: post-delete root_hash=[e3, b0, c4, 42, 98, fc, 1c, 14]...
🔧 MEST Add: keyword='entertainment', fid='ente_00000709'
🔧 MEST Add: proof size=163 bytes, root_hash=[dc, 80, 65, 98, e3, 45, 01, d8]...
🔍 MEST Query: keyword='entertainment', found 1 fids
🔍 MEST Query: returning proof (163 bytes)
🗑️ MEST Delete: keyword='entertainment', fid='ente_00000709' (key completely removed)
🗑️ MEST Delete: post-delete root_hash=[e3, b0, c4, 42, 98, fc, 1c, 14]...
🗑️ MEST Delete: keyword='entertainment', fid='ente_00000709' (key completely removed)
🗑️ MEST Delete: post-delete root_hash=[e3, b0, c4, 42, 98, fc, 1c, 14]...
🔧 MEST Add: keyword='entertainment', fid='ente_00000712'
🔧 MEST Add: proof size=163 bytes, root_hash=[db, 40, 6b, 62, 3b, 7b, 4f, f4]...
🔍 MEST Query: keyword='entertainment', found 1 fids
🔍 MEST Query: returning proof (163 bytes)
🗑️ MEST Delete: keyword='entertainment', fid='ente_00000712' (key completely removed)
🗑️ MEST Delete: post-delete root_hash=[e3, b0, c4, 42, 98, fc, 1c, 14]...
🗑️ MEST Delete: keyword='entertainment', fid='ente_00000712' (key completely removed)
🗑️ MEST Delete: post-delete root_hash=[e3, b0, c4, 42, 98, fc, 1c, 14]...
🔧 MEST Add: keyword='entertainment', fid='ente_00000719'
🔧 MEST Add: proof size=163 bytes, root_hash=[4d, bb, 0e, 8d, e0, 96, 04, 4b]...
🔍 MEST Query: keyword='entertainment', found 1 fids
🔍 MEST Query: returning proof (163 bytes)
🗑️ MEST Delete: keyword='entertainment', fid='ente_00000719' (key completely removed)
🗑️ MEST Delete: post-delete root_hash=[e3, b0, c4, 42, 98, fc, 1c, 14]...
🗑️ MEST Delete: keyword='entertainment', fid='ente_00000719' (key completely removed)
🗑️ MEST Delete: post-delete root_hash=[e3, b0, c4, 42, 98, fc, 1c, 14]...
🔧 MEST Add: keyword='entertainment', fid='ente_00000726'
🔧 MEST Add: proof size=163 bytes, root_hash=[fd, e4, ac, 8e, 51, 04, 6c, d7]...
🔍 MEST Query: keyword='entertainment', found 1 fids
🔍 MEST Query: returning proof (163 bytes)
🗑️ MEST Delete: keyword='entertainment', fid='ente_00000726' (key completely removed)
🗑️ MEST Delete: post-delete root_hash=[e3, b0, c4, 42, 98, fc, 1c, 14]...
🗑️ MEST Delete: keyword='entertainment', fid='ente_00000726' (key completely removed)
🗑️ MEST Delete: post-delete root_hash=[e3, b0, c4, 42, 98, fc, 1c, 14]...
🔧 MEST Add: keyword='entertainment', fid='ente_00000734'
🔧 MEST Add: proof size=163 bytes, root_hash=[eb, a1, 9a, bc, 53, 33, 2e, 5e]...
🔍 MEST Query: keyword='entertainment', found 1 fids
🔍 MEST Query: returning proof (163 bytes)
🗑️ MEST Delete: keyword='entertainment', fid='ente_00000734' (key completely removed)
🗑️ MEST Delete: post-delete root_hash=[e3, b0, c4, 42, 98, fc, 1c, 14]...
🗑️ MEST Delete: keyword='entertainment', fid='ente_00000734' (key completely removed)
🗑️ MEST Delete: post-delete root_hash=[e3, b0, c4, 42, 98, fc, 1c, 14]...
🔧 MEST Add: keyword='entertainment', fid='ente_00000739'
🔧 MEST Add: proof size=163 bytes, root_hash=[7f, d9, 22, 3a, 6d, d3, 85, 30]...
🔍 MEST Query: keyword='entertainment', found 1 fids
🔍 MEST Query: returning proof (163 bytes)
🗑️ MEST Delete: keyword='entertainment', fid='ente_00000739' (key completely removed)
🗑️ MEST Delete: post-delete root_hash=[e3, b0, c4, 42, 98, fc, 1c, 14]...
🗑️ MEST Delete: keyword='entertainment', fid='ente_00000739' (key completely removed)
🗑️ MEST Delete: post-delete root_hash=[e3, b0, c4, 42, 98, fc, 1c, 14]...
🔧 MEST Add: keyword='entertainment', fid='ente_00000749'
🔧 MEST Add: proof size=163 bytes, root_hash=[e1, 9e, fb, 62, 6d, e4, 4a, 1e]...
🔍 MEST Query: keyword='entertainment', found 1 fids
🔍 MEST Query: returning proof (163 bytes)
🗑️ MEST Delete: keyword='entertainment', fid='ente_00000749' (key completely removed)
🗑️ MEST Delete: post-delete root_hash=[e3, b0, c4, 42, 98, fc, 1c, 14]...
🗑️ MEST Delete: keyword='entertainment', fid='ente_00000749' (key completely removed)
🗑️ MEST Delete: post-delete root_hash=[e3, b0, c4, 42, 98, fc, 1c, 14]...
🔧 MEST Add: keyword='entertainment', fid='ente_00000750'
🔧 MEST Add: proof size=163 bytes, root_hash=[54, 54, 04, f9, f4, 08, eb, f4]...
🔍 MEST Query: keyword='entertainment', found 1 fids
🔍 MEST Query: returning proof (163 bytes)
🗑️ MEST Delete: keyword='entertainment', fid='ente_00000750' (key completely removed)
🗑️ MEST Delete: post-delete root_hash=[e3, b0, c4, 42, 98, fc, 1c, 14]...
🗑️ MEST Delete: keyword='entertainment', fid='ente_00000750' (key completely removed)
🗑️ MEST Delete: post-delete root_hash=[e3, b0, c4, 42, 98, fc, 1c, 14]...
🔧 MEST Add: keyword='entertainment', fid='ente_00000754'
🔧 MEST Add: proof size=163 bytes, root_hash=[1f, 59, 31, 56, 5b, c4, 46, 34]...
🔍 MEST Query: keyword='entertainment', found 1 fids
🔍 MEST Query: returning proof (163 bytes)
🗑️ MEST Delete: keyword='entertainment', fid='ente_00000754' (key completely removed)
🗑️ MEST Delete: post-delete root_hash=[e3, b0, c4, 42, 98, fc, 1c, 14]...
🗑️ MEST Delete: keyword='entertainment', fid='ente_00000754' (key completely removed)
🗑️ MEST Delete: post-delete root_hash=[e3, b0, c4, 42, 98, fc, 1c, 14]...
🔧 MEST Add: keyword='shopping', fid='life_00000755'
🔧 MEST Add: proof size=158 bytes, root_hash=[53, b3, 35, cc, 2a, 0b, df, 9f]...
🗑️ MEST Delete: keyword='shopping', fid='life_00000755' (key completely removed)
🗑️ MEST Delete: post-delete root_hash=[e3, b0, c4, 42, 98, fc, 1c, 14]...
🔧 MEST Add: keyword='entertainment', fid='ente_00000759'
🔧 MEST Add: proof size=163 bytes, root_hash=[4f, 1a, 53, 04, 86, d4, 52, 03]...
🔍 MEST Query: keyword='entertainment', found 1 fids
🔍 MEST Query: returning proof (163 bytes)
🗑️ MEST Delete: keyword='entertainment', fid='ente_00000759' (key completely removed)
🗑️ MEST Delete: post-delete root_hash=[e3, b0, c4, 42, 98, fc, 1c, 14]...
🗑️ MEST Delete: keyword='entertainment', fid='ente_00000759' (key completely removed)
🗑️ MEST Delete: post-delete root_hash=[e3, b0, c4, 42, 98, fc, 1c, 14]...
🔧 MEST Add: keyword='entertainment', fid='ente_00000776'
🔧 MEST Add: proof size=163 bytes, root_hash=[3e, 12, 8b, 5c, 23, d3, 91, c7]...
🔍 MEST Query: keyword='entertainment', found 1 fids
🔍 MEST Query: returning proof (163 bytes)
🗑️ MEST Delete: keyword='entertainment', fid='ente_00000776' (key completely removed)
🗑️ MEST Delete: post-delete root_hash=[e3, b0, c4, 42, 98, fc, 1c, 14]...
🗑️ MEST Delete: keyword='entertainment', fid='ente_00000776' (key completely removed)
🗑️ MEST Delete: post-delete root_hash=[e3, b0, c4, 42, 98, fc, 1c, 14]...
🔧 MEST Add: keyword='entertainment', fid='ente_00000778'
🔧 MEST Add: proof size=163 bytes, root_hash=[7d, 73, a1, 28, 5b, fd, 1c, 51]...
🔍 MEST Query: keyword='entertainment', found 1 fids
🔍 MEST Query: returning proof (163 bytes)
🗑️ MEST Delete: keyword='entertainment', fid='ente_00000778' (key completely removed)
🗑️ MEST Delete: post-delete root_hash=[e3, b0, c4, 42, 98, fc, 1c, 14]...
🗑️ MEST Delete: keyword='entertainment', fid='ente_00000778' (key completely removed)
🗑️ MEST Delete: post-delete root_hash=[e3, b0, c4, 42, 98, fc, 1c, 14]...
🔧 MEST Add: keyword='entertainment', fid='ente_00000810'
🔧 MEST Add: proof size=163 bytes, root_hash=[92, 87, 91, b2, ce, dd, cf, 6e]...
🔍 MEST Query: keyword='entertainment', found 1 fids
🔍 MEST Query: returning proof (163 bytes)
🗑️ MEST Delete: keyword='entertainment', fid='ente_00000810' (key completely removed)
🗑️ MEST Delete: post-delete root_hash=[e3, b0, c4, 42, 98, fc, 1c, 14]...
🗑️ MEST Delete: keyword='entertainment', fid='ente_00000810' (key completely removed)
🗑️ MEST Delete: post-delete root_hash=[e3, b0, c4, 42, 98, fc, 1c, 14]...
🔧 MEST Add: keyword='entertainment', fid='ente_00000823'
🔧 MEST Add: proof size=163 bytes, root_hash=[0b, 55, 91, 0f, 21, a3, 4b, 86]...
🔍 MEST Query: keyword='entertainment', found 1 fids
🔍 MEST Query: returning proof (163 bytes)
🗑️ MEST Delete: keyword='entertainment', fid='ente_00000823' (key completely removed)
🗑️ MEST Delete: post-delete root_hash=[e3, b0, c4, 42, 98, fc, 1c, 14]...
🗑️ MEST Delete: keyword='entertainment', fid='ente_00000823' (key completely removed)
🗑️ MEST Delete: post-delete root_hash=[e3, b0, c4, 42, 98, fc, 1c, 14]...
🔧 MEST Add: keyword='entertainment', fid='ente_00000842'
🔧 MEST Add: proof size=163 bytes, root_hash=[dd, 69, 43, 21, 9f, fb, 1b, d9]...
🔍 MEST Query: keyword='entertainment', found 1 fids
🔍 MEST Query: returning proof (163 bytes)
🗑️ MEST Delete: keyword='entertainment', fid='ente_00000842' (key completely removed)
🗑️ MEST Delete: post-delete root_hash=[e3, b0, c4, 42, 98, fc, 1c, 14]...
🗑️ MEST Delete: keyword='entertainment', fid='ente_00000842' (key completely removed)
🗑️ MEST Delete: post-delete root_hash=[e3, b0, c4, 42, 98, fc, 1c, 14]...
🔧 MEST Add: keyword='entertainment', fid='ente_00000861'
🔧 MEST Add: proof size=163 bytes, root_hash=[f0, 39, d8, 71, fc, 13, 7f, 8e]...
🔍 MEST Query: keyword='entertainment', found 1 fids
🔍 MEST Query: returning proof (163 bytes)
🗑️ MEST Delete: keyword='entertainment', fid='ente_00000861' (key completely removed)
🗑️ MEST Delete: post-delete root_hash=[e3, b0, c4, 42, 98, fc, 1c, 14]...
🗑️ MEST Delete: keyword='entertainment', fid='ente_00000861' (key completely removed)
🗑️ MEST Delete: post-delete root_hash=[e3, b0, c4, 42, 98, fc, 1c, 14]...
🔧 MEST Add: keyword='entertainment', fid='ente_00000879'
🔧 MEST Add: proof size=163 bytes, root_hash=[d8, f6, 2c, fb, ba, bf, 0b, 7d]...
🔍 MEST Query: keyword='entertainment', found 1 fids
🔍 MEST Query: returning proof (163 bytes)
🗑️ MEST Delete: keyword='entertainment', fid='ente_00000879' (key completely removed)
🗑️ MEST Delete: post-delete root_hash=[e3, b0, c4, 42, 98, fc, 1c, 14]...
🗑️ MEST Delete: keyword='entertainment', fid='ente_00000879' (key completely removed)
🗑️ MEST Delete: post-delete root_hash=[e3, b0, c4, 42, 98, fc, 1c, 14]...
🔧 MEST Add: keyword='entertainment', fid='ente_00000895'
🔧 MEST Add: proof size=163 bytes, root_hash=[12, 93, 7b, 97, 08, d0, 56, 3c]...
🔍 MEST Query: keyword='entertainment', found 1 fids
🔍 MEST Query: returning proof (163 bytes)
🗑️ MEST Delete: keyword='entertainment', fid='ente_00000895' (key completely removed)
🗑️ MEST Delete: post-delete root_hash=[e3, b0, c4, 42, 98, fc, 1c, 14]...
🗑️ MEST Delete: keyword='entertainment', fid='ente_00000895' (key completely removed)
🗑️ MEST Delete: post-delete root_hash=[e3, b0, c4, 42, 98, fc, 1c, 14]...
🔧 MEST Add: keyword='entertainment', fid='ente_00000896'
🔧 MEST Add: proof size=163 bytes, root_hash=[8c, c8, 1c, 71, 94, 08, e7, b0]...
🔍 MEST Query: keyword='entertainment', found 1 fids
🔍 MEST Query: returning proof (163 bytes)
🗑️ MEST Delete: keyword='entertainment', fid='ente_00000896' (key completely removed)
🗑️ MEST Delete: post-delete root_hash=[e3, b0, c4, 42, 98, fc, 1c, 14]...
🗑️ MEST Delete: keyword='entertainment', fid='ente_00000896' (key completely removed)
🗑️ MEST Delete: post-delete root_hash=[e3, b0, c4, 42, 98, fc, 1c, 14]...
🔧 MEST Add: keyword='entertainment', fid='ente_00000898'
🔧 MEST Add: proof size=163 bytes, root_hash=[60, 54, a4, ba, 54, 2e, 97, f2]...
🔍 MEST Query: keyword='entertainment', found 1 fids
🔍 MEST Query: returning proof (163 bytes)
🗑️ MEST Delete: keyword='entertainment', fid='ente_00000898' (key completely removed)
🗑️ MEST Delete: post-delete root_hash=[e3, b0, c4, 42, 98, fc, 1c, 14]...
🗑️ MEST Delete: keyword='entertainment', fid='ente_00000898' (key completely removed)
🗑️ MEST Delete: post-delete root_hash=[e3, b0, c4, 42, 98, fc, 1c, 14]...
🔧 MEST Add: keyword='entertainment', fid='ente_00000911'
🔧 MEST Add: proof size=163 bytes, root_hash=[d9, aa, 1c, 61, d3, 2a, 60, a5]...
🔍 MEST Query: keyword='entertainment', found 1 fids
🔍 MEST Query: returning proof (163 bytes)
🗑️ MEST Delete: keyword='entertainment', fid='ente_00000911' (key completely removed)
🗑️ MEST Delete: post-delete root_hash=[e3, b0, c4, 42, 98, fc, 1c, 14]...
🗑️ MEST Delete: keyword='entertainment', fid='ente_00000911' (key completely removed)
🗑️ MEST Delete: post-delete root_hash=[e3, b0, c4, 42, 98, fc, 1c, 14]...
🔧 MEST Add: keyword='entertainment', fid='ente_00000931'
🔧 MEST Add: proof size=163 bytes, root_hash=[ba, f9, 52, 7d, f8, e3, 9d, c4]...
🔍 MEST Query: keyword='entertainment', found 1 fids
🔍 MEST Query: returning proof (163 bytes)
🗑️ MEST Delete: keyword='entertainment', fid='ente_00000931' (key completely removed)
🗑️ MEST Delete: post-delete root_hash=[e3, b0, c4, 42, 98, fc, 1c, 14]...
🗑️ MEST Delete: keyword='entertainment', fid='ente_00000931' (key completely removed)
🗑️ MEST Delete: post-delete root_hash=[e3, b0, c4, 42, 98, fc, 1c, 14]...
🔧 MEST Add: keyword='shopping', fid='life_00000941'
🔧 MEST Add: proof size=158 bytes, root_hash=[94, 53, d3, 0b, 28, 3c, 37, ee]...
🗑️ MEST Delete: keyword='shopping', fid='life_00000941' (key completely removed)
🗑️ MEST Delete: post-delete root_hash=[e3, b0, c4, 42, 98, fc, 1c, 14]...
🔧 MEST Add: keyword='entertainment', fid='ente_00000947'
🔧 MEST Add: proof size=163 bytes, root_hash=[ca, a2, f8, 1a, 4c, 68, 81, 43]...
🔍 MEST Query: keyword='entertainment', found 1 fids
🔍 MEST Query: returning proof (163 bytes)
🗑️ MEST Delete: keyword='entertainment', fid='ente_00000947' (key completely removed)
🗑️ MEST Delete: post-delete root_hash=[e3, b0, c4, 42, 98, fc, 1c, 14]...
🗑️ MEST Delete: keyword='entertainment', fid='ente_00000947' (key completely removed)
🗑️ MEST Delete: post-delete root_hash=[e3, b0, c4, 42, 98, fc, 1c, 14]...
🔧 MEST Add: keyword='entertainment', fid='ente_00000951'
🔧 MEST Add: proof size=163 bytes, root_hash=[f9, 0a, d2, 7c, 33, c4, d3, c4]...
🔍 MEST Query: keyword='entertainment', found 1 fids
🔍 MEST Query: returning proof (163 bytes)
🗑️ MEST Delete: keyword='entertainment', fid='ente_00000951' (key completely removed)
🗑️ MEST Delete: post-delete root_hash=[e3, b0, c4, 42, 98, fc, 1c, 14]...
🗑️ MEST Delete: keyword='entertainment', fid='ente_00000951' (key completely removed)
🗑️ MEST Delete: post-delete root_hash=[e3, b0, c4, 42, 98, fc, 1c, 14]...
🔧 MEST Add: keyword='entertainment', fid='ente_00000977'
🔧 MEST Add: proof size=163 bytes, root_hash=[e5, 4c, 2a, a6, 25, 08, be, bc]...
🔍 MEST Query: keyword='entertainment', found 1 fids
🔍 MEST Query: returning proof (163 bytes)
🗑️ MEST Delete: keyword='entertainment', fid='ente_00000977' (key completely removed)
🗑️ MEST Delete: post-delete root_hash=[e3, b0, c4, 42, 98, fc, 1c, 14]...
🗑️ MEST Delete: keyword='entertainment', fid='ente_00000977' (key completely removed)
🗑️ MEST Delete: post-delete root_hash=[e3, b0, c4, 42, 98, fc, 1c, 14]...
🔧 MEST Add: keyword='entertainment', fid='ente_00000978'
🔧 MEST Add: proof size=163 bytes, root_hash=[ac, fb, 87, 8e, 81, ad, a8, 0a]...
🔍 MEST Query: keyword='entertainment', found 1 fids
🔍 MEST Query: returning proof (163 bytes)
🗑️ MEST Delete: keyword='entertainment', fid='ente_00000978' (key completely removed)
🗑️ MEST Delete: post-delete root_hash=[e3, b0, c4, 42, 98, fc, 1c, 14]...
🗑️ MEST Delete: keyword='entertainment', fid='ente_00000978' (key completely removed)
🗑️ MEST Delete: post-delete root_hash=[e3, b0, c4, 42, 98, fc, 1c, 14]...
