warning: profiles for the non root package will be ignored, specify profiles at the workspace root:
package:   /root/distributed-storage-system/crates/storager/ads_lib/Cargo.toml
workspace: /root/distributed-storage-system/Cargo.toml
warning: value assigned to `is_change` is never read
   --> crates/storager/ads_lib/src/mpt/mpt.rs:256:21
    |
256 |             let mut is_change = false;
    |                     ^^^^^^^^^
    |
    = help: maybe it is overwritten before being read?
    = note: `#[warn(unused_assignments)]` on by default

warning: value assigned to `is_change` is never read
   --> crates/storager/ads_lib/src/mpt/mpt.rs:462:25
    |
462 |                 let mut is_change = false;
    |                         ^^^^^^^^^
    |
    = help: maybe it is overwritten before being read?

warning: unused variable: `had_value`
   --> crates/storager/ads_lib/src/mpt/mpt.rs:526:21
    |
526 |                 let had_value = !old_value_str.is_empty();
    |                     ^^^^^^^^^ help: if this is intentional, prefix it with an underscore: `_had_value`
    |
    = note: `#[warn(unused_variables)]` on by default

warning: associated functions `short_node_batch_fix` and `full_node_batch_fix` are never used
    --> crates/storager/ads_lib/src/mpt/mpt.rs:1743:8
     |
  50 | impl MPT {
     | -------- associated functions in this implementation
...
1743 |     fn short_node_batch_fix(node: Arc<RwLock<ShortNode>>) -> Result<(), MPTError> {
     |        ^^^^^^^^^^^^^^^^^^^^
...
1748 |     fn full_node_batch_fix(node: Arc<RwLock<FullNode>>) -> Result<(), MPTError> {
     |        ^^^^^^^^^^^^^^^^^^^
     |
     = note: `#[warn(dead_code)]` on by default

warning: function `hash_mgt_node` is never used
   --> crates/storager/ads_lib/src/mest/proof.rs:253:4
    |
253 | fn hash_mgt_node(children: &[[u8; 32]]) -> [u8; 32] {
    |    ^^^^^^^^^^^^^

warning: `ads_rust` (lib) generated 5 warnings
warning: unused variable: `acc_old`
   --> crates/common/src/verification.rs:721:13
    |
721 |         let acc_old = match G1Affine::deserialize_uncompressed(&proof[offset..offset + acc_old_len]) {
    |             ^^^^^^^ help: if this is intentional, prefix it with an underscore: `_acc_old`
    |
    = note: `#[warn(unused_variables)]` on by default

warning: `common` (lib) generated 1 warning
warning: unused imports: `Digest` and `Sha256`
   --> crates/storager/src/ads/acctrie_ads.rs:452:20
    |
452 |         use sha2::{Digest, Sha256};
    |                    ^^^^^^  ^^^^^^
    |
    = note: `#[warn(unused_imports)]` on by default

warning: `storager` (lib) generated 1 warning (run `cargo fix --lib -p storager` to apply 1 suggestion)
    Finished `release` profile [optimized] target(s) in 0.15s
     Running `target/release/storager 50098 mest`
🔧 MEST Add: keyword='database', fid='tech_00000010'
🔧 MEST Add: proof size=158 bytes, root_hash=[d3, 81, 87, e2, 99, 93, e0, 37]...
🗑️ MEST Delete: keyword='database', fid='tech_00000010' (key completely removed)
🗑️ MEST Delete: post-delete root_hash=[e3, b0, c4, 42, 98, fc, 1c, 14]...
🔧 MEST Add: keyword='database', fid='tech_00000020'
🔧 MEST Add: proof size=158 bytes, root_hash=[f6, 6e, 4b, ad, af, bb, 13, d8]...
🗑️ MEST Delete: keyword='database', fid='tech_00000020' (key completely removed)
🗑️ MEST Delete: post-delete root_hash=[e3, b0, c4, 42, 98, fc, 1c, 14]...
🔧 MEST Add: keyword='database', fid='tech_00000027'
🔧 MEST Add: proof size=158 bytes, root_hash=[d5, 3f, 4d, a8, a0, 68, 96, e6]...
🗑️ MEST Delete: keyword='database', fid='tech_00000027' (key completely removed)
🗑️ MEST Delete: post-delete root_hash=[e3, b0, c4, 42, 98, fc, 1c, 14]...
🔧 MEST Add: keyword='database', fid='tech_00000031'
🔧 MEST Add: proof size=158 bytes, root_hash=[bc, fc, 30, 4e, 6b, 31, 62, 16]...
🗑️ MEST Delete: keyword='database', fid='tech_00000031' (key completely removed)
🗑️ MEST Delete: post-delete root_hash=[e3, b0, c4, 42, 98, fc, 1c, 14]...
🔧 MEST Add: keyword='database', fid='tech_00000044'
🔧 MEST Add: proof size=158 bytes, root_hash=[97, d2, b1, 60, 83, 21, 63, ae]...
🔧 MEST Add: keyword='database', fid='tech_00000044'
🔧 MEST Add: proof size=158 bytes, root_hash=[97, d2, b1, 60, 83, 21, 63, ae]...
🗑️ MEST Delete: keyword='database', fid='tech_00000044' (key completely removed)
🗑️ MEST Delete: post-delete root_hash=[e3, b0, c4, 42, 98, fc, 1c, 14]...
🔧 MEST Add: keyword='database', fid='tech_00000053'
🔧 MEST Add: proof size=158 bytes, root_hash=[a8, d4, b3, 19, f0, f2, db, d6]...
🗑️ MEST Delete: keyword='database', fid='tech_00000053' (key completely removed)
🗑️ MEST Delete: post-delete root_hash=[e3, b0, c4, 42, 98, fc, 1c, 14]...
🔧 MEST Add: keyword='database', fid='tech_00000108'
🔧 MEST Add: proof size=158 bytes, root_hash=[8c, f0, ac, 12, 70, 9d, 1b, cb]...
🗑️ MEST Delete: keyword='database', fid='tech_00000108' (key completely removed)
🗑️ MEST Delete: post-delete root_hash=[e3, b0, c4, 42, 98, fc, 1c, 14]...
🔧 MEST Add: keyword='database', fid='tech_00000127'
🔧 MEST Add: proof size=158 bytes, root_hash=[e8, cf, 5c, eb, ea, 80, 11, 76]...
🔧 MEST Add: keyword='database', fid='tech_00000127'
🔧 MEST Add: proof size=158 bytes, root_hash=[e8, cf, 5c, eb, ea, 80, 11, 76]...
🗑️ MEST Delete: keyword='database', fid='tech_00000127' (key completely removed)
🗑️ MEST Delete: post-delete root_hash=[e3, b0, c4, 42, 98, fc, 1c, 14]...
🔧 MEST Add: keyword='database', fid='tech_00000136'
🔧 MEST Add: proof size=158 bytes, root_hash=[e3, 0b, 48, 20, 58, 85, b9, f2]...
🔧 MEST Add: keyword='database', fid='tech_00000136'
🔧 MEST Add: proof size=158 bytes, root_hash=[e3, 0b, 48, 20, 58, 85, b9, f2]...
🗑️ MEST Delete: keyword='database', fid='tech_00000136' (key completely removed)
🗑️ MEST Delete: post-delete root_hash=[e3, b0, c4, 42, 98, fc, 1c, 14]...
🔧 MEST Add: keyword='database', fid='tech_00000212'
🔧 MEST Add: proof size=158 bytes, root_hash=[3d, 91, a7, c9, e5, 01, f7, 01]...
🗑️ MEST Delete: keyword='database', fid='tech_00000212' (key completely removed)
🗑️ MEST Delete: post-delete root_hash=[e3, b0, c4, 42, 98, fc, 1c, 14]...
🔧 MEST Add: keyword='database', fid='tech_00000231'
🔧 MEST Add: proof size=158 bytes, root_hash=[10, 81, e1, a9, cf, f7, 2f, b0]...
🗑️ MEST Delete: keyword='database', fid='tech_00000231' (key completely removed)
🗑️ MEST Delete: post-delete root_hash=[e3, b0, c4, 42, 98, fc, 1c, 14]...
🔧 MEST Add: keyword='database', fid='tech_00000279'
🔧 MEST Add: proof size=158 bytes, root_hash=[2f, 1e, 75, aa, c7, 13, ca, 11]...
🔧 MEST Add: keyword='database', fid='tech_00000279'
🔧 MEST Add: proof size=158 bytes, root_hash=[2f, 1e, 75, aa, c7, 13, ca, 11]...
🗑️ MEST Delete: keyword='database', fid='tech_00000279' (key completely removed)
🗑️ MEST Delete: post-delete root_hash=[e3, b0, c4, 42, 98, fc, 1c, 14]...
🔧 MEST Add: keyword='database', fid='tech_00000286'
🔧 MEST Add: proof size=158 bytes, root_hash=[f1, 84, 83, bb, 79, d1, 67, 14]...
🔧 MEST Add: keyword='database', fid='tech_00000286'
🔧 MEST Add: proof size=158 bytes, root_hash=[f1, 84, 83, bb, 79, d1, 67, 14]...
🗑️ MEST Delete: keyword='database', fid='tech_00000286' (key completely removed)
🗑️ MEST Delete: post-delete root_hash=[e3, b0, c4, 42, 98, fc, 1c, 14]...
🔧 MEST Add: keyword='database', fid='tech_00000320'
🔧 MEST Add: proof size=158 bytes, root_hash=[28, eb, cb, 49, 5a, 7e, 03, 2f]...
🔧 MEST Add: keyword='database', fid='tech_00000320'
🔧 MEST Add: proof size=158 bytes, root_hash=[28, eb, cb, 49, 5a, 7e, 03, 2f]...
🗑️ MEST Delete: keyword='database', fid='tech_00000320' (key completely removed)
🗑️ MEST Delete: post-delete root_hash=[e3, b0, c4, 42, 98, fc, 1c, 14]...
🔧 MEST Add: keyword='database', fid='tech_00000326'
🔧 MEST Add: proof size=158 bytes, root_hash=[7f, fa, 5d, 64, ac, 86, ea, 2e]...
🔧 MEST Add: keyword='database', fid='tech_00000326'
🔧 MEST Add: proof size=158 bytes, root_hash=[7f, fa, 5d, 64, ac, 86, ea, 2e]...
🗑️ MEST Delete: keyword='database', fid='tech_00000326' (key completely removed)
🗑️ MEST Delete: post-delete root_hash=[e3, b0, c4, 42, 98, fc, 1c, 14]...
🔧 MEST Add: keyword='database', fid='tech_00000355'
🔧 MEST Add: proof size=158 bytes, root_hash=[30, 8e, 67, ff, 56, 00, 6c, 27]...
🗑️ MEST Delete: keyword='database', fid='tech_00000355' (key completely removed)
🗑️ MEST Delete: post-delete root_hash=[e3, b0, c4, 42, 98, fc, 1c, 14]...
🔧 MEST Add: keyword='database', fid='tech_00000413'
🔧 MEST Add: proof size=158 bytes, root_hash=[b3, aa, 90, 3b, 4d, 7a, 6b, 3a]...
🗑️ MEST Delete: keyword='database', fid='tech_00000413' (key completely removed)
🗑️ MEST Delete: post-delete root_hash=[e3, b0, c4, 42, 98, fc, 1c, 14]...
🔧 MEST Add: keyword='database', fid='tech_00000459'
🔧 MEST Add: proof size=158 bytes, root_hash=[e8, 36, d0, 03, 02, 2a, f4, 80]...
🔧 MEST Add: keyword='database', fid='tech_00000459'
🔧 MEST Add: proof size=158 bytes, root_hash=[e8, 36, d0, 03, 02, 2a, f4, 80]...
🗑️ MEST Delete: keyword='database', fid='tech_00000459' (key completely removed)
🗑️ MEST Delete: post-delete root_hash=[e3, b0, c4, 42, 98, fc, 1c, 14]...
🔧 MEST Add: keyword='database', fid='tech_00000557'
🔧 MEST Add: proof size=158 bytes, root_hash=[1f, 67, 91, 13, 45, 9a, cd, 01]...
🗑️ MEST Delete: keyword='database', fid='tech_00000557' (key completely removed)
🗑️ MEST Delete: post-delete root_hash=[e3, b0, c4, 42, 98, fc, 1c, 14]...
🔧 MEST Add: keyword='database', fid='tech_00000607'
🔧 MEST Add: proof size=158 bytes, root_hash=[c5, 0b, b3, 98, 3b, 33, f2, 28]...
🔧 MEST Add: keyword='database', fid='tech_00000607'
🔧 MEST Add: proof size=158 bytes, root_hash=[c5, 0b, b3, 98, 3b, 33, f2, 28]...
🗑️ MEST Delete: keyword='database', fid='tech_00000607' (key completely removed)
🗑️ MEST Delete: post-delete root_hash=[e3, b0, c4, 42, 98, fc, 1c, 14]...
🔧 MEST Add: keyword='database', fid='tech_00000634'
🔧 MEST Add: proof size=158 bytes, root_hash=[83, 2c, 67, cb, aa, 97, 17, 45]...
🔧 MEST Add: keyword='database', fid='tech_00000634'
🔧 MEST Add: proof size=158 bytes, root_hash=[83, 2c, 67, cb, aa, 97, 17, 45]...
🗑️ MEST Delete: keyword='database', fid='tech_00000634' (key completely removed)
🗑️ MEST Delete: post-delete root_hash=[e3, b0, c4, 42, 98, fc, 1c, 14]...
🔧 MEST Add: keyword='database', fid='tech_00000730'
🔧 MEST Add: proof size=158 bytes, root_hash=[c1, 5d, bd, 89, 10, ae, 07, d1]...
🗑️ MEST Delete: keyword='database', fid='tech_00000730' (key completely removed)
🗑️ MEST Delete: post-delete root_hash=[e3, b0, c4, 42, 98, fc, 1c, 14]...
🔧 MEST Add: keyword='database', fid='tech_00000814'
🔧 MEST Add: proof size=158 bytes, root_hash=[7d, f0, c5, 3f, 5b, 3b, d4, 34]...
🔧 MEST Add: keyword='database', fid='tech_00000814'
🔧 MEST Add: proof size=158 bytes, root_hash=[7d, f0, c5, 3f, 5b, 3b, d4, 34]...
🗑️ MEST Delete: keyword='database', fid='tech_00000814' (key completely removed)
🗑️ MEST Delete: post-delete root_hash=[e3, b0, c4, 42, 98, fc, 1c, 14]...
🔧 MEST Add: keyword='database', fid='tech_00000816'
🔧 MEST Add: proof size=158 bytes, root_hash=[b5, 13, fe, 8d, d1, 5d, 70, ea]...
🔧 MEST Add: keyword='database', fid='tech_00000816'
🔧 MEST Add: proof size=158 bytes, root_hash=[b5, 13, fe, 8d, d1, 5d, 70, ea]...
🗑️ MEST Delete: keyword='database', fid='tech_00000816' (key completely removed)
🗑️ MEST Delete: post-delete root_hash=[e3, b0, c4, 42, 98, fc, 1c, 14]...
🔧 MEST Add: keyword='database', fid='tech_00000819'
🔧 MEST Add: proof size=158 bytes, root_hash=[8d, d4, b2, d3, 3d, c5, d2, c9]...
🗑️ MEST Delete: keyword='database', fid='tech_00000819' (key completely removed)
🗑️ MEST Delete: post-delete root_hash=[e3, b0, c4, 42, 98, fc, 1c, 14]...
🔧 MEST Add: keyword='database', fid='tech_00000820'
🔧 MEST Add: proof size=158 bytes, root_hash=[cf, 6d, c5, f2, 74, ed, 6e, 79]...
🔧 MEST Add: keyword='database', fid='tech_00000820'
🔧 MEST Add: proof size=158 bytes, root_hash=[cf, 6d, c5, f2, 74, ed, 6e, 79]...
🗑️ MEST Delete: keyword='database', fid='tech_00000820' (key completely removed)
🗑️ MEST Delete: post-delete root_hash=[e3, b0, c4, 42, 98, fc, 1c, 14]...
🔧 MEST Add: keyword='database', fid='tech_00000863'
🔧 MEST Add: proof size=158 bytes, root_hash=[b3, 5a, f0, a9, f7, 6a, 90, 6d]...
🗑️ MEST Delete: keyword='database', fid='tech_00000863' (key completely removed)
🗑️ MEST Delete: post-delete root_hash=[e3, b0, c4, 42, 98, fc, 1c, 14]...
🔧 MEST Add: keyword='database', fid='tech_00000867'
🔧 MEST Add: proof size=158 bytes, root_hash=[a4, 4f, ea, 40, 50, a4, 1f, 66]...
🗑️ MEST Delete: keyword='database', fid='tech_00000867' (key completely removed)
🗑️ MEST Delete: post-delete root_hash=[e3, b0, c4, 42, 98, fc, 1c, 14]...
🔧 MEST Add: keyword='database', fid='tech_00000880'
🔧 MEST Add: proof size=158 bytes, root_hash=[87, 65, 49, 98, 89, e1, 99, 58]...
🔧 MEST Add: keyword='database', fid='tech_00000880'
🔧 MEST Add: proof size=158 bytes, root_hash=[87, 65, 49, 98, 89, e1, 99, 58]...
🗑️ MEST Delete: keyword='database', fid='tech_00000880' (key completely removed)
🗑️ MEST Delete: post-delete root_hash=[e3, b0, c4, 42, 98, fc, 1c, 14]...
