warning: profiles for the non root package will be ignored, specify profiles at the workspace root:
package:   /root/distributed-storage-system/crates/storager/ads_lib/Cargo.toml
workspace: /root/distributed-storage-system/Cargo.toml
warning: value assigned to `is_change` is never read
   --> crates/storager/ads_lib/src/mpt/mpt.rs:256:21
    |
256 |             let mut is_change = false;
    |                     ^^^^^^^^^
    |
    = help: maybe it is overwritten before being read?
    = note: `#[warn(unused_assignments)]` on by default

warning: value assigned to `is_change` is never read
   --> crates/storager/ads_lib/src/mpt/mpt.rs:462:25
    |
462 |                 let mut is_change = false;
    |                         ^^^^^^^^^
    |
    = help: maybe it is overwritten before being read?

warning: unused variable: `had_value`
   --> crates/storager/ads_lib/src/mpt/mpt.rs:526:21
    |
526 |                 let had_value = !old_value_str.is_empty();
    |                     ^^^^^^^^^ help: if this is intentional, prefix it with an underscore: `_had_value`
    |
    = note: `#[warn(unused_variables)]` on by default

warning: associated functions `short_node_batch_fix` and `full_node_batch_fix` are never used
    --> crates/storager/ads_lib/src/mpt/mpt.rs:1743:8
     |
  50 | impl MPT {
     | -------- associated functions in this implementation
...
1743 |     fn short_node_batch_fix(node: Arc<RwLock<ShortNode>>) -> Result<(), MPTError> {
     |        ^^^^^^^^^^^^^^^^^^^^
...
1748 |     fn full_node_batch_fix(node: Arc<RwLock<FullNode>>) -> Result<(), MPTError> {
     |        ^^^^^^^^^^^^^^^^^^^
     |
     = note: `#[warn(dead_code)]` on by default

warning: function `hash_mgt_node` is never used
   --> crates/storager/ads_lib/src/mest/proof.rs:253:4
    |
253 | fn hash_mgt_node(children: &[[u8; 32]]) -> [u8; 32] {
    |    ^^^^^^^^^^^^^

warning: `ads_rust` (lib) generated 5 warnings
warning: unused variable: `acc_old`
   --> crates/common/src/verification.rs:721:13
    |
721 |         let acc_old = match G1Affine::deserialize_uncompressed(&proof[offset..offset + acc_old_len]) {
    |             ^^^^^^^ help: if this is intentional, prefix it with an underscore: `_acc_old`
    |
    = note: `#[warn(unused_variables)]` on by default

warning: `common` (lib) generated 1 warning
warning: unused imports: `Digest` and `Sha256`
   --> crates/storager/src/ads/acctrie_ads.rs:452:20
    |
452 |         use sha2::{Digest, Sha256};
    |                    ^^^^^^  ^^^^^^
    |
    = note: `#[warn(unused_imports)]` on by default

warning: `storager` (lib) generated 1 warning (run `cargo fix --lib -p storager` to apply 1 suggestion)
    Finished `release` profile [optimized] target(s) in 0.15s
     Running `target/release/storager 50084 mest`
🔧 MEST Add: keyword='design', fid='life_00000001'
🔧 MEST Add: proof size=156 bytes, root_hash=[97, d2, fa, 6f, 53, 41, 44, 34]...
🔧 MEST Add: keyword='design', fid='life_00000001'
🔧 MEST Add: proof size=156 bytes, root_hash=[97, d2, fa, 6f, 53, 41, 44, 34]...
🗑️ MEST Delete: keyword='design', fid='life_00000001' (key completely removed)
🗑️ MEST Delete: post-delete root_hash=[e3, b0, c4, 42, 98, fc, 1c, 14]...
🔧 MEST Add: keyword='nutrition', fid='heal_00000039'
🔧 MEST Add: proof size=159 bytes, root_hash=[fa, e9, 06, 04, 76, a4, 3c, ba]...
🗑️ MEST Delete: keyword='nutrition', fid='heal_00000039' (key completely removed)
🗑️ MEST Delete: post-delete root_hash=[e3, b0, c4, 42, 98, fc, 1c, 14]...
🔧 MEST Add: keyword='nutrition', fid='heal_00000083'
🔧 MEST Add: proof size=159 bytes, root_hash=[82, ca, 15, be, 30, 77, 14, d3]...
🔧 MEST Add: keyword='nutrition', fid='heal_00000083'
🔧 MEST Add: proof size=159 bytes, root_hash=[82, ca, 15, be, 30, 77, 14, d3]...
🗑️ MEST Delete: keyword='nutrition', fid='heal_00000083' (key completely removed)
🗑️ MEST Delete: post-delete root_hash=[e3, b0, c4, 42, 98, fc, 1c, 14]...
🔧 MEST Add: keyword='design', fid='life_00000110'
🔧 MEST Add: proof size=156 bytes, root_hash=[9b, 46, b3, 57, 7a, a0, 04, 1c]...
🔧 MEST Add: keyword='design', fid='life_00000110'
🔧 MEST Add: proof size=156 bytes, root_hash=[9b, 46, b3, 57, 7a, a0, 04, 1c]...
🗑️ MEST Delete: keyword='design', fid='life_00000110' (key completely removed)
🗑️ MEST Delete: post-delete root_hash=[e3, b0, c4, 42, 98, fc, 1c, 14]...
🔧 MEST Add: keyword='design', fid='life_00000130'
🔧 MEST Add: proof size=156 bytes, root_hash=[b4, dc, 6b, 6e, 45, e3, 57, d9]...
🗑️ MEST Delete: keyword='design', fid='life_00000130' (key completely removed)
🗑️ MEST Delete: post-delete root_hash=[e3, b0, c4, 42, 98, fc, 1c, 14]...
🔧 MEST Add: keyword='design', fid='life_00000145'
🔧 MEST Add: proof size=156 bytes, root_hash=[cb, 9c, db, 41, bb, 69, b6, 72]...
🔧 MEST Add: keyword='design', fid='life_00000145'
🔧 MEST Add: proof size=156 bytes, root_hash=[cb, 9c, db, 41, bb, 69, b6, 72]...
🗑️ MEST Delete: keyword='design', fid='life_00000145' (key completely removed)
🗑️ MEST Delete: post-delete root_hash=[e3, b0, c4, 42, 98, fc, 1c, 14]...
🔧 MEST Add: keyword='nutrition', fid='heal_00000172'
🔧 MEST Add: proof size=159 bytes, root_hash=[5c, df, e2, df, 93, d4, 0d, b1]...
🗑️ MEST Delete: keyword='nutrition', fid='heal_00000172' (key completely removed)
🗑️ MEST Delete: post-delete root_hash=[e3, b0, c4, 42, 98, fc, 1c, 14]...
🔧 MEST Add: keyword='nutrition', fid='heal_00000195'
🔧 MEST Add: proof size=159 bytes, root_hash=[8a, 1f, e4, cf, 24, 7d, bf, 96]...
🗑️ MEST Delete: keyword='nutrition', fid='heal_00000195' (key completely removed)
🗑️ MEST Delete: post-delete root_hash=[e3, b0, c4, 42, 98, fc, 1c, 14]...
🔧 MEST Add: keyword='nutrition', fid='heal_00000204'
🔧 MEST Add: proof size=159 bytes, root_hash=[76, f7, 51, 6f, 5c, 1a, ad, b4]...
🔧 MEST Add: keyword='nutrition', fid='heal_00000204'
🔧 MEST Add: proof size=159 bytes, root_hash=[76, f7, 51, 6f, 5c, 1a, ad, b4]...
🗑️ MEST Delete: keyword='nutrition', fid='heal_00000204' (key completely removed)
🗑️ MEST Delete: post-delete root_hash=[e3, b0, c4, 42, 98, fc, 1c, 14]...
🔧 MEST Add: keyword='nutrition', fid='heal_00000222'
🔧 MEST Add: proof size=159 bytes, root_hash=[3b, 4d, ab, 73, ba, d1, 8f, b5]...
🗑️ MEST Delete: keyword='nutrition', fid='heal_00000222' (key completely removed)
🗑️ MEST Delete: post-delete root_hash=[e3, b0, c4, 42, 98, fc, 1c, 14]...
🔧 MEST Add: keyword='nutrition', fid='heal_00000223'
🔧 MEST Add: proof size=159 bytes, root_hash=[6d, 2c, 06, 24, ca, a9, f2, a1]...
🔧 MEST Add: keyword='nutrition', fid='heal_00000223'
🔧 MEST Add: proof size=159 bytes, root_hash=[6d, 2c, 06, 24, ca, a9, f2, a1]...
🗑️ MEST Delete: keyword='nutrition', fid='heal_00000223' (key completely removed)
🗑️ MEST Delete: post-delete root_hash=[e3, b0, c4, 42, 98, fc, 1c, 14]...
🔧 MEST Add: keyword='nutrition', fid='heal_00000301'
🔧 MEST Add: proof size=159 bytes, root_hash=[90, 9c, e6, 10, ea, e5, d5, 6b]...
🔧 MEST Add: keyword='nutrition', fid='heal_00000301'
🔧 MEST Add: proof size=159 bytes, root_hash=[90, 9c, e6, 10, ea, e5, d5, 6b]...
🗑️ MEST Delete: keyword='nutrition', fid='heal_00000301' (key completely removed)
🗑️ MEST Delete: post-delete root_hash=[e3, b0, c4, 42, 98, fc, 1c, 14]...
🔧 MEST Add: keyword='nutrition', fid='heal_00000324'
🔧 MEST Add: proof size=159 bytes, root_hash=[37, b0, aa, ce, 43, f8, d1, 67]...
🗑️ MEST Delete: keyword='nutrition', fid='heal_00000324' (key completely removed)
🗑️ MEST Delete: post-delete root_hash=[e3, b0, c4, 42, 98, fc, 1c, 14]...
🔧 MEST Add: keyword='design', fid='life_00000334'
🔧 MEST Add: proof size=156 bytes, root_hash=[fe, 0d, 3b, 4e, 63, da, 27, 1d]...
🗑️ MEST Delete: keyword='design', fid='life_00000334' (key completely removed)
🗑️ MEST Delete: post-delete root_hash=[e3, b0, c4, 42, 98, fc, 1c, 14]...
🔧 MEST Add: keyword='nutrition', fid='heal_00000460'
🔧 MEST Add: proof size=159 bytes, root_hash=[ca, 5f, 51, 5d, 61, 3a, fe, 4e]...
🗑️ MEST Delete: keyword='nutrition', fid='heal_00000460' (key completely removed)
🗑️ MEST Delete: post-delete root_hash=[e3, b0, c4, 42, 98, fc, 1c, 14]...
🔧 MEST Add: keyword='nutrition', fid='heal_00000513'
🔧 MEST Add: proof size=159 bytes, root_hash=[99, 9a, 22, fd, 9c, 29, 79, d2]...
🔧 MEST Add: keyword='nutrition', fid='heal_00000513'
🔧 MEST Add: proof size=159 bytes, root_hash=[99, 9a, 22, fd, 9c, 29, 79, d2]...
🗑️ MEST Delete: keyword='nutrition', fid='heal_00000513' (key completely removed)
🗑️ MEST Delete: post-delete root_hash=[e3, b0, c4, 42, 98, fc, 1c, 14]...
🔧 MEST Add: keyword='nutrition', fid='heal_00000544'
🔧 MEST Add: proof size=159 bytes, root_hash=[69, 55, 2d, 7d, c3, f9, a1, 93]...
🔧 MEST Add: keyword='nutrition', fid='heal_00000544'
🔧 MEST Add: proof size=159 bytes, root_hash=[69, 55, 2d, 7d, c3, f9, a1, 93]...
🗑️ MEST Delete: keyword='nutrition', fid='heal_00000544' (key completely removed)
🗑️ MEST Delete: post-delete root_hash=[e3, b0, c4, 42, 98, fc, 1c, 14]...
🔧 MEST Add: keyword='nutrition', fid='heal_00000572'
🔧 MEST Add: proof size=159 bytes, root_hash=[b4, 0a, bf, 9a, 45, 13, 17, 7e]...
🔧 MEST Add: keyword='nutrition', fid='heal_00000572'
🔧 MEST Add: proof size=159 bytes, root_hash=[b4, 0a, bf, 9a, 45, 13, 17, 7e]...
🗑️ MEST Delete: keyword='nutrition', fid='heal_00000572' (key completely removed)
🗑️ MEST Delete: post-delete root_hash=[e3, b0, c4, 42, 98, fc, 1c, 14]...
🔧 MEST Add: keyword='nutrition', fid='heal_00000574'
🔧 MEST Add: proof size=159 bytes, root_hash=[40, 09, 18, 05, 1f, 2d, 4b, 4d]...
🗑️ MEST Delete: keyword='nutrition', fid='heal_00000574' (key completely removed)
🗑️ MEST Delete: post-delete root_hash=[e3, b0, c4, 42, 98, fc, 1c, 14]...
🔧 MEST Add: keyword='design', fid='life_00000580'
🔧 MEST Add: proof size=156 bytes, root_hash=[76, 11, 05, 4d, 1d, cd, 35, 60]...
🔧 MEST Add: keyword='design', fid='life_00000580'
🔧 MEST Add: proof size=156 bytes, root_hash=[76, 11, 05, 4d, 1d, cd, 35, 60]...
🗑️ MEST Delete: keyword='design', fid='life_00000580' (key completely removed)
🗑️ MEST Delete: post-delete root_hash=[e3, b0, c4, 42, 98, fc, 1c, 14]...
🔧 MEST Add: keyword='nutrition', fid='heal_00000648'
🔧 MEST Add: proof size=159 bytes, root_hash=[8b, d1, c9, 00, b1, fb, 5b, 6e]...
🔧 MEST Add: keyword='nutrition', fid='heal_00000648'
🔧 MEST Add: proof size=159 bytes, root_hash=[8b, d1, c9, 00, b1, fb, 5b, 6e]...
🗑️ MEST Delete: keyword='nutrition', fid='heal_00000648' (key completely removed)
🗑️ MEST Delete: post-delete root_hash=[e3, b0, c4, 42, 98, fc, 1c, 14]...
🔧 MEST Add: keyword='nutrition', fid='heal_00000688'
🔧 MEST Add: proof size=159 bytes, root_hash=[46, 78, 4c, 2a, 5e, 56, 1f, 63]...
🗑️ MEST Delete: keyword='nutrition', fid='heal_00000688' (key completely removed)
🗑️ MEST Delete: post-delete root_hash=[e3, b0, c4, 42, 98, fc, 1c, 14]...
🔧 MEST Add: keyword='design', fid='life_00000702'
🔧 MEST Add: proof size=156 bytes, root_hash=[42, a1, 30, 7b, 0e, 75, 6e, 93]...
🗑️ MEST Delete: keyword='design', fid='life_00000702' (key completely removed)
🗑️ MEST Delete: post-delete root_hash=[e3, b0, c4, 42, 98, fc, 1c, 14]...
🔧 MEST Add: keyword='design', fid='life_00000736'
🔧 MEST Add: proof size=156 bytes, root_hash=[02, d1, 74, ae, c5, 38, cd, 8d]...
🔧 MEST Add: keyword='design', fid='life_00000736'
🔧 MEST Add: proof size=156 bytes, root_hash=[02, d1, 74, ae, c5, 38, cd, 8d]...
🗑️ MEST Delete: keyword='design', fid='life_00000736' (key completely removed)
🗑️ MEST Delete: post-delete root_hash=[e3, b0, c4, 42, 98, fc, 1c, 14]...
🔧 MEST Add: keyword='design', fid='life_00000740'
🔧 MEST Add: proof size=156 bytes, root_hash=[ad, 0a, 53, 5d, ca, 97, df, 49]...
🗑️ MEST Delete: keyword='design', fid='life_00000740' (key completely removed)
🗑️ MEST Delete: post-delete root_hash=[e3, b0, c4, 42, 98, fc, 1c, 14]...
🔧 MEST Add: keyword='nutrition', fid='heal_00000744'
🔧 MEST Add: proof size=159 bytes, root_hash=[56, b9, f7, 43, 45, d8, cb, 9e]...
🗑️ MEST Delete: keyword='nutrition', fid='heal_00000744' (key completely removed)
🗑️ MEST Delete: post-delete root_hash=[e3, b0, c4, 42, 98, fc, 1c, 14]...
🔧 MEST Add: keyword='design', fid='life_00000755'
🔧 MEST Add: proof size=156 bytes, root_hash=[53, b3, 35, cc, 2a, 0b, df, 9f]...
🔧 MEST Add: keyword='design', fid='life_00000755'
🔧 MEST Add: proof size=156 bytes, root_hash=[53, b3, 35, cc, 2a, 0b, df, 9f]...
🗑️ MEST Delete: keyword='design', fid='life_00000755' (key completely removed)
🗑️ MEST Delete: post-delete root_hash=[e3, b0, c4, 42, 98, fc, 1c, 14]...
🔧 MEST Add: keyword='design', fid='life_00000765'
🔧 MEST Add: proof size=156 bytes, root_hash=[da, 15, a1, 5c, e7, 1a, 55, 95]...
🗑️ MEST Delete: keyword='design', fid='life_00000765' (key completely removed)
🗑️ MEST Delete: post-delete root_hash=[e3, b0, c4, 42, 98, fc, 1c, 14]...
🔧 MEST Add: keyword='design', fid='life_00000789'
🔧 MEST Add: proof size=156 bytes, root_hash=[dd, d6, 59, 8c, 06, 7f, d0, 78]...
🗑️ MEST Delete: keyword='design', fid='life_00000789' (key completely removed)
🗑️ MEST Delete: post-delete root_hash=[e3, b0, c4, 42, 98, fc, 1c, 14]...
🔧 MEST Add: keyword='nutrition', fid='heal_00000807'
🔧 MEST Add: proof size=159 bytes, root_hash=[91, a6, 6c, 80, a7, 7d, 0b, 70]...
🔧 MEST Add: keyword='nutrition', fid='heal_00000807'
🔧 MEST Add: proof size=159 bytes, root_hash=[91, a6, 6c, 80, a7, 7d, 0b, 70]...
🗑️ MEST Delete: keyword='nutrition', fid='heal_00000807' (key completely removed)
🗑️ MEST Delete: post-delete root_hash=[e3, b0, c4, 42, 98, fc, 1c, 14]...
🔧 MEST Add: keyword='nutrition', fid='heal_00000845'
🔧 MEST Add: proof size=159 bytes, root_hash=[0d, 31, 38, f3, 11, 94, b0, aa]...
🔧 MEST Add: keyword='nutrition', fid='heal_00000845'
🔧 MEST Add: proof size=159 bytes, root_hash=[0d, 31, 38, f3, 11, 94, b0, aa]...
🗑️ MEST Delete: keyword='nutrition', fid='heal_00000845' (key completely removed)
🗑️ MEST Delete: post-delete root_hash=[e3, b0, c4, 42, 98, fc, 1c, 14]...
🔧 MEST Add: keyword='nutrition', fid='heal_00000919'
🔧 MEST Add: proof size=159 bytes, root_hash=[60, 92, 31, f0, 32, 4f, a6, 8d]...
🗑️ MEST Delete: keyword='nutrition', fid='heal_00000919' (key completely removed)
🗑️ MEST Delete: post-delete root_hash=[e3, b0, c4, 42, 98, fc, 1c, 14]...
🔧 MEST Add: keyword='design', fid='life_00000935'
🔧 MEST Add: proof size=156 bytes, root_hash=[e6, 46, a9, 15, 2d, 27, 27, 52]...
🔧 MEST Add: keyword='design', fid='life_00000935'
🔧 MEST Add: proof size=156 bytes, root_hash=[e6, 46, a9, 15, 2d, 27, 27, 52]...
🗑️ MEST Delete: keyword='design', fid='life_00000935' (key completely removed)
🗑️ MEST Delete: post-delete root_hash=[e3, b0, c4, 42, 98, fc, 1c, 14]...
🔧 MEST Add: keyword='design', fid='life_00000941'
🔧 MEST Add: proof size=156 bytes, root_hash=[94, 53, d3, 0b, 28, 3c, 37, ee]...
🗑️ MEST Delete: keyword='design', fid='life_00000941' (key completely removed)
🗑️ MEST Delete: post-delete root_hash=[e3, b0, c4, 42, 98, fc, 1c, 14]...
🔧 MEST Add: keyword='design', fid='life_00000949'
🔧 MEST Add: proof size=156 bytes, root_hash=[2f, f4, 2d, ba, 2a, ca, 41, e0]...
🗑️ MEST Delete: keyword='design', fid='life_00000949' (key completely removed)
🗑️ MEST Delete: post-delete root_hash=[e3, b0, c4, 42, 98, fc, 1c, 14]...
🔧 MEST Add: keyword='design', fid='life_00000976'
🔧 MEST Add: proof size=156 bytes, root_hash=[71, 4e, bd, 95, 9c, 3e, 63, 90]...
🗑️ MEST Delete: keyword='design', fid='life_00000976' (key completely removed)
🗑️ MEST Delete: post-delete root_hash=[e3, b0, c4, 42, 98, fc, 1c, 14]...
