warning: profiles for the non root package will be ignored, specify profiles at the workspace root:
package:   /root/distributed-storage-system/crates/storager/ads_lib/Cargo.toml
workspace: /root/distributed-storage-system/Cargo.toml
warning: value assigned to `is_change` is never read
   --> crates/storager/ads_lib/src/mpt/mpt.rs:256:21
    |
256 |             let mut is_change = false;
    |                     ^^^^^^^^^
    |
    = help: maybe it is overwritten before being read?
    = note: `#[warn(unused_assignments)]` on by default

warning: value assigned to `is_change` is never read
   --> crates/storager/ads_lib/src/mpt/mpt.rs:462:25
    |
462 |                 let mut is_change = false;
    |                         ^^^^^^^^^
    |
    = help: maybe it is overwritten before being read?

warning: unused variable: `had_value`
   --> crates/storager/ads_lib/src/mpt/mpt.rs:526:21
    |
526 |                 let had_value = !old_value_str.is_empty();
    |                     ^^^^^^^^^ help: if this is intentional, prefix it with an underscore: `_had_value`
    |
    = note: `#[warn(unused_variables)]` on by default

warning: associated functions `short_node_batch_fix` and `full_node_batch_fix` are never used
    --> crates/storager/ads_lib/src/mpt/mpt.rs:1743:8
     |
  50 | impl MPT {
     | -------- associated functions in this implementation
...
1743 |     fn short_node_batch_fix(node: Arc<RwLock<ShortNode>>) -> Result<(), MPTError> {
     |        ^^^^^^^^^^^^^^^^^^^^
...
1748 |     fn full_node_batch_fix(node: Arc<RwLock<FullNode>>) -> Result<(), MPTError> {
     |        ^^^^^^^^^^^^^^^^^^^
     |
     = note: `#[warn(dead_code)]` on by default

warning: function `hash_mgt_node` is never used
   --> crates/storager/ads_lib/src/mest/proof.rs:253:4
    |
253 | fn hash_mgt_node(children: &[[u8; 32]]) -> [u8; 32] {
    |    ^^^^^^^^^^^^^

warning: `ads_rust` (lib) generated 5 warnings
warning: unused variable: `acc_old`
   --> crates/common/src/verification.rs:721:13
    |
721 |         let acc_old = match G1Affine::deserialize_uncompressed(&proof[offset..offset + acc_old_len]) {
    |             ^^^^^^^ help: if this is intentional, prefix it with an underscore: `_acc_old`
    |
    = note: `#[warn(unused_variables)]` on by default

warning: `common` (lib) generated 1 warning
warning: unused imports: `Digest` and `Sha256`
   --> crates/storager/src/ads/acctrie_ads.rs:452:20
    |
452 |         use sha2::{Digest, Sha256};
    |                    ^^^^^^  ^^^^^^
    |
    = note: `#[warn(unused_imports)]` on by default

warning: `storager` (lib) generated 1 warning (run `cargo fix --lib -p storager` to apply 1 suggestion)
    Finished `release` profile [optimized] target(s) in 0.15s
     Running `target/release/storager 50110 mest`
🔧 MEST Add: keyword='news', fid='news_00000003'
🔧 MEST Add: proof size=154 bytes, root_hash=[80, 2d, 09, d0, c9, 16, 7a, 1e]...
🔍 MEST Query: keyword='news', found 1 fids
🔍 MEST Query: returning proof (154 bytes)
🗑️ MEST Delete: keyword='news', fid='news_00000003' (key completely removed)
🗑️ MEST Delete: post-delete root_hash=[e3, b0, c4, 42, 98, fc, 1c, 14]...
🗑️ MEST Delete: keyword='news', fid='news_00000003' (key completely removed)
🗑️ MEST Delete: post-delete root_hash=[e3, b0, c4, 42, 98, fc, 1c, 14]...
🔧 MEST Add: keyword='news', fid='news_00000006'
🔧 MEST Add: proof size=154 bytes, root_hash=[08, 3b, 3a, 28, b2, 43, db, 38]...
🔍 MEST Query: keyword='news', found 1 fids
🔍 MEST Query: returning proof (154 bytes)
🗑️ MEST Delete: keyword='news', fid='news_00000006' (key completely removed)
🗑️ MEST Delete: post-delete root_hash=[e3, b0, c4, 42, 98, fc, 1c, 14]...
🗑️ MEST Delete: keyword='news', fid='news_00000006' (key completely removed)
🗑️ MEST Delete: post-delete root_hash=[e3, b0, c4, 42, 98, fc, 1c, 14]...
🔧 MEST Add: keyword='news', fid='news_00000014'
🔧 MEST Add: proof size=154 bytes, root_hash=[0a, c0, 0d, ff, 57, 79, ea, ff]...
🔍 MEST Query: keyword='news', found 1 fids
🔍 MEST Query: returning proof (154 bytes)
🗑️ MEST Delete: keyword='news', fid='news_00000014' (key completely removed)
🗑️ MEST Delete: post-delete root_hash=[e3, b0, c4, 42, 98, fc, 1c, 14]...
🗑️ MEST Delete: keyword='news', fid='news_00000014' (key completely removed)
🗑️ MEST Delete: post-delete root_hash=[e3, b0, c4, 42, 98, fc, 1c, 14]...
🔧 MEST Add: keyword='news', fid='news_00000019'
🔧 MEST Add: proof size=154 bytes, root_hash=[67, 7a, eb, 96, 3d, 92, 80, 34]...
🔍 MEST Query: keyword='news', found 1 fids
🔍 MEST Query: returning proof (154 bytes)
🗑️ MEST Delete: keyword='news', fid='news_00000019' (key completely removed)
🗑️ MEST Delete: post-delete root_hash=[e3, b0, c4, 42, 98, fc, 1c, 14]...
🗑️ MEST Delete: keyword='news', fid='news_00000019' (key completely removed)
🗑️ MEST Delete: post-delete root_hash=[e3, b0, c4, 42, 98, fc, 1c, 14]...
🔧 MEST Add: keyword='news', fid='news_00000026'
🔧 MEST Add: proof size=154 bytes, root_hash=[85, 9f, 8f, 13, 1e, 3b, a1, fe]...
🔍 MEST Query: keyword='news', found 1 fids
🔍 MEST Query: returning proof (154 bytes)
🗑️ MEST Delete: keyword='news', fid='news_00000026' (key completely removed)
🗑️ MEST Delete: post-delete root_hash=[e3, b0, c4, 42, 98, fc, 1c, 14]...
🗑️ MEST Delete: keyword='news', fid='news_00000026' (key completely removed)
🗑️ MEST Delete: post-delete root_hash=[e3, b0, c4, 42, 98, fc, 1c, 14]...
🔧 MEST Add: keyword='news', fid='news_00000034'
🔧 MEST Add: proof size=154 bytes, root_hash=[23, 80, 71, e1, 36, bc, 0a, 9d]...
🔍 MEST Query: keyword='news', found 1 fids
🔍 MEST Query: returning proof (154 bytes)
🗑️ MEST Delete: keyword='news', fid='news_00000034' (key completely removed)
🗑️ MEST Delete: post-delete root_hash=[e3, b0, c4, 42, 98, fc, 1c, 14]...
🗑️ MEST Delete: keyword='news', fid='news_00000034' (key completely removed)
🗑️ MEST Delete: post-delete root_hash=[e3, b0, c4, 42, 98, fc, 1c, 14]...
🔧 MEST Add: keyword='news', fid='news_00000059'
🔧 MEST Add: proof size=154 bytes, root_hash=[d7, 2a, 34, 79, ee, 9e, f7, ec]...
🔍 MEST Query: keyword='news', found 1 fids
🔍 MEST Query: returning proof (154 bytes)
🗑️ MEST Delete: keyword='news', fid='news_00000059' (key completely removed)
🗑️ MEST Delete: post-delete root_hash=[e3, b0, c4, 42, 98, fc, 1c, 14]...
🗑️ MEST Delete: keyword='news', fid='news_00000059' (key completely removed)
🗑️ MEST Delete: post-delete root_hash=[e3, b0, c4, 42, 98, fc, 1c, 14]...
🔧 MEST Add: keyword='news', fid='news_00000060'
🔧 MEST Add: proof size=154 bytes, root_hash=[4d, 10, 3c, c6, ec, 8a, 54, c0]...
🔍 MEST Query: keyword='news', found 1 fids
🔍 MEST Query: returning proof (154 bytes)
🗑️ MEST Delete: keyword='news', fid='news_00000060' (key completely removed)
🗑️ MEST Delete: post-delete root_hash=[e3, b0, c4, 42, 98, fc, 1c, 14]...
🗑️ MEST Delete: keyword='news', fid='news_00000060' (key completely removed)
🗑️ MEST Delete: post-delete root_hash=[e3, b0, c4, 42, 98, fc, 1c, 14]...
🔧 MEST Add: keyword='news', fid='news_00000064'
🔧 MEST Add: proof size=154 bytes, root_hash=[89, 0e, c5, 91, 4e, eb, 93, e4]...
🔍 MEST Query: keyword='news', found 1 fids
🔍 MEST Query: returning proof (154 bytes)
🗑️ MEST Delete: keyword='news', fid='news_00000064' (key completely removed)
🗑️ MEST Delete: post-delete root_hash=[e3, b0, c4, 42, 98, fc, 1c, 14]...
🗑️ MEST Delete: keyword='news', fid='news_00000064' (key completely removed)
🗑️ MEST Delete: post-delete root_hash=[e3, b0, c4, 42, 98, fc, 1c, 14]...
🔧 MEST Add: keyword='news', fid='news_00000069'
🔧 MEST Add: proof size=154 bytes, root_hash=[37, 8f, 94, dc, 96, 42, ff, 48]...
🔍 MEST Query: keyword='news', found 1 fids
🔍 MEST Query: returning proof (154 bytes)
🗑️ MEST Delete: keyword='news', fid='news_00000069' (key completely removed)
🗑️ MEST Delete: post-delete root_hash=[e3, b0, c4, 42, 98, fc, 1c, 14]...
🗑️ MEST Delete: keyword='news', fid='news_00000069' (key completely removed)
🗑️ MEST Delete: post-delete root_hash=[e3, b0, c4, 42, 98, fc, 1c, 14]...
🔧 MEST Add: keyword='news', fid='news_00000082'
🔧 MEST Add: proof size=154 bytes, root_hash=[5b, 7f, 67, 00, f8, c2, c4, 79]...
🔍 MEST Query: keyword='news', found 1 fids
🔍 MEST Query: returning proof (154 bytes)
🗑️ MEST Delete: keyword='news', fid='news_00000082' (key completely removed)
🗑️ MEST Delete: post-delete root_hash=[e3, b0, c4, 42, 98, fc, 1c, 14]...
🗑️ MEST Delete: keyword='news', fid='news_00000082' (key completely removed)
🗑️ MEST Delete: post-delete root_hash=[e3, b0, c4, 42, 98, fc, 1c, 14]...
🔧 MEST Add: keyword='news', fid='news_00000086'
🔧 MEST Add: proof size=154 bytes, root_hash=[30, d4, 3a, cb, 67, 19, 2c, 99]...
🔍 MEST Query: keyword='news', found 1 fids
🔍 MEST Query: returning proof (154 bytes)
🗑️ MEST Delete: keyword='news', fid='news_00000086' (key completely removed)
🗑️ MEST Delete: post-delete root_hash=[e3, b0, c4, 42, 98, fc, 1c, 14]...
🗑️ MEST Delete: keyword='news', fid='news_00000086' (key completely removed)
🗑️ MEST Delete: post-delete root_hash=[e3, b0, c4, 42, 98, fc, 1c, 14]...
🔧 MEST Add: keyword='news', fid='news_00000091'
🔧 MEST Add: proof size=154 bytes, root_hash=[47, cc, 9a, e7, e4, ac, 19, be]...
🔍 MEST Query: keyword='news', found 1 fids
🔍 MEST Query: returning proof (154 bytes)
🗑️ MEST Delete: keyword='news', fid='news_00000091' (key completely removed)
🗑️ MEST Delete: post-delete root_hash=[e3, b0, c4, 42, 98, fc, 1c, 14]...
🗑️ MEST Delete: keyword='news', fid='news_00000091' (key completely removed)
🗑️ MEST Delete: post-delete root_hash=[e3, b0, c4, 42, 98, fc, 1c, 14]...
🔧 MEST Add: keyword='news', fid='news_00000097'
🔧 MEST Add: proof size=154 bytes, root_hash=[16, 8f, 5e, 87, 4e, c7, 70, de]...
🔍 MEST Query: keyword='news', found 1 fids
🔍 MEST Query: returning proof (154 bytes)
🗑️ MEST Delete: keyword='news', fid='news_00000097' (key completely removed)
🗑️ MEST Delete: post-delete root_hash=[e3, b0, c4, 42, 98, fc, 1c, 14]...
🗑️ MEST Delete: keyword='news', fid='news_00000097' (key completely removed)
🗑️ MEST Delete: post-delete root_hash=[e3, b0, c4, 42, 98, fc, 1c, 14]...
🔧 MEST Add: keyword='news', fid='news_00000105'
🔧 MEST Add: proof size=154 bytes, root_hash=[9f, 73, 1f, 8b, 80, aa, 0f, d3]...
🔍 MEST Query: keyword='news', found 1 fids
🔍 MEST Query: returning proof (154 bytes)
🗑️ MEST Delete: keyword='news', fid='news_00000105' (key completely removed)
🗑️ MEST Delete: post-delete root_hash=[e3, b0, c4, 42, 98, fc, 1c, 14]...
🗑️ MEST Delete: keyword='news', fid='news_00000105' (key completely removed)
🗑️ MEST Delete: post-delete root_hash=[e3, b0, c4, 42, 98, fc, 1c, 14]...
🔧 MEST Add: keyword='news', fid='news_00000107'
🔧 MEST Add: proof size=154 bytes, root_hash=[0e, 73, 21, e5, cd, fa, d0, 60]...
🔍 MEST Query: keyword='news', found 1 fids
🔍 MEST Query: returning proof (154 bytes)
🗑️ MEST Delete: keyword='news', fid='news_00000107' (key completely removed)
🗑️ MEST Delete: post-delete root_hash=[e3, b0, c4, 42, 98, fc, 1c, 14]...
🗑️ MEST Delete: keyword='news', fid='news_00000107' (key completely removed)
🗑️ MEST Delete: post-delete root_hash=[e3, b0, c4, 42, 98, fc, 1c, 14]...
🔧 MEST Add: keyword='news', fid='news_00000117'
🔧 MEST Add: proof size=154 bytes, root_hash=[11, 0e, 3a, 7e, 6a, 11, 95, bc]...
🔍 MEST Query: keyword='news', found 1 fids
🔍 MEST Query: returning proof (154 bytes)
🗑️ MEST Delete: keyword='news', fid='news_00000117' (key completely removed)
🗑️ MEST Delete: post-delete root_hash=[e3, b0, c4, 42, 98, fc, 1c, 14]...
🗑️ MEST Delete: keyword='news', fid='news_00000117' (key completely removed)
🗑️ MEST Delete: post-delete root_hash=[e3, b0, c4, 42, 98, fc, 1c, 14]...
🔧 MEST Add: keyword='news', fid='news_00000131'
🔧 MEST Add: proof size=154 bytes, root_hash=[c8, 6d, ee, fe, de, 33, 31, e9]...
🔍 MEST Query: keyword='news', found 1 fids
🔍 MEST Query: returning proof (154 bytes)
🗑️ MEST Delete: keyword='news', fid='news_00000131' (key completely removed)
🗑️ MEST Delete: post-delete root_hash=[e3, b0, c4, 42, 98, fc, 1c, 14]...
🗑️ MEST Delete: keyword='news', fid='news_00000131' (key completely removed)
🗑️ MEST Delete: post-delete root_hash=[e3, b0, c4, 42, 98, fc, 1c, 14]...
🔧 MEST Add: keyword='news', fid='news_00000154'
🔧 MEST Add: proof size=154 bytes, root_hash=[9b, 51, 58, d3, b5, f1, 3a, 12]...
🔍 MEST Query: keyword='news', found 1 fids
🔍 MEST Query: returning proof (154 bytes)
🗑️ MEST Delete: keyword='news', fid='news_00000154' (key completely removed)
🗑️ MEST Delete: post-delete root_hash=[e3, b0, c4, 42, 98, fc, 1c, 14]...
🗑️ MEST Delete: keyword='news', fid='news_00000154' (key completely removed)
🗑️ MEST Delete: post-delete root_hash=[e3, b0, c4, 42, 98, fc, 1c, 14]...
🔧 MEST Add: keyword='news', fid='news_00000157'
🔧 MEST Add: proof size=154 bytes, root_hash=[5f, 4b, 49, 6a, 25, 6c, b8, 8c]...
🔍 MEST Query: keyword='news', found 1 fids
🔍 MEST Query: returning proof (154 bytes)
🗑️ MEST Delete: keyword='news', fid='news_00000157' (key completely removed)
🗑️ MEST Delete: post-delete root_hash=[e3, b0, c4, 42, 98, fc, 1c, 14]...
🗑️ MEST Delete: keyword='news', fid='news_00000157' (key completely removed)
🗑️ MEST Delete: post-delete root_hash=[e3, b0, c4, 42, 98, fc, 1c, 14]...
🔧 MEST Add: keyword='news', fid='news_00000162'
🔧 MEST Add: proof size=154 bytes, root_hash=[9c, b4, 72, 50, 3f, 84, 44, 67]...
🔍 MEST Query: keyword='news', found 1 fids
🔍 MEST Query: returning proof (154 bytes)
🗑️ MEST Delete: keyword='news', fid='news_00000162' (key completely removed)
🗑️ MEST Delete: post-delete root_hash=[e3, b0, c4, 42, 98, fc, 1c, 14]...
🗑️ MEST Delete: keyword='news', fid='news_00000162' (key completely removed)
🗑️ MEST Delete: post-delete root_hash=[e3, b0, c4, 42, 98, fc, 1c, 14]...
🔧 MEST Add: keyword='news', fid='news_00000167'
🔧 MEST Add: proof size=154 bytes, root_hash=[b5, 3f, 21, 66, 21, 51, a5, b4]...
🔍 MEST Query: keyword='news', found 1 fids
🔍 MEST Query: returning proof (154 bytes)
🗑️ MEST Delete: keyword='news', fid='news_00000167' (key completely removed)
🗑️ MEST Delete: post-delete root_hash=[e3, b0, c4, 42, 98, fc, 1c, 14]...
🗑️ MEST Delete: keyword='news', fid='news_00000167' (key completely removed)
🗑️ MEST Delete: post-delete root_hash=[e3, b0, c4, 42, 98, fc, 1c, 14]...
🔧 MEST Add: keyword='news', fid='news_00000168'
🔧 MEST Add: proof size=154 bytes, root_hash=[fd, c5, 8d, d4, 74, 7f, fc, 02]...
🔍 MEST Query: keyword='news', found 1 fids
🔍 MEST Query: returning proof (154 bytes)
🗑️ MEST Delete: keyword='news', fid='news_00000168' (key completely removed)
🗑️ MEST Delete: post-delete root_hash=[e3, b0, c4, 42, 98, fc, 1c, 14]...
🗑️ MEST Delete: keyword='news', fid='news_00000168' (key completely removed)
🗑️ MEST Delete: post-delete root_hash=[e3, b0, c4, 42, 98, fc, 1c, 14]...
🔧 MEST Add: keyword='news', fid='news_00000181'
🔧 MEST Add: proof size=154 bytes, root_hash=[51, 9b, e3, 8f, ef, 2a, d1, 38]...
🔍 MEST Query: keyword='news', found 1 fids
🔍 MEST Query: returning proof (154 bytes)
🗑️ MEST Delete: keyword='news', fid='news_00000181' (key completely removed)
🗑️ MEST Delete: post-delete root_hash=[e3, b0, c4, 42, 98, fc, 1c, 14]...
🗑️ MEST Delete: keyword='news', fid='news_00000181' (key completely removed)
🗑️ MEST Delete: post-delete root_hash=[e3, b0, c4, 42, 98, fc, 1c, 14]...
🔧 MEST Add: keyword='news', fid='news_00000189'
🔧 MEST Add: proof size=154 bytes, root_hash=[f6, ef, 7c, 6c, 99, bd, 45, b4]...
🔍 MEST Query: keyword='news', found 1 fids
🔍 MEST Query: returning proof (154 bytes)
🗑️ MEST Delete: keyword='news', fid='news_00000189' (key completely removed)
🗑️ MEST Delete: post-delete root_hash=[e3, b0, c4, 42, 98, fc, 1c, 14]...
🗑️ MEST Delete: keyword='news', fid='news_00000189' (key completely removed)
🗑️ MEST Delete: post-delete root_hash=[e3, b0, c4, 42, 98, fc, 1c, 14]...
🔧 MEST Add: keyword='news', fid='news_00000190'
🔧 MEST Add: proof size=154 bytes, root_hash=[bb, 24, 39, 57, 62, 6e, 6c, b2]...
🔍 MEST Query: keyword='news', found 1 fids
🔍 MEST Query: returning proof (154 bytes)
🗑️ MEST Delete: keyword='news', fid='news_00000190' (key completely removed)
🗑️ MEST Delete: post-delete root_hash=[e3, b0, c4, 42, 98, fc, 1c, 14]...
🗑️ MEST Delete: keyword='news', fid='news_00000190' (key completely removed)
🗑️ MEST Delete: post-delete root_hash=[e3, b0, c4, 42, 98, fc, 1c, 14]...
🔧 MEST Add: keyword='news', fid='news_00000207'
🔧 MEST Add: proof size=154 bytes, root_hash=[ec, 32, c8, 62, 96, 34, 9e, 52]...
🔍 MEST Query: keyword='news', found 1 fids
🔍 MEST Query: returning proof (154 bytes)
🗑️ MEST Delete: keyword='news', fid='news_00000207' (key completely removed)
🗑️ MEST Delete: post-delete root_hash=[e3, b0, c4, 42, 98, fc, 1c, 14]...
🗑️ MEST Delete: keyword='news', fid='news_00000207' (key completely removed)
🗑️ MEST Delete: post-delete root_hash=[e3, b0, c4, 42, 98, fc, 1c, 14]...
🔧 MEST Add: keyword='news', fid='news_00000239'
🔧 MEST Add: proof size=154 bytes, root_hash=[55, e3, 12, f0, bc, 29, a3, 00]...
🔍 MEST Query: keyword='news', found 1 fids
🔍 MEST Query: returning proof (154 bytes)
🗑️ MEST Delete: keyword='news', fid='news_00000239' (key completely removed)
🗑️ MEST Delete: post-delete root_hash=[e3, b0, c4, 42, 98, fc, 1c, 14]...
🗑️ MEST Delete: keyword='news', fid='news_00000239' (key completely removed)
🗑️ MEST Delete: post-delete root_hash=[e3, b0, c4, 42, 98, fc, 1c, 14]...
🔧 MEST Add: keyword='news', fid='news_00000258'
🔧 MEST Add: proof size=154 bytes, root_hash=[ee, 9d, ce, bb, 43, e0, d1, 16]...
🔍 MEST Query: keyword='news', found 1 fids
🔍 MEST Query: returning proof (154 bytes)
🗑️ MEST Delete: keyword='news', fid='news_00000258' (key completely removed)
🗑️ MEST Delete: post-delete root_hash=[e3, b0, c4, 42, 98, fc, 1c, 14]...
🗑️ MEST Delete: keyword='news', fid='news_00000258' (key completely removed)
🗑️ MEST Delete: post-delete root_hash=[e3, b0, c4, 42, 98, fc, 1c, 14]...
🔧 MEST Add: keyword='news', fid='news_00000261'
🔧 MEST Add: proof size=154 bytes, root_hash=[0e, cb, bd, 7f, 59, 8a, 5f, cc]...
🔍 MEST Query: keyword='news', found 1 fids
🔍 MEST Query: returning proof (154 bytes)
🗑️ MEST Delete: keyword='news', fid='news_00000261' (key completely removed)
🗑️ MEST Delete: post-delete root_hash=[e3, b0, c4, 42, 98, fc, 1c, 14]...
🗑️ MEST Delete: keyword='news', fid='news_00000261' (key completely removed)
🗑️ MEST Delete: post-delete root_hash=[e3, b0, c4, 42, 98, fc, 1c, 14]...
🔧 MEST Add: keyword='news', fid='news_00000265'
🔧 MEST Add: proof size=154 bytes, root_hash=[57, 19, 66, bc, 2b, 0f, 12, 09]...
🔍 MEST Query: keyword='news', found 1 fids
🔍 MEST Query: returning proof (154 bytes)
🗑️ MEST Delete: keyword='news', fid='news_00000265' (key completely removed)
🗑️ MEST Delete: post-delete root_hash=[e3, b0, c4, 42, 98, fc, 1c, 14]...
🗑️ MEST Delete: keyword='news', fid='news_00000265' (key completely removed)
🗑️ MEST Delete: post-delete root_hash=[e3, b0, c4, 42, 98, fc, 1c, 14]...
🔧 MEST Add: keyword='news', fid='news_00000278'
🔧 MEST Add: proof size=154 bytes, root_hash=[b2, 7b, 5a, ba, 06, 85, 70, e0]...
🔍 MEST Query: keyword='news', found 1 fids
🔍 MEST Query: returning proof (154 bytes)
🗑️ MEST Delete: keyword='news', fid='news_00000278' (key completely removed)
🗑️ MEST Delete: post-delete root_hash=[e3, b0, c4, 42, 98, fc, 1c, 14]...
🗑️ MEST Delete: keyword='news', fid='news_00000278' (key completely removed)
🗑️ MEST Delete: post-delete root_hash=[e3, b0, c4, 42, 98, fc, 1c, 14]...
🔧 MEST Add: keyword='news', fid='news_00000280'
🔧 MEST Add: proof size=154 bytes, root_hash=[8f, 42, 8c, 99, d4, 80, aa, a6]...
🔍 MEST Query: keyword='news', found 1 fids
🔍 MEST Query: returning proof (154 bytes)
🗑️ MEST Delete: keyword='news', fid='news_00000280' (key completely removed)
🗑️ MEST Delete: post-delete root_hash=[e3, b0, c4, 42, 98, fc, 1c, 14]...
🗑️ MEST Delete: keyword='news', fid='news_00000280' (key completely removed)
🗑️ MEST Delete: post-delete root_hash=[e3, b0, c4, 42, 98, fc, 1c, 14]...
🔧 MEST Add: keyword='news', fid='news_00000302'
🔧 MEST Add: proof size=154 bytes, root_hash=[37, 1b, 7f, cf, 38, f1, 2a, 3b]...
🔍 MEST Query: keyword='news', found 1 fids
🔍 MEST Query: returning proof (154 bytes)
🗑️ MEST Delete: keyword='news', fid='news_00000302' (key completely removed)
🗑️ MEST Delete: post-delete root_hash=[e3, b0, c4, 42, 98, fc, 1c, 14]...
🗑️ MEST Delete: keyword='news', fid='news_00000302' (key completely removed)
🗑️ MEST Delete: post-delete root_hash=[e3, b0, c4, 42, 98, fc, 1c, 14]...
🔧 MEST Add: keyword='news', fid='news_00000305'
🔧 MEST Add: proof size=154 bytes, root_hash=[33, 5d, 20, 97, 63, 5c, c4, c3]...
🔍 MEST Query: keyword='news', found 1 fids
🔍 MEST Query: returning proof (154 bytes)
🗑️ MEST Delete: keyword='news', fid='news_00000305' (key completely removed)
🗑️ MEST Delete: post-delete root_hash=[e3, b0, c4, 42, 98, fc, 1c, 14]...
🗑️ MEST Delete: keyword='news', fid='news_00000305' (key completely removed)
🗑️ MEST Delete: post-delete root_hash=[e3, b0, c4, 42, 98, fc, 1c, 14]...
🔧 MEST Add: keyword='news', fid='news_00000307'
🔧 MEST Add: proof size=154 bytes, root_hash=[d8, f3, 72, 2a, 74, 18, 22, f2]...
🔍 MEST Query: keyword='news', found 1 fids
🔍 MEST Query: returning proof (154 bytes)
🗑️ MEST Delete: keyword='news', fid='news_00000307' (key completely removed)
🗑️ MEST Delete: post-delete root_hash=[e3, b0, c4, 42, 98, fc, 1c, 14]...
🗑️ MEST Delete: keyword='news', fid='news_00000307' (key completely removed)
🗑️ MEST Delete: post-delete root_hash=[e3, b0, c4, 42, 98, fc, 1c, 14]...
🔧 MEST Add: keyword='news', fid='news_00000308'
🔧 MEST Add: proof size=154 bytes, root_hash=[b1, 79, 4d, 6e, cc, 5f, 8d, 7d]...
🔍 MEST Query: keyword='news', found 1 fids
🔍 MEST Query: returning proof (154 bytes)
🗑️ MEST Delete: keyword='news', fid='news_00000308' (key completely removed)
🗑️ MEST Delete: post-delete root_hash=[e3, b0, c4, 42, 98, fc, 1c, 14]...
🗑️ MEST Delete: keyword='news', fid='news_00000308' (key completely removed)
🗑️ MEST Delete: post-delete root_hash=[e3, b0, c4, 42, 98, fc, 1c, 14]...
🔧 MEST Add: keyword='news', fid='news_00000314'
🔧 MEST Add: proof size=154 bytes, root_hash=[2f, 16, af, c1, 3b, 01, aa, 39]...
🔍 MEST Query: keyword='news', found 1 fids
🔍 MEST Query: returning proof (154 bytes)
🗑️ MEST Delete: keyword='news', fid='news_00000314' (key completely removed)
🗑️ MEST Delete: post-delete root_hash=[e3, b0, c4, 42, 98, fc, 1c, 14]...
🗑️ MEST Delete: keyword='news', fid='news_00000314' (key completely removed)
🗑️ MEST Delete: post-delete root_hash=[e3, b0, c4, 42, 98, fc, 1c, 14]...
🔧 MEST Add: keyword='news', fid='news_00000321'
🔧 MEST Add: proof size=154 bytes, root_hash=[9d, 7a, dc, 27, 6c, b8, 75, 7a]...
🔍 MEST Query: keyword='news', found 1 fids
🔍 MEST Query: returning proof (154 bytes)
🗑️ MEST Delete: keyword='news', fid='news_00000321' (key completely removed)
🗑️ MEST Delete: post-delete root_hash=[e3, b0, c4, 42, 98, fc, 1c, 14]...
🗑️ MEST Delete: keyword='news', fid='news_00000321' (key completely removed)
🗑️ MEST Delete: post-delete root_hash=[e3, b0, c4, 42, 98, fc, 1c, 14]...
🔧 MEST Add: keyword='news', fid='news_00000322'
🔧 MEST Add: proof size=154 bytes, root_hash=[42, 1e, b3, 55, f9, f8, 01, 16]...
🔍 MEST Query: keyword='news', found 1 fids
🔍 MEST Query: returning proof (154 bytes)
🗑️ MEST Delete: keyword='news', fid='news_00000322' (key completely removed)
🗑️ MEST Delete: post-delete root_hash=[e3, b0, c4, 42, 98, fc, 1c, 14]...
🗑️ MEST Delete: keyword='news', fid='news_00000322' (key completely removed)
🗑️ MEST Delete: post-delete root_hash=[e3, b0, c4, 42, 98, fc, 1c, 14]...
🔧 MEST Add: keyword='news', fid='news_00000323'
🔧 MEST Add: proof size=154 bytes, root_hash=[db, fd, 0d, b0, 12, 04, a6, ee]...
🔍 MEST Query: keyword='news', found 1 fids
🔍 MEST Query: returning proof (154 bytes)
🗑️ MEST Delete: keyword='news', fid='news_00000323' (key completely removed)
🗑️ MEST Delete: post-delete root_hash=[e3, b0, c4, 42, 98, fc, 1c, 14]...
🗑️ MEST Delete: keyword='news', fid='news_00000323' (key completely removed)
🗑️ MEST Delete: post-delete root_hash=[e3, b0, c4, 42, 98, fc, 1c, 14]...
🔧 MEST Add: keyword='news', fid='news_00000333'
🔧 MEST Add: proof size=154 bytes, root_hash=[ff, b2, ac, 1d, d5, d9, fa, f1]...
🔍 MEST Query: keyword='news', found 1 fids
🔍 MEST Query: returning proof (154 bytes)
🗑️ MEST Delete: keyword='news', fid='news_00000333' (key completely removed)
🗑️ MEST Delete: post-delete root_hash=[e3, b0, c4, 42, 98, fc, 1c, 14]...
🗑️ MEST Delete: keyword='news', fid='news_00000333' (key completely removed)
🗑️ MEST Delete: post-delete root_hash=[e3, b0, c4, 42, 98, fc, 1c, 14]...
🔧 MEST Add: keyword='news', fid='news_00000337'
🔧 MEST Add: proof size=154 bytes, root_hash=[a0, af, 4d, f7, aa, 3a, db, 50]...
🔍 MEST Query: keyword='news', found 1 fids
🔍 MEST Query: returning proof (154 bytes)
🗑️ MEST Delete: keyword='news', fid='news_00000337' (key completely removed)
🗑️ MEST Delete: post-delete root_hash=[e3, b0, c4, 42, 98, fc, 1c, 14]...
🗑️ MEST Delete: keyword='news', fid='news_00000337' (key completely removed)
🗑️ MEST Delete: post-delete root_hash=[e3, b0, c4, 42, 98, fc, 1c, 14]...
🔧 MEST Add: keyword='news', fid='news_00000343'
🔧 MEST Add: proof size=154 bytes, root_hash=[36, 3a, 95, 0a, b9, ec, 5e, 26]...
🔍 MEST Query: keyword='news', found 1 fids
🔍 MEST Query: returning proof (154 bytes)
🗑️ MEST Delete: keyword='news', fid='news_00000343' (key completely removed)
🗑️ MEST Delete: post-delete root_hash=[e3, b0, c4, 42, 98, fc, 1c, 14]...
🗑️ MEST Delete: keyword='news', fid='news_00000343' (key completely removed)
🗑️ MEST Delete: post-delete root_hash=[e3, b0, c4, 42, 98, fc, 1c, 14]...
🔧 MEST Add: keyword='news', fid='news_00000348'
🔧 MEST Add: proof size=154 bytes, root_hash=[01, b4, 84, 04, 7b, 83, 94, 3c]...
🔍 MEST Query: keyword='news', found 1 fids
🔍 MEST Query: returning proof (154 bytes)
🗑️ MEST Delete: keyword='news', fid='news_00000348' (key completely removed)
🗑️ MEST Delete: post-delete root_hash=[e3, b0, c4, 42, 98, fc, 1c, 14]...
🗑️ MEST Delete: keyword='news', fid='news_00000348' (key completely removed)
🗑️ MEST Delete: post-delete root_hash=[e3, b0, c4, 42, 98, fc, 1c, 14]...
🔧 MEST Add: keyword='news', fid='news_00000385'
🔧 MEST Add: proof size=154 bytes, root_hash=[46, 3d, 3b, ee, 7d, e0, a2, 1d]...
🔍 MEST Query: keyword='news', found 1 fids
🔍 MEST Query: returning proof (154 bytes)
🗑️ MEST Delete: keyword='news', fid='news_00000385' (key completely removed)
🗑️ MEST Delete: post-delete root_hash=[e3, b0, c4, 42, 98, fc, 1c, 14]...
🗑️ MEST Delete: keyword='news', fid='news_00000385' (key completely removed)
🗑️ MEST Delete: post-delete root_hash=[e3, b0, c4, 42, 98, fc, 1c, 14]...
🔧 MEST Add: keyword='news', fid='news_00000387'
🔧 MEST Add: proof size=154 bytes, root_hash=[a4, b4, 18, b6, ef, 61, 11, 92]...
🔍 MEST Query: keyword='news', found 1 fids
🔍 MEST Query: returning proof (154 bytes)
🗑️ MEST Delete: keyword='news', fid='news_00000387' (key completely removed)
🗑️ MEST Delete: post-delete root_hash=[e3, b0, c4, 42, 98, fc, 1c, 14]...
🗑️ MEST Delete: keyword='news', fid='news_00000387' (key completely removed)
🗑️ MEST Delete: post-delete root_hash=[e3, b0, c4, 42, 98, fc, 1c, 14]...
🔧 MEST Add: keyword='news', fid='news_00000402'
🔧 MEST Add: proof size=154 bytes, root_hash=[ae, 76, b3, c8, 27, 99, 05, b5]...
🔍 MEST Query: keyword='news', found 1 fids
🔍 MEST Query: returning proof (154 bytes)
🗑️ MEST Delete: keyword='news', fid='news_00000402' (key completely removed)
🗑️ MEST Delete: post-delete root_hash=[e3, b0, c4, 42, 98, fc, 1c, 14]...
🗑️ MEST Delete: keyword='news', fid='news_00000402' (key completely removed)
🗑️ MEST Delete: post-delete root_hash=[e3, b0, c4, 42, 98, fc, 1c, 14]...
🔧 MEST Add: keyword='news', fid='news_00000425'
🔧 MEST Add: proof size=154 bytes, root_hash=[1f, 6e, 08, 1b, 73, d1, 66, d1]...
🔍 MEST Query: keyword='news', found 1 fids
🔍 MEST Query: returning proof (154 bytes)
🗑️ MEST Delete: keyword='news', fid='news_00000425' (key completely removed)
🗑️ MEST Delete: post-delete root_hash=[e3, b0, c4, 42, 98, fc, 1c, 14]...
🗑️ MEST Delete: keyword='news', fid='news_00000425' (key completely removed)
🗑️ MEST Delete: post-delete root_hash=[e3, b0, c4, 42, 98, fc, 1c, 14]...
🔧 MEST Add: keyword='news', fid='news_00000431'
🔧 MEST Add: proof size=154 bytes, root_hash=[94, 27, 96, b3, 68, ee, 73, 2b]...
🔍 MEST Query: keyword='news', found 1 fids
🔍 MEST Query: returning proof (154 bytes)
🗑️ MEST Delete: keyword='news', fid='news_00000431' (key completely removed)
🗑️ MEST Delete: post-delete root_hash=[e3, b0, c4, 42, 98, fc, 1c, 14]...
🗑️ MEST Delete: keyword='news', fid='news_00000431' (key completely removed)
🗑️ MEST Delete: post-delete root_hash=[e3, b0, c4, 42, 98, fc, 1c, 14]...
🔧 MEST Add: keyword='news', fid='news_00000439'
🔧 MEST Add: proof size=154 bytes, root_hash=[b4, 06, ba, 71, f7, c5, 5b, 98]...
🔍 MEST Query: keyword='news', found 1 fids
🔍 MEST Query: returning proof (154 bytes)
🗑️ MEST Delete: keyword='news', fid='news_00000439' (key completely removed)
🗑️ MEST Delete: post-delete root_hash=[e3, b0, c4, 42, 98, fc, 1c, 14]...
🗑️ MEST Delete: keyword='news', fid='news_00000439' (key completely removed)
🗑️ MEST Delete: post-delete root_hash=[e3, b0, c4, 42, 98, fc, 1c, 14]...
🔧 MEST Add: keyword='news', fid='news_00000442'
🔧 MEST Add: proof size=154 bytes, root_hash=[d6, fc, 8d, d0, 64, d7, ca, 62]...
🔍 MEST Query: keyword='news', found 1 fids
🔍 MEST Query: returning proof (154 bytes)
🗑️ MEST Delete: keyword='news', fid='news_00000442' (key completely removed)
🗑️ MEST Delete: post-delete root_hash=[e3, b0, c4, 42, 98, fc, 1c, 14]...
🗑️ MEST Delete: keyword='news', fid='news_00000442' (key completely removed)
🗑️ MEST Delete: post-delete root_hash=[e3, b0, c4, 42, 98, fc, 1c, 14]...
🔧 MEST Add: keyword='news', fid='news_00000451'
🔧 MEST Add: proof size=154 bytes, root_hash=[f9, 75, 00, 0f, 91, 03, 9e, 04]...
🔍 MEST Query: keyword='news', found 1 fids
🔍 MEST Query: returning proof (154 bytes)
🗑️ MEST Delete: keyword='news', fid='news_00000451' (key completely removed)
🗑️ MEST Delete: post-delete root_hash=[e3, b0, c4, 42, 98, fc, 1c, 14]...
🗑️ MEST Delete: keyword='news', fid='news_00000451' (key completely removed)
🗑️ MEST Delete: post-delete root_hash=[e3, b0, c4, 42, 98, fc, 1c, 14]...
🔧 MEST Add: keyword='news', fid='news_00000457'
🔧 MEST Add: proof size=154 bytes, root_hash=[43, 1f, 18, b0, 05, 14, 12, 60]...
🔍 MEST Query: keyword='news', found 1 fids
🔍 MEST Query: returning proof (154 bytes)
🗑️ MEST Delete: keyword='news', fid='news_00000457' (key completely removed)
🗑️ MEST Delete: post-delete root_hash=[e3, b0, c4, 42, 98, fc, 1c, 14]...
🗑️ MEST Delete: keyword='news', fid='news_00000457' (key completely removed)
🗑️ MEST Delete: post-delete root_hash=[e3, b0, c4, 42, 98, fc, 1c, 14]...
🔧 MEST Add: keyword='news', fid='news_00000475'
🔧 MEST Add: proof size=154 bytes, root_hash=[8b, a3, 9a, 53, 4c, 6a, 37, 2e]...
🔍 MEST Query: keyword='news', found 1 fids
🔍 MEST Query: returning proof (154 bytes)
🗑️ MEST Delete: keyword='news', fid='news_00000475' (key completely removed)
🗑️ MEST Delete: post-delete root_hash=[e3, b0, c4, 42, 98, fc, 1c, 14]...
🗑️ MEST Delete: keyword='news', fid='news_00000475' (key completely removed)
🗑️ MEST Delete: post-delete root_hash=[e3, b0, c4, 42, 98, fc, 1c, 14]...
🔧 MEST Add: keyword='news', fid='news_00000483'
🔧 MEST Add: proof size=154 bytes, root_hash=[b3, 21, e6, f3, 29, 2c, 19, a8]...
🔍 MEST Query: keyword='news', found 1 fids
🔍 MEST Query: returning proof (154 bytes)
🗑️ MEST Delete: keyword='news', fid='news_00000483' (key completely removed)
🗑️ MEST Delete: post-delete root_hash=[e3, b0, c4, 42, 98, fc, 1c, 14]...
🗑️ MEST Delete: keyword='news', fid='news_00000483' (key completely removed)
🗑️ MEST Delete: post-delete root_hash=[e3, b0, c4, 42, 98, fc, 1c, 14]...
🔧 MEST Add: keyword='news', fid='news_00000500'
🔧 MEST Add: proof size=154 bytes, root_hash=[89, 95, 1e, 7a, fe, b3, ce, 60]...
🔍 MEST Query: keyword='news', found 1 fids
🔍 MEST Query: returning proof (154 bytes)
🗑️ MEST Delete: keyword='news', fid='news_00000500' (key completely removed)
🗑️ MEST Delete: post-delete root_hash=[e3, b0, c4, 42, 98, fc, 1c, 14]...
🗑️ MEST Delete: keyword='news', fid='news_00000500' (key completely removed)
🗑️ MEST Delete: post-delete root_hash=[e3, b0, c4, 42, 98, fc, 1c, 14]...
🔧 MEST Add: keyword='news', fid='news_00000504'
🔧 MEST Add: proof size=154 bytes, root_hash=[3d, 24, df, 1d, 53, 6c, e7, 0f]...
🔍 MEST Query: keyword='news', found 1 fids
🔍 MEST Query: returning proof (154 bytes)
🗑️ MEST Delete: keyword='news', fid='news_00000504' (key completely removed)
🗑️ MEST Delete: post-delete root_hash=[e3, b0, c4, 42, 98, fc, 1c, 14]...
🗑️ MEST Delete: keyword='news', fid='news_00000504' (key completely removed)
🗑️ MEST Delete: post-delete root_hash=[e3, b0, c4, 42, 98, fc, 1c, 14]...
🔧 MEST Add: keyword='news', fid='news_00000511'
🔧 MEST Add: proof size=154 bytes, root_hash=[38, 8a, d3, b0, f5, 96, d1, 4f]...
🔍 MEST Query: keyword='news', found 1 fids
🔍 MEST Query: returning proof (154 bytes)
🗑️ MEST Delete: keyword='news', fid='news_00000511' (key completely removed)
🗑️ MEST Delete: post-delete root_hash=[e3, b0, c4, 42, 98, fc, 1c, 14]...
🗑️ MEST Delete: keyword='news', fid='news_00000511' (key completely removed)
🗑️ MEST Delete: post-delete root_hash=[e3, b0, c4, 42, 98, fc, 1c, 14]...
🔧 MEST Add: keyword='news', fid='news_00000524'
🔧 MEST Add: proof size=154 bytes, root_hash=[ba, 18, 1e, 61, 5c, 83, b7, 7c]...
🔍 MEST Query: keyword='news', found 1 fids
🔍 MEST Query: returning proof (154 bytes)
🗑️ MEST Delete: keyword='news', fid='news_00000524' (key completely removed)
🗑️ MEST Delete: post-delete root_hash=[e3, b0, c4, 42, 98, fc, 1c, 14]...
🗑️ MEST Delete: keyword='news', fid='news_00000524' (key completely removed)
🗑️ MEST Delete: post-delete root_hash=[e3, b0, c4, 42, 98, fc, 1c, 14]...
🔧 MEST Add: keyword='news', fid='news_00000526'
🔧 MEST Add: proof size=154 bytes, root_hash=[b7, 8b, 22, 13, ec, 84, a3, ea]...
🔍 MEST Query: keyword='news', found 1 fids
🔍 MEST Query: returning proof (154 bytes)
🗑️ MEST Delete: keyword='news', fid='news_00000526' (key completely removed)
🗑️ MEST Delete: post-delete root_hash=[e3, b0, c4, 42, 98, fc, 1c, 14]...
🗑️ MEST Delete: keyword='news', fid='news_00000526' (key completely removed)
🗑️ MEST Delete: post-delete root_hash=[e3, b0, c4, 42, 98, fc, 1c, 14]...
🔧 MEST Add: keyword='news', fid='news_00000545'
🔧 MEST Add: proof size=154 bytes, root_hash=[e8, 08, 4e, ab, db, 36, dc, bd]...
🔍 MEST Query: keyword='news', found 1 fids
🔍 MEST Query: returning proof (154 bytes)
🗑️ MEST Delete: keyword='news', fid='news_00000545' (key completely removed)
🗑️ MEST Delete: post-delete root_hash=[e3, b0, c4, 42, 98, fc, 1c, 14]...
🗑️ MEST Delete: keyword='news', fid='news_00000545' (key completely removed)
🗑️ MEST Delete: post-delete root_hash=[e3, b0, c4, 42, 98, fc, 1c, 14]...
🔧 MEST Add: keyword='news', fid='news_00000564'
🔧 MEST Add: proof size=154 bytes, root_hash=[88, 96, ec, 6c, 4b, a5, 6f, 16]...
🔍 MEST Query: keyword='news', found 1 fids
🔍 MEST Query: returning proof (154 bytes)
🗑️ MEST Delete: keyword='news', fid='news_00000564' (key completely removed)
🗑️ MEST Delete: post-delete root_hash=[e3, b0, c4, 42, 98, fc, 1c, 14]...
🗑️ MEST Delete: keyword='news', fid='news_00000564' (key completely removed)
🗑️ MEST Delete: post-delete root_hash=[e3, b0, c4, 42, 98, fc, 1c, 14]...
🔧 MEST Add: keyword='news', fid='news_00000567'
🔧 MEST Add: proof size=154 bytes, root_hash=[0b, 35, 1d, 86, f5, e2, de, 8b]...
🔍 MEST Query: keyword='news', found 1 fids
🔍 MEST Query: returning proof (154 bytes)
🗑️ MEST Delete: keyword='news', fid='news_00000567' (key completely removed)
🗑️ MEST Delete: post-delete root_hash=[e3, b0, c4, 42, 98, fc, 1c, 14]...
🗑️ MEST Delete: keyword='news', fid='news_00000567' (key completely removed)
🗑️ MEST Delete: post-delete root_hash=[e3, b0, c4, 42, 98, fc, 1c, 14]...
🔧 MEST Add: keyword='news', fid='news_00000575'
🔧 MEST Add: proof size=154 bytes, root_hash=[a1, 02, 06, 56, c0, 2e, 5d, 70]...
🔍 MEST Query: keyword='news', found 1 fids
🔍 MEST Query: returning proof (154 bytes)
🗑️ MEST Delete: keyword='news', fid='news_00000575' (key completely removed)
🗑️ MEST Delete: post-delete root_hash=[e3, b0, c4, 42, 98, fc, 1c, 14]...
🗑️ MEST Delete: keyword='news', fid='news_00000575' (key completely removed)
🗑️ MEST Delete: post-delete root_hash=[e3, b0, c4, 42, 98, fc, 1c, 14]...
🔧 MEST Add: keyword='news', fid='news_00000585'
🔧 MEST Add: proof size=154 bytes, root_hash=[a7, 5c, d8, 09, 4a, bf, 6f, f0]...
🔍 MEST Query: keyword='news', found 1 fids
🔍 MEST Query: returning proof (154 bytes)
🗑️ MEST Delete: keyword='news', fid='news_00000585' (key completely removed)
🗑️ MEST Delete: post-delete root_hash=[e3, b0, c4, 42, 98, fc, 1c, 14]...
🗑️ MEST Delete: keyword='news', fid='news_00000585' (key completely removed)
🗑️ MEST Delete: post-delete root_hash=[e3, b0, c4, 42, 98, fc, 1c, 14]...
🔧 MEST Add: keyword='news', fid='news_00000596'
🔧 MEST Add: proof size=154 bytes, root_hash=[52, b4, ce, 76, d2, eb, 6e, 47]...
🔍 MEST Query: keyword='news', found 1 fids
🔍 MEST Query: returning proof (154 bytes)
🗑️ MEST Delete: keyword='news', fid='news_00000596' (key completely removed)
🗑️ MEST Delete: post-delete root_hash=[e3, b0, c4, 42, 98, fc, 1c, 14]...
🗑️ MEST Delete: keyword='news', fid='news_00000596' (key completely removed)
🗑️ MEST Delete: post-delete root_hash=[e3, b0, c4, 42, 98, fc, 1c, 14]...
🔧 MEST Add: keyword='news', fid='news_00000597'
🔧 MEST Add: proof size=154 bytes, root_hash=[07, 1f, d5, 54, 5d, b8, 9e, 24]...
🔍 MEST Query: keyword='news', found 1 fids
🔍 MEST Query: returning proof (154 bytes)
🗑️ MEST Delete: keyword='news', fid='news_00000597' (key completely removed)
🗑️ MEST Delete: post-delete root_hash=[e3, b0, c4, 42, 98, fc, 1c, 14]...
🗑️ MEST Delete: keyword='news', fid='news_00000597' (key completely removed)
🗑️ MEST Delete: post-delete root_hash=[e3, b0, c4, 42, 98, fc, 1c, 14]...
🔧 MEST Add: keyword='news', fid='news_00000602'
🔧 MEST Add: proof size=154 bytes, root_hash=[b7, b6, 1d, 28, 5b, ae, ab, 26]...
🔍 MEST Query: keyword='news', found 1 fids
🔍 MEST Query: returning proof (154 bytes)
🗑️ MEST Delete: keyword='news', fid='news_00000602' (key completely removed)
🗑️ MEST Delete: post-delete root_hash=[e3, b0, c4, 42, 98, fc, 1c, 14]...
🗑️ MEST Delete: keyword='news', fid='news_00000602' (key completely removed)
🗑️ MEST Delete: post-delete root_hash=[e3, b0, c4, 42, 98, fc, 1c, 14]...
🔧 MEST Add: keyword='news', fid='news_00000625'
🔧 MEST Add: proof size=154 bytes, root_hash=[dd, ad, f9, 0e, ed, df, e4, 94]...
🔍 MEST Query: keyword='news', found 1 fids
🔍 MEST Query: returning proof (154 bytes)
🗑️ MEST Delete: keyword='news', fid='news_00000625' (key completely removed)
🗑️ MEST Delete: post-delete root_hash=[e3, b0, c4, 42, 98, fc, 1c, 14]...
🗑️ MEST Delete: keyword='news', fid='news_00000625' (key completely removed)
🗑️ MEST Delete: post-delete root_hash=[e3, b0, c4, 42, 98, fc, 1c, 14]...
🔧 MEST Add: keyword='news', fid='news_00000627'
🔧 MEST Add: proof size=154 bytes, root_hash=[72, 67, 9d, dc, 6e, 0f, a1, 6c]...
🔍 MEST Query: keyword='news', found 1 fids
🔍 MEST Query: returning proof (154 bytes)
🗑️ MEST Delete: keyword='news', fid='news_00000627' (key completely removed)
🗑️ MEST Delete: post-delete root_hash=[e3, b0, c4, 42, 98, fc, 1c, 14]...
🗑️ MEST Delete: keyword='news', fid='news_00000627' (key completely removed)
🗑️ MEST Delete: post-delete root_hash=[e3, b0, c4, 42, 98, fc, 1c, 14]...
🔧 MEST Add: keyword='news', fid='news_00000639'
🔧 MEST Add: proof size=154 bytes, root_hash=[e2, c9, 68, 8c, 43, 1a, 38, 50]...
🔍 MEST Query: keyword='news', found 1 fids
🔍 MEST Query: returning proof (154 bytes)
🗑️ MEST Delete: keyword='news', fid='news_00000639' (key completely removed)
🗑️ MEST Delete: post-delete root_hash=[e3, b0, c4, 42, 98, fc, 1c, 14]...
🗑️ MEST Delete: keyword='news', fid='news_00000639' (key completely removed)
🗑️ MEST Delete: post-delete root_hash=[e3, b0, c4, 42, 98, fc, 1c, 14]...
🔧 MEST Add: keyword='news', fid='news_00000643'
🔧 MEST Add: proof size=154 bytes, root_hash=[1c, d1, 1e, be, 50, 16, 58, 6e]...
🔍 MEST Query: keyword='news', found 1 fids
🔍 MEST Query: returning proof (154 bytes)
🗑️ MEST Delete: keyword='news', fid='news_00000643' (key completely removed)
🗑️ MEST Delete: post-delete root_hash=[e3, b0, c4, 42, 98, fc, 1c, 14]...
🗑️ MEST Delete: keyword='news', fid='news_00000643' (key completely removed)
🗑️ MEST Delete: post-delete root_hash=[e3, b0, c4, 42, 98, fc, 1c, 14]...
🔧 MEST Add: keyword='news', fid='news_00000654'
🔧 MEST Add: proof size=154 bytes, root_hash=[92, b3, 5c, 25, b1, d3, 1a, 71]...
🔍 MEST Query: keyword='news', found 1 fids
🔍 MEST Query: returning proof (154 bytes)
🗑️ MEST Delete: keyword='news', fid='news_00000654' (key completely removed)
🗑️ MEST Delete: post-delete root_hash=[e3, b0, c4, 42, 98, fc, 1c, 14]...
🗑️ MEST Delete: keyword='news', fid='news_00000654' (key completely removed)
🗑️ MEST Delete: post-delete root_hash=[e3, b0, c4, 42, 98, fc, 1c, 14]...
🔧 MEST Add: keyword='news', fid='news_00000658'
🔧 MEST Add: proof size=154 bytes, root_hash=[77, 6d, 85, 9a, c8, 56, 24, b6]...
🔍 MEST Query: keyword='news', found 1 fids
🔍 MEST Query: returning proof (154 bytes)
🗑️ MEST Delete: keyword='news', fid='news_00000658' (key completely removed)
🗑️ MEST Delete: post-delete root_hash=[e3, b0, c4, 42, 98, fc, 1c, 14]...
🗑️ MEST Delete: keyword='news', fid='news_00000658' (key completely removed)
🗑️ MEST Delete: post-delete root_hash=[e3, b0, c4, 42, 98, fc, 1c, 14]...
🔧 MEST Add: keyword='news', fid='news_00000665'
🔧 MEST Add: proof size=154 bytes, root_hash=[a4, 65, ef, 1f, 7b, f8, 27, 77]...
🔍 MEST Query: keyword='news', found 1 fids
🔍 MEST Query: returning proof (154 bytes)
🗑️ MEST Delete: keyword='news', fid='news_00000665' (key completely removed)
🗑️ MEST Delete: post-delete root_hash=[e3, b0, c4, 42, 98, fc, 1c, 14]...
🗑️ MEST Delete: keyword='news', fid='news_00000665' (key completely removed)
🗑️ MEST Delete: post-delete root_hash=[e3, b0, c4, 42, 98, fc, 1c, 14]...
🔧 MEST Add: keyword='news', fid='news_00000687'
🔧 MEST Add: proof size=154 bytes, root_hash=[e3, 7c, 8b, 15, 6a, 59, 4e, 1b]...
🔍 MEST Query: keyword='news', found 1 fids
🔍 MEST Query: returning proof (154 bytes)
🗑️ MEST Delete: keyword='news', fid='news_00000687' (key completely removed)
🗑️ MEST Delete: post-delete root_hash=[e3, b0, c4, 42, 98, fc, 1c, 14]...
🗑️ MEST Delete: keyword='news', fid='news_00000687' (key completely removed)
🗑️ MEST Delete: post-delete root_hash=[e3, b0, c4, 42, 98, fc, 1c, 14]...
🔧 MEST Add: keyword='news', fid='news_00000700'
🔧 MEST Add: proof size=154 bytes, root_hash=[a2, 94, 43, cb, 8e, 4e, 33, 89]...
🔍 MEST Query: keyword='news', found 1 fids
🔍 MEST Query: returning proof (154 bytes)
🗑️ MEST Delete: keyword='news', fid='news_00000700' (key completely removed)
🗑️ MEST Delete: post-delete root_hash=[e3, b0, c4, 42, 98, fc, 1c, 14]...
🗑️ MEST Delete: keyword='news', fid='news_00000700' (key completely removed)
🗑️ MEST Delete: post-delete root_hash=[e3, b0, c4, 42, 98, fc, 1c, 14]...
🔧 MEST Add: keyword='news', fid='news_00000705'
🔧 MEST Add: proof size=154 bytes, root_hash=[bc, e7, 59, de, d4, 3d, 3f, 3d]...
🔍 MEST Query: keyword='news', found 1 fids
🔍 MEST Query: returning proof (154 bytes)
🗑️ MEST Delete: keyword='news', fid='news_00000705' (key completely removed)
🗑️ MEST Delete: post-delete root_hash=[e3, b0, c4, 42, 98, fc, 1c, 14]...
🗑️ MEST Delete: keyword='news', fid='news_00000705' (key completely removed)
🗑️ MEST Delete: post-delete root_hash=[e3, b0, c4, 42, 98, fc, 1c, 14]...
🔧 MEST Add: keyword='news', fid='news_00000706'
🔧 MEST Add: proof size=154 bytes, root_hash=[e4, 93, 8c, 89, 60, 15, a1, a0]...
🔍 MEST Query: keyword='news', found 1 fids
🔍 MEST Query: returning proof (154 bytes)
🗑️ MEST Delete: keyword='news', fid='news_00000706' (key completely removed)
🗑️ MEST Delete: post-delete root_hash=[e3, b0, c4, 42, 98, fc, 1c, 14]...
🗑️ MEST Delete: keyword='news', fid='news_00000706' (key completely removed)
🗑️ MEST Delete: post-delete root_hash=[e3, b0, c4, 42, 98, fc, 1c, 14]...
🔧 MEST Add: keyword='news', fid='news_00000708'
🔧 MEST Add: proof size=154 bytes, root_hash=[56, 13, 3e, 7b, 6f, 28, cd, 67]...
🔍 MEST Query: keyword='news', found 1 fids
🔍 MEST Query: returning proof (154 bytes)
🗑️ MEST Delete: keyword='news', fid='news_00000708' (key completely removed)
🗑️ MEST Delete: post-delete root_hash=[e3, b0, c4, 42, 98, fc, 1c, 14]...
🗑️ MEST Delete: keyword='news', fid='news_00000708' (key completely removed)
🗑️ MEST Delete: post-delete root_hash=[e3, b0, c4, 42, 98, fc, 1c, 14]...
🔧 MEST Add: keyword='news', fid='news_00000752'
🔧 MEST Add: proof size=154 bytes, root_hash=[33, ed, a8, c5, 2a, 1c, 86, 5e]...
🔍 MEST Query: keyword='news', found 1 fids
🔍 MEST Query: returning proof (154 bytes)
🗑️ MEST Delete: keyword='news', fid='news_00000752' (key completely removed)
🗑️ MEST Delete: post-delete root_hash=[e3, b0, c4, 42, 98, fc, 1c, 14]...
🗑️ MEST Delete: keyword='news', fid='news_00000752' (key completely removed)
🗑️ MEST Delete: post-delete root_hash=[e3, b0, c4, 42, 98, fc, 1c, 14]...
🔧 MEST Add: keyword='news', fid='news_00000766'
🔧 MEST Add: proof size=154 bytes, root_hash=[7a, a8, 4d, be, 27, 49, aa, 1d]...
🔍 MEST Query: keyword='news', found 1 fids
🔍 MEST Query: returning proof (154 bytes)
🗑️ MEST Delete: keyword='news', fid='news_00000766' (key completely removed)
🗑️ MEST Delete: post-delete root_hash=[e3, b0, c4, 42, 98, fc, 1c, 14]...
🗑️ MEST Delete: keyword='news', fid='news_00000766' (key completely removed)
🗑️ MEST Delete: post-delete root_hash=[e3, b0, c4, 42, 98, fc, 1c, 14]...
🔧 MEST Add: keyword='news', fid='news_00000773'
🔧 MEST Add: proof size=154 bytes, root_hash=[ca, e4, 2d, 81, b4, 26, bb, 5e]...
🔍 MEST Query: keyword='news', found 1 fids
🔍 MEST Query: returning proof (154 bytes)
🗑️ MEST Delete: keyword='news', fid='news_00000773' (key completely removed)
🗑️ MEST Delete: post-delete root_hash=[e3, b0, c4, 42, 98, fc, 1c, 14]...
🗑️ MEST Delete: keyword='news', fid='news_00000773' (key completely removed)
🗑️ MEST Delete: post-delete root_hash=[e3, b0, c4, 42, 98, fc, 1c, 14]...
🔧 MEST Add: keyword='news', fid='news_00000774'
🔧 MEST Add: proof size=154 bytes, root_hash=[3a, 29, 73, 2c, 41, e3, 53, 95]...
🔍 MEST Query: keyword='news', found 1 fids
🔍 MEST Query: returning proof (154 bytes)
🗑️ MEST Delete: keyword='news', fid='news_00000774' (key completely removed)
🗑️ MEST Delete: post-delete root_hash=[e3, b0, c4, 42, 98, fc, 1c, 14]...
🗑️ MEST Delete: keyword='news', fid='news_00000774' (key completely removed)
🗑️ MEST Delete: post-delete root_hash=[e3, b0, c4, 42, 98, fc, 1c, 14]...
🔧 MEST Add: keyword='news', fid='news_00000780'
🔧 MEST Add: proof size=154 bytes, root_hash=[4f, 22, 01, f1, 1f, 24, 8e, f1]...
🔍 MEST Query: keyword='news', found 1 fids
🔍 MEST Query: returning proof (154 bytes)
🗑️ MEST Delete: keyword='news', fid='news_00000780' (key completely removed)
🗑️ MEST Delete: post-delete root_hash=[e3, b0, c4, 42, 98, fc, 1c, 14]...
🗑️ MEST Delete: keyword='news', fid='news_00000780' (key completely removed)
🗑️ MEST Delete: post-delete root_hash=[e3, b0, c4, 42, 98, fc, 1c, 14]...
🔧 MEST Add: keyword='news', fid='news_00000788'
🔧 MEST Add: proof size=154 bytes, root_hash=[ef, d3, 69, 7d, 2a, ce, 40, cd]...
🔍 MEST Query: keyword='news', found 1 fids
🔍 MEST Query: returning proof (154 bytes)
🗑️ MEST Delete: keyword='news', fid='news_00000788' (key completely removed)
🗑️ MEST Delete: post-delete root_hash=[e3, b0, c4, 42, 98, fc, 1c, 14]...
🗑️ MEST Delete: keyword='news', fid='news_00000788' (key completely removed)
🗑️ MEST Delete: post-delete root_hash=[e3, b0, c4, 42, 98, fc, 1c, 14]...
🔧 MEST Add: keyword='news', fid='news_00000795'
🔧 MEST Add: proof size=154 bytes, root_hash=[87, 93, 83, 4b, 27, a3, 5f, 88]...
🔍 MEST Query: keyword='news', found 1 fids
🔍 MEST Query: returning proof (154 bytes)
🗑️ MEST Delete: keyword='news', fid='news_00000795' (key completely removed)
🗑️ MEST Delete: post-delete root_hash=[e3, b0, c4, 42, 98, fc, 1c, 14]...
🗑️ MEST Delete: keyword='news', fid='news_00000795' (key completely removed)
🗑️ MEST Delete: post-delete root_hash=[e3, b0, c4, 42, 98, fc, 1c, 14]...
🔧 MEST Add: keyword='news', fid='news_00000824'
🔧 MEST Add: proof size=154 bytes, root_hash=[5a, b3, 73, 17, bd, d1, db, c8]...
🔍 MEST Query: keyword='news', found 1 fids
🔍 MEST Query: returning proof (154 bytes)
🗑️ MEST Delete: keyword='news', fid='news_00000824' (key completely removed)
🗑️ MEST Delete: post-delete root_hash=[e3, b0, c4, 42, 98, fc, 1c, 14]...
🗑️ MEST Delete: keyword='news', fid='news_00000824' (key completely removed)
🗑️ MEST Delete: post-delete root_hash=[e3, b0, c4, 42, 98, fc, 1c, 14]...
🔧 MEST Add: keyword='news', fid='news_00000832'
🔧 MEST Add: proof size=154 bytes, root_hash=[3b, 01, 3a, c9, 30, 61, 5a, e4]...
🔍 MEST Query: keyword='news', found 1 fids
🔍 MEST Query: returning proof (154 bytes)
🗑️ MEST Delete: keyword='news', fid='news_00000832' (key completely removed)
🗑️ MEST Delete: post-delete root_hash=[e3, b0, c4, 42, 98, fc, 1c, 14]...
🗑️ MEST Delete: keyword='news', fid='news_00000832' (key completely removed)
🗑️ MEST Delete: post-delete root_hash=[e3, b0, c4, 42, 98, fc, 1c, 14]...
🔧 MEST Add: keyword='news', fid='news_00000835'
🔧 MEST Add: proof size=154 bytes, root_hash=[1b, b9, a8, bf, 72, 88, d6, 0a]...
🔍 MEST Query: keyword='news', found 1 fids
🔍 MEST Query: returning proof (154 bytes)
🗑️ MEST Delete: keyword='news', fid='news_00000835' (key completely removed)
🗑️ MEST Delete: post-delete root_hash=[e3, b0, c4, 42, 98, fc, 1c, 14]...
🗑️ MEST Delete: keyword='news', fid='news_00000835' (key completely removed)
🗑️ MEST Delete: post-delete root_hash=[e3, b0, c4, 42, 98, fc, 1c, 14]...
🔧 MEST Add: keyword='news', fid='news_00000839'
🔧 MEST Add: proof size=154 bytes, root_hash=[91, d0, 74, b2, 9e, ac, c5, 8f]...
🔍 MEST Query: keyword='news', found 1 fids
🔍 MEST Query: returning proof (154 bytes)
🗑️ MEST Delete: keyword='news', fid='news_00000839' (key completely removed)
🗑️ MEST Delete: post-delete root_hash=[e3, b0, c4, 42, 98, fc, 1c, 14]...
🗑️ MEST Delete: keyword='news', fid='news_00000839' (key completely removed)
🗑️ MEST Delete: post-delete root_hash=[e3, b0, c4, 42, 98, fc, 1c, 14]...
🔧 MEST Add: keyword='news', fid='news_00000855'
🔧 MEST Add: proof size=154 bytes, root_hash=[25, ad, cc, 30, b9, 6c, 3b, 3d]...
🔍 MEST Query: keyword='news', found 1 fids
🔍 MEST Query: returning proof (154 bytes)
🗑️ MEST Delete: keyword='news', fid='news_00000855' (key completely removed)
🗑️ MEST Delete: post-delete root_hash=[e3, b0, c4, 42, 98, fc, 1c, 14]...
🗑️ MEST Delete: keyword='news', fid='news_00000855' (key completely removed)
🗑️ MEST Delete: post-delete root_hash=[e3, b0, c4, 42, 98, fc, 1c, 14]...
🔧 MEST Add: keyword='news', fid='news_00000864'
🔧 MEST Add: proof size=154 bytes, root_hash=[99, 73, 43, 83, 62, 45, c3, e4]...
🔍 MEST Query: keyword='news', found 1 fids
🔍 MEST Query: returning proof (154 bytes)
🗑️ MEST Delete: keyword='news', fid='news_00000864' (key completely removed)
🗑️ MEST Delete: post-delete root_hash=[e3, b0, c4, 42, 98, fc, 1c, 14]...
🗑️ MEST Delete: keyword='news', fid='news_00000864' (key completely removed)
🗑️ MEST Delete: post-delete root_hash=[e3, b0, c4, 42, 98, fc, 1c, 14]...
🔧 MEST Add: keyword='news', fid='news_00000872'
🔧 MEST Add: proof size=154 bytes, root_hash=[97, 3d, 35, 16, 7e, 95, ba, 51]...
🔍 MEST Query: keyword='news', found 1 fids
🔍 MEST Query: returning proof (154 bytes)
🗑️ MEST Delete: keyword='news', fid='news_00000872' (key completely removed)
🗑️ MEST Delete: post-delete root_hash=[e3, b0, c4, 42, 98, fc, 1c, 14]...
🗑️ MEST Delete: keyword='news', fid='news_00000872' (key completely removed)
🗑️ MEST Delete: post-delete root_hash=[e3, b0, c4, 42, 98, fc, 1c, 14]...
🔧 MEST Add: keyword='news', fid='news_00000875'
🔧 MEST Add: proof size=154 bytes, root_hash=[1b, 13, 15, db, b1, cc, 4f, 8d]...
🔍 MEST Query: keyword='news', found 1 fids
🔍 MEST Query: returning proof (154 bytes)
🗑️ MEST Delete: keyword='news', fid='news_00000875' (key completely removed)
🗑️ MEST Delete: post-delete root_hash=[e3, b0, c4, 42, 98, fc, 1c, 14]...
🗑️ MEST Delete: keyword='news', fid='news_00000875' (key completely removed)
🗑️ MEST Delete: post-delete root_hash=[e3, b0, c4, 42, 98, fc, 1c, 14]...
🔧 MEST Add: keyword='news', fid='news_00000897'
🔧 MEST Add: proof size=154 bytes, root_hash=[08, d7, 3d, c0, bf, b4, 48, 76]...
🔍 MEST Query: keyword='news', found 1 fids
🔍 MEST Query: returning proof (154 bytes)
🗑️ MEST Delete: keyword='news', fid='news_00000897' (key completely removed)
🗑️ MEST Delete: post-delete root_hash=[e3, b0, c4, 42, 98, fc, 1c, 14]...
🗑️ MEST Delete: keyword='news', fid='news_00000897' (key completely removed)
🗑️ MEST Delete: post-delete root_hash=[e3, b0, c4, 42, 98, fc, 1c, 14]...
🔧 MEST Add: keyword='news', fid='news_00000922'
🔧 MEST Add: proof size=154 bytes, root_hash=[e2, 8b, 0d, e5, 33, 59, c4, 98]...
🔍 MEST Query: keyword='news', found 1 fids
🔍 MEST Query: returning proof (154 bytes)
🗑️ MEST Delete: keyword='news', fid='news_00000922' (key completely removed)
🗑️ MEST Delete: post-delete root_hash=[e3, b0, c4, 42, 98, fc, 1c, 14]...
🗑️ MEST Delete: keyword='news', fid='news_00000922' (key completely removed)
🗑️ MEST Delete: post-delete root_hash=[e3, b0, c4, 42, 98, fc, 1c, 14]...
🔧 MEST Add: keyword='news', fid='news_00000925'
🔧 MEST Add: proof size=154 bytes, root_hash=[6c, 5f, 19, 75, 3a, f9, 16, 8d]...
🔍 MEST Query: keyword='news', found 1 fids
🔍 MEST Query: returning proof (154 bytes)
🗑️ MEST Delete: keyword='news', fid='news_00000925' (key completely removed)
🗑️ MEST Delete: post-delete root_hash=[e3, b0, c4, 42, 98, fc, 1c, 14]...
🗑️ MEST Delete: keyword='news', fid='news_00000925' (key completely removed)
🗑️ MEST Delete: post-delete root_hash=[e3, b0, c4, 42, 98, fc, 1c, 14]...
🔧 MEST Add: keyword='news', fid='news_00000932'
🔧 MEST Add: proof size=154 bytes, root_hash=[87, 52, dd, 34, 06, 0e, 38, 64]...
🔍 MEST Query: keyword='news', found 1 fids
🔍 MEST Query: returning proof (154 bytes)
🗑️ MEST Delete: keyword='news', fid='news_00000932' (key completely removed)
🗑️ MEST Delete: post-delete root_hash=[e3, b0, c4, 42, 98, fc, 1c, 14]...
🗑️ MEST Delete: keyword='news', fid='news_00000932' (key completely removed)
🗑️ MEST Delete: post-delete root_hash=[e3, b0, c4, 42, 98, fc, 1c, 14]...
🔧 MEST Add: keyword='news', fid='news_00000938'
🔧 MEST Add: proof size=154 bytes, root_hash=[8e, 4c, e3, 40, 24, 06, d3, 61]...
🔍 MEST Query: keyword='news', found 1 fids
🔍 MEST Query: returning proof (154 bytes)
🗑️ MEST Delete: keyword='news', fid='news_00000938' (key completely removed)
🗑️ MEST Delete: post-delete root_hash=[e3, b0, c4, 42, 98, fc, 1c, 14]...
🗑️ MEST Delete: keyword='news', fid='news_00000938' (key completely removed)
🗑️ MEST Delete: post-delete root_hash=[e3, b0, c4, 42, 98, fc, 1c, 14]...
🔧 MEST Add: keyword='news', fid='news_00000956'
🔧 MEST Add: proof size=154 bytes, root_hash=[aa, e8, 27, 5a, dc, 69, 33, 66]...
🔍 MEST Query: keyword='news', found 1 fids
🔍 MEST Query: returning proof (154 bytes)
🗑️ MEST Delete: keyword='news', fid='news_00000956' (key completely removed)
🗑️ MEST Delete: post-delete root_hash=[e3, b0, c4, 42, 98, fc, 1c, 14]...
🗑️ MEST Delete: keyword='news', fid='news_00000956' (key completely removed)
🗑️ MEST Delete: post-delete root_hash=[e3, b0, c4, 42, 98, fc, 1c, 14]...
🔧 MEST Add: keyword='news', fid='news_00000972'
🔧 MEST Add: proof size=154 bytes, root_hash=[44, 13, 59, 12, 60, 0b, fa, dd]...
🔍 MEST Query: keyword='news', found 1 fids
🔍 MEST Query: returning proof (154 bytes)
🗑️ MEST Delete: keyword='news', fid='news_00000972' (key completely removed)
🗑️ MEST Delete: post-delete root_hash=[e3, b0, c4, 42, 98, fc, 1c, 14]...
🗑️ MEST Delete: keyword='news', fid='news_00000972' (key completely removed)
🗑️ MEST Delete: post-delete root_hash=[e3, b0, c4, 42, 98, fc, 1c, 14]...
🔧 MEST Add: keyword='news', fid='news_00000979'
🔧 MEST Add: proof size=154 bytes, root_hash=[ad, ef, d3, 64, ce, 99, da, 62]...
🔍 MEST Query: keyword='news', found 1 fids
🔍 MEST Query: returning proof (154 bytes)
🗑️ MEST Delete: keyword='news', fid='news_00000979' (key completely removed)
🗑️ MEST Delete: post-delete root_hash=[e3, b0, c4, 42, 98, fc, 1c, 14]...
🗑️ MEST Delete: keyword='news', fid='news_00000979' (key completely removed)
🗑️ MEST Delete: post-delete root_hash=[e3, b0, c4, 42, 98, fc, 1c, 14]...
🔧 MEST Add: keyword='news', fid='news_00000984'
🔧 MEST Add: proof size=154 bytes, root_hash=[35, 86, f9, 6b, da, ee, d3, c3]...
🔍 MEST Query: keyword='news', found 1 fids
🔍 MEST Query: returning proof (154 bytes)
🗑️ MEST Delete: keyword='news', fid='news_00000984' (key completely removed)
🗑️ MEST Delete: post-delete root_hash=[e3, b0, c4, 42, 98, fc, 1c, 14]...
🗑️ MEST Delete: keyword='news', fid='news_00000984' (key completely removed)
🗑️ MEST Delete: post-delete root_hash=[e3, b0, c4, 42, 98, fc, 1c, 14]...
🔧 MEST Add: keyword='news', fid='news_00000987'
🔧 MEST Add: proof size=154 bytes, root_hash=[c9, f2, 2a, 73, 06, 12, 9e, bd]...
🔍 MEST Query: keyword='news', found 1 fids
🔍 MEST Query: returning proof (154 bytes)
🗑️ MEST Delete: keyword='news', fid='news_00000987' (key completely removed)
🗑️ MEST Delete: post-delete root_hash=[e3, b0, c4, 42, 98, fc, 1c, 14]...
🗑️ MEST Delete: keyword='news', fid='news_00000987' (key completely removed)
🗑️ MEST Delete: post-delete root_hash=[e3, b0, c4, 42, 98, fc, 1c, 14]...
🔧 MEST Add: keyword='news', fid='news_00000994'
🔧 MEST Add: proof size=154 bytes, root_hash=[01, ca, ba, 7f, 55, f3, 02, 9c]...
🔍 MEST Query: keyword='news', found 1 fids
🔍 MEST Query: returning proof (154 bytes)
🗑️ MEST Delete: keyword='news', fid='news_00000994' (key completely removed)
🗑️ MEST Delete: post-delete root_hash=[e3, b0, c4, 42, 98, fc, 1c, 14]...
🗑️ MEST Delete: keyword='news', fid='news_00000994' (key completely removed)
🗑️ MEST Delete: post-delete root_hash=[e3, b0, c4, 42, 98, fc, 1c, 14]...
🔧 MEST Add: keyword='news', fid='news_00000999'
🔧 MEST Add: proof size=154 bytes, root_hash=[63, 65, ad, e6, e1, 13, 73, 0f]...
🔍 MEST Query: keyword='news', found 1 fids
🔍 MEST Query: returning proof (154 bytes)
🗑️ MEST Delete: keyword='news', fid='news_00000999' (key completely removed)
🗑️ MEST Delete: post-delete root_hash=[e3, b0, c4, 42, 98, fc, 1c, 14]...
🗑️ MEST Delete: keyword='news', fid='news_00000999' (key completely removed)
🗑️ MEST Delete: post-delete root_hash=[e3, b0, c4, 42, 98, fc, 1c, 14]...
