warning: profiles for the non root package will be ignored, specify profiles at the workspace root:
package:   /root/distributed-storage-system/crates/storager/ads_lib/Cargo.toml
workspace: /root/distributed-storage-system/Cargo.toml
warning: value assigned to `is_change` is never read
   --> crates/storager/ads_lib/src/mpt/mpt.rs:256:21
    |
256 |             let mut is_change = false;
    |                     ^^^^^^^^^
    |
    = help: maybe it is overwritten before being read?
    = note: `#[warn(unused_assignments)]` on by default

warning: value assigned to `is_change` is never read
   --> crates/storager/ads_lib/src/mpt/mpt.rs:462:25
    |
462 |                 let mut is_change = false;
    |                         ^^^^^^^^^
    |
    = help: maybe it is overwritten before being read?

warning: unused variable: `had_value`
   --> crates/storager/ads_lib/src/mpt/mpt.rs:526:21
    |
526 |                 let had_value = !old_value_str.is_empty();
    |                     ^^^^^^^^^ help: if this is intentional, prefix it with an underscore: `_had_value`
    |
    = note: `#[warn(unused_variables)]` on by default

warning: associated functions `short_node_batch_fix` and `full_node_batch_fix` are never used
    --> crates/storager/ads_lib/src/mpt/mpt.rs:1743:8
     |
  50 | impl MPT {
     | -------- associated functions in this implementation
...
1743 |     fn short_node_batch_fix(node: Arc<RwLock<ShortNode>>) -> Result<(), MPTError> {
     |        ^^^^^^^^^^^^^^^^^^^^
...
1748 |     fn full_node_batch_fix(node: Arc<RwLock<FullNode>>) -> Result<(), MPTError> {
     |        ^^^^^^^^^^^^^^^^^^^
     |
     = note: `#[warn(dead_code)]` on by default

warning: function `hash_mgt_node` is never used
   --> crates/storager/ads_lib/src/mest/proof.rs:253:4
    |
253 | fn hash_mgt_node(children: &[[u8; 32]]) -> [u8; 32] {
    |    ^^^^^^^^^^^^^

warning: `ads_rust` (lib) generated 5 warnings
warning: unused variable: `acc_old`
   --> crates/common/src/verification.rs:721:13
    |
721 |         let acc_old = match G1Affine::deserialize_uncompressed(&proof[offset..offset + acc_old_len]) {
    |             ^^^^^^^ help: if this is intentional, prefix it with an underscore: `_acc_old`
    |
    = note: `#[warn(unused_variables)]` on by default

warning: `common` (lib) generated 1 warning
warning: unused imports: `Digest` and `Sha256`
   --> crates/storager/src/ads/acctrie_ads.rs:452:20
    |
452 |         use sha2::{Digest, Sha256};
    |                    ^^^^^^  ^^^^^^
    |
    = note: `#[warn(unused_imports)]` on by default

warning: `storager` (lib) generated 1 warning (run `cargo fix --lib -p storager` to apply 1 suggestion)
    Finished `release` profile [optimized] target(s) in 0.16s
     Running `target/release/storager 50082 mest`
🔧 MEST Add: keyword='domestic', fid='news_00000006'
🔧 MEST Add: proof size=158 bytes, root_hash=[08, 3b, 3a, 28, b2, 43, db, 38]...
🗑️ MEST Delete: keyword='domestic', fid='news_00000006' (key completely removed)
🗑️ MEST Delete: post-delete root_hash=[e3, b0, c4, 42, 98, fc, 1c, 14]...
🔧 MEST Add: keyword='domestic', fid='news_00000059'
🔧 MEST Add: proof size=158 bytes, root_hash=[d7, 2a, 34, 79, ee, 9e, f7, ec]...
🔧 MEST Add: keyword='domestic', fid='news_00000059'
🔧 MEST Add: proof size=158 bytes, root_hash=[d7, 2a, 34, 79, ee, 9e, f7, ec]...
🗑️ MEST Delete: keyword='domestic', fid='news_00000059' (key completely removed)
🗑️ MEST Delete: post-delete root_hash=[e3, b0, c4, 42, 98, fc, 1c, 14]...
🔧 MEST Add: keyword='domestic', fid='news_00000060'
🔧 MEST Add: proof size=158 bytes, root_hash=[4d, 10, 3c, c6, ec, 8a, 54, c0]...
🗑️ MEST Delete: keyword='domestic', fid='news_00000060' (key completely removed)
🗑️ MEST Delete: post-delete root_hash=[e3, b0, c4, 42, 98, fc, 1c, 14]...
🔧 MEST Add: keyword='domestic', fid='news_00000082'
🔧 MEST Add: proof size=158 bytes, root_hash=[5b, 7f, 67, 00, f8, c2, c4, 79]...
🗑️ MEST Delete: keyword='domestic', fid='news_00000082' (key completely removed)
🗑️ MEST Delete: post-delete root_hash=[e3, b0, c4, 42, 98, fc, 1c, 14]...
🔧 MEST Add: keyword='domestic', fid='news_00000107'
🔧 MEST Add: proof size=158 bytes, root_hash=[0e, 73, 21, e5, cd, fa, d0, 60]...
🗑️ MEST Delete: keyword='domestic', fid='news_00000107' (key completely removed)
🗑️ MEST Delete: post-delete root_hash=[e3, b0, c4, 42, 98, fc, 1c, 14]...
🔧 MEST Add: keyword='physics', fid='scie_00000146'
🔧 MEST Add: proof size=157 bytes, root_hash=[03, 3a, 30, d8, 0e, d4, 85, c0]...
🔧 MEST Add: keyword='physics', fid='scie_00000146'
🔧 MEST Add: proof size=157 bytes, root_hash=[03, 3a, 30, d8, 0e, d4, 85, c0]...
🗑️ MEST Delete: keyword='physics', fid='scie_00000146' (key completely removed)
🗑️ MEST Delete: post-delete root_hash=[e3, b0, c4, 42, 98, fc, 1c, 14]...
🔧 MEST Add: keyword='domestic', fid='news_00000157'
🔧 MEST Add: proof size=158 bytes, root_hash=[5f, 4b, 49, 6a, 25, 6c, b8, 8c]...
🔧 MEST Add: keyword='domestic', fid='news_00000157'
🔧 MEST Add: proof size=158 bytes, root_hash=[5f, 4b, 49, 6a, 25, 6c, b8, 8c]...
🗑️ MEST Delete: keyword='domestic', fid='news_00000157' (key completely removed)
🗑️ MEST Delete: post-delete root_hash=[e3, b0, c4, 42, 98, fc, 1c, 14]...
🔧 MEST Add: keyword='domestic', fid='news_00000162'
🔧 MEST Add: proof size=158 bytes, root_hash=[9c, b4, 72, 50, 3f, 84, 44, 67]...
🔧 MEST Add: keyword='domestic', fid='news_00000162'
🔧 MEST Add: proof size=158 bytes, root_hash=[9c, b4, 72, 50, 3f, 84, 44, 67]...
🗑️ MEST Delete: keyword='domestic', fid='news_00000162' (key completely removed)
🗑️ MEST Delete: post-delete root_hash=[e3, b0, c4, 42, 98, fc, 1c, 14]...
🔧 MEST Add: keyword='domestic', fid='news_00000168'
🔧 MEST Add: proof size=158 bytes, root_hash=[fd, c5, 8d, d4, 74, 7f, fc, 02]...
🔧 MEST Add: keyword='domestic', fid='news_00000168'
🔧 MEST Add: proof size=158 bytes, root_hash=[fd, c5, 8d, d4, 74, 7f, fc, 02]...
🗑️ MEST Delete: keyword='domestic', fid='news_00000168' (key completely removed)
🗑️ MEST Delete: post-delete root_hash=[e3, b0, c4, 42, 98, fc, 1c, 14]...
🔧 MEST Add: keyword='domestic', fid='news_00000207'
🔧 MEST Add: proof size=158 bytes, root_hash=[ec, 32, c8, 62, 96, 34, 9e, 52]...
🗑️ MEST Delete: keyword='domestic', fid='news_00000207' (key completely removed)
🗑️ MEST Delete: post-delete root_hash=[e3, b0, c4, 42, 98, fc, 1c, 14]...
🔧 MEST Add: keyword='physics', fid='scie_00000256'
🔧 MEST Add: proof size=157 bytes, root_hash=[41, 87, 60, 08, 21, 0d, ab, ce]...
🔧 MEST Add: keyword='physics', fid='scie_00000256'
🔧 MEST Add: proof size=157 bytes, root_hash=[41, 87, 60, 08, 21, 0d, ab, ce]...
🗑️ MEST Delete: keyword='physics', fid='scie_00000256' (key completely removed)
🗑️ MEST Delete: post-delete root_hash=[e3, b0, c4, 42, 98, fc, 1c, 14]...
🔧 MEST Add: keyword='physics', fid='scie_00000281'
🔧 MEST Add: proof size=157 bytes, root_hash=[a8, 80, 51, 93, 6b, 7d, a4, 7e]...
🗑️ MEST Delete: keyword='physics', fid='scie_00000281' (key completely removed)
🗑️ MEST Delete: post-delete root_hash=[e3, b0, c4, 42, 98, fc, 1c, 14]...
🔧 MEST Add: keyword='physics', fid='scie_00000315'
🔧 MEST Add: proof size=157 bytes, root_hash=[88, 7e, b7, e8, 61, bc, eb, dc]...
🔧 MEST Add: keyword='physics', fid='scie_00000315'
🔧 MEST Add: proof size=157 bytes, root_hash=[88, 7e, b7, e8, 61, bc, eb, dc]...
🗑️ MEST Delete: keyword='physics', fid='scie_00000315' (key completely removed)
🗑️ MEST Delete: post-delete root_hash=[e3, b0, c4, 42, 98, fc, 1c, 14]...
🔧 MEST Add: keyword='domestic', fid='news_00000387'
🔧 MEST Add: proof size=158 bytes, root_hash=[a4, b4, 18, b6, ef, 61, 11, 92]...
🗑️ MEST Delete: keyword='domestic', fid='news_00000387' (key completely removed)
🗑️ MEST Delete: post-delete root_hash=[e3, b0, c4, 42, 98, fc, 1c, 14]...
🔧 MEST Add: keyword='physics', fid='scie_00000393'
🔧 MEST Add: proof size=157 bytes, root_hash=[db, 3b, 5b, 5b, 98, 37, 3e, 60]...
🔧 MEST Add: keyword='physics', fid='scie_00000393'
🔧 MEST Add: proof size=157 bytes, root_hash=[db, 3b, 5b, 5b, 98, 37, 3e, 60]...
🗑️ MEST Delete: keyword='physics', fid='scie_00000393' (key completely removed)
🗑️ MEST Delete: post-delete root_hash=[e3, b0, c4, 42, 98, fc, 1c, 14]...
🔧 MEST Add: keyword='domestic', fid='news_00000425'
🔧 MEST Add: proof size=158 bytes, root_hash=[1f, 6e, 08, 1b, 73, d1, 66, d1]...
🗑️ MEST Delete: keyword='domestic', fid='news_00000425' (key completely removed)
🗑️ MEST Delete: post-delete root_hash=[e3, b0, c4, 42, 98, fc, 1c, 14]...
🔧 MEST Add: keyword='physics', fid='scie_00000436'
🔧 MEST Add: proof size=157 bytes, root_hash=[a8, dc, 94, 12, d1, 0a, 74, b0]...
🔧 MEST Add: keyword='physics', fid='scie_00000436'
🔧 MEST Add: proof size=157 bytes, root_hash=[a8, dc, 94, 12, d1, 0a, 74, b0]...
🗑️ MEST Delete: keyword='physics', fid='scie_00000436' (key completely removed)
🗑️ MEST Delete: post-delete root_hash=[e3, b0, c4, 42, 98, fc, 1c, 14]...
🔧 MEST Add: keyword='domestic', fid='news_00000475'
🔧 MEST Add: proof size=158 bytes, root_hash=[8b, a3, 9a, 53, 4c, 6a, 37, 2e]...
🗑️ MEST Delete: keyword='domestic', fid='news_00000475' (key completely removed)
🗑️ MEST Delete: post-delete root_hash=[e3, b0, c4, 42, 98, fc, 1c, 14]...
🔧 MEST Add: keyword='physics', fid='scie_00000549'
🔧 MEST Add: proof size=157 bytes, root_hash=[19, a6, be, 05, 11, 1e, d5, c7]...
🗑️ MEST Delete: keyword='physics', fid='scie_00000549' (key completely removed)
🗑️ MEST Delete: post-delete root_hash=[e3, b0, c4, 42, 98, fc, 1c, 14]...
🔧 MEST Add: keyword='physics', fid='scie_00000569'
🔧 MEST Add: proof size=157 bytes, root_hash=[44, e4, b2, 45, 60, f5, 2c, 77]...
🗑️ MEST Delete: keyword='physics', fid='scie_00000569' (key completely removed)
🗑️ MEST Delete: post-delete root_hash=[e3, b0, c4, 42, 98, fc, 1c, 14]...
🔧 MEST Add: keyword='domestic', fid='news_00000596'
🔧 MEST Add: proof size=158 bytes, root_hash=[52, b4, ce, 76, d2, eb, 6e, 47]...
🔧 MEST Add: keyword='domestic', fid='news_00000596'
🔧 MEST Add: proof size=158 bytes, root_hash=[52, b4, ce, 76, d2, eb, 6e, 47]...
🗑️ MEST Delete: keyword='domestic', fid='news_00000596' (key completely removed)
🗑️ MEST Delete: post-delete root_hash=[e3, b0, c4, 42, 98, fc, 1c, 14]...
🔧 MEST Add: keyword='physics', fid='scie_00000598'
🔧 MEST Add: proof size=157 bytes, root_hash=[9f, 30, ae, e9, 5a, 7b, 62, ba]...
🗑️ MEST Delete: keyword='physics', fid='scie_00000598' (key completely removed)
🗑️ MEST Delete: post-delete root_hash=[e3, b0, c4, 42, 98, fc, 1c, 14]...
🔧 MEST Add: keyword='domestic', fid='news_00000602'
🔧 MEST Add: proof size=158 bytes, root_hash=[b7, b6, 1d, 28, 5b, ae, ab, 26]...
🗑️ MEST Delete: keyword='domestic', fid='news_00000602' (key completely removed)
🗑️ MEST Delete: post-delete root_hash=[e3, b0, c4, 42, 98, fc, 1c, 14]...
🔧 MEST Add: keyword='domestic', fid='news_00000654'
🔧 MEST Add: proof size=158 bytes, root_hash=[92, b3, 5c, 25, b1, d3, 1a, 71]...
🔧 MEST Add: keyword='domestic', fid='news_00000654'
🔧 MEST Add: proof size=158 bytes, root_hash=[92, b3, 5c, 25, b1, d3, 1a, 71]...
🗑️ MEST Delete: keyword='domestic', fid='news_00000654' (key completely removed)
🗑️ MEST Delete: post-delete root_hash=[e3, b0, c4, 42, 98, fc, 1c, 14]...
🔧 MEST Add: keyword='domestic', fid='news_00000665'
🔧 MEST Add: proof size=158 bytes, root_hash=[a4, 65, ef, 1f, 7b, f8, 27, 77]...
🗑️ MEST Delete: keyword='domestic', fid='news_00000665' (key completely removed)
🗑️ MEST Delete: post-delete root_hash=[e3, b0, c4, 42, 98, fc, 1c, 14]...
🔧 MEST Add: keyword='physics', fid='scie_00000684'
🔧 MEST Add: proof size=157 bytes, root_hash=[9a, 87, a5, ae, 00, 51, 64, 54]...
🗑️ MEST Delete: keyword='physics', fid='scie_00000684' (key completely removed)
🗑️ MEST Delete: post-delete root_hash=[e3, b0, c4, 42, 98, fc, 1c, 14]...
🔧 MEST Add: keyword='physics', fid='scie_00000694'
🔧 MEST Add: proof size=157 bytes, root_hash=[5f, 54, 10, 16, 9a, be, 89, 62]...
🔧 MEST Add: keyword='physics', fid='scie_00000694'
🔧 MEST Add: proof size=157 bytes, root_hash=[5f, 54, 10, 16, 9a, be, 89, 62]...
🗑️ MEST Delete: keyword='physics', fid='scie_00000694' (key completely removed)
🗑️ MEST Delete: post-delete root_hash=[e3, b0, c4, 42, 98, fc, 1c, 14]...
🔧 MEST Add: keyword='domestic', fid='news_00000700'
🔧 MEST Add: proof size=158 bytes, root_hash=[a2, 94, 43, cb, 8e, 4e, 33, 89]...
🗑️ MEST Delete: keyword='domestic', fid='news_00000700' (key completely removed)
🗑️ MEST Delete: post-delete root_hash=[e3, b0, c4, 42, 98, fc, 1c, 14]...
🔧 MEST Add: keyword='physics', fid='scie_00000707'
🔧 MEST Add: proof size=157 bytes, root_hash=[a2, ad, 7d, 75, 53, cc, 70, c1]...
🔧 MEST Add: keyword='physics', fid='scie_00000707'
🔧 MEST Add: proof size=157 bytes, root_hash=[a2, ad, 7d, 75, 53, cc, 70, c1]...
🗑️ MEST Delete: keyword='physics', fid='scie_00000707' (key completely removed)
🗑️ MEST Delete: post-delete root_hash=[e3, b0, c4, 42, 98, fc, 1c, 14]...
🔧 MEST Add: keyword='physics', fid='scie_00000743'
🔧 MEST Add: proof size=157 bytes, root_hash=[07, c1, c3, 74, 53, 1a, 98, 98]...
🗑️ MEST Delete: keyword='physics', fid='scie_00000743' (key completely removed)
🗑️ MEST Delete: post-delete root_hash=[e3, b0, c4, 42, 98, fc, 1c, 14]...
🔧 MEST Add: keyword='physics', fid='scie_00000747'
🔧 MEST Add: proof size=157 bytes, root_hash=[c1, e7, fd, f6, ba, 43, 47, 5b]...
🗑️ MEST Delete: keyword='physics', fid='scie_00000747' (key completely removed)
🗑️ MEST Delete: post-delete root_hash=[e3, b0, c4, 42, 98, fc, 1c, 14]...
🔧 MEST Add: keyword='physics', fid='scie_00000758'
🔧 MEST Add: proof size=157 bytes, root_hash=[b3, 2e, b3, e6, f7, a4, 2c, 78]...
🔧 MEST Add: keyword='physics', fid='scie_00000758'
🔧 MEST Add: proof size=157 bytes, root_hash=[b3, 2e, b3, e6, f7, a4, 2c, 78]...
🗑️ MEST Delete: keyword='physics', fid='scie_00000758' (key completely removed)
🗑️ MEST Delete: post-delete root_hash=[e3, b0, c4, 42, 98, fc, 1c, 14]...
🔧 MEST Add: keyword='domestic', fid='news_00000780'
🔧 MEST Add: proof size=158 bytes, root_hash=[4f, 22, 01, f1, 1f, 24, 8e, f1]...
🗑️ MEST Delete: keyword='domestic', fid='news_00000780' (key completely removed)
🗑️ MEST Delete: post-delete root_hash=[e3, b0, c4, 42, 98, fc, 1c, 14]...
🔧 MEST Add: keyword='physics', fid='scie_00000815'
🔧 MEST Add: proof size=157 bytes, root_hash=[4d, ae, b1, fa, 1f, 1b, 09, 12]...
🔧 MEST Add: keyword='physics', fid='scie_00000815'
🔧 MEST Add: proof size=157 bytes, root_hash=[4d, ae, b1, fa, 1f, 1b, 09, 12]...
🗑️ MEST Delete: keyword='physics', fid='scie_00000815' (key completely removed)
🗑️ MEST Delete: post-delete root_hash=[e3, b0, c4, 42, 98, fc, 1c, 14]...
🔧 MEST Add: keyword='domestic', fid='news_00000839'
🔧 MEST Add: proof size=158 bytes, root_hash=[91, d0, 74, b2, 9e, ac, c5, 8f]...
🔧 MEST Add: keyword='domestic', fid='news_00000839'
🔧 MEST Add: proof size=158 bytes, root_hash=[91, d0, 74, b2, 9e, ac, c5, 8f]...
🗑️ MEST Delete: keyword='domestic', fid='news_00000839' (key completely removed)
🗑️ MEST Delete: post-delete root_hash=[e3, b0, c4, 42, 98, fc, 1c, 14]...
🔧 MEST Add: keyword='domestic', fid='news_00000864'
🔧 MEST Add: proof size=158 bytes, root_hash=[99, 73, 43, 83, 62, 45, c3, e4]...
🗑️ MEST Delete: keyword='domestic', fid='news_00000864' (key completely removed)
🗑️ MEST Delete: post-delete root_hash=[e3, b0, c4, 42, 98, fc, 1c, 14]...
🔧 MEST Add: keyword='domestic', fid='news_00000897'
🔧 MEST Add: proof size=158 bytes, root_hash=[08, d7, 3d, c0, bf, b4, 48, 76]...
🔧 MEST Add: keyword='domestic', fid='news_00000897'
🔧 MEST Add: proof size=158 bytes, root_hash=[08, d7, 3d, c0, bf, b4, 48, 76]...
🗑️ MEST Delete: keyword='domestic', fid='news_00000897' (key completely removed)
🗑️ MEST Delete: post-delete root_hash=[e3, b0, c4, 42, 98, fc, 1c, 14]...
🔧 MEST Add: keyword='physics', fid='scie_00000971'
🔧 MEST Add: proof size=157 bytes, root_hash=[35, 0f, 74, 61, 70, 06, 1e, e4]...
🗑️ MEST Delete: keyword='physics', fid='scie_00000971' (key completely removed)
🗑️ MEST Delete: post-delete root_hash=[e3, b0, c4, 42, 98, fc, 1c, 14]...
🔧 MEST Add: keyword='physics', fid='scie_00000983'
🔧 MEST Add: proof size=157 bytes, root_hash=[21, 01, 4d, 37, a9, 06, 72, fe]...
🗑️ MEST Delete: keyword='physics', fid='scie_00000983' (key completely removed)
🗑️ MEST Delete: post-delete root_hash=[e3, b0, c4, 42, 98, fc, 1c, 14]...
🔧 MEST Add: keyword='domestic', fid='news_00000999'
🔧 MEST Add: proof size=158 bytes, root_hash=[63, 65, ad, e6, e1, 13, 73, 0f]...
🔧 MEST Add: keyword='domestic', fid='news_00000999'
🔧 MEST Add: proof size=158 bytes, root_hash=[63, 65, ad, e6, e1, 13, 73, 0f]...
🗑️ MEST Delete: keyword='domestic', fid='news_00000999' (key completely removed)
🗑️ MEST Delete: post-delete root_hash=[e3, b0, c4, 42, 98, fc, 1c, 14]...
