warning: profiles for the non root package will be ignored, specify profiles at the workspace root:
package:   /root/distributed-storage-system/crates/storager/ads_lib/Cargo.toml
workspace: /root/distributed-storage-system/Cargo.toml
warning: value assigned to `is_change` is never read
   --> crates/storager/ads_lib/src/mpt/mpt.rs:256:21
    |
256 |             let mut is_change = false;
    |                     ^^^^^^^^^
    |
    = help: maybe it is overwritten before being read?
    = note: `#[warn(unused_assignments)]` on by default

warning: value assigned to `is_change` is never read
   --> crates/storager/ads_lib/src/mpt/mpt.rs:462:25
    |
462 |                 let mut is_change = false;
    |                         ^^^^^^^^^
    |
    = help: maybe it is overwritten before being read?

warning: unused variable: `had_value`
   --> crates/storager/ads_lib/src/mpt/mpt.rs:526:21
    |
526 |                 let had_value = !old_value_str.is_empty();
    |                     ^^^^^^^^^ help: if this is intentional, prefix it with an underscore: `_had_value`
    |
    = note: `#[warn(unused_variables)]` on by default

warning: associated functions `short_node_batch_fix` and `full_node_batch_fix` are never used
    --> crates/storager/ads_lib/src/mpt/mpt.rs:1743:8
     |
  50 | impl MPT {
     | -------- associated functions in this implementation
...
1743 |     fn short_node_batch_fix(node: Arc<RwLock<ShortNode>>) -> Result<(), MPTError> {
     |        ^^^^^^^^^^^^^^^^^^^^
...
1748 |     fn full_node_batch_fix(node: Arc<RwLock<FullNode>>) -> Result<(), MPTError> {
     |        ^^^^^^^^^^^^^^^^^^^
     |
     = note: `#[warn(dead_code)]` on by default

warning: function `hash_mgt_node` is never used
   --> crates/storager/ads_lib/src/mest/proof.rs:253:4
    |
253 | fn hash_mgt_node(children: &[[u8; 32]]) -> [u8; 32] {
    |    ^^^^^^^^^^^^^

warning: `ads_rust` (lib) generated 5 warnings
warning: unused variable: `acc_old`
   --> crates/common/src/verification.rs:721:13
    |
721 |         let acc_old = match G1Affine::deserialize_uncompressed(&proof[offset..offset + acc_old_len]) {
    |             ^^^^^^^ help: if this is intentional, prefix it with an underscore: `_acc_old`
    |
    = note: `#[warn(unused_variables)]` on by default

warning: `common` (lib) generated 1 warning
warning: unused imports: `Digest` and `Sha256`
   --> crates/storager/src/ads/acctrie_ads.rs:452:20
    |
452 |         use sha2::{Digest, Sha256};
    |                    ^^^^^^  ^^^^^^
    |
    = note: `#[warn(unused_imports)]` on by default

warning: `storager` (lib) generated 1 warning (run `cargo fix --lib -p storager` to apply 1 suggestion)
    Finished `release` profile [optimized] target(s) in 0.15s
     Running `target/release/storager 50083 mest`
🔧 MEST Add: keyword='sports', fid='spor_00000017'
🔧 MEST Add: proof size=156 bytes, root_hash=[4a, a9, 3e, 0b, 25, 98, 68, 49]...
🔍 MEST Query: keyword='sports', found 1 fids
🔍 MEST Query: returning proof (156 bytes)
🗑️ MEST Delete: keyword='sports', fid='spor_00000017' (key completely removed)
🗑️ MEST Delete: post-delete root_hash=[e3, b0, c4, 42, 98, fc, 1c, 14]...
🗑️ MEST Delete: keyword='sports', fid='spor_00000017' (key completely removed)
🗑️ MEST Delete: post-delete root_hash=[e3, b0, c4, 42, 98, fc, 1c, 14]...
🔧 MEST Add: keyword='sports', fid='spor_00000023'
🔧 MEST Add: proof size=156 bytes, root_hash=[47, df, d5, 47, 16, 7e, 66, 1f]...
🔍 MEST Query: keyword='sports', found 1 fids
🔍 MEST Query: returning proof (156 bytes)
🗑️ MEST Delete: keyword='sports', fid='spor_00000023' (key completely removed)
🗑️ MEST Delete: post-delete root_hash=[e3, b0, c4, 42, 98, fc, 1c, 14]...
🗑️ MEST Delete: keyword='sports', fid='spor_00000023' (key completely removed)
🗑️ MEST Delete: post-delete root_hash=[e3, b0, c4, 42, 98, fc, 1c, 14]...
🔧 MEST Add: keyword='sports', fid='spor_00000024'
🔧 MEST Add: proof size=156 bytes, root_hash=[09, 10, 03, 7c, de, f0, 58, 71]...
🔍 MEST Query: keyword='sports', found 1 fids
🔍 MEST Query: returning proof (156 bytes)
🗑️ MEST Delete: keyword='sports', fid='spor_00000024' (key completely removed)
🗑️ MEST Delete: post-delete root_hash=[e3, b0, c4, 42, 98, fc, 1c, 14]...
🗑️ MEST Delete: keyword='sports', fid='spor_00000024' (key completely removed)
🗑️ MEST Delete: post-delete root_hash=[e3, b0, c4, 42, 98, fc, 1c, 14]...
🔧 MEST Add: keyword='sports', fid='spor_00000035'
🔧 MEST Add: proof size=156 bytes, root_hash=[0b, 7b, 49, 0b, 1a, e1, 51, 05]...
🔍 MEST Query: keyword='sports', found 1 fids
🔍 MEST Query: returning proof (156 bytes)
🗑️ MEST Delete: keyword='sports', fid='spor_00000035' (key completely removed)
🗑️ MEST Delete: post-delete root_hash=[e3, b0, c4, 42, 98, fc, 1c, 14]...
🗑️ MEST Delete: keyword='sports', fid='spor_00000035' (key completely removed)
🗑️ MEST Delete: post-delete root_hash=[e3, b0, c4, 42, 98, fc, 1c, 14]...
🔧 MEST Add: keyword='sports', fid='spor_00000038'
🔧 MEST Add: proof size=156 bytes, root_hash=[d9, 13, f7, c2, 67, c7, c0, b9]...
🔍 MEST Query: keyword='sports', found 1 fids
🔍 MEST Query: returning proof (156 bytes)
🗑️ MEST Delete: keyword='sports', fid='spor_00000038' (key completely removed)
🗑️ MEST Delete: post-delete root_hash=[e3, b0, c4, 42, 98, fc, 1c, 14]...
🗑️ MEST Delete: keyword='sports', fid='spor_00000038' (key completely removed)
🗑️ MEST Delete: post-delete root_hash=[e3, b0, c4, 42, 98, fc, 1c, 14]...
🔧 MEST Add: keyword='sports', fid='spor_00000040'
🔧 MEST Add: proof size=156 bytes, root_hash=[1e, 8b, 99, 19, ed, db, 7a, 99]...
🔍 MEST Query: keyword='sports', found 1 fids
🔍 MEST Query: returning proof (156 bytes)
🗑️ MEST Delete: keyword='sports', fid='spor_00000040' (key completely removed)
🗑️ MEST Delete: post-delete root_hash=[e3, b0, c4, 42, 98, fc, 1c, 14]...
🗑️ MEST Delete: keyword='sports', fid='spor_00000040' (key completely removed)
🗑️ MEST Delete: post-delete root_hash=[e3, b0, c4, 42, 98, fc, 1c, 14]...
🔧 MEST Add: keyword='sports', fid='spor_00000093'
🔧 MEST Add: proof size=156 bytes, root_hash=[4f, db, 84, e3, ad, f9, 1e, aa]...
🔍 MEST Query: keyword='sports', found 1 fids
🔍 MEST Query: returning proof (156 bytes)
🗑️ MEST Delete: keyword='sports', fid='spor_00000093' (key completely removed)
🗑️ MEST Delete: post-delete root_hash=[e3, b0, c4, 42, 98, fc, 1c, 14]...
🗑️ MEST Delete: keyword='sports', fid='spor_00000093' (key completely removed)
🗑️ MEST Delete: post-delete root_hash=[e3, b0, c4, 42, 98, fc, 1c, 14]...
🔧 MEST Add: keyword='sports', fid='spor_00000112'
🔧 MEST Add: proof size=156 bytes, root_hash=[ff, 41, 80, 0e, 9f, e3, 2e, 12]...
🔍 MEST Query: keyword='sports', found 1 fids
🔍 MEST Query: returning proof (156 bytes)
🗑️ MEST Delete: keyword='sports', fid='spor_00000112' (key completely removed)
🗑️ MEST Delete: post-delete root_hash=[e3, b0, c4, 42, 98, fc, 1c, 14]...
🗑️ MEST Delete: keyword='sports', fid='spor_00000112' (key completely removed)
🗑️ MEST Delete: post-delete root_hash=[e3, b0, c4, 42, 98, fc, 1c, 14]...
🔧 MEST Add: keyword='sports', fid='spor_00000113'
🔧 MEST Add: proof size=156 bytes, root_hash=[ff, 73, fe, 40, cb, 7c, 4f, 9b]...
🔍 MEST Query: keyword='sports', found 1 fids
🔍 MEST Query: returning proof (156 bytes)
🗑️ MEST Delete: keyword='sports', fid='spor_00000113' (key completely removed)
🗑️ MEST Delete: post-delete root_hash=[e3, b0, c4, 42, 98, fc, 1c, 14]...
🗑️ MEST Delete: keyword='sports', fid='spor_00000113' (key completely removed)
🗑️ MEST Delete: post-delete root_hash=[e3, b0, c4, 42, 98, fc, 1c, 14]...
🔧 MEST Add: keyword='sports', fid='spor_00000114'
🔧 MEST Add: proof size=156 bytes, root_hash=[8b, e3, fc, 01, 01, b5, 76, fb]...
🔍 MEST Query: keyword='sports', found 1 fids
🔍 MEST Query: returning proof (156 bytes)
🗑️ MEST Delete: keyword='sports', fid='spor_00000114' (key completely removed)
🗑️ MEST Delete: post-delete root_hash=[e3, b0, c4, 42, 98, fc, 1c, 14]...
🗑️ MEST Delete: keyword='sports', fid='spor_00000114' (key completely removed)
🗑️ MEST Delete: post-delete root_hash=[e3, b0, c4, 42, 98, fc, 1c, 14]...
🔧 MEST Add: keyword='sports', fid='spor_00000129'
🔧 MEST Add: proof size=156 bytes, root_hash=[66, 79, 16, 10, ce, da, e9, ff]...
🔍 MEST Query: keyword='sports', found 1 fids
🔍 MEST Query: returning proof (156 bytes)
🗑️ MEST Delete: keyword='sports', fid='spor_00000129' (key completely removed)
🗑️ MEST Delete: post-delete root_hash=[e3, b0, c4, 42, 98, fc, 1c, 14]...
🗑️ MEST Delete: keyword='sports', fid='spor_00000129' (key completely removed)
🗑️ MEST Delete: post-delete root_hash=[e3, b0, c4, 42, 98, fc, 1c, 14]...
🔧 MEST Add: keyword='sports', fid='spor_00000149'
🔧 MEST Add: proof size=156 bytes, root_hash=[eb, d1, 2a, 1a, 57, d8, 86, 35]...
🔍 MEST Query: keyword='sports', found 1 fids
🔍 MEST Query: returning proof (156 bytes)
🗑️ MEST Delete: keyword='sports', fid='spor_00000149' (key completely removed)
🗑️ MEST Delete: post-delete root_hash=[e3, b0, c4, 42, 98, fc, 1c, 14]...
🗑️ MEST Delete: keyword='sports', fid='spor_00000149' (key completely removed)
🗑️ MEST Delete: post-delete root_hash=[e3, b0, c4, 42, 98, fc, 1c, 14]...
🔧 MEST Add: keyword='sports', fid='spor_00000183'
🔧 MEST Add: proof size=156 bytes, root_hash=[24, 30, a0, d4, 37, 1f, fd, da]...
🔍 MEST Query: keyword='sports', found 1 fids
🔍 MEST Query: returning proof (156 bytes)
🗑️ MEST Delete: keyword='sports', fid='spor_00000183' (key completely removed)
🗑️ MEST Delete: post-delete root_hash=[e3, b0, c4, 42, 98, fc, 1c, 14]...
🗑️ MEST Delete: keyword='sports', fid='spor_00000183' (key completely removed)
🗑️ MEST Delete: post-delete root_hash=[e3, b0, c4, 42, 98, fc, 1c, 14]...
🔧 MEST Add: keyword='sports', fid='spor_00000191'
🔧 MEST Add: proof size=156 bytes, root_hash=[c3, 36, 47, ea, db, 98, e3, 5e]...
🔍 MEST Query: keyword='sports', found 1 fids
🔍 MEST Query: returning proof (156 bytes)
🗑️ MEST Delete: keyword='sports', fid='spor_00000191' (key completely removed)
🗑️ MEST Delete: post-delete root_hash=[e3, b0, c4, 42, 98, fc, 1c, 14]...
🗑️ MEST Delete: keyword='sports', fid='spor_00000191' (key completely removed)
🗑️ MEST Delete: post-delete root_hash=[e3, b0, c4, 42, 98, fc, 1c, 14]...
🔧 MEST Add: keyword='sports', fid='spor_00000206'
🔧 MEST Add: proof size=156 bytes, root_hash=[c8, f2, f1, cd, 5a, 0a, b2, e5]...
🔍 MEST Query: keyword='sports', found 1 fids
🔍 MEST Query: returning proof (156 bytes)
🗑️ MEST Delete: keyword='sports', fid='spor_00000206' (key completely removed)
🗑️ MEST Delete: post-delete root_hash=[e3, b0, c4, 42, 98, fc, 1c, 14]...
🗑️ MEST Delete: keyword='sports', fid='spor_00000206' (key completely removed)
🗑️ MEST Delete: post-delete root_hash=[e3, b0, c4, 42, 98, fc, 1c, 14]...
🔧 MEST Add: keyword='sports', fid='spor_00000214'
🔧 MEST Add: proof size=156 bytes, root_hash=[c0, 7f, 33, dc, 3a, 00, 75, 87]...
🔍 MEST Query: keyword='sports', found 1 fids
🔍 MEST Query: returning proof (156 bytes)
🗑️ MEST Delete: keyword='sports', fid='spor_00000214' (key completely removed)
🗑️ MEST Delete: post-delete root_hash=[e3, b0, c4, 42, 98, fc, 1c, 14]...
🗑️ MEST Delete: keyword='sports', fid='spor_00000214' (key completely removed)
🗑️ MEST Delete: post-delete root_hash=[e3, b0, c4, 42, 98, fc, 1c, 14]...
🔧 MEST Add: keyword='sports', fid='spor_00000219'
🔧 MEST Add: proof size=156 bytes, root_hash=[61, 37, 02, ee, 82, ec, 47, 6f]...
🔍 MEST Query: keyword='sports', found 1 fids
🔍 MEST Query: returning proof (156 bytes)
🗑️ MEST Delete: keyword='sports', fid='spor_00000219' (key completely removed)
🗑️ MEST Delete: post-delete root_hash=[e3, b0, c4, 42, 98, fc, 1c, 14]...
🗑️ MEST Delete: keyword='sports', fid='spor_00000219' (key completely removed)
🗑️ MEST Delete: post-delete root_hash=[e3, b0, c4, 42, 98, fc, 1c, 14]...
🔧 MEST Add: keyword='sports', fid='spor_00000236'
🔧 MEST Add: proof size=156 bytes, root_hash=[42, d6, 4c, 93, ff, 93, 46, fa]...
🔍 MEST Query: keyword='sports', found 1 fids
🔍 MEST Query: returning proof (156 bytes)
🗑️ MEST Delete: keyword='sports', fid='spor_00000236' (key completely removed)
🗑️ MEST Delete: post-delete root_hash=[e3, b0, c4, 42, 98, fc, 1c, 14]...
🗑️ MEST Delete: keyword='sports', fid='spor_00000236' (key completely removed)
🗑️ MEST Delete: post-delete root_hash=[e3, b0, c4, 42, 98, fc, 1c, 14]...
🔧 MEST Add: keyword='sports', fid='spor_00000245'
🔧 MEST Add: proof size=156 bytes, root_hash=[42, 0f, f8, a4, fe, 6e, 22, e9]...
🔍 MEST Query: keyword='sports', found 1 fids
🔍 MEST Query: returning proof (156 bytes)
🗑️ MEST Delete: keyword='sports', fid='spor_00000245' (key completely removed)
🗑️ MEST Delete: post-delete root_hash=[e3, b0, c4, 42, 98, fc, 1c, 14]...
🗑️ MEST Delete: keyword='sports', fid='spor_00000245' (key completely removed)
🗑️ MEST Delete: post-delete root_hash=[e3, b0, c4, 42, 98, fc, 1c, 14]...
🔧 MEST Add: keyword='sports', fid='spor_00000247'
🔧 MEST Add: proof size=156 bytes, root_hash=[a4, 30, 0d, 69, c9, 4c, 0e, 26]...
🔍 MEST Query: keyword='sports', found 1 fids
🔍 MEST Query: returning proof (156 bytes)
🗑️ MEST Delete: keyword='sports', fid='spor_00000247' (key completely removed)
🗑️ MEST Delete: post-delete root_hash=[e3, b0, c4, 42, 98, fc, 1c, 14]...
🗑️ MEST Delete: keyword='sports', fid='spor_00000247' (key completely removed)
🗑️ MEST Delete: post-delete root_hash=[e3, b0, c4, 42, 98, fc, 1c, 14]...
🔧 MEST Add: keyword='sports', fid='spor_00000285'
🔧 MEST Add: proof size=156 bytes, root_hash=[bf, eb, 62, 88, 66, 0f, 76, 46]...
🔍 MEST Query: keyword='sports', found 1 fids
🔍 MEST Query: returning proof (156 bytes)
🗑️ MEST Delete: keyword='sports', fid='spor_00000285' (key completely removed)
🗑️ MEST Delete: post-delete root_hash=[e3, b0, c4, 42, 98, fc, 1c, 14]...
🗑️ MEST Delete: keyword='sports', fid='spor_00000285' (key completely removed)
🗑️ MEST Delete: post-delete root_hash=[e3, b0, c4, 42, 98, fc, 1c, 14]...
🔧 MEST Add: keyword='sports', fid='spor_00000291'
🔧 MEST Add: proof size=156 bytes, root_hash=[39, 04, c6, 74, 75, 27, 54, 13]...
🔍 MEST Query: keyword='sports', found 1 fids
🔍 MEST Query: returning proof (156 bytes)
🗑️ MEST Delete: keyword='sports', fid='spor_00000291' (key completely removed)
🗑️ MEST Delete: post-delete root_hash=[e3, b0, c4, 42, 98, fc, 1c, 14]...
🗑️ MEST Delete: keyword='sports', fid='spor_00000291' (key completely removed)
🗑️ MEST Delete: post-delete root_hash=[e3, b0, c4, 42, 98, fc, 1c, 14]...
🔧 MEST Add: keyword='sports', fid='spor_00000296'
🔧 MEST Add: proof size=156 bytes, root_hash=[c3, 26, 7e, ad, 4a, d8, 2d, 98]...
🔍 MEST Query: keyword='sports', found 1 fids
🔍 MEST Query: returning proof (156 bytes)
🗑️ MEST Delete: keyword='sports', fid='spor_00000296' (key completely removed)
🗑️ MEST Delete: post-delete root_hash=[e3, b0, c4, 42, 98, fc, 1c, 14]...
🗑️ MEST Delete: keyword='sports', fid='spor_00000296' (key completely removed)
🗑️ MEST Delete: post-delete root_hash=[e3, b0, c4, 42, 98, fc, 1c, 14]...
🔧 MEST Add: keyword='sports', fid='spor_00000303'
🔧 MEST Add: proof size=156 bytes, root_hash=[23, d1, f3, 25, bd, 6f, 84, 75]...
🔍 MEST Query: keyword='sports', found 1 fids
🔍 MEST Query: returning proof (156 bytes)
🗑️ MEST Delete: keyword='sports', fid='spor_00000303' (key completely removed)
🗑️ MEST Delete: post-delete root_hash=[e3, b0, c4, 42, 98, fc, 1c, 14]...
🗑️ MEST Delete: keyword='sports', fid='spor_00000303' (key completely removed)
🗑️ MEST Delete: post-delete root_hash=[e3, b0, c4, 42, 98, fc, 1c, 14]...
🔧 MEST Add: keyword='sports', fid='spor_00000316'
🔧 MEST Add: proof size=156 bytes, root_hash=[a8, e5, 76, 26, 4d, d8, 57, 10]...
🔍 MEST Query: keyword='sports', found 1 fids
🔍 MEST Query: returning proof (156 bytes)
🗑️ MEST Delete: keyword='sports', fid='spor_00000316' (key completely removed)
🗑️ MEST Delete: post-delete root_hash=[e3, b0, c4, 42, 98, fc, 1c, 14]...
🗑️ MEST Delete: keyword='sports', fid='spor_00000316' (key completely removed)
🗑️ MEST Delete: post-delete root_hash=[e3, b0, c4, 42, 98, fc, 1c, 14]...
🔧 MEST Add: keyword='sports', fid='spor_00000327'
🔧 MEST Add: proof size=156 bytes, root_hash=[55, 53, 08, 10, dc, ce, 8d, d5]...
🔍 MEST Query: keyword='sports', found 1 fids
🔍 MEST Query: returning proof (156 bytes)
🗑️ MEST Delete: keyword='sports', fid='spor_00000327' (key completely removed)
🗑️ MEST Delete: post-delete root_hash=[e3, b0, c4, 42, 98, fc, 1c, 14]...
🗑️ MEST Delete: keyword='sports', fid='spor_00000327' (key completely removed)
🗑️ MEST Delete: post-delete root_hash=[e3, b0, c4, 42, 98, fc, 1c, 14]...
🔧 MEST Add: keyword='sports', fid='spor_00000331'
🔧 MEST Add: proof size=156 bytes, root_hash=[03, b0, e8, 3e, 8d, 57, 46, 8c]...
🔍 MEST Query: keyword='sports', found 1 fids
🔍 MEST Query: returning proof (156 bytes)
🗑️ MEST Delete: keyword='sports', fid='spor_00000331' (key completely removed)
🗑️ MEST Delete: post-delete root_hash=[e3, b0, c4, 42, 98, fc, 1c, 14]...
🗑️ MEST Delete: keyword='sports', fid='spor_00000331' (key completely removed)
🗑️ MEST Delete: post-delete root_hash=[e3, b0, c4, 42, 98, fc, 1c, 14]...
🔧 MEST Add: keyword='sports', fid='spor_00000339'
🔧 MEST Add: proof size=156 bytes, root_hash=[61, 03, 5e, c2, c0, ae, c1, b6]...
🔍 MEST Query: keyword='sports', found 1 fids
🔍 MEST Query: returning proof (156 bytes)
🗑️ MEST Delete: keyword='sports', fid='spor_00000339' (key completely removed)
🗑️ MEST Delete: post-delete root_hash=[e3, b0, c4, 42, 98, fc, 1c, 14]...
🗑️ MEST Delete: keyword='sports', fid='spor_00000339' (key completely removed)
🗑️ MEST Delete: post-delete root_hash=[e3, b0, c4, 42, 98, fc, 1c, 14]...
🔧 MEST Add: keyword='sports', fid='spor_00000367'
🔧 MEST Add: proof size=156 bytes, root_hash=[46, 63, 57, 8f, 3c, e4, af, 91]...
🔍 MEST Query: keyword='sports', found 1 fids
🔍 MEST Query: returning proof (156 bytes)
🗑️ MEST Delete: keyword='sports', fid='spor_00000367' (key completely removed)
🗑️ MEST Delete: post-delete root_hash=[e3, b0, c4, 42, 98, fc, 1c, 14]...
🗑️ MEST Delete: keyword='sports', fid='spor_00000367' (key completely removed)
🗑️ MEST Delete: post-delete root_hash=[e3, b0, c4, 42, 98, fc, 1c, 14]...
🔧 MEST Add: keyword='sports', fid='spor_00000377'
🔧 MEST Add: proof size=156 bytes, root_hash=[0b, 5a, 10, 37, 7f, 28, a1, a5]...
🔍 MEST Query: keyword='sports', found 1 fids
🔍 MEST Query: returning proof (156 bytes)
🗑️ MEST Delete: keyword='sports', fid='spor_00000377' (key completely removed)
🗑️ MEST Delete: post-delete root_hash=[e3, b0, c4, 42, 98, fc, 1c, 14]...
🗑️ MEST Delete: keyword='sports', fid='spor_00000377' (key completely removed)
🗑️ MEST Delete: post-delete root_hash=[e3, b0, c4, 42, 98, fc, 1c, 14]...
🔧 MEST Add: keyword='sports', fid='spor_00000379'
🔧 MEST Add: proof size=156 bytes, root_hash=[51, 03, 3e, 4d, 84, fd, 7a, f9]...
🔍 MEST Query: keyword='sports', found 1 fids
🔍 MEST Query: returning proof (156 bytes)
🗑️ MEST Delete: keyword='sports', fid='spor_00000379' (key completely removed)
🗑️ MEST Delete: post-delete root_hash=[e3, b0, c4, 42, 98, fc, 1c, 14]...
🗑️ MEST Delete: keyword='sports', fid='spor_00000379' (key completely removed)
🗑️ MEST Delete: post-delete root_hash=[e3, b0, c4, 42, 98, fc, 1c, 14]...
🔧 MEST Add: keyword='sports', fid='spor_00000395'
🔧 MEST Add: proof size=156 bytes, root_hash=[c2, 91, fc, d8, a8, e0, f2, 56]...
🔍 MEST Query: keyword='sports', found 1 fids
🔍 MEST Query: returning proof (156 bytes)
🗑️ MEST Delete: keyword='sports', fid='spor_00000395' (key completely removed)
🗑️ MEST Delete: post-delete root_hash=[e3, b0, c4, 42, 98, fc, 1c, 14]...
🗑️ MEST Delete: keyword='sports', fid='spor_00000395' (key completely removed)
🗑️ MEST Delete: post-delete root_hash=[e3, b0, c4, 42, 98, fc, 1c, 14]...
🔧 MEST Add: keyword='sports', fid='spor_00000401'
🔧 MEST Add: proof size=156 bytes, root_hash=[b6, aa, 67, 02, da, 03, 49, cb]...
🔍 MEST Query: keyword='sports', found 1 fids
🔍 MEST Query: returning proof (156 bytes)
🗑️ MEST Delete: keyword='sports', fid='spor_00000401' (key completely removed)
🗑️ MEST Delete: post-delete root_hash=[e3, b0, c4, 42, 98, fc, 1c, 14]...
🗑️ MEST Delete: keyword='sports', fid='spor_00000401' (key completely removed)
🗑️ MEST Delete: post-delete root_hash=[e3, b0, c4, 42, 98, fc, 1c, 14]...
🔧 MEST Add: keyword='sports', fid='spor_00000409'
🔧 MEST Add: proof size=156 bytes, root_hash=[d4, 2b, 2c, 4b, 2e, c9, 30, f8]...
🔍 MEST Query: keyword='sports', found 1 fids
🔍 MEST Query: returning proof (156 bytes)
🗑️ MEST Delete: keyword='sports', fid='spor_00000409' (key completely removed)
🗑️ MEST Delete: post-delete root_hash=[e3, b0, c4, 42, 98, fc, 1c, 14]...
🗑️ MEST Delete: keyword='sports', fid='spor_00000409' (key completely removed)
🗑️ MEST Delete: post-delete root_hash=[e3, b0, c4, 42, 98, fc, 1c, 14]...
🔧 MEST Add: keyword='sports', fid='spor_00000417'
🔧 MEST Add: proof size=156 bytes, root_hash=[a3, e5, 00, c5, 3d, 8e, 75, 50]...
🔍 MEST Query: keyword='sports', found 1 fids
🔍 MEST Query: returning proof (156 bytes)
🗑️ MEST Delete: keyword='sports', fid='spor_00000417' (key completely removed)
🗑️ MEST Delete: post-delete root_hash=[e3, b0, c4, 42, 98, fc, 1c, 14]...
🗑️ MEST Delete: keyword='sports', fid='spor_00000417' (key completely removed)
🗑️ MEST Delete: post-delete root_hash=[e3, b0, c4, 42, 98, fc, 1c, 14]...
🔧 MEST Add: keyword='sports', fid='spor_00000444'
🔧 MEST Add: proof size=156 bytes, root_hash=[26, 4c, 0c, 25, a1, dc, bf, 54]...
🔍 MEST Query: keyword='sports', found 1 fids
🔍 MEST Query: returning proof (156 bytes)
🗑️ MEST Delete: keyword='sports', fid='spor_00000444' (key completely removed)
🗑️ MEST Delete: post-delete root_hash=[e3, b0, c4, 42, 98, fc, 1c, 14]...
🗑️ MEST Delete: keyword='sports', fid='spor_00000444' (key completely removed)
🗑️ MEST Delete: post-delete root_hash=[e3, b0, c4, 42, 98, fc, 1c, 14]...
🔧 MEST Add: keyword='sports', fid='spor_00000448'
🔧 MEST Add: proof size=156 bytes, root_hash=[84, e8, 66, 40, d5, ac, e8, db]...
🔍 MEST Query: keyword='sports', found 1 fids
🔍 MEST Query: returning proof (156 bytes)
🗑️ MEST Delete: keyword='sports', fid='spor_00000448' (key completely removed)
🗑️ MEST Delete: post-delete root_hash=[e3, b0, c4, 42, 98, fc, 1c, 14]...
🗑️ MEST Delete: keyword='sports', fid='spor_00000448' (key completely removed)
🗑️ MEST Delete: post-delete root_hash=[e3, b0, c4, 42, 98, fc, 1c, 14]...
🔧 MEST Add: keyword='sports', fid='spor_00000478'
🔧 MEST Add: proof size=156 bytes, root_hash=[7c, 73, 65, 51, 4d, 27, ce, b1]...
🔍 MEST Query: keyword='sports', found 1 fids
🔍 MEST Query: returning proof (156 bytes)
🗑️ MEST Delete: keyword='sports', fid='spor_00000478' (key completely removed)
🗑️ MEST Delete: post-delete root_hash=[e3, b0, c4, 42, 98, fc, 1c, 14]...
🗑️ MEST Delete: keyword='sports', fid='spor_00000478' (key completely removed)
🗑️ MEST Delete: post-delete root_hash=[e3, b0, c4, 42, 98, fc, 1c, 14]...
🔧 MEST Add: keyword='sports', fid='spor_00000484'
🔧 MEST Add: proof size=156 bytes, root_hash=[95, eb, 4a, 96, bd, 31, 27, 4c]...
🔍 MEST Query: keyword='sports', found 1 fids
🔍 MEST Query: returning proof (156 bytes)
🗑️ MEST Delete: keyword='sports', fid='spor_00000484' (key completely removed)
🗑️ MEST Delete: post-delete root_hash=[e3, b0, c4, 42, 98, fc, 1c, 14]...
🗑️ MEST Delete: keyword='sports', fid='spor_00000484' (key completely removed)
🗑️ MEST Delete: post-delete root_hash=[e3, b0, c4, 42, 98, fc, 1c, 14]...
🔧 MEST Add: keyword='sports', fid='spor_00000485'
🔧 MEST Add: proof size=156 bytes, root_hash=[6b, a3, 2e, 42, d7, fa, 6d, 45]...
🔍 MEST Query: keyword='sports', found 1 fids
🔍 MEST Query: returning proof (156 bytes)
🗑️ MEST Delete: keyword='sports', fid='spor_00000485' (key completely removed)
🗑️ MEST Delete: post-delete root_hash=[e3, b0, c4, 42, 98, fc, 1c, 14]...
🗑️ MEST Delete: keyword='sports', fid='spor_00000485' (key completely removed)
🗑️ MEST Delete: post-delete root_hash=[e3, b0, c4, 42, 98, fc, 1c, 14]...
🔧 MEST Add: keyword='sports', fid='spor_00000488'
🔧 MEST Add: proof size=156 bytes, root_hash=[4e, 54, d1, 0a, a0, c2, 98, 6e]...
🔍 MEST Query: keyword='sports', found 1 fids
🔍 MEST Query: returning proof (156 bytes)
🗑️ MEST Delete: keyword='sports', fid='spor_00000488' (key completely removed)
🗑️ MEST Delete: post-delete root_hash=[e3, b0, c4, 42, 98, fc, 1c, 14]...
🗑️ MEST Delete: keyword='sports', fid='spor_00000488' (key completely removed)
🗑️ MEST Delete: post-delete root_hash=[e3, b0, c4, 42, 98, fc, 1c, 14]...
🔧 MEST Add: keyword='sports', fid='spor_00000489'
🔧 MEST Add: proof size=156 bytes, root_hash=[a7, 37, ee, 93, d6, 17, e4, 47]...
🔍 MEST Query: keyword='sports', found 1 fids
🔍 MEST Query: returning proof (156 bytes)
🗑️ MEST Delete: keyword='sports', fid='spor_00000489' (key completely removed)
🗑️ MEST Delete: post-delete root_hash=[e3, b0, c4, 42, 98, fc, 1c, 14]...
🗑️ MEST Delete: keyword='sports', fid='spor_00000489' (key completely removed)
🗑️ MEST Delete: post-delete root_hash=[e3, b0, c4, 42, 98, fc, 1c, 14]...
🔧 MEST Add: keyword='sports', fid='spor_00000491'
🔧 MEST Add: proof size=156 bytes, root_hash=[4b, cb, c3, 20, dc, 2b, b3, ff]...
🔍 MEST Query: keyword='sports', found 1 fids
🔍 MEST Query: returning proof (156 bytes)
🗑️ MEST Delete: keyword='sports', fid='spor_00000491' (key completely removed)
🗑️ MEST Delete: post-delete root_hash=[e3, b0, c4, 42, 98, fc, 1c, 14]...
🗑️ MEST Delete: keyword='sports', fid='spor_00000491' (key completely removed)
🗑️ MEST Delete: post-delete root_hash=[e3, b0, c4, 42, 98, fc, 1c, 14]...
🔧 MEST Add: keyword='sports', fid='spor_00000501'
🔧 MEST Add: proof size=156 bytes, root_hash=[c1, c9, 94, 30, d6, ac, cd, 55]...
🔍 MEST Query: keyword='sports', found 1 fids
🔍 MEST Query: returning proof (156 bytes)
🗑️ MEST Delete: keyword='sports', fid='spor_00000501' (key completely removed)
🗑️ MEST Delete: post-delete root_hash=[e3, b0, c4, 42, 98, fc, 1c, 14]...
🗑️ MEST Delete: keyword='sports', fid='spor_00000501' (key completely removed)
🗑️ MEST Delete: post-delete root_hash=[e3, b0, c4, 42, 98, fc, 1c, 14]...
🔧 MEST Add: keyword='sports', fid='spor_00000509'
🔧 MEST Add: proof size=156 bytes, root_hash=[d1, a7, 35, 2d, f9, 61, 93, 26]...
🔍 MEST Query: keyword='sports', found 1 fids
🔍 MEST Query: returning proof (156 bytes)
🗑️ MEST Delete: keyword='sports', fid='spor_00000509' (key completely removed)
🗑️ MEST Delete: post-delete root_hash=[e3, b0, c4, 42, 98, fc, 1c, 14]...
🗑️ MEST Delete: keyword='sports', fid='spor_00000509' (key completely removed)
🗑️ MEST Delete: post-delete root_hash=[e3, b0, c4, 42, 98, fc, 1c, 14]...
🔧 MEST Add: keyword='sports', fid='spor_00000515'
🔧 MEST Add: proof size=156 bytes, root_hash=[23, 16, f3, 3d, 12, 57, fa, fe]...
🔍 MEST Query: keyword='sports', found 1 fids
🔍 MEST Query: returning proof (156 bytes)
🗑️ MEST Delete: keyword='sports', fid='spor_00000515' (key completely removed)
🗑️ MEST Delete: post-delete root_hash=[e3, b0, c4, 42, 98, fc, 1c, 14]...
🗑️ MEST Delete: keyword='sports', fid='spor_00000515' (key completely removed)
🗑️ MEST Delete: post-delete root_hash=[e3, b0, c4, 42, 98, fc, 1c, 14]...
🔧 MEST Add: keyword='sports', fid='spor_00000560'
🔧 MEST Add: proof size=156 bytes, root_hash=[7c, 5b, 33, cc, 5e, 95, ec, cd]...
🔍 MEST Query: keyword='sports', found 1 fids
🔍 MEST Query: returning proof (156 bytes)
🗑️ MEST Delete: keyword='sports', fid='spor_00000560' (key completely removed)
🗑️ MEST Delete: post-delete root_hash=[e3, b0, c4, 42, 98, fc, 1c, 14]...
🗑️ MEST Delete: keyword='sports', fid='spor_00000560' (key completely removed)
🗑️ MEST Delete: post-delete root_hash=[e3, b0, c4, 42, 98, fc, 1c, 14]...
🔧 MEST Add: keyword='sports', fid='spor_00000573'
🔧 MEST Add: proof size=156 bytes, root_hash=[4c, bf, 79, 12, d4, 50, cc, 44]...
🔍 MEST Query: keyword='sports', found 1 fids
🔍 MEST Query: returning proof (156 bytes)
🗑️ MEST Delete: keyword='sports', fid='spor_00000573' (key completely removed)
🗑️ MEST Delete: post-delete root_hash=[e3, b0, c4, 42, 98, fc, 1c, 14]...
🗑️ MEST Delete: keyword='sports', fid='spor_00000573' (key completely removed)
🗑️ MEST Delete: post-delete root_hash=[e3, b0, c4, 42, 98, fc, 1c, 14]...
🔧 MEST Add: keyword='sports', fid='spor_00000588'
🔧 MEST Add: proof size=156 bytes, root_hash=[fc, a0, 59, 38, 5c, 6c, ba, 4e]...
🔍 MEST Query: keyword='sports', found 1 fids
🔍 MEST Query: returning proof (156 bytes)
🗑️ MEST Delete: keyword='sports', fid='spor_00000588' (key completely removed)
🗑️ MEST Delete: post-delete root_hash=[e3, b0, c4, 42, 98, fc, 1c, 14]...
🗑️ MEST Delete: keyword='sports', fid='spor_00000588' (key completely removed)
🗑️ MEST Delete: post-delete root_hash=[e3, b0, c4, 42, 98, fc, 1c, 14]...
🔧 MEST Add: keyword='sports', fid='spor_00000592'
🔧 MEST Add: proof size=156 bytes, root_hash=[73, 8c, 13, c7, 6a, d0, c1, fd]...
🔍 MEST Query: keyword='sports', found 1 fids
🔍 MEST Query: returning proof (156 bytes)
🗑️ MEST Delete: keyword='sports', fid='spor_00000592' (key completely removed)
🗑️ MEST Delete: post-delete root_hash=[e3, b0, c4, 42, 98, fc, 1c, 14]...
🗑️ MEST Delete: keyword='sports', fid='spor_00000592' (key completely removed)
🗑️ MEST Delete: post-delete root_hash=[e3, b0, c4, 42, 98, fc, 1c, 14]...
🔧 MEST Add: keyword='sports', fid='spor_00000603'
🔧 MEST Add: proof size=156 bytes, root_hash=[57, 70, f8, bc, f0, dd, cc, 90]...
🔍 MEST Query: keyword='sports', found 1 fids
🔍 MEST Query: returning proof (156 bytes)
🗑️ MEST Delete: keyword='sports', fid='spor_00000603' (key completely removed)
🗑️ MEST Delete: post-delete root_hash=[e3, b0, c4, 42, 98, fc, 1c, 14]...
🗑️ MEST Delete: keyword='sports', fid='spor_00000603' (key completely removed)
🗑️ MEST Delete: post-delete root_hash=[e3, b0, c4, 42, 98, fc, 1c, 14]...
🔧 MEST Add: keyword='sports', fid='spor_00000604'
🔧 MEST Add: proof size=156 bytes, root_hash=[d9, 03, 4e, 1a, db, 03, 05, 44]...
🔍 MEST Query: keyword='sports', found 1 fids
🔍 MEST Query: returning proof (156 bytes)
🗑️ MEST Delete: keyword='sports', fid='spor_00000604' (key completely removed)
🗑️ MEST Delete: post-delete root_hash=[e3, b0, c4, 42, 98, fc, 1c, 14]...
🗑️ MEST Delete: keyword='sports', fid='spor_00000604' (key completely removed)
🗑️ MEST Delete: post-delete root_hash=[e3, b0, c4, 42, 98, fc, 1c, 14]...
🔧 MEST Add: keyword='sports', fid='spor_00000608'
🔧 MEST Add: proof size=156 bytes, root_hash=[f5, cf, 04, e4, 1a, 24, a6, 4e]...
🔍 MEST Query: keyword='sports', found 1 fids
🔍 MEST Query: returning proof (156 bytes)
🗑️ MEST Delete: keyword='sports', fid='spor_00000608' (key completely removed)
🗑️ MEST Delete: post-delete root_hash=[e3, b0, c4, 42, 98, fc, 1c, 14]...
🗑️ MEST Delete: keyword='sports', fid='spor_00000608' (key completely removed)
🗑️ MEST Delete: post-delete root_hash=[e3, b0, c4, 42, 98, fc, 1c, 14]...
🔧 MEST Add: keyword='sports', fid='spor_00000616'
🔧 MEST Add: proof size=156 bytes, root_hash=[50, cd, 84, 92, ec, 5b, 03, 11]...
🔍 MEST Query: keyword='sports', found 1 fids
🔍 MEST Query: returning proof (156 bytes)
🗑️ MEST Delete: keyword='sports', fid='spor_00000616' (key completely removed)
🗑️ MEST Delete: post-delete root_hash=[e3, b0, c4, 42, 98, fc, 1c, 14]...
🗑️ MEST Delete: keyword='sports', fid='spor_00000616' (key completely removed)
🗑️ MEST Delete: post-delete root_hash=[e3, b0, c4, 42, 98, fc, 1c, 14]...
🔧 MEST Add: keyword='sports', fid='spor_00000617'
🔧 MEST Add: proof size=156 bytes, root_hash=[8d, 5f, 1b, ab, b9, 71, 9d, 5c]...
🔍 MEST Query: keyword='sports', found 1 fids
🔍 MEST Query: returning proof (156 bytes)
🗑️ MEST Delete: keyword='sports', fid='spor_00000617' (key completely removed)
🗑️ MEST Delete: post-delete root_hash=[e3, b0, c4, 42, 98, fc, 1c, 14]...
🗑️ MEST Delete: keyword='sports', fid='spor_00000617' (key completely removed)
🗑️ MEST Delete: post-delete root_hash=[e3, b0, c4, 42, 98, fc, 1c, 14]...
🔧 MEST Add: keyword='sports', fid='spor_00000622'
🔧 MEST Add: proof size=156 bytes, root_hash=[01, e6, a8, 5d, c8, 6c, 2f, b5]...
🔍 MEST Query: keyword='sports', found 1 fids
🔍 MEST Query: returning proof (156 bytes)
🗑️ MEST Delete: keyword='sports', fid='spor_00000622' (key completely removed)
🗑️ MEST Delete: post-delete root_hash=[e3, b0, c4, 42, 98, fc, 1c, 14]...
🗑️ MEST Delete: keyword='sports', fid='spor_00000622' (key completely removed)
🗑️ MEST Delete: post-delete root_hash=[e3, b0, c4, 42, 98, fc, 1c, 14]...
🔧 MEST Add: keyword='sports', fid='spor_00000697'
🔧 MEST Add: proof size=156 bytes, root_hash=[40, 1b, 5a, 4e, 31, f0, b0, d3]...
🔍 MEST Query: keyword='sports', found 1 fids
🔍 MEST Query: returning proof (156 bytes)
🗑️ MEST Delete: keyword='sports', fid='spor_00000697' (key completely removed)
🗑️ MEST Delete: post-delete root_hash=[e3, b0, c4, 42, 98, fc, 1c, 14]...
🗑️ MEST Delete: keyword='sports', fid='spor_00000697' (key completely removed)
🗑️ MEST Delete: post-delete root_hash=[e3, b0, c4, 42, 98, fc, 1c, 14]...
🔧 MEST Add: keyword='sports', fid='spor_00000704'
🔧 MEST Add: proof size=156 bytes, root_hash=[0c, 1b, 64, 25, de, a3, df, c4]...
🔍 MEST Query: keyword='sports', found 1 fids
🔍 MEST Query: returning proof (156 bytes)
🗑️ MEST Delete: keyword='sports', fid='spor_00000704' (key completely removed)
🗑️ MEST Delete: post-delete root_hash=[e3, b0, c4, 42, 98, fc, 1c, 14]...
🗑️ MEST Delete: keyword='sports', fid='spor_00000704' (key completely removed)
🗑️ MEST Delete: post-delete root_hash=[e3, b0, c4, 42, 98, fc, 1c, 14]...
🔧 MEST Add: keyword='sports', fid='spor_00000713'
🔧 MEST Add: proof size=156 bytes, root_hash=[fc, bf, 2e, 63, 7a, 63, f5, b2]...
🔍 MEST Query: keyword='sports', found 1 fids
🔍 MEST Query: returning proof (156 bytes)
🗑️ MEST Delete: keyword='sports', fid='spor_00000713' (key completely removed)
🗑️ MEST Delete: post-delete root_hash=[e3, b0, c4, 42, 98, fc, 1c, 14]...
🗑️ MEST Delete: keyword='sports', fid='spor_00000713' (key completely removed)
🗑️ MEST Delete: post-delete root_hash=[e3, b0, c4, 42, 98, fc, 1c, 14]...
🔧 MEST Add: keyword='sports', fid='spor_00000714'
🔧 MEST Add: proof size=156 bytes, root_hash=[b6, dd, ba, 2b, 0e, 88, e9, 86]...
🔍 MEST Query: keyword='sports', found 1 fids
🔍 MEST Query: returning proof (156 bytes)
🗑️ MEST Delete: keyword='sports', fid='spor_00000714' (key completely removed)
🗑️ MEST Delete: post-delete root_hash=[e3, b0, c4, 42, 98, fc, 1c, 14]...
🗑️ MEST Delete: keyword='sports', fid='spor_00000714' (key completely removed)
🗑️ MEST Delete: post-delete root_hash=[e3, b0, c4, 42, 98, fc, 1c, 14]...
🔧 MEST Add: keyword='sports', fid='spor_00000717'
🔧 MEST Add: proof size=156 bytes, root_hash=[b2, 18, 08, 5f, 28, 4e, 84, 53]...
🔍 MEST Query: keyword='sports', found 1 fids
🔍 MEST Query: returning proof (156 bytes)
🗑️ MEST Delete: keyword='sports', fid='spor_00000717' (key completely removed)
🗑️ MEST Delete: post-delete root_hash=[e3, b0, c4, 42, 98, fc, 1c, 14]...
🗑️ MEST Delete: keyword='sports', fid='spor_00000717' (key completely removed)
🗑️ MEST Delete: post-delete root_hash=[e3, b0, c4, 42, 98, fc, 1c, 14]...
🔧 MEST Add: keyword='sports', fid='spor_00000718'
🔧 MEST Add: proof size=156 bytes, root_hash=[eb, 83, 04, 60, cf, ee, 8e, 45]...
🔍 MEST Query: keyword='sports', found 1 fids
🔍 MEST Query: returning proof (156 bytes)
🗑️ MEST Delete: keyword='sports', fid='spor_00000718' (key completely removed)
🗑️ MEST Delete: post-delete root_hash=[e3, b0, c4, 42, 98, fc, 1c, 14]...
🗑️ MEST Delete: keyword='sports', fid='spor_00000718' (key completely removed)
🗑️ MEST Delete: post-delete root_hash=[e3, b0, c4, 42, 98, fc, 1c, 14]...
🔧 MEST Add: keyword='sports', fid='spor_00000721'
🔧 MEST Add: proof size=156 bytes, root_hash=[11, 9c, 14, 79, 7f, 8d, 8e, 8c]...
🔍 MEST Query: keyword='sports', found 1 fids
🔍 MEST Query: returning proof (156 bytes)
🗑️ MEST Delete: keyword='sports', fid='spor_00000721' (key completely removed)
🗑️ MEST Delete: post-delete root_hash=[e3, b0, c4, 42, 98, fc, 1c, 14]...
🗑️ MEST Delete: keyword='sports', fid='spor_00000721' (key completely removed)
🗑️ MEST Delete: post-delete root_hash=[e3, b0, c4, 42, 98, fc, 1c, 14]...
🔧 MEST Add: keyword='sports', fid='spor_00000748'
🔧 MEST Add: proof size=156 bytes, root_hash=[a8, f7, 67, 02, 75, 86, fe, fe]...
🔍 MEST Query: keyword='sports', found 1 fids
🔍 MEST Query: returning proof (156 bytes)
🗑️ MEST Delete: keyword='sports', fid='spor_00000748' (key completely removed)
🗑️ MEST Delete: post-delete root_hash=[e3, b0, c4, 42, 98, fc, 1c, 14]...
🗑️ MEST Delete: keyword='sports', fid='spor_00000748' (key completely removed)
🗑️ MEST Delete: post-delete root_hash=[e3, b0, c4, 42, 98, fc, 1c, 14]...
🔧 MEST Add: keyword='sports', fid='spor_00000764'
🔧 MEST Add: proof size=156 bytes, root_hash=[de, 67, 5e, fb, 10, 75, f4, 3e]...
🔍 MEST Query: keyword='sports', found 1 fids
🔍 MEST Query: returning proof (156 bytes)
🗑️ MEST Delete: keyword='sports', fid='spor_00000764' (key completely removed)
🗑️ MEST Delete: post-delete root_hash=[e3, b0, c4, 42, 98, fc, 1c, 14]...
🗑️ MEST Delete: keyword='sports', fid='spor_00000764' (key completely removed)
🗑️ MEST Delete: post-delete root_hash=[e3, b0, c4, 42, 98, fc, 1c, 14]...
🔧 MEST Add: keyword='sports', fid='spor_00000772'
🔧 MEST Add: proof size=156 bytes, root_hash=[da, 55, 21, 66, 85, d1, 17, 64]...
🔍 MEST Query: keyword='sports', found 1 fids
🔍 MEST Query: returning proof (156 bytes)
🗑️ MEST Delete: keyword='sports', fid='spor_00000772' (key completely removed)
🗑️ MEST Delete: post-delete root_hash=[e3, b0, c4, 42, 98, fc, 1c, 14]...
🗑️ MEST Delete: keyword='sports', fid='spor_00000772' (key completely removed)
🗑️ MEST Delete: post-delete root_hash=[e3, b0, c4, 42, 98, fc, 1c, 14]...
🔧 MEST Add: keyword='sports', fid='spor_00000779'
🔧 MEST Add: proof size=156 bytes, root_hash=[b1, 44, 46, de, b8, e0, 98, dd]...
🔍 MEST Query: keyword='sports', found 1 fids
🔍 MEST Query: returning proof (156 bytes)
🗑️ MEST Delete: keyword='sports', fid='spor_00000779' (key completely removed)
🗑️ MEST Delete: post-delete root_hash=[e3, b0, c4, 42, 98, fc, 1c, 14]...
🗑️ MEST Delete: keyword='sports', fid='spor_00000779' (key completely removed)
🗑️ MEST Delete: post-delete root_hash=[e3, b0, c4, 42, 98, fc, 1c, 14]...
🔧 MEST Add: keyword='sports', fid='spor_00000782'
🔧 MEST Add: proof size=156 bytes, root_hash=[84, f3, af, cc, 5d, c6, df, 3e]...
🔍 MEST Query: keyword='sports', found 1 fids
🔍 MEST Query: returning proof (156 bytes)
🗑️ MEST Delete: keyword='sports', fid='spor_00000782' (key completely removed)
🗑️ MEST Delete: post-delete root_hash=[e3, b0, c4, 42, 98, fc, 1c, 14]...
🗑️ MEST Delete: keyword='sports', fid='spor_00000782' (key completely removed)
🗑️ MEST Delete: post-delete root_hash=[e3, b0, c4, 42, 98, fc, 1c, 14]...
🔧 MEST Add: keyword='sports', fid='spor_00000803'
🔧 MEST Add: proof size=156 bytes, root_hash=[84, 52, 36, 82, 8a, 49, 91, 2c]...
🔍 MEST Query: keyword='sports', found 1 fids
🔍 MEST Query: returning proof (156 bytes)
🗑️ MEST Delete: keyword='sports', fid='spor_00000803' (key completely removed)
🗑️ MEST Delete: post-delete root_hash=[e3, b0, c4, 42, 98, fc, 1c, 14]...
🗑️ MEST Delete: keyword='sports', fid='spor_00000803' (key completely removed)
🗑️ MEST Delete: post-delete root_hash=[e3, b0, c4, 42, 98, fc, 1c, 14]...
🔧 MEST Add: keyword='sports', fid='spor_00000825'
🔧 MEST Add: proof size=156 bytes, root_hash=[f9, 0f, ce, c4, 13, fb, d0, e1]...
🔍 MEST Query: keyword='sports', found 1 fids
🔍 MEST Query: returning proof (156 bytes)
🗑️ MEST Delete: keyword='sports', fid='spor_00000825' (key completely removed)
🗑️ MEST Delete: post-delete root_hash=[e3, b0, c4, 42, 98, fc, 1c, 14]...
🗑️ MEST Delete: keyword='sports', fid='spor_00000825' (key completely removed)
🗑️ MEST Delete: post-delete root_hash=[e3, b0, c4, 42, 98, fc, 1c, 14]...
🔧 MEST Add: keyword='sports', fid='spor_00000829'
🔧 MEST Add: proof size=156 bytes, root_hash=[e1, 7a, 5e, aa, cf, 2e, e6, a5]...
🔍 MEST Query: keyword='sports', found 1 fids
🔍 MEST Query: returning proof (156 bytes)
🗑️ MEST Delete: keyword='sports', fid='spor_00000829' (key completely removed)
🗑️ MEST Delete: post-delete root_hash=[e3, b0, c4, 42, 98, fc, 1c, 14]...
🗑️ MEST Delete: keyword='sports', fid='spor_00000829' (key completely removed)
🗑️ MEST Delete: post-delete root_hash=[e3, b0, c4, 42, 98, fc, 1c, 14]...
🔧 MEST Add: keyword='sports', fid='spor_00000833'
🔧 MEST Add: proof size=156 bytes, root_hash=[8b, fb, 01, b1, ab, 9e, e3, a1]...
🔍 MEST Query: keyword='sports', found 1 fids
🔍 MEST Query: returning proof (156 bytes)
🗑️ MEST Delete: keyword='sports', fid='spor_00000833' (key completely removed)
🗑️ MEST Delete: post-delete root_hash=[e3, b0, c4, 42, 98, fc, 1c, 14]...
🗑️ MEST Delete: keyword='sports', fid='spor_00000833' (key completely removed)
🗑️ MEST Delete: post-delete root_hash=[e3, b0, c4, 42, 98, fc, 1c, 14]...
🔧 MEST Add: keyword='sports', fid='spor_00000854'
🔧 MEST Add: proof size=156 bytes, root_hash=[e7, 94, d7, ea, dd, 62, 19, c8]...
🔍 MEST Query: keyword='sports', found 1 fids
🔍 MEST Query: returning proof (156 bytes)
🗑️ MEST Delete: keyword='sports', fid='spor_00000854' (key completely removed)
🗑️ MEST Delete: post-delete root_hash=[e3, b0, c4, 42, 98, fc, 1c, 14]...
🗑️ MEST Delete: keyword='sports', fid='spor_00000854' (key completely removed)
🗑️ MEST Delete: post-delete root_hash=[e3, b0, c4, 42, 98, fc, 1c, 14]...
🔧 MEST Add: keyword='sports', fid='spor_00000883'
🔧 MEST Add: proof size=156 bytes, root_hash=[e5, 73, f9, 1b, 25, fd, 20, e5]...
🔍 MEST Query: keyword='sports', found 1 fids
🔍 MEST Query: returning proof (156 bytes)
🗑️ MEST Delete: keyword='sports', fid='spor_00000883' (key completely removed)
🗑️ MEST Delete: post-delete root_hash=[e3, b0, c4, 42, 98, fc, 1c, 14]...
🗑️ MEST Delete: keyword='sports', fid='spor_00000883' (key completely removed)
🗑️ MEST Delete: post-delete root_hash=[e3, b0, c4, 42, 98, fc, 1c, 14]...
🔧 MEST Add: keyword='sports', fid='spor_00000885'
🔧 MEST Add: proof size=156 bytes, root_hash=[bd, 25, 23, cd, 20, 36, 5e, f4]...
🔍 MEST Query: keyword='sports', found 1 fids
🔍 MEST Query: returning proof (156 bytes)
🗑️ MEST Delete: keyword='sports', fid='spor_00000885' (key completely removed)
🗑️ MEST Delete: post-delete root_hash=[e3, b0, c4, 42, 98, fc, 1c, 14]...
🗑️ MEST Delete: keyword='sports', fid='spor_00000885' (key completely removed)
🗑️ MEST Delete: post-delete root_hash=[e3, b0, c4, 42, 98, fc, 1c, 14]...
🔧 MEST Add: keyword='sports', fid='spor_00000891'
🔧 MEST Add: proof size=156 bytes, root_hash=[e3, 4a, 8f, 68, 5d, f6, 85, d3]...
🔍 MEST Query: keyword='sports', found 1 fids
🔍 MEST Query: returning proof (156 bytes)
🗑️ MEST Delete: keyword='sports', fid='spor_00000891' (key completely removed)
🗑️ MEST Delete: post-delete root_hash=[e3, b0, c4, 42, 98, fc, 1c, 14]...
🗑️ MEST Delete: keyword='sports', fid='spor_00000891' (key completely removed)
🗑️ MEST Delete: post-delete root_hash=[e3, b0, c4, 42, 98, fc, 1c, 14]...
🔧 MEST Add: keyword='sports', fid='spor_00000926'
🔧 MEST Add: proof size=156 bytes, root_hash=[09, e0, f4, 32, 86, 2f, 58, 36]...
🔍 MEST Query: keyword='sports', found 1 fids
🔍 MEST Query: returning proof (156 bytes)
🗑️ MEST Delete: keyword='sports', fid='spor_00000926' (key completely removed)
🗑️ MEST Delete: post-delete root_hash=[e3, b0, c4, 42, 98, fc, 1c, 14]...
🗑️ MEST Delete: keyword='sports', fid='spor_00000926' (key completely removed)
🗑️ MEST Delete: post-delete root_hash=[e3, b0, c4, 42, 98, fc, 1c, 14]...
🔧 MEST Add: keyword='sports', fid='spor_00000927'
🔧 MEST Add: proof size=156 bytes, root_hash=[77, 7f, 7a, 81, 6e, d3, 49, 16]...
🔍 MEST Query: keyword='sports', found 1 fids
🔍 MEST Query: returning proof (156 bytes)
🗑️ MEST Delete: keyword='sports', fid='spor_00000927' (key completely removed)
🗑️ MEST Delete: post-delete root_hash=[e3, b0, c4, 42, 98, fc, 1c, 14]...
🗑️ MEST Delete: keyword='sports', fid='spor_00000927' (key completely removed)
🗑️ MEST Delete: post-delete root_hash=[e3, b0, c4, 42, 98, fc, 1c, 14]...
🔧 MEST Add: keyword='sports', fid='spor_00000934'
🔧 MEST Add: proof size=156 bytes, root_hash=[ef, a1, 1e, d4, 13, 36, 6d, 73]...
🔍 MEST Query: keyword='sports', found 1 fids
🔍 MEST Query: returning proof (156 bytes)
🗑️ MEST Delete: keyword='sports', fid='spor_00000934' (key completely removed)
🗑️ MEST Delete: post-delete root_hash=[e3, b0, c4, 42, 98, fc, 1c, 14]...
🗑️ MEST Delete: keyword='sports', fid='spor_00000934' (key completely removed)
🗑️ MEST Delete: post-delete root_hash=[e3, b0, c4, 42, 98, fc, 1c, 14]...
🔧 MEST Add: keyword='sports', fid='spor_00000942'
🔧 MEST Add: proof size=156 bytes, root_hash=[f1, 35, e8, c9, 6b, e4, 4c, 2a]...
🔍 MEST Query: keyword='sports', found 1 fids
🔍 MEST Query: returning proof (156 bytes)
🗑️ MEST Delete: keyword='sports', fid='spor_00000942' (key completely removed)
🗑️ MEST Delete: post-delete root_hash=[e3, b0, c4, 42, 98, fc, 1c, 14]...
🗑️ MEST Delete: keyword='sports', fid='spor_00000942' (key completely removed)
🗑️ MEST Delete: post-delete root_hash=[e3, b0, c4, 42, 98, fc, 1c, 14]...
🔧 MEST Add: keyword='sports', fid='spor_00000943'
🔧 MEST Add: proof size=156 bytes, root_hash=[88, 6a, 34, d5, 73, c5, fd, 8d]...
🔍 MEST Query: keyword='sports', found 1 fids
🔍 MEST Query: returning proof (156 bytes)
🗑️ MEST Delete: keyword='sports', fid='spor_00000943' (key completely removed)
🗑️ MEST Delete: post-delete root_hash=[e3, b0, c4, 42, 98, fc, 1c, 14]...
🗑️ MEST Delete: keyword='sports', fid='spor_00000943' (key completely removed)
🗑️ MEST Delete: post-delete root_hash=[e3, b0, c4, 42, 98, fc, 1c, 14]...
🔧 MEST Add: keyword='sports', fid='spor_00000945'
🔧 MEST Add: proof size=156 bytes, root_hash=[ed, 3a, 38, 5a, 0d, e0, 7e, 47]...
🔍 MEST Query: keyword='sports', found 1 fids
🔍 MEST Query: returning proof (156 bytes)
🗑️ MEST Delete: keyword='sports', fid='spor_00000945' (key completely removed)
🗑️ MEST Delete: post-delete root_hash=[e3, b0, c4, 42, 98, fc, 1c, 14]...
🗑️ MEST Delete: keyword='sports', fid='spor_00000945' (key completely removed)
🗑️ MEST Delete: post-delete root_hash=[e3, b0, c4, 42, 98, fc, 1c, 14]...
🔧 MEST Add: keyword='sports', fid='spor_00000963'
🔧 MEST Add: proof size=156 bytes, root_hash=[c1, 6f, 7b, de, 72, da, 7a, 2c]...
🔍 MEST Query: keyword='sports', found 1 fids
🔍 MEST Query: returning proof (156 bytes)
🗑️ MEST Delete: keyword='sports', fid='spor_00000963' (key completely removed)
🗑️ MEST Delete: post-delete root_hash=[e3, b0, c4, 42, 98, fc, 1c, 14]...
🗑️ MEST Delete: keyword='sports', fid='spor_00000963' (key completely removed)
🗑️ MEST Delete: post-delete root_hash=[e3, b0, c4, 42, 98, fc, 1c, 14]...
🔧 MEST Add: keyword='sports', fid='spor_00000964'
🔧 MEST Add: proof size=156 bytes, root_hash=[41, 77, 78, c2, 87, 85, b9, 28]...
🔍 MEST Query: keyword='sports', found 1 fids
🔍 MEST Query: returning proof (156 bytes)
🗑️ MEST Delete: keyword='sports', fid='spor_00000964' (key completely removed)
🗑️ MEST Delete: post-delete root_hash=[e3, b0, c4, 42, 98, fc, 1c, 14]...
🗑️ MEST Delete: keyword='sports', fid='spor_00000964' (key completely removed)
🗑️ MEST Delete: post-delete root_hash=[e3, b0, c4, 42, 98, fc, 1c, 14]...
🔧 MEST Add: keyword='sports', fid='spor_00000968'
🔧 MEST Add: proof size=156 bytes, root_hash=[b1, 2a, 33, 57, 7b, e5, df, b0]...
🔍 MEST Query: keyword='sports', found 1 fids
🔍 MEST Query: returning proof (156 bytes)
🗑️ MEST Delete: keyword='sports', fid='spor_00000968' (key completely removed)
🗑️ MEST Delete: post-delete root_hash=[e3, b0, c4, 42, 98, fc, 1c, 14]...
🗑️ MEST Delete: keyword='sports', fid='spor_00000968' (key completely removed)
🗑️ MEST Delete: post-delete root_hash=[e3, b0, c4, 42, 98, fc, 1c, 14]...
🔧 MEST Add: keyword='sports', fid='spor_00000993'
🔧 MEST Add: proof size=156 bytes, root_hash=[3e, f0, 6b, 74, bd, ce, f0, 7c]...
🔍 MEST Query: keyword='sports', found 1 fids
🔍 MEST Query: returning proof (156 bytes)
🗑️ MEST Delete: keyword='sports', fid='spor_00000993' (key completely removed)
🗑️ MEST Delete: post-delete root_hash=[e3, b0, c4, 42, 98, fc, 1c, 14]...
🗑️ MEST Delete: keyword='sports', fid='spor_00000993' (key completely removed)
🗑️ MEST Delete: post-delete root_hash=[e3, b0, c4, 42, 98, fc, 1c, 14]...
