warning: profiles for the non root package will be ignored, specify profiles at the workspace root:
package:   /root/distributed-storage-system/crates/storager/ads_lib/Cargo.toml
workspace: /root/distributed-storage-system/Cargo.toml
warning: value assigned to `is_change` is never read
   --> crates/storager/ads_lib/src/mpt/mpt.rs:256:21
    |
256 |             let mut is_change = false;
    |                     ^^^^^^^^^
    |
    = help: maybe it is overwritten before being read?
    = note: `#[warn(unused_assignments)]` on by default

warning: value assigned to `is_change` is never read
   --> crates/storager/ads_lib/src/mpt/mpt.rs:462:25
    |
462 |                 let mut is_change = false;
    |                         ^^^^^^^^^
    |
    = help: maybe it is overwritten before being read?

warning: unused variable: `had_value`
   --> crates/storager/ads_lib/src/mpt/mpt.rs:526:21
    |
526 |                 let had_value = !old_value_str.is_empty();
    |                     ^^^^^^^^^ help: if this is intentional, prefix it with an underscore: `_had_value`
    |
    = note: `#[warn(unused_variables)]` on by default

warning: associated functions `short_node_batch_fix` and `full_node_batch_fix` are never used
    --> crates/storager/ads_lib/src/mpt/mpt.rs:1743:8
     |
  50 | impl MPT {
     | -------- associated functions in this implementation
...
1743 |     fn short_node_batch_fix(node: Arc<RwLock<ShortNode>>) -> Result<(), MPTError> {
     |        ^^^^^^^^^^^^^^^^^^^^
...
1748 |     fn full_node_batch_fix(node: Arc<RwLock<FullNode>>) -> Result<(), MPTError> {
     |        ^^^^^^^^^^^^^^^^^^^
     |
     = note: `#[warn(dead_code)]` on by default

warning: function `hash_mgt_node` is never used
   --> crates/storager/ads_lib/src/mest/proof.rs:253:4
    |
253 | fn hash_mgt_node(children: &[[u8; 32]]) -> [u8; 32] {
    |    ^^^^^^^^^^^^^

warning: `ads_rust` (lib) generated 5 warnings
warning: unused variable: `acc_old`
   --> crates/common/src/verification.rs:721:13
    |
721 |         let acc_old = match G1Affine::deserialize_uncompressed(&proof[offset..offset + acc_old_len]) {
    |             ^^^^^^^ help: if this is intentional, prefix it with an underscore: `_acc_old`
    |
    = note: `#[warn(unused_variables)]` on by default

warning: `common` (lib) generated 1 warning
warning: unused imports: `Digest` and `Sha256`
   --> crates/storager/src/ads/acctrie_ads.rs:452:20
    |
452 |         use sha2::{Digest, Sha256};
    |                    ^^^^^^  ^^^^^^
    |
    = note: `#[warn(unused_imports)]` on by default

warning: `storager` (lib) generated 1 warning (run `cargo fix --lib -p storager` to apply 1 suggestion)
    Finished `release` profile [optimized] target(s) in 0.16s
     Running `target/release/storager 50077 mest`
🔧 MEST Add: keyword='education', fid='educ_00000016'
🔧 MEST Add: proof size=159 bytes, root_hash=[d9, 13, 2f, 42, 08, 52, 87, 8b]...
🔍 MEST Query: keyword='education', found 1 fids
🔍 MEST Query: returning proof (159 bytes)
🗑️ MEST Delete: keyword='education', fid='educ_00000016' (key completely removed)
🗑️ MEST Delete: post-delete root_hash=[e3, b0, c4, 42, 98, fc, 1c, 14]...
🗑️ MEST Delete: keyword='education', fid='educ_00000016' (key completely removed)
🗑️ MEST Delete: post-delete root_hash=[e3, b0, c4, 42, 98, fc, 1c, 14]...
🔧 MEST Add: keyword='education', fid='educ_00000042'
🔧 MEST Add: proof size=159 bytes, root_hash=[ed, 52, 57, ef, 6d, de, bc, 05]...
🔍 MEST Query: keyword='education', found 1 fids
🔍 MEST Query: returning proof (159 bytes)
🗑️ MEST Delete: keyword='education', fid='educ_00000042' (key completely removed)
🗑️ MEST Delete: post-delete root_hash=[e3, b0, c4, 42, 98, fc, 1c, 14]...
🗑️ MEST Delete: keyword='education', fid='educ_00000042' (key completely removed)
🗑️ MEST Delete: post-delete root_hash=[e3, b0, c4, 42, 98, fc, 1c, 14]...
🔧 MEST Add: keyword='education', fid='educ_00000051'
🔧 MEST Add: proof size=159 bytes, root_hash=[0b, d7, 1e, 7c, 42, 18, 9d, 46]...
🔍 MEST Query: keyword='education', found 1 fids
🔍 MEST Query: returning proof (159 bytes)
🗑️ MEST Delete: keyword='education', fid='educ_00000051' (key completely removed)
🗑️ MEST Delete: post-delete root_hash=[e3, b0, c4, 42, 98, fc, 1c, 14]...
🗑️ MEST Delete: keyword='education', fid='educ_00000051' (key completely removed)
🗑️ MEST Delete: post-delete root_hash=[e3, b0, c4, 42, 98, fc, 1c, 14]...
🔧 MEST Add: keyword='education', fid='educ_00000074'
🔧 MEST Add: proof size=159 bytes, root_hash=[51, 09, 87, 38, 75, a5, bd, b2]...
🔍 MEST Query: keyword='education', found 1 fids
🔍 MEST Query: returning proof (159 bytes)
🗑️ MEST Delete: keyword='education', fid='educ_00000074' (key completely removed)
🗑️ MEST Delete: post-delete root_hash=[e3, b0, c4, 42, 98, fc, 1c, 14]...
🗑️ MEST Delete: keyword='education', fid='educ_00000074' (key completely removed)
🗑️ MEST Delete: post-delete root_hash=[e3, b0, c4, 42, 98, fc, 1c, 14]...
🔧 MEST Add: keyword='education', fid='educ_00000076'
🔧 MEST Add: proof size=159 bytes, root_hash=[f7, 42, b6, 43, 7e, a3, 80, 49]...
🔍 MEST Query: keyword='education', found 1 fids
🔍 MEST Query: returning proof (159 bytes)
🗑️ MEST Delete: keyword='education', fid='educ_00000076' (key completely removed)
🗑️ MEST Delete: post-delete root_hash=[e3, b0, c4, 42, 98, fc, 1c, 14]...
🗑️ MEST Delete: keyword='education', fid='educ_00000076' (key completely removed)
🗑️ MEST Delete: post-delete root_hash=[e3, b0, c4, 42, 98, fc, 1c, 14]...
🔧 MEST Add: keyword='education', fid='educ_00000081'
🔧 MEST Add: proof size=159 bytes, root_hash=[c3, 74, 82, 5d, 01, 86, 53, d2]...
🔍 MEST Query: keyword='education', found 1 fids
🔍 MEST Query: returning proof (159 bytes)
🗑️ MEST Delete: keyword='education', fid='educ_00000081' (key completely removed)
🗑️ MEST Delete: post-delete root_hash=[e3, b0, c4, 42, 98, fc, 1c, 14]...
🗑️ MEST Delete: keyword='education', fid='educ_00000081' (key completely removed)
🗑️ MEST Delete: post-delete root_hash=[e3, b0, c4, 42, 98, fc, 1c, 14]...
🔧 MEST Add: keyword='education', fid='educ_00000084'
🔧 MEST Add: proof size=159 bytes, root_hash=[79, 0c, a1, 36, b7, d2, f7, 37]...
🔍 MEST Query: keyword='education', found 1 fids
🔍 MEST Query: returning proof (159 bytes)
🗑️ MEST Delete: keyword='education', fid='educ_00000084' (key completely removed)
🗑️ MEST Delete: post-delete root_hash=[e3, b0, c4, 42, 98, fc, 1c, 14]...
🗑️ MEST Delete: keyword='education', fid='educ_00000084' (key completely removed)
🗑️ MEST Delete: post-delete root_hash=[e3, b0, c4, 42, 98, fc, 1c, 14]...
🔧 MEST Add: keyword='education', fid='educ_00000092'
🔧 MEST Add: proof size=159 bytes, root_hash=[3c, e5, 5e, 67, 66, f2, b6, 20]...
🔍 MEST Query: keyword='education', found 1 fids
🔍 MEST Query: returning proof (159 bytes)
🗑️ MEST Delete: keyword='education', fid='educ_00000092' (key completely removed)
🗑️ MEST Delete: post-delete root_hash=[e3, b0, c4, 42, 98, fc, 1c, 14]...
🗑️ MEST Delete: keyword='education', fid='educ_00000092' (key completely removed)
🗑️ MEST Delete: post-delete root_hash=[e3, b0, c4, 42, 98, fc, 1c, 14]...
🔧 MEST Add: keyword='education', fid='educ_00000095'
🔧 MEST Add: proof size=159 bytes, root_hash=[0e, d1, 19, ce, 8c, 60, 7c, 74]...
🔍 MEST Query: keyword='education', found 1 fids
🔍 MEST Query: returning proof (159 bytes)
🗑️ MEST Delete: keyword='education', fid='educ_00000095' (key completely removed)
🗑️ MEST Delete: post-delete root_hash=[e3, b0, c4, 42, 98, fc, 1c, 14]...
🗑️ MEST Delete: keyword='education', fid='educ_00000095' (key completely removed)
🗑️ MEST Delete: post-delete root_hash=[e3, b0, c4, 42, 98, fc, 1c, 14]...
🔧 MEST Add: keyword='education', fid='educ_00000099'
🔧 MEST Add: proof size=159 bytes, root_hash=[e1, 78, 81, 41, 8a, 57, 53, 5b]...
🔍 MEST Query: keyword='education', found 1 fids
🔍 MEST Query: returning proof (159 bytes)
🗑️ MEST Delete: keyword='education', fid='educ_00000099' (key completely removed)
🗑️ MEST Delete: post-delete root_hash=[e3, b0, c4, 42, 98, fc, 1c, 14]...
🗑️ MEST Delete: keyword='education', fid='educ_00000099' (key completely removed)
🗑️ MEST Delete: post-delete root_hash=[e3, b0, c4, 42, 98, fc, 1c, 14]...
🔧 MEST Add: keyword='education', fid='educ_00000102'
🔧 MEST Add: proof size=159 bytes, root_hash=[b0, fb, f6, 1f, 91, e0, fb, 12]...
🔍 MEST Query: keyword='education', found 1 fids
🔍 MEST Query: returning proof (159 bytes)
🗑️ MEST Delete: keyword='education', fid='educ_00000102' (key completely removed)
🗑️ MEST Delete: post-delete root_hash=[e3, b0, c4, 42, 98, fc, 1c, 14]...
🗑️ MEST Delete: keyword='education', fid='educ_00000102' (key completely removed)
🗑️ MEST Delete: post-delete root_hash=[e3, b0, c4, 42, 98, fc, 1c, 14]...
🔧 MEST Add: keyword='education', fid='educ_00000106'
🔧 MEST Add: proof size=159 bytes, root_hash=[16, a5, c3, 5a, ce, e5, 09, 8d]...
🔍 MEST Query: keyword='education', found 1 fids
🔍 MEST Query: returning proof (159 bytes)
🗑️ MEST Delete: keyword='education', fid='educ_00000106' (key completely removed)
🗑️ MEST Delete: post-delete root_hash=[e3, b0, c4, 42, 98, fc, 1c, 14]...
🗑️ MEST Delete: keyword='education', fid='educ_00000106' (key completely removed)
🗑️ MEST Delete: post-delete root_hash=[e3, b0, c4, 42, 98, fc, 1c, 14]...
🔧 MEST Add: keyword='education', fid='educ_00000119'
🔧 MEST Add: proof size=159 bytes, root_hash=[3c, 53, 23, c1, 78, 7f, c6, 19]...
🔍 MEST Query: keyword='education', found 1 fids
🔍 MEST Query: returning proof (159 bytes)
🗑️ MEST Delete: keyword='education', fid='educ_00000119' (key completely removed)
🗑️ MEST Delete: post-delete root_hash=[e3, b0, c4, 42, 98, fc, 1c, 14]...
🗑️ MEST Delete: keyword='education', fid='educ_00000119' (key completely removed)
🗑️ MEST Delete: post-delete root_hash=[e3, b0, c4, 42, 98, fc, 1c, 14]...
🔧 MEST Add: keyword='education', fid='educ_00000134'
🔧 MEST Add: proof size=159 bytes, root_hash=[a5, 79, 10, 6c, 21, 9a, c0, 0a]...
🔍 MEST Query: keyword='education', found 1 fids
🔍 MEST Query: returning proof (159 bytes)
🗑️ MEST Delete: keyword='education', fid='educ_00000134' (key completely removed)
🗑️ MEST Delete: post-delete root_hash=[e3, b0, c4, 42, 98, fc, 1c, 14]...
🗑️ MEST Delete: keyword='education', fid='educ_00000134' (key completely removed)
🗑️ MEST Delete: post-delete root_hash=[e3, b0, c4, 42, 98, fc, 1c, 14]...
🔧 MEST Add: keyword='education', fid='educ_00000135'
🔧 MEST Add: proof size=159 bytes, root_hash=[cd, dc, 3a, 46, 24, a6, 63, 57]...
🔍 MEST Query: keyword='education', found 1 fids
🔍 MEST Query: returning proof (159 bytes)
🗑️ MEST Delete: keyword='education', fid='educ_00000135' (key completely removed)
🗑️ MEST Delete: post-delete root_hash=[e3, b0, c4, 42, 98, fc, 1c, 14]...
🗑️ MEST Delete: keyword='education', fid='educ_00000135' (key completely removed)
🗑️ MEST Delete: post-delete root_hash=[e3, b0, c4, 42, 98, fc, 1c, 14]...
🔧 MEST Add: keyword='education', fid='educ_00000140'
🔧 MEST Add: proof size=159 bytes, root_hash=[fb, 11, ed, 92, 62, fc, b9, 1f]...
🔍 MEST Query: keyword='education', found 1 fids
🔍 MEST Query: returning proof (159 bytes)
🗑️ MEST Delete: keyword='education', fid='educ_00000140' (key completely removed)
🗑️ MEST Delete: post-delete root_hash=[e3, b0, c4, 42, 98, fc, 1c, 14]...
🗑️ MEST Delete: keyword='education', fid='educ_00000140' (key completely removed)
🗑️ MEST Delete: post-delete root_hash=[e3, b0, c4, 42, 98, fc, 1c, 14]...
🔧 MEST Add: keyword='education', fid='educ_00000144'
🔧 MEST Add: proof size=159 bytes, root_hash=[53, 48, 83, 56, 10, d4, 75, 23]...
🔍 MEST Query: keyword='education', found 1 fids
🔍 MEST Query: returning proof (159 bytes)
🗑️ MEST Delete: keyword='education', fid='educ_00000144' (key completely removed)
🗑️ MEST Delete: post-delete root_hash=[e3, b0, c4, 42, 98, fc, 1c, 14]...
🗑️ MEST Delete: keyword='education', fid='educ_00000144' (key completely removed)
🗑️ MEST Delete: post-delete root_hash=[e3, b0, c4, 42, 98, fc, 1c, 14]...
🔧 MEST Add: keyword='education', fid='educ_00000147'
🔧 MEST Add: proof size=159 bytes, root_hash=[d8, db, ae, 56, 50, 6b, b6, 12]...
🔍 MEST Query: keyword='education', found 1 fids
🔍 MEST Query: returning proof (159 bytes)
🗑️ MEST Delete: keyword='education', fid='educ_00000147' (key completely removed)
🗑️ MEST Delete: post-delete root_hash=[e3, b0, c4, 42, 98, fc, 1c, 14]...
🗑️ MEST Delete: keyword='education', fid='educ_00000147' (key completely removed)
🗑️ MEST Delete: post-delete root_hash=[e3, b0, c4, 42, 98, fc, 1c, 14]...
🔧 MEST Add: keyword='education', fid='educ_00000153'
🔧 MEST Add: proof size=159 bytes, root_hash=[57, ea, 3a, 8e, 15, 1d, 05, 92]...
🔍 MEST Query: keyword='education', found 1 fids
🔍 MEST Query: returning proof (159 bytes)
🗑️ MEST Delete: keyword='education', fid='educ_00000153' (key completely removed)
🗑️ MEST Delete: post-delete root_hash=[e3, b0, c4, 42, 98, fc, 1c, 14]...
🗑️ MEST Delete: keyword='education', fid='educ_00000153' (key completely removed)
🗑️ MEST Delete: post-delete root_hash=[e3, b0, c4, 42, 98, fc, 1c, 14]...
🔧 MEST Add: keyword='education', fid='educ_00000158'
🔧 MEST Add: proof size=159 bytes, root_hash=[d8, 18, 6c, ec, e9, c5, 62, 75]...
🔍 MEST Query: keyword='education', found 1 fids
🔍 MEST Query: returning proof (159 bytes)
🗑️ MEST Delete: keyword='education', fid='educ_00000158' (key completely removed)
🗑️ MEST Delete: post-delete root_hash=[e3, b0, c4, 42, 98, fc, 1c, 14]...
🗑️ MEST Delete: keyword='education', fid='educ_00000158' (key completely removed)
🗑️ MEST Delete: post-delete root_hash=[e3, b0, c4, 42, 98, fc, 1c, 14]...
🔧 MEST Add: keyword='education', fid='educ_00000184'
🔧 MEST Add: proof size=159 bytes, root_hash=[c2, 2c, c5, 4a, 2e, 3d, 9b, 60]...
🔍 MEST Query: keyword='education', found 1 fids
🔍 MEST Query: returning proof (159 bytes)
🗑️ MEST Delete: keyword='education', fid='educ_00000184' (key completely removed)
🗑️ MEST Delete: post-delete root_hash=[e3, b0, c4, 42, 98, fc, 1c, 14]...
🗑️ MEST Delete: keyword='education', fid='educ_00000184' (key completely removed)
🗑️ MEST Delete: post-delete root_hash=[e3, b0, c4, 42, 98, fc, 1c, 14]...
🔧 MEST Add: keyword='education', fid='educ_00000188'
🔧 MEST Add: proof size=159 bytes, root_hash=[b9, 02, 09, 7c, 11, e2, b9, 81]...
🔍 MEST Query: keyword='education', found 1 fids
🔍 MEST Query: returning proof (159 bytes)
🗑️ MEST Delete: keyword='education', fid='educ_00000188' (key completely removed)
🗑️ MEST Delete: post-delete root_hash=[e3, b0, c4, 42, 98, fc, 1c, 14]...
🗑️ MEST Delete: keyword='education', fid='educ_00000188' (key completely removed)
🗑️ MEST Delete: post-delete root_hash=[e3, b0, c4, 42, 98, fc, 1c, 14]...
🔧 MEST Add: keyword='education', fid='educ_00000208'
🔧 MEST Add: proof size=159 bytes, root_hash=[61, 83, d6, 74, 82, 75, f1, 57]...
🔍 MEST Query: keyword='education', found 1 fids
🔍 MEST Query: returning proof (159 bytes)
🗑️ MEST Delete: keyword='education', fid='educ_00000208' (key completely removed)
🗑️ MEST Delete: post-delete root_hash=[e3, b0, c4, 42, 98, fc, 1c, 14]...
🗑️ MEST Delete: keyword='education', fid='educ_00000208' (key completely removed)
🗑️ MEST Delete: post-delete root_hash=[e3, b0, c4, 42, 98, fc, 1c, 14]...
🔧 MEST Add: keyword='education', fid='educ_00000217'
🔧 MEST Add: proof size=159 bytes, root_hash=[14, 18, e5, b8, aa, 46, 96, 53]...
🔍 MEST Query: keyword='education', found 1 fids
🔍 MEST Query: returning proof (159 bytes)
🗑️ MEST Delete: keyword='education', fid='educ_00000217' (key completely removed)
🗑️ MEST Delete: post-delete root_hash=[e3, b0, c4, 42, 98, fc, 1c, 14]...
🗑️ MEST Delete: keyword='education', fid='educ_00000217' (key completely removed)
🗑️ MEST Delete: post-delete root_hash=[e3, b0, c4, 42, 98, fc, 1c, 14]...
🔧 MEST Add: keyword='education', fid='educ_00000228'
🔧 MEST Add: proof size=159 bytes, root_hash=[5f, b0, 61, c8, 02, 27, cd, 06]...
🔍 MEST Query: keyword='education', found 1 fids
🔍 MEST Query: returning proof (159 bytes)
🗑️ MEST Delete: keyword='education', fid='educ_00000228' (key completely removed)
🗑️ MEST Delete: post-delete root_hash=[e3, b0, c4, 42, 98, fc, 1c, 14]...
🗑️ MEST Delete: keyword='education', fid='educ_00000228' (key completely removed)
🗑️ MEST Delete: post-delete root_hash=[e3, b0, c4, 42, 98, fc, 1c, 14]...
🔧 MEST Add: keyword='education', fid='educ_00000238'
🔧 MEST Add: proof size=159 bytes, root_hash=[e1, aa, d4, 2b, 59, 97, 11, ff]...
🔍 MEST Query: keyword='education', found 1 fids
🔍 MEST Query: returning proof (159 bytes)
🗑️ MEST Delete: keyword='education', fid='educ_00000238' (key completely removed)
🗑️ MEST Delete: post-delete root_hash=[e3, b0, c4, 42, 98, fc, 1c, 14]...
🗑️ MEST Delete: keyword='education', fid='educ_00000238' (key completely removed)
🗑️ MEST Delete: post-delete root_hash=[e3, b0, c4, 42, 98, fc, 1c, 14]...
🔧 MEST Add: keyword='education', fid='educ_00000243'
🔧 MEST Add: proof size=159 bytes, root_hash=[2a, 8c, 06, 4b, 98, 1a, 49, dd]...
🔍 MEST Query: keyword='education', found 1 fids
🔍 MEST Query: returning proof (159 bytes)
🗑️ MEST Delete: keyword='education', fid='educ_00000243' (key completely removed)
🗑️ MEST Delete: post-delete root_hash=[e3, b0, c4, 42, 98, fc, 1c, 14]...
🗑️ MEST Delete: keyword='education', fid='educ_00000243' (key completely removed)
🗑️ MEST Delete: post-delete root_hash=[e3, b0, c4, 42, 98, fc, 1c, 14]...
🔧 MEST Add: keyword='education', fid='educ_00000244'
🔧 MEST Add: proof size=159 bytes, root_hash=[33, 17, f5, 7e, 21, 2a, 62, 1c]...
🔍 MEST Query: keyword='education', found 1 fids
🔍 MEST Query: returning proof (159 bytes)
🗑️ MEST Delete: keyword='education', fid='educ_00000244' (key completely removed)
🗑️ MEST Delete: post-delete root_hash=[e3, b0, c4, 42, 98, fc, 1c, 14]...
🗑️ MEST Delete: keyword='education', fid='educ_00000244' (key completely removed)
🗑️ MEST Delete: post-delete root_hash=[e3, b0, c4, 42, 98, fc, 1c, 14]...
🔧 MEST Add: keyword='education', fid='educ_00000249'
🔧 MEST Add: proof size=159 bytes, root_hash=[62, 42, 7e, ce, da, bf, 6c, 22]...
🔍 MEST Query: keyword='education', found 1 fids
🔍 MEST Query: returning proof (159 bytes)
🗑️ MEST Delete: keyword='education', fid='educ_00000249' (key completely removed)
🗑️ MEST Delete: post-delete root_hash=[e3, b0, c4, 42, 98, fc, 1c, 14]...
🗑️ MEST Delete: keyword='education', fid='educ_00000249' (key completely removed)
🗑️ MEST Delete: post-delete root_hash=[e3, b0, c4, 42, 98, fc, 1c, 14]...
🔧 MEST Add: keyword='education', fid='educ_00000251'
🔧 MEST Add: proof size=159 bytes, root_hash=[d7, 62, c4, 71, 15, 0a, 98, 7c]...
🔍 MEST Query: keyword='education', found 1 fids
🔍 MEST Query: returning proof (159 bytes)
🗑️ MEST Delete: keyword='education', fid='educ_00000251' (key completely removed)
🗑️ MEST Delete: post-delete root_hash=[e3, b0, c4, 42, 98, fc, 1c, 14]...
🗑️ MEST Delete: keyword='education', fid='educ_00000251' (key completely removed)
🗑️ MEST Delete: post-delete root_hash=[e3, b0, c4, 42, 98, fc, 1c, 14]...
🔧 MEST Add: keyword='education', fid='educ_00000252'
🔧 MEST Add: proof size=159 bytes, root_hash=[bb, 5b, d7, cf, ec, dc, 9f, f4]...
🔍 MEST Query: keyword='education', found 1 fids
🔍 MEST Query: returning proof (159 bytes)
🗑️ MEST Delete: keyword='education', fid='educ_00000252' (key completely removed)
🗑️ MEST Delete: post-delete root_hash=[e3, b0, c4, 42, 98, fc, 1c, 14]...
🗑️ MEST Delete: keyword='education', fid='educ_00000252' (key completely removed)
🗑️ MEST Delete: post-delete root_hash=[e3, b0, c4, 42, 98, fc, 1c, 14]...
🔧 MEST Add: keyword='education', fid='educ_00000255'
🔧 MEST Add: proof size=159 bytes, root_hash=[48, 45, 0c, 3d, 01, 53, b6, 1b]...
🔍 MEST Query: keyword='education', found 1 fids
🔍 MEST Query: returning proof (159 bytes)
🗑️ MEST Delete: keyword='education', fid='educ_00000255' (key completely removed)
🗑️ MEST Delete: post-delete root_hash=[e3, b0, c4, 42, 98, fc, 1c, 14]...
🗑️ MEST Delete: keyword='education', fid='educ_00000255' (key completely removed)
🗑️ MEST Delete: post-delete root_hash=[e3, b0, c4, 42, 98, fc, 1c, 14]...
🔧 MEST Add: keyword='education', fid='educ_00000262'
🔧 MEST Add: proof size=159 bytes, root_hash=[b9, 88, c9, 06, 36, 4a, ed, 18]...
🔍 MEST Query: keyword='education', found 1 fids
🔍 MEST Query: returning proof (159 bytes)
🗑️ MEST Delete: keyword='education', fid='educ_00000262' (key completely removed)
🗑️ MEST Delete: post-delete root_hash=[e3, b0, c4, 42, 98, fc, 1c, 14]...
🗑️ MEST Delete: keyword='education', fid='educ_00000262' (key completely removed)
🗑️ MEST Delete: post-delete root_hash=[e3, b0, c4, 42, 98, fc, 1c, 14]...
🔧 MEST Add: keyword='education', fid='educ_00000267'
🔧 MEST Add: proof size=159 bytes, root_hash=[8b, 13, 41, e3, 27, 8c, 43, 69]...
🔍 MEST Query: keyword='education', found 1 fids
🔍 MEST Query: returning proof (159 bytes)
🗑️ MEST Delete: keyword='education', fid='educ_00000267' (key completely removed)
🗑️ MEST Delete: post-delete root_hash=[e3, b0, c4, 42, 98, fc, 1c, 14]...
🗑️ MEST Delete: keyword='education', fid='educ_00000267' (key completely removed)
🗑️ MEST Delete: post-delete root_hash=[e3, b0, c4, 42, 98, fc, 1c, 14]...
🔧 MEST Add: keyword='education', fid='educ_00000269'
🔧 MEST Add: proof size=159 bytes, root_hash=[68, b8, 5a, b1, 15, 08, fa, d1]...
🔍 MEST Query: keyword='education', found 1 fids
🔍 MEST Query: returning proof (159 bytes)
🗑️ MEST Delete: keyword='education', fid='educ_00000269' (key completely removed)
🗑️ MEST Delete: post-delete root_hash=[e3, b0, c4, 42, 98, fc, 1c, 14]...
🗑️ MEST Delete: keyword='education', fid='educ_00000269' (key completely removed)
🗑️ MEST Delete: post-delete root_hash=[e3, b0, c4, 42, 98, fc, 1c, 14]...
🔧 MEST Add: keyword='education', fid='educ_00000295'
🔧 MEST Add: proof size=159 bytes, root_hash=[ba, d0, 2e, 1a, e5, d9, 3f, 1a]...
🔍 MEST Query: keyword='education', found 1 fids
🔍 MEST Query: returning proof (159 bytes)
🗑️ MEST Delete: keyword='education', fid='educ_00000295' (key completely removed)
🗑️ MEST Delete: post-delete root_hash=[e3, b0, c4, 42, 98, fc, 1c, 14]...
🗑️ MEST Delete: keyword='education', fid='educ_00000295' (key completely removed)
🗑️ MEST Delete: post-delete root_hash=[e3, b0, c4, 42, 98, fc, 1c, 14]...
🔧 MEST Add: keyword='education', fid='educ_00000300'
🔧 MEST Add: proof size=159 bytes, root_hash=[c9, 29, ad, a3, 73, 7d, 47, 7a]...
🔍 MEST Query: keyword='education', found 1 fids
🔍 MEST Query: returning proof (159 bytes)
🗑️ MEST Delete: keyword='education', fid='educ_00000300' (key completely removed)
🗑️ MEST Delete: post-delete root_hash=[e3, b0, c4, 42, 98, fc, 1c, 14]...
🗑️ MEST Delete: keyword='education', fid='educ_00000300' (key completely removed)
🗑️ MEST Delete: post-delete root_hash=[e3, b0, c4, 42, 98, fc, 1c, 14]...
🔧 MEST Add: keyword='education', fid='educ_00000304'
🔧 MEST Add: proof size=159 bytes, root_hash=[b7, e6, 29, 66, a0, f1, 28, 20]...
🔍 MEST Query: keyword='education', found 1 fids
🔍 MEST Query: returning proof (159 bytes)
🗑️ MEST Delete: keyword='education', fid='educ_00000304' (key completely removed)
🗑️ MEST Delete: post-delete root_hash=[e3, b0, c4, 42, 98, fc, 1c, 14]...
🗑️ MEST Delete: keyword='education', fid='educ_00000304' (key completely removed)
🗑️ MEST Delete: post-delete root_hash=[e3, b0, c4, 42, 98, fc, 1c, 14]...
🔧 MEST Add: keyword='education', fid='educ_00000312'
🔧 MEST Add: proof size=159 bytes, root_hash=[f6, 78, 17, 91, 2b, 1c, 87, b7]...
🔍 MEST Query: keyword='education', found 1 fids
🔍 MEST Query: returning proof (159 bytes)
🗑️ MEST Delete: keyword='education', fid='educ_00000312' (key completely removed)
🗑️ MEST Delete: post-delete root_hash=[e3, b0, c4, 42, 98, fc, 1c, 14]...
🗑️ MEST Delete: keyword='education', fid='educ_00000312' (key completely removed)
🗑️ MEST Delete: post-delete root_hash=[e3, b0, c4, 42, 98, fc, 1c, 14]...
🔧 MEST Add: keyword='education', fid='educ_00000374'
🔧 MEST Add: proof size=159 bytes, root_hash=[ab, 43, d7, a5, 8e, 56, 88, 43]...
🔍 MEST Query: keyword='education', found 1 fids
🔍 MEST Query: returning proof (159 bytes)
🗑️ MEST Delete: keyword='education', fid='educ_00000374' (key completely removed)
🗑️ MEST Delete: post-delete root_hash=[e3, b0, c4, 42, 98, fc, 1c, 14]...
🗑️ MEST Delete: keyword='education', fid='educ_00000374' (key completely removed)
🗑️ MEST Delete: post-delete root_hash=[e3, b0, c4, 42, 98, fc, 1c, 14]...
🔧 MEST Add: keyword='education', fid='educ_00000380'
🔧 MEST Add: proof size=159 bytes, root_hash=[f2, be, 4e, 3c, 78, c7, fb, 84]...
🔍 MEST Query: keyword='education', found 1 fids
🔍 MEST Query: returning proof (159 bytes)
🗑️ MEST Delete: keyword='education', fid='educ_00000380' (key completely removed)
🗑️ MEST Delete: post-delete root_hash=[e3, b0, c4, 42, 98, fc, 1c, 14]...
🗑️ MEST Delete: keyword='education', fid='educ_00000380' (key completely removed)
🗑️ MEST Delete: post-delete root_hash=[e3, b0, c4, 42, 98, fc, 1c, 14]...
🔧 MEST Add: keyword='education', fid='educ_00000384'
🔧 MEST Add: proof size=159 bytes, root_hash=[f6, 20, 4a, 9a, b8, 16, 9f, f4]...
🔍 MEST Query: keyword='education', found 1 fids
🔍 MEST Query: returning proof (159 bytes)
🗑️ MEST Delete: keyword='education', fid='educ_00000384' (key completely removed)
🗑️ MEST Delete: post-delete root_hash=[e3, b0, c4, 42, 98, fc, 1c, 14]...
🗑️ MEST Delete: keyword='education', fid='educ_00000384' (key completely removed)
🗑️ MEST Delete: post-delete root_hash=[e3, b0, c4, 42, 98, fc, 1c, 14]...
🔧 MEST Add: keyword='education', fid='educ_00000399'
🔧 MEST Add: proof size=159 bytes, root_hash=[dd, 0b, 37, a4, 28, 22, 94, c0]...
🔍 MEST Query: keyword='education', found 1 fids
🔍 MEST Query: returning proof (159 bytes)
🗑️ MEST Delete: keyword='education', fid='educ_00000399' (key completely removed)
🗑️ MEST Delete: post-delete root_hash=[e3, b0, c4, 42, 98, fc, 1c, 14]...
🗑️ MEST Delete: keyword='education', fid='educ_00000399' (key completely removed)
🗑️ MEST Delete: post-delete root_hash=[e3, b0, c4, 42, 98, fc, 1c, 14]...
🔧 MEST Add: keyword='education', fid='educ_00000405'
🔧 MEST Add: proof size=159 bytes, root_hash=[ab, 5b, d0, e0, 75, b0, 75, e3]...
🔍 MEST Query: keyword='education', found 1 fids
🔍 MEST Query: returning proof (159 bytes)
🗑️ MEST Delete: keyword='education', fid='educ_00000405' (key completely removed)
🗑️ MEST Delete: post-delete root_hash=[e3, b0, c4, 42, 98, fc, 1c, 14]...
🗑️ MEST Delete: keyword='education', fid='educ_00000405' (key completely removed)
🗑️ MEST Delete: post-delete root_hash=[e3, b0, c4, 42, 98, fc, 1c, 14]...
🔧 MEST Add: keyword='education', fid='educ_00000406'
🔧 MEST Add: proof size=159 bytes, root_hash=[77, c9, 3f, 5b, cd, 98, 89, e2]...
🔍 MEST Query: keyword='education', found 1 fids
🔍 MEST Query: returning proof (159 bytes)
🗑️ MEST Delete: keyword='education', fid='educ_00000406' (key completely removed)
🗑️ MEST Delete: post-delete root_hash=[e3, b0, c4, 42, 98, fc, 1c, 14]...
🗑️ MEST Delete: keyword='education', fid='educ_00000406' (key completely removed)
🗑️ MEST Delete: post-delete root_hash=[e3, b0, c4, 42, 98, fc, 1c, 14]...
🔧 MEST Add: keyword='education', fid='educ_00000407'
🔧 MEST Add: proof size=159 bytes, root_hash=[8a, 8b, d5, 5a, 09, 63, c7, 41]...
🔍 MEST Query: keyword='education', found 1 fids
🔍 MEST Query: returning proof (159 bytes)
🗑️ MEST Delete: keyword='education', fid='educ_00000407' (key completely removed)
🗑️ MEST Delete: post-delete root_hash=[e3, b0, c4, 42, 98, fc, 1c, 14]...
🗑️ MEST Delete: keyword='education', fid='educ_00000407' (key completely removed)
🗑️ MEST Delete: post-delete root_hash=[e3, b0, c4, 42, 98, fc, 1c, 14]...
🔧 MEST Add: keyword='education', fid='educ_00000408'
🔧 MEST Add: proof size=159 bytes, root_hash=[4c, fa, 2d, 4e, 41, d4, ae, 9e]...
🔍 MEST Query: keyword='education', found 1 fids
🔍 MEST Query: returning proof (159 bytes)
🗑️ MEST Delete: keyword='education', fid='educ_00000408' (key completely removed)
🗑️ MEST Delete: post-delete root_hash=[e3, b0, c4, 42, 98, fc, 1c, 14]...
🗑️ MEST Delete: keyword='education', fid='educ_00000408' (key completely removed)
🗑️ MEST Delete: post-delete root_hash=[e3, b0, c4, 42, 98, fc, 1c, 14]...
🔧 MEST Add: keyword='education', fid='educ_00000414'
🔧 MEST Add: proof size=159 bytes, root_hash=[41, 89, 00, d1, c7, d5, ae, 97]...
🔍 MEST Query: keyword='education', found 1 fids
🔍 MEST Query: returning proof (159 bytes)
🗑️ MEST Delete: keyword='education', fid='educ_00000414' (key completely removed)
🗑️ MEST Delete: post-delete root_hash=[e3, b0, c4, 42, 98, fc, 1c, 14]...
🗑️ MEST Delete: keyword='education', fid='educ_00000414' (key completely removed)
🗑️ MEST Delete: post-delete root_hash=[e3, b0, c4, 42, 98, fc, 1c, 14]...
🔧 MEST Add: keyword='education', fid='educ_00000419'
🔧 MEST Add: proof size=159 bytes, root_hash=[ab, f8, 1b, bc, 2d, ac, 6f, 6e]...
🔍 MEST Query: keyword='education', found 1 fids
🔍 MEST Query: returning proof (159 bytes)
🗑️ MEST Delete: keyword='education', fid='educ_00000419' (key completely removed)
🗑️ MEST Delete: post-delete root_hash=[e3, b0, c4, 42, 98, fc, 1c, 14]...
🗑️ MEST Delete: keyword='education', fid='educ_00000419' (key completely removed)
🗑️ MEST Delete: post-delete root_hash=[e3, b0, c4, 42, 98, fc, 1c, 14]...
🔧 MEST Add: keyword='education', fid='educ_00000423'
🔧 MEST Add: proof size=159 bytes, root_hash=[cf, 44, 42, 6b, dc, ac, d8, 3b]...
🔍 MEST Query: keyword='education', found 1 fids
🔍 MEST Query: returning proof (159 bytes)
🗑️ MEST Delete: keyword='education', fid='educ_00000423' (key completely removed)
🗑️ MEST Delete: post-delete root_hash=[e3, b0, c4, 42, 98, fc, 1c, 14]...
🗑️ MEST Delete: keyword='education', fid='educ_00000423' (key completely removed)
🗑️ MEST Delete: post-delete root_hash=[e3, b0, c4, 42, 98, fc, 1c, 14]...
🔧 MEST Add: keyword='education', fid='educ_00000434'
🔧 MEST Add: proof size=159 bytes, root_hash=[28, 16, dc, b7, fd, 81, 6b, cf]...
🔍 MEST Query: keyword='education', found 1 fids
🔍 MEST Query: returning proof (159 bytes)
🗑️ MEST Delete: keyword='education', fid='educ_00000434' (key completely removed)
🗑️ MEST Delete: post-delete root_hash=[e3, b0, c4, 42, 98, fc, 1c, 14]...
🗑️ MEST Delete: keyword='education', fid='educ_00000434' (key completely removed)
🗑️ MEST Delete: post-delete root_hash=[e3, b0, c4, 42, 98, fc, 1c, 14]...
🔧 MEST Add: keyword='education', fid='educ_00000443'
🔧 MEST Add: proof size=159 bytes, root_hash=[1b, 8d, 10, 73, 80, b0, 3d, a1]...
🔍 MEST Query: keyword='education', found 1 fids
🔍 MEST Query: returning proof (159 bytes)
🗑️ MEST Delete: keyword='education', fid='educ_00000443' (key completely removed)
🗑️ MEST Delete: post-delete root_hash=[e3, b0, c4, 42, 98, fc, 1c, 14]...
🗑️ MEST Delete: keyword='education', fid='educ_00000443' (key completely removed)
🗑️ MEST Delete: post-delete root_hash=[e3, b0, c4, 42, 98, fc, 1c, 14]...
🔧 MEST Add: keyword='education', fid='educ_00000453'
🔧 MEST Add: proof size=159 bytes, root_hash=[26, 6b, ea, 79, 0d, ae, b4, b3]...
🔍 MEST Query: keyword='education', found 1 fids
🔍 MEST Query: returning proof (159 bytes)
🗑️ MEST Delete: keyword='education', fid='educ_00000453' (key completely removed)
🗑️ MEST Delete: post-delete root_hash=[e3, b0, c4, 42, 98, fc, 1c, 14]...
🗑️ MEST Delete: keyword='education', fid='educ_00000453' (key completely removed)
🗑️ MEST Delete: post-delete root_hash=[e3, b0, c4, 42, 98, fc, 1c, 14]...
🔧 MEST Add: keyword='education', fid='educ_00000456'
🔧 MEST Add: proof size=159 bytes, root_hash=[d2, f3, 1f, ef, 55, d5, f0, 17]...
🔍 MEST Query: keyword='education', found 1 fids
🔍 MEST Query: returning proof (159 bytes)
🗑️ MEST Delete: keyword='education', fid='educ_00000456' (key completely removed)
🗑️ MEST Delete: post-delete root_hash=[e3, b0, c4, 42, 98, fc, 1c, 14]...
🗑️ MEST Delete: keyword='education', fid='educ_00000456' (key completely removed)
🗑️ MEST Delete: post-delete root_hash=[e3, b0, c4, 42, 98, fc, 1c, 14]...
🔧 MEST Add: keyword='education', fid='educ_00000473'
🔧 MEST Add: proof size=159 bytes, root_hash=[ca, 5f, 4d, 9c, 9b, 2b, fc, 94]...
🔍 MEST Query: keyword='education', found 1 fids
🔍 MEST Query: returning proof (159 bytes)
🗑️ MEST Delete: keyword='education', fid='educ_00000473' (key completely removed)
🗑️ MEST Delete: post-delete root_hash=[e3, b0, c4, 42, 98, fc, 1c, 14]...
🗑️ MEST Delete: keyword='education', fid='educ_00000473' (key completely removed)
🗑️ MEST Delete: post-delete root_hash=[e3, b0, c4, 42, 98, fc, 1c, 14]...
🔧 MEST Add: keyword='education', fid='educ_00000476'
🔧 MEST Add: proof size=159 bytes, root_hash=[7a, 66, 17, ad, c9, 0a, da, 4e]...
🔍 MEST Query: keyword='education', found 1 fids
🔍 MEST Query: returning proof (159 bytes)
🗑️ MEST Delete: keyword='education', fid='educ_00000476' (key completely removed)
🗑️ MEST Delete: post-delete root_hash=[e3, b0, c4, 42, 98, fc, 1c, 14]...
🗑️ MEST Delete: keyword='education', fid='educ_00000476' (key completely removed)
🗑️ MEST Delete: post-delete root_hash=[e3, b0, c4, 42, 98, fc, 1c, 14]...
🔧 MEST Add: keyword='education', fid='educ_00000480'
🔧 MEST Add: proof size=159 bytes, root_hash=[02, a2, 47, bc, c6, 94, 61, 30]...
🔍 MEST Query: keyword='education', found 1 fids
🔍 MEST Query: returning proof (159 bytes)
🗑️ MEST Delete: keyword='education', fid='educ_00000480' (key completely removed)
🗑️ MEST Delete: post-delete root_hash=[e3, b0, c4, 42, 98, fc, 1c, 14]...
🗑️ MEST Delete: keyword='education', fid='educ_00000480' (key completely removed)
🗑️ MEST Delete: post-delete root_hash=[e3, b0, c4, 42, 98, fc, 1c, 14]...
🔧 MEST Add: keyword='education', fid='educ_00000482'
🔧 MEST Add: proof size=159 bytes, root_hash=[a0, 72, 0a, 7c, 78, 86, f1, e5]...
🔍 MEST Query: keyword='education', found 1 fids
🔍 MEST Query: returning proof (159 bytes)
🗑️ MEST Delete: keyword='education', fid='educ_00000482' (key completely removed)
🗑️ MEST Delete: post-delete root_hash=[e3, b0, c4, 42, 98, fc, 1c, 14]...
🗑️ MEST Delete: keyword='education', fid='educ_00000482' (key completely removed)
🗑️ MEST Delete: post-delete root_hash=[e3, b0, c4, 42, 98, fc, 1c, 14]...
🔧 MEST Add: keyword='education', fid='educ_00000492'
🔧 MEST Add: proof size=159 bytes, root_hash=[ea, 4b, 4d, 49, 4d, 80, ff, c5]...
🔍 MEST Query: keyword='education', found 1 fids
🔍 MEST Query: returning proof (159 bytes)
🗑️ MEST Delete: keyword='education', fid='educ_00000492' (key completely removed)
🗑️ MEST Delete: post-delete root_hash=[e3, b0, c4, 42, 98, fc, 1c, 14]...
🗑️ MEST Delete: keyword='education', fid='educ_00000492' (key completely removed)
🗑️ MEST Delete: post-delete root_hash=[e3, b0, c4, 42, 98, fc, 1c, 14]...
🔧 MEST Add: keyword='education', fid='educ_00000502'
🔧 MEST Add: proof size=159 bytes, root_hash=[93, c1, da, 72, b1, 54, 0b, 3c]...
🔍 MEST Query: keyword='education', found 1 fids
🔍 MEST Query: returning proof (159 bytes)
🗑️ MEST Delete: keyword='education', fid='educ_00000502' (key completely removed)
🗑️ MEST Delete: post-delete root_hash=[e3, b0, c4, 42, 98, fc, 1c, 14]...
🗑️ MEST Delete: keyword='education', fid='educ_00000502' (key completely removed)
🗑️ MEST Delete: post-delete root_hash=[e3, b0, c4, 42, 98, fc, 1c, 14]...
🔧 MEST Add: keyword='education', fid='educ_00000507'
🔧 MEST Add: proof size=159 bytes, root_hash=[21, 94, 0c, c5, 37, d6, be, 7a]...
🔍 MEST Query: keyword='education', found 1 fids
🔍 MEST Query: returning proof (159 bytes)
🗑️ MEST Delete: keyword='education', fid='educ_00000507' (key completely removed)
🗑️ MEST Delete: post-delete root_hash=[e3, b0, c4, 42, 98, fc, 1c, 14]...
🗑️ MEST Delete: keyword='education', fid='educ_00000507' (key completely removed)
🗑️ MEST Delete: post-delete root_hash=[e3, b0, c4, 42, 98, fc, 1c, 14]...
🔧 MEST Add: keyword='education', fid='educ_00000508'
🔧 MEST Add: proof size=159 bytes, root_hash=[97, 35, c4, 94, 4b, 59, be, 5a]...
🔍 MEST Query: keyword='education', found 1 fids
🔍 MEST Query: returning proof (159 bytes)
🗑️ MEST Delete: keyword='education', fid='educ_00000508' (key completely removed)
🗑️ MEST Delete: post-delete root_hash=[e3, b0, c4, 42, 98, fc, 1c, 14]...
🗑️ MEST Delete: keyword='education', fid='educ_00000508' (key completely removed)
🗑️ MEST Delete: post-delete root_hash=[e3, b0, c4, 42, 98, fc, 1c, 14]...
🔧 MEST Add: keyword='education', fid='educ_00000535'
🔧 MEST Add: proof size=159 bytes, root_hash=[99, 1c, 57, cc, 3c, 64, 2c, cd]...
🔍 MEST Query: keyword='education', found 1 fids
🔍 MEST Query: returning proof (159 bytes)
🗑️ MEST Delete: keyword='education', fid='educ_00000535' (key completely removed)
🗑️ MEST Delete: post-delete root_hash=[e3, b0, c4, 42, 98, fc, 1c, 14]...
🗑️ MEST Delete: keyword='education', fid='educ_00000535' (key completely removed)
🗑️ MEST Delete: post-delete root_hash=[e3, b0, c4, 42, 98, fc, 1c, 14]...
🔧 MEST Add: keyword='education', fid='educ_00000536'
🔧 MEST Add: proof size=159 bytes, root_hash=[3e, 34, 0e, e5, 2d, f3, a7, dd]...
🔍 MEST Query: keyword='education', found 1 fids
🔍 MEST Query: returning proof (159 bytes)
🗑️ MEST Delete: keyword='education', fid='educ_00000536' (key completely removed)
🗑️ MEST Delete: post-delete root_hash=[e3, b0, c4, 42, 98, fc, 1c, 14]...
🗑️ MEST Delete: keyword='education', fid='educ_00000536' (key completely removed)
🗑️ MEST Delete: post-delete root_hash=[e3, b0, c4, 42, 98, fc, 1c, 14]...
🔧 MEST Add: keyword='education', fid='educ_00000539'
🔧 MEST Add: proof size=159 bytes, root_hash=[ab, 85, 27, ca, 3e, ef, fd, 84]...
🔍 MEST Query: keyword='education', found 1 fids
🔍 MEST Query: returning proof (159 bytes)
🗑️ MEST Delete: keyword='education', fid='educ_00000539' (key completely removed)
🗑️ MEST Delete: post-delete root_hash=[e3, b0, c4, 42, 98, fc, 1c, 14]...
🗑️ MEST Delete: keyword='education', fid='educ_00000539' (key completely removed)
🗑️ MEST Delete: post-delete root_hash=[e3, b0, c4, 42, 98, fc, 1c, 14]...
🔧 MEST Add: keyword='education', fid='educ_00000547'
🔧 MEST Add: proof size=159 bytes, root_hash=[e6, 19, 86, 0b, a5, 26, de, 79]...
🔍 MEST Query: keyword='education', found 1 fids
🔍 MEST Query: returning proof (159 bytes)
🗑️ MEST Delete: keyword='education', fid='educ_00000547' (key completely removed)
🗑️ MEST Delete: post-delete root_hash=[e3, b0, c4, 42, 98, fc, 1c, 14]...
🗑️ MEST Delete: keyword='education', fid='educ_00000547' (key completely removed)
🗑️ MEST Delete: post-delete root_hash=[e3, b0, c4, 42, 98, fc, 1c, 14]...
🔧 MEST Add: keyword='education', fid='educ_00000558'
🔧 MEST Add: proof size=159 bytes, root_hash=[78, e1, 9a, 93, 81, d9, 1a, 7e]...
🔍 MEST Query: keyword='education', found 1 fids
🔍 MEST Query: returning proof (159 bytes)
🗑️ MEST Delete: keyword='education', fid='educ_00000558' (key completely removed)
🗑️ MEST Delete: post-delete root_hash=[e3, b0, c4, 42, 98, fc, 1c, 14]...
🗑️ MEST Delete: keyword='education', fid='educ_00000558' (key completely removed)
🗑️ MEST Delete: post-delete root_hash=[e3, b0, c4, 42, 98, fc, 1c, 14]...
🔧 MEST Add: keyword='education', fid='educ_00000579'
🔧 MEST Add: proof size=159 bytes, root_hash=[ac, c1, 6e, 69, b5, 9d, 1f, 71]...
🔍 MEST Query: keyword='education', found 1 fids
🔍 MEST Query: returning proof (159 bytes)
🗑️ MEST Delete: keyword='education', fid='educ_00000579' (key completely removed)
🗑️ MEST Delete: post-delete root_hash=[e3, b0, c4, 42, 98, fc, 1c, 14]...
🗑️ MEST Delete: keyword='education', fid='educ_00000579' (key completely removed)
🗑️ MEST Delete: post-delete root_hash=[e3, b0, c4, 42, 98, fc, 1c, 14]...
🔧 MEST Add: keyword='education', fid='educ_00000584'
🔧 MEST Add: proof size=159 bytes, root_hash=[0e, 18, 55, a9, 26, 7a, 44, 3c]...
🔍 MEST Query: keyword='education', found 1 fids
🔍 MEST Query: returning proof (159 bytes)
🗑️ MEST Delete: keyword='education', fid='educ_00000584' (key completely removed)
🗑️ MEST Delete: post-delete root_hash=[e3, b0, c4, 42, 98, fc, 1c, 14]...
🗑️ MEST Delete: keyword='education', fid='educ_00000584' (key completely removed)
🗑️ MEST Delete: post-delete root_hash=[e3, b0, c4, 42, 98, fc, 1c, 14]...
🔧 MEST Add: keyword='education', fid='educ_00000613'
🔧 MEST Add: proof size=159 bytes, root_hash=[e6, b0, 76, 13, 6c, 81, e5, c4]...
🔍 MEST Query: keyword='education', found 1 fids
🔍 MEST Query: returning proof (159 bytes)
🗑️ MEST Delete: keyword='education', fid='educ_00000613' (key completely removed)
🗑️ MEST Delete: post-delete root_hash=[e3, b0, c4, 42, 98, fc, 1c, 14]...
🗑️ MEST Delete: keyword='education', fid='educ_00000613' (key completely removed)
🗑️ MEST Delete: post-delete root_hash=[e3, b0, c4, 42, 98, fc, 1c, 14]...
🔧 MEST Add: keyword='education', fid='educ_00000624'
🔧 MEST Add: proof size=159 bytes, root_hash=[65, e1, 7f, 99, 0d, 60, a9, 8b]...
🔍 MEST Query: keyword='education', found 1 fids
🔍 MEST Query: returning proof (159 bytes)
🗑️ MEST Delete: keyword='education', fid='educ_00000624' (key completely removed)
🗑️ MEST Delete: post-delete root_hash=[e3, b0, c4, 42, 98, fc, 1c, 14]...
🗑️ MEST Delete: keyword='education', fid='educ_00000624' (key completely removed)
🗑️ MEST Delete: post-delete root_hash=[e3, b0, c4, 42, 98, fc, 1c, 14]...
🔧 MEST Add: keyword='education', fid='educ_00000645'
🔧 MEST Add: proof size=159 bytes, root_hash=[f8, fe, cb, 08, b5, fc, 14, f4]...
🔍 MEST Query: keyword='education', found 1 fids
🔍 MEST Query: returning proof (159 bytes)
🗑️ MEST Delete: keyword='education', fid='educ_00000645' (key completely removed)
🗑️ MEST Delete: post-delete root_hash=[e3, b0, c4, 42, 98, fc, 1c, 14]...
🗑️ MEST Delete: keyword='education', fid='educ_00000645' (key completely removed)
🗑️ MEST Delete: post-delete root_hash=[e3, b0, c4, 42, 98, fc, 1c, 14]...
🔧 MEST Add: keyword='education', fid='educ_00000662'
🔧 MEST Add: proof size=159 bytes, root_hash=[80, f3, 06, 8f, db, 99, a9, 19]...
🔍 MEST Query: keyword='education', found 1 fids
🔍 MEST Query: returning proof (159 bytes)
🗑️ MEST Delete: keyword='education', fid='educ_00000662' (key completely removed)
🗑️ MEST Delete: post-delete root_hash=[e3, b0, c4, 42, 98, fc, 1c, 14]...
🗑️ MEST Delete: keyword='education', fid='educ_00000662' (key completely removed)
🗑️ MEST Delete: post-delete root_hash=[e3, b0, c4, 42, 98, fc, 1c, 14]...
🔧 MEST Add: keyword='education', fid='educ_00000670'
🔧 MEST Add: proof size=159 bytes, root_hash=[ef, 27, 7a, 18, b5, b1, 5b, d5]...
🔍 MEST Query: keyword='education', found 1 fids
🔍 MEST Query: returning proof (159 bytes)
🗑️ MEST Delete: keyword='education', fid='educ_00000670' (key completely removed)
🗑️ MEST Delete: post-delete root_hash=[e3, b0, c4, 42, 98, fc, 1c, 14]...
🗑️ MEST Delete: keyword='education', fid='educ_00000670' (key completely removed)
🗑️ MEST Delete: post-delete root_hash=[e3, b0, c4, 42, 98, fc, 1c, 14]...
🔧 MEST Add: keyword='education', fid='educ_00000674'
🔧 MEST Add: proof size=159 bytes, root_hash=[04, 80, 18, b2, 66, ae, 67, 5c]...
🔍 MEST Query: keyword='education', found 1 fids
🔍 MEST Query: returning proof (159 bytes)
🗑️ MEST Delete: keyword='education', fid='educ_00000674' (key completely removed)
🗑️ MEST Delete: post-delete root_hash=[e3, b0, c4, 42, 98, fc, 1c, 14]...
🗑️ MEST Delete: keyword='education', fid='educ_00000674' (key completely removed)
🗑️ MEST Delete: post-delete root_hash=[e3, b0, c4, 42, 98, fc, 1c, 14]...
🔧 MEST Add: keyword='education', fid='educ_00000696'
🔧 MEST Add: proof size=159 bytes, root_hash=[3f, 54, 0e, 43, 5c, ec, 9b, 9f]...
🔍 MEST Query: keyword='education', found 1 fids
🔍 MEST Query: returning proof (159 bytes)
🗑️ MEST Delete: keyword='education', fid='educ_00000696' (key completely removed)
🗑️ MEST Delete: post-delete root_hash=[e3, b0, c4, 42, 98, fc, 1c, 14]...
🗑️ MEST Delete: keyword='education', fid='educ_00000696' (key completely removed)
🗑️ MEST Delete: post-delete root_hash=[e3, b0, c4, 42, 98, fc, 1c, 14]...
🔧 MEST Add: keyword='education', fid='educ_00000720'
🔧 MEST Add: proof size=159 bytes, root_hash=[d7, 03, fa, 16, 37, 33, f4, 70]...
🔍 MEST Query: keyword='education', found 1 fids
🔍 MEST Query: returning proof (159 bytes)
🗑️ MEST Delete: keyword='education', fid='educ_00000720' (key completely removed)
🗑️ MEST Delete: post-delete root_hash=[e3, b0, c4, 42, 98, fc, 1c, 14]...
🗑️ MEST Delete: keyword='education', fid='educ_00000720' (key completely removed)
🗑️ MEST Delete: post-delete root_hash=[e3, b0, c4, 42, 98, fc, 1c, 14]...
🔧 MEST Add: keyword='education', fid='educ_00000728'
🔧 MEST Add: proof size=159 bytes, root_hash=[1f, 03, 8d, 2d, 4f, dc, 2f, 84]...
🔍 MEST Query: keyword='education', found 1 fids
🔍 MEST Query: returning proof (159 bytes)
🗑️ MEST Delete: keyword='education', fid='educ_00000728' (key completely removed)
🗑️ MEST Delete: post-delete root_hash=[e3, b0, c4, 42, 98, fc, 1c, 14]...
🗑️ MEST Delete: keyword='education', fid='educ_00000728' (key completely removed)
🗑️ MEST Delete: post-delete root_hash=[e3, b0, c4, 42, 98, fc, 1c, 14]...
🔧 MEST Add: keyword='education', fid='educ_00000731'
🔧 MEST Add: proof size=159 bytes, root_hash=[03, f4, 10, ce, cb, 17, 40, b9]...
🔍 MEST Query: keyword='education', found 1 fids
🔍 MEST Query: returning proof (159 bytes)
🗑️ MEST Delete: keyword='education', fid='educ_00000731' (key completely removed)
🗑️ MEST Delete: post-delete root_hash=[e3, b0, c4, 42, 98, fc, 1c, 14]...
🗑️ MEST Delete: keyword='education', fid='educ_00000731' (key completely removed)
🗑️ MEST Delete: post-delete root_hash=[e3, b0, c4, 42, 98, fc, 1c, 14]...
🔧 MEST Add: keyword='education', fid='educ_00000733'
🔧 MEST Add: proof size=159 bytes, root_hash=[76, e2, d4, da, d4, e8, d5, ad]...
🔍 MEST Query: keyword='education', found 1 fids
🔍 MEST Query: returning proof (159 bytes)
🗑️ MEST Delete: keyword='education', fid='educ_00000733' (key completely removed)
🗑️ MEST Delete: post-delete root_hash=[e3, b0, c4, 42, 98, fc, 1c, 14]...
🗑️ MEST Delete: keyword='education', fid='educ_00000733' (key completely removed)
🗑️ MEST Delete: post-delete root_hash=[e3, b0, c4, 42, 98, fc, 1c, 14]...
🔧 MEST Add: keyword='education', fid='educ_00000746'
🔧 MEST Add: proof size=159 bytes, root_hash=[4a, ba, f2, c7, f4, dd, 8f, d2]...
🔍 MEST Query: keyword='education', found 1 fids
🔍 MEST Query: returning proof (159 bytes)
🗑️ MEST Delete: keyword='education', fid='educ_00000746' (key completely removed)
🗑️ MEST Delete: post-delete root_hash=[e3, b0, c4, 42, 98, fc, 1c, 14]...
🗑️ MEST Delete: keyword='education', fid='educ_00000746' (key completely removed)
🗑️ MEST Delete: post-delete root_hash=[e3, b0, c4, 42, 98, fc, 1c, 14]...
🔧 MEST Add: keyword='education', fid='educ_00000760'
🔧 MEST Add: proof size=159 bytes, root_hash=[c0, d4, c2, 23, c9, 45, 82, 19]...
🔍 MEST Query: keyword='education', found 1 fids
🔍 MEST Query: returning proof (159 bytes)
🗑️ MEST Delete: keyword='education', fid='educ_00000760' (key completely removed)
🗑️ MEST Delete: post-delete root_hash=[e3, b0, c4, 42, 98, fc, 1c, 14]...
🗑️ MEST Delete: keyword='education', fid='educ_00000760' (key completely removed)
🗑️ MEST Delete: post-delete root_hash=[e3, b0, c4, 42, 98, fc, 1c, 14]...
🔧 MEST Add: keyword='education', fid='educ_00000805'
🔧 MEST Add: proof size=159 bytes, root_hash=[dc, 4d, a1, 4e, 31, c2, d4, cc]...
🔍 MEST Query: keyword='education', found 1 fids
🔍 MEST Query: returning proof (159 bytes)
🗑️ MEST Delete: keyword='education', fid='educ_00000805' (key completely removed)
🗑️ MEST Delete: post-delete root_hash=[e3, b0, c4, 42, 98, fc, 1c, 14]...
🗑️ MEST Delete: keyword='education', fid='educ_00000805' (key completely removed)
🗑️ MEST Delete: post-delete root_hash=[e3, b0, c4, 42, 98, fc, 1c, 14]...
🔧 MEST Add: keyword='education', fid='educ_00000813'
🔧 MEST Add: proof size=159 bytes, root_hash=[1a, 17, 58, 09, c5, c6, 52, d9]...
🔍 MEST Query: keyword='education', found 1 fids
🔍 MEST Query: returning proof (159 bytes)
🗑️ MEST Delete: keyword='education', fid='educ_00000813' (key completely removed)
🗑️ MEST Delete: post-delete root_hash=[e3, b0, c4, 42, 98, fc, 1c, 14]...
🗑️ MEST Delete: keyword='education', fid='educ_00000813' (key completely removed)
🗑️ MEST Delete: post-delete root_hash=[e3, b0, c4, 42, 98, fc, 1c, 14]...
🔧 MEST Add: keyword='education', fid='educ_00000830'
🔧 MEST Add: proof size=159 bytes, root_hash=[d2, 85, e7, 92, 0f, 1c, 37, 35]...
🔍 MEST Query: keyword='education', found 1 fids
🔍 MEST Query: returning proof (159 bytes)
🗑️ MEST Delete: keyword='education', fid='educ_00000830' (key completely removed)
🗑️ MEST Delete: post-delete root_hash=[e3, b0, c4, 42, 98, fc, 1c, 14]...
🗑️ MEST Delete: keyword='education', fid='educ_00000830' (key completely removed)
🗑️ MEST Delete: post-delete root_hash=[e3, b0, c4, 42, 98, fc, 1c, 14]...
🔧 MEST Add: keyword='education', fid='educ_00000831'
🔧 MEST Add: proof size=159 bytes, root_hash=[be, e3, 6a, 0b, aa, 73, 04, 83]...
🔍 MEST Query: keyword='education', found 1 fids
🔍 MEST Query: returning proof (159 bytes)
🗑️ MEST Delete: keyword='education', fid='educ_00000831' (key completely removed)
🗑️ MEST Delete: post-delete root_hash=[e3, b0, c4, 42, 98, fc, 1c, 14]...
🗑️ MEST Delete: keyword='education', fid='educ_00000831' (key completely removed)
🗑️ MEST Delete: post-delete root_hash=[e3, b0, c4, 42, 98, fc, 1c, 14]...
🔧 MEST Add: keyword='education', fid='educ_00000847'
🔧 MEST Add: proof size=159 bytes, root_hash=[9a, 28, a4, dd, 8e, 40, 1c, 80]...
🔍 MEST Query: keyword='education', found 1 fids
🔍 MEST Query: returning proof (159 bytes)
🗑️ MEST Delete: keyword='education', fid='educ_00000847' (key completely removed)
🗑️ MEST Delete: post-delete root_hash=[e3, b0, c4, 42, 98, fc, 1c, 14]...
🗑️ MEST Delete: keyword='education', fid='educ_00000847' (key completely removed)
🗑️ MEST Delete: post-delete root_hash=[e3, b0, c4, 42, 98, fc, 1c, 14]...
🔧 MEST Add: keyword='education', fid='educ_00000853'
🔧 MEST Add: proof size=159 bytes, root_hash=[0c, 46, f6, 0e, 8e, ab, 47, eb]...
🔍 MEST Query: keyword='education', found 1 fids
🔍 MEST Query: returning proof (159 bytes)
🗑️ MEST Delete: keyword='education', fid='educ_00000853' (key completely removed)
🗑️ MEST Delete: post-delete root_hash=[e3, b0, c4, 42, 98, fc, 1c, 14]...
🗑️ MEST Delete: keyword='education', fid='educ_00000853' (key completely removed)
🗑️ MEST Delete: post-delete root_hash=[e3, b0, c4, 42, 98, fc, 1c, 14]...
🔧 MEST Add: keyword='education', fid='educ_00000857'
🔧 MEST Add: proof size=159 bytes, root_hash=[88, 06, 10, 20, 05, 92, d2, 14]...
🔍 MEST Query: keyword='education', found 1 fids
🔍 MEST Query: returning proof (159 bytes)
🗑️ MEST Delete: keyword='education', fid='educ_00000857' (key completely removed)
🗑️ MEST Delete: post-delete root_hash=[e3, b0, c4, 42, 98, fc, 1c, 14]...
🗑️ MEST Delete: keyword='education', fid='educ_00000857' (key completely removed)
🗑️ MEST Delete: post-delete root_hash=[e3, b0, c4, 42, 98, fc, 1c, 14]...
🔧 MEST Add: keyword='education', fid='educ_00000858'
🔧 MEST Add: proof size=159 bytes, root_hash=[d3, 9e, cc, 85, 63, 8c, a2, 76]...
🔍 MEST Query: keyword='education', found 1 fids
🔍 MEST Query: returning proof (159 bytes)
🗑️ MEST Delete: keyword='education', fid='educ_00000858' (key completely removed)
🗑️ MEST Delete: post-delete root_hash=[e3, b0, c4, 42, 98, fc, 1c, 14]...
🗑️ MEST Delete: keyword='education', fid='educ_00000858' (key completely removed)
🗑️ MEST Delete: post-delete root_hash=[e3, b0, c4, 42, 98, fc, 1c, 14]...
🔧 MEST Add: keyword='education', fid='educ_00000860'
🔧 MEST Add: proof size=159 bytes, root_hash=[ae, ff, 42, 3e, 42, 3b, b2, c1]...
🔍 MEST Query: keyword='education', found 1 fids
🔍 MEST Query: returning proof (159 bytes)
🗑️ MEST Delete: keyword='education', fid='educ_00000860' (key completely removed)
🗑️ MEST Delete: post-delete root_hash=[e3, b0, c4, 42, 98, fc, 1c, 14]...
🗑️ MEST Delete: keyword='education', fid='educ_00000860' (key completely removed)
🗑️ MEST Delete: post-delete root_hash=[e3, b0, c4, 42, 98, fc, 1c, 14]...
🔧 MEST Add: keyword='education', fid='educ_00000876'
🔧 MEST Add: proof size=159 bytes, root_hash=[30, f4, 3b, ac, de, cf, e1, 22]...
🔍 MEST Query: keyword='education', found 1 fids
🔍 MEST Query: returning proof (159 bytes)
🗑️ MEST Delete: keyword='education', fid='educ_00000876' (key completely removed)
🗑️ MEST Delete: post-delete root_hash=[e3, b0, c4, 42, 98, fc, 1c, 14]...
🗑️ MEST Delete: keyword='education', fid='educ_00000876' (key completely removed)
🗑️ MEST Delete: post-delete root_hash=[e3, b0, c4, 42, 98, fc, 1c, 14]...
🔧 MEST Add: keyword='education', fid='educ_00000877'
🔧 MEST Add: proof size=159 bytes, root_hash=[61, 59, fd, 89, 66, 2c, 6d, a6]...
🔍 MEST Query: keyword='education', found 1 fids
🔍 MEST Query: returning proof (159 bytes)
🗑️ MEST Delete: keyword='education', fid='educ_00000877' (key completely removed)
🗑️ MEST Delete: post-delete root_hash=[e3, b0, c4, 42, 98, fc, 1c, 14]...
🗑️ MEST Delete: keyword='education', fid='educ_00000877' (key completely removed)
🗑️ MEST Delete: post-delete root_hash=[e3, b0, c4, 42, 98, fc, 1c, 14]...
🔧 MEST Add: keyword='education', fid='educ_00000890'
🔧 MEST Add: proof size=159 bytes, root_hash=[c3, 6e, 50, dd, 0b, b8, da, e5]...
🔍 MEST Query: keyword='education', found 1 fids
🔍 MEST Query: returning proof (159 bytes)
🗑️ MEST Delete: keyword='education', fid='educ_00000890' (key completely removed)
🗑️ MEST Delete: post-delete root_hash=[e3, b0, c4, 42, 98, fc, 1c, 14]...
🗑️ MEST Delete: keyword='education', fid='educ_00000890' (key completely removed)
🗑️ MEST Delete: post-delete root_hash=[e3, b0, c4, 42, 98, fc, 1c, 14]...
🔧 MEST Add: keyword='education', fid='educ_00000901'
🔧 MEST Add: proof size=159 bytes, root_hash=[b7, 45, b4, da, d0, d7, 88, 42]...
🔍 MEST Query: keyword='education', found 1 fids
🔍 MEST Query: returning proof (159 bytes)
🗑️ MEST Delete: keyword='education', fid='educ_00000901' (key completely removed)
🗑️ MEST Delete: post-delete root_hash=[e3, b0, c4, 42, 98, fc, 1c, 14]...
🗑️ MEST Delete: keyword='education', fid='educ_00000901' (key completely removed)
🗑️ MEST Delete: post-delete root_hash=[e3, b0, c4, 42, 98, fc, 1c, 14]...
🔧 MEST Add: keyword='education', fid='educ_00000906'
🔧 MEST Add: proof size=159 bytes, root_hash=[14, 12, e8, 33, 34, 41, d2, 48]...
🔍 MEST Query: keyword='education', found 1 fids
🔍 MEST Query: returning proof (159 bytes)
🗑️ MEST Delete: keyword='education', fid='educ_00000906' (key completely removed)
🗑️ MEST Delete: post-delete root_hash=[e3, b0, c4, 42, 98, fc, 1c, 14]...
🗑️ MEST Delete: keyword='education', fid='educ_00000906' (key completely removed)
🗑️ MEST Delete: post-delete root_hash=[e3, b0, c4, 42, 98, fc, 1c, 14]...
🔧 MEST Add: keyword='education', fid='educ_00000909'
🔧 MEST Add: proof size=159 bytes, root_hash=[75, 15, ef, 2d, 0a, 64, 54, 0e]...
🔍 MEST Query: keyword='education', found 1 fids
🔍 MEST Query: returning proof (159 bytes)
🗑️ MEST Delete: keyword='education', fid='educ_00000909' (key completely removed)
🗑️ MEST Delete: post-delete root_hash=[e3, b0, c4, 42, 98, fc, 1c, 14]...
🗑️ MEST Delete: keyword='education', fid='educ_00000909' (key completely removed)
🗑️ MEST Delete: post-delete root_hash=[e3, b0, c4, 42, 98, fc, 1c, 14]...
🔧 MEST Add: keyword='education', fid='educ_00000913'
🔧 MEST Add: proof size=159 bytes, root_hash=[57, 94, 2d, 6d, 7d, b4, 07, 92]...
🔍 MEST Query: keyword='education', found 1 fids
🔍 MEST Query: returning proof (159 bytes)
🗑️ MEST Delete: keyword='education', fid='educ_00000913' (key completely removed)
🗑️ MEST Delete: post-delete root_hash=[e3, b0, c4, 42, 98, fc, 1c, 14]...
🗑️ MEST Delete: keyword='education', fid='educ_00000913' (key completely removed)
🗑️ MEST Delete: post-delete root_hash=[e3, b0, c4, 42, 98, fc, 1c, 14]...
🔧 MEST Add: keyword='education', fid='educ_00000920'
🔧 MEST Add: proof size=159 bytes, root_hash=[4f, cd, 63, 88, b1, 87, e7, 24]...
🔍 MEST Query: keyword='education', found 1 fids
🔍 MEST Query: returning proof (159 bytes)
🗑️ MEST Delete: keyword='education', fid='educ_00000920' (key completely removed)
🗑️ MEST Delete: post-delete root_hash=[e3, b0, c4, 42, 98, fc, 1c, 14]...
🗑️ MEST Delete: keyword='education', fid='educ_00000920' (key completely removed)
🗑️ MEST Delete: post-delete root_hash=[e3, b0, c4, 42, 98, fc, 1c, 14]...
🔧 MEST Add: keyword='education', fid='educ_00000923'
🔧 MEST Add: proof size=159 bytes, root_hash=[fb, 34, 98, 5d, ae, 3c, b3, 60]...
🔍 MEST Query: keyword='education', found 1 fids
🔍 MEST Query: returning proof (159 bytes)
🗑️ MEST Delete: keyword='education', fid='educ_00000923' (key completely removed)
🗑️ MEST Delete: post-delete root_hash=[e3, b0, c4, 42, 98, fc, 1c, 14]...
🗑️ MEST Delete: keyword='education', fid='educ_00000923' (key completely removed)
🗑️ MEST Delete: post-delete root_hash=[e3, b0, c4, 42, 98, fc, 1c, 14]...
🔧 MEST Add: keyword='education', fid='educ_00000937'
🔧 MEST Add: proof size=159 bytes, root_hash=[3f, 03, 98, cb, dd, 85, 8f, 3c]...
🔍 MEST Query: keyword='education', found 1 fids
🔍 MEST Query: returning proof (159 bytes)
🗑️ MEST Delete: keyword='education', fid='educ_00000937' (key completely removed)
🗑️ MEST Delete: post-delete root_hash=[e3, b0, c4, 42, 98, fc, 1c, 14]...
🗑️ MEST Delete: keyword='education', fid='educ_00000937' (key completely removed)
🗑️ MEST Delete: post-delete root_hash=[e3, b0, c4, 42, 98, fc, 1c, 14]...
🔧 MEST Add: keyword='education', fid='educ_00000944'
🔧 MEST Add: proof size=159 bytes, root_hash=[d6, 59, a5, 22, ef, 11, b5, a1]...
🔍 MEST Query: keyword='education', found 1 fids
🔍 MEST Query: returning proof (159 bytes)
🗑️ MEST Delete: keyword='education', fid='educ_00000944' (key completely removed)
🗑️ MEST Delete: post-delete root_hash=[e3, b0, c4, 42, 98, fc, 1c, 14]...
🗑️ MEST Delete: keyword='education', fid='educ_00000944' (key completely removed)
🗑️ MEST Delete: post-delete root_hash=[e3, b0, c4, 42, 98, fc, 1c, 14]...
🔧 MEST Add: keyword='education', fid='educ_00000955'
🔧 MEST Add: proof size=159 bytes, root_hash=[f2, a6, 75, 69, 45, 69, e2, 58]...
🔍 MEST Query: keyword='education', found 1 fids
🔍 MEST Query: returning proof (159 bytes)
🗑️ MEST Delete: keyword='education', fid='educ_00000955' (key completely removed)
🗑️ MEST Delete: post-delete root_hash=[e3, b0, c4, 42, 98, fc, 1c, 14]...
🗑️ MEST Delete: keyword='education', fid='educ_00000955' (key completely removed)
🗑️ MEST Delete: post-delete root_hash=[e3, b0, c4, 42, 98, fc, 1c, 14]...
🔧 MEST Add: keyword='education', fid='educ_00000961'
🔧 MEST Add: proof size=159 bytes, root_hash=[cf, 35, 7d, 52, 0f, df, c9, ea]...
🔍 MEST Query: keyword='education', found 1 fids
🔍 MEST Query: returning proof (159 bytes)
🗑️ MEST Delete: keyword='education', fid='educ_00000961' (key completely removed)
🗑️ MEST Delete: post-delete root_hash=[e3, b0, c4, 42, 98, fc, 1c, 14]...
🗑️ MEST Delete: keyword='education', fid='educ_00000961' (key completely removed)
🗑️ MEST Delete: post-delete root_hash=[e3, b0, c4, 42, 98, fc, 1c, 14]...
🔧 MEST Add: keyword='education', fid='educ_00000965'
🔧 MEST Add: proof size=159 bytes, root_hash=[ca, 77, 1b, 3e, a2, d0, 76, 2f]...
🔍 MEST Query: keyword='education', found 1 fids
🔍 MEST Query: returning proof (159 bytes)
🗑️ MEST Delete: keyword='education', fid='educ_00000965' (key completely removed)
🗑️ MEST Delete: post-delete root_hash=[e3, b0, c4, 42, 98, fc, 1c, 14]...
🗑️ MEST Delete: keyword='education', fid='educ_00000965' (key completely removed)
🗑️ MEST Delete: post-delete root_hash=[e3, b0, c4, 42, 98, fc, 1c, 14]...
🔧 MEST Add: keyword='education', fid='educ_00000973'
🔧 MEST Add: proof size=159 bytes, root_hash=[e1, 4f, 1d, 89, fb, 08, 9f, 96]...
🔍 MEST Query: keyword='education', found 1 fids
🔍 MEST Query: returning proof (159 bytes)
🗑️ MEST Delete: keyword='education', fid='educ_00000973' (key completely removed)
🗑️ MEST Delete: post-delete root_hash=[e3, b0, c4, 42, 98, fc, 1c, 14]...
🗑️ MEST Delete: keyword='education', fid='educ_00000973' (key completely removed)
🗑️ MEST Delete: post-delete root_hash=[e3, b0, c4, 42, 98, fc, 1c, 14]...
🔧 MEST Add: keyword='education', fid='educ_00000975'
🔧 MEST Add: proof size=159 bytes, root_hash=[e3, 94, 23, a3, c1, c7, 0f, 63]...
🔍 MEST Query: keyword='education', found 1 fids
🔍 MEST Query: returning proof (159 bytes)
🗑️ MEST Delete: keyword='education', fid='educ_00000975' (key completely removed)
🗑️ MEST Delete: post-delete root_hash=[e3, b0, c4, 42, 98, fc, 1c, 14]...
🗑️ MEST Delete: keyword='education', fid='educ_00000975' (key completely removed)
🗑️ MEST Delete: post-delete root_hash=[e3, b0, c4, 42, 98, fc, 1c, 14]...
🔧 MEST Add: keyword='education', fid='educ_00000990'
🔧 MEST Add: proof size=159 bytes, root_hash=[0e, b3, 4e, a9, ee, 69, e2, f9]...
🔍 MEST Query: keyword='education', found 1 fids
🔍 MEST Query: returning proof (159 bytes)
🗑️ MEST Delete: keyword='education', fid='educ_00000990' (key completely removed)
🗑️ MEST Delete: post-delete root_hash=[e3, b0, c4, 42, 98, fc, 1c, 14]...
🗑️ MEST Delete: keyword='education', fid='educ_00000990' (key completely removed)
🗑️ MEST Delete: post-delete root_hash=[e3, b0, c4, 42, 98, fc, 1c, 14]...
🔧 MEST Add: keyword='education', fid='educ_00000992'
🔧 MEST Add: proof size=159 bytes, root_hash=[cd, 21, 48, 18, e7, a6, 95, 90]...
🔍 MEST Query: keyword='education', found 1 fids
🔍 MEST Query: returning proof (159 bytes)
🗑️ MEST Delete: keyword='education', fid='educ_00000992' (key completely removed)
🗑️ MEST Delete: post-delete root_hash=[e3, b0, c4, 42, 98, fc, 1c, 14]...
🗑️ MEST Delete: keyword='education', fid='educ_00000992' (key completely removed)
🗑️ MEST Delete: post-delete root_hash=[e3, b0, c4, 42, 98, fc, 1c, 14]...
