warning: profiles for the non root package will be ignored, specify profiles at the workspace root:
package:   /root/distributed-storage-system/crates/storager/ads_lib/Cargo.toml
workspace: /root/distributed-storage-system/Cargo.toml
warning: value assigned to `is_change` is never read
   --> crates/storager/ads_lib/src/mpt/mpt.rs:256:21
    |
256 |             let mut is_change = false;
    |                     ^^^^^^^^^
    |
    = help: maybe it is overwritten before being read?
    = note: `#[warn(unused_assignments)]` on by default

warning: value assigned to `is_change` is never read
   --> crates/storager/ads_lib/src/mpt/mpt.rs:462:25
    |
462 |                 let mut is_change = false;
    |                         ^^^^^^^^^
    |
    = help: maybe it is overwritten before being read?

warning: unused variable: `had_value`
   --> crates/storager/ads_lib/src/mpt/mpt.rs:526:21
    |
526 |                 let had_value = !old_value_str.is_empty();
    |                     ^^^^^^^^^ help: if this is intentional, prefix it with an underscore: `_had_value`
    |
    = note: `#[warn(unused_variables)]` on by default

warning: associated functions `short_node_batch_fix` and `full_node_batch_fix` are never used
    --> crates/storager/ads_lib/src/mpt/mpt.rs:1743:8
     |
  50 | impl MPT {
     | -------- associated functions in this implementation
...
1743 |     fn short_node_batch_fix(node: Arc<RwLock<ShortNode>>) -> Result<(), MPTError> {
     |        ^^^^^^^^^^^^^^^^^^^^
...
1748 |     fn full_node_batch_fix(node: Arc<RwLock<FullNode>>) -> Result<(), MPTError> {
     |        ^^^^^^^^^^^^^^^^^^^
     |
     = note: `#[warn(dead_code)]` on by default

warning: function `hash_mgt_node` is never used
   --> crates/storager/ads_lib/src/mest/proof.rs:253:4
    |
253 | fn hash_mgt_node(children: &[[u8; 32]]) -> [u8; 32] {
    |    ^^^^^^^^^^^^^

warning: `ads_rust` (lib) generated 5 warnings
warning: unused variable: `acc_old`
   --> crates/common/src/verification.rs:721:13
    |
721 |         let acc_old = match G1Affine::deserialize_uncompressed(&proof[offset..offset + acc_old_len]) {
    |             ^^^^^^^ help: if this is intentional, prefix it with an underscore: `_acc_old`
    |
    = note: `#[warn(unused_variables)]` on by default

warning: `common` (lib) generated 1 warning
warning: unused imports: `Digest` and `Sha256`
   --> crates/storager/src/ads/acctrie_ads.rs:452:20
    |
452 |         use sha2::{Digest, Sha256};
    |                    ^^^^^^  ^^^^^^
    |
    = note: `#[warn(unused_imports)]` on by default

warning: `storager` (lib) generated 1 warning (run `cargo fix --lib -p storager` to apply 1 suggestion)
    Finished `release` profile [optimized] target(s) in 0.15s
     Running `target/release/storager 50101 mest`
🔧 MEST Add: keyword='fashion', fid='life_00000022'
🔧 MEST Add: proof size=157 bytes, root_hash=[bf, f7, 9a, 97, 97, 2d, a1, b1]...
🗑️ MEST Delete: keyword='fashion', fid='life_00000022' (key completely removed)
🗑️ MEST Delete: post-delete root_hash=[e3, b0, c4, 42, 98, fc, 1c, 14]...
🔧 MEST Add: keyword='ecology', fid='envi_00000062'
🔧 MEST Add: proof size=157 bytes, root_hash=[92, 51, 1a, 7d, 41, de, 36, 2d]...
🔧 MEST Add: keyword='ecology', fid='envi_00000062'
🔧 MEST Add: proof size=157 bytes, root_hash=[92, 51, 1a, 7d, 41, de, 36, 2d]...
🗑️ MEST Delete: keyword='ecology', fid='envi_00000062' (key completely removed)
🗑️ MEST Delete: post-delete root_hash=[e3, b0, c4, 42, 98, fc, 1c, 14]...
🔧 MEST Add: keyword='data', fid='scie_00000146'
🔧 MEST Add: proof size=154 bytes, root_hash=[03, 3a, 30, d8, 0e, d4, 85, c0]...
🗑️ MEST Delete: keyword='data', fid='scie_00000146' (key completely removed)
🗑️ MEST Delete: post-delete root_hash=[e3, b0, c4, 42, 98, fc, 1c, 14]...
🔧 MEST Add: keyword='ecology', fid='envi_00000161'
🔧 MEST Add: proof size=157 bytes, root_hash=[16, 71, bd, 95, 0e, 27, 67, f4]...
🗑️ MEST Delete: keyword='ecology', fid='envi_00000161' (key completely removed)
🗑️ MEST Delete: post-delete root_hash=[e3, b0, c4, 42, 98, fc, 1c, 14]...
🔧 MEST Add: keyword='fashion', fid='life_00000220'
🔧 MEST Add: proof size=157 bytes, root_hash=[7a, f7, 52, 3e, fb, 41, 8b, 00]...
🗑️ MEST Delete: keyword='fashion', fid='life_00000220' (key completely removed)
🗑️ MEST Delete: post-delete root_hash=[e3, b0, c4, 42, 98, fc, 1c, 14]...
🔧 MEST Add: keyword='fashion', fid='life_00000241'
🔧 MEST Add: proof size=157 bytes, root_hash=[6c, 8e, 45, 29, 6a, ae, 1d, f8]...
🔧 MEST Add: keyword='fashion', fid='life_00000241'
🔧 MEST Add: proof size=157 bytes, root_hash=[6c, 8e, 45, 29, 6a, ae, 1d, f8]...
🗑️ MEST Delete: keyword='fashion', fid='life_00000241' (key completely removed)
🗑️ MEST Delete: post-delete root_hash=[e3, b0, c4, 42, 98, fc, 1c, 14]...
🔧 MEST Add: keyword='data', fid='scie_00000266'
🔧 MEST Add: proof size=154 bytes, root_hash=[a4, 25, 57, 58, b0, 03, 95, e1]...
🔧 MEST Add: keyword='data', fid='scie_00000266'
🔧 MEST Add: proof size=154 bytes, root_hash=[a4, 25, 57, 58, b0, 03, 95, e1]...
🗑️ MEST Delete: keyword='data', fid='scie_00000266' (key completely removed)
🗑️ MEST Delete: post-delete root_hash=[e3, b0, c4, 42, 98, fc, 1c, 14]...
🔧 MEST Add: keyword='ecology', fid='envi_00000332'
🔧 MEST Add: proof size=157 bytes, root_hash=[7a, e1, 4c, 1f, a5, bd, b5, 0c]...
🗑️ MEST Delete: keyword='ecology', fid='envi_00000332' (key completely removed)
🗑️ MEST Delete: post-delete root_hash=[e3, b0, c4, 42, 98, fc, 1c, 14]...
🔧 MEST Add: keyword='data', fid='scie_00000353'
🔧 MEST Add: proof size=154 bytes, root_hash=[6e, 8e, 12, ef, 91, f3, 11, 60]...
🗑️ MEST Delete: keyword='data', fid='scie_00000353' (key completely removed)
🗑️ MEST Delete: post-delete root_hash=[e3, b0, c4, 42, 98, fc, 1c, 14]...
🔧 MEST Add: keyword='fashion', fid='life_00000382'
🔧 MEST Add: proof size=157 bytes, root_hash=[35, 64, aa, bc, d8, 18, 63, 87]...
🔧 MEST Add: keyword='fashion', fid='life_00000382'
🔧 MEST Add: proof size=157 bytes, root_hash=[35, 64, aa, bc, d8, 18, 63, 87]...
🗑️ MEST Delete: keyword='fashion', fid='life_00000382' (key completely removed)
🗑️ MEST Delete: post-delete root_hash=[e3, b0, c4, 42, 98, fc, 1c, 14]...
🔧 MEST Add: keyword='data', fid='scie_00000398'
🔧 MEST Add: proof size=154 bytes, root_hash=[55, df, 88, 72, 6d, fc, e9, 53]...
🔧 MEST Add: keyword='data', fid='scie_00000398'
🔧 MEST Add: proof size=154 bytes, root_hash=[55, df, 88, 72, 6d, fc, e9, 53]...
🗑️ MEST Delete: keyword='data', fid='scie_00000398' (key completely removed)
🗑️ MEST Delete: post-delete root_hash=[e3, b0, c4, 42, 98, fc, 1c, 14]...
🔧 MEST Add: keyword='ecology', fid='envi_00000400'
🔧 MEST Add: proof size=157 bytes, root_hash=[c3, 76, 3e, dc, 6f, 6d, 76, 72]...
🔧 MEST Add: keyword='ecology', fid='envi_00000400'
🔧 MEST Add: proof size=157 bytes, root_hash=[c3, 76, 3e, dc, 6f, 6d, 76, 72]...
🗑️ MEST Delete: keyword='ecology', fid='envi_00000400' (key completely removed)
🗑️ MEST Delete: post-delete root_hash=[e3, b0, c4, 42, 98, fc, 1c, 14]...
🔧 MEST Add: keyword='data', fid='scie_00000477'
🔧 MEST Add: proof size=154 bytes, root_hash=[01, 06, 73, 3c, 8e, 06, e9, e5]...
🗑️ MEST Delete: keyword='data', fid='scie_00000477' (key completely removed)
🗑️ MEST Delete: post-delete root_hash=[e3, b0, c4, 42, 98, fc, 1c, 14]...
🔧 MEST Add: keyword='fashion', fid='life_00000486'
🔧 MEST Add: proof size=157 bytes, root_hash=[ea, 87, 08, 13, 38, 14, f1, 7d]...
🔧 MEST Add: keyword='fashion', fid='life_00000486'
🔧 MEST Add: proof size=157 bytes, root_hash=[ea, 87, 08, 13, 38, 14, f1, 7d]...
🗑️ MEST Delete: keyword='fashion', fid='life_00000486' (key completely removed)
🗑️ MEST Delete: post-delete root_hash=[e3, b0, c4, 42, 98, fc, 1c, 14]...
🔧 MEST Add: keyword='fashion', fid='life_00000494'
🔧 MEST Add: proof size=157 bytes, root_hash=[ac, df, 2d, 50, 3f, e4, 04, ab]...
🗑️ MEST Delete: keyword='fashion', fid='life_00000494' (key completely removed)
🗑️ MEST Delete: post-delete root_hash=[e3, b0, c4, 42, 98, fc, 1c, 14]...
🔧 MEST Add: keyword='ecology', fid='envi_00000541'
🔧 MEST Add: proof size=157 bytes, root_hash=[53, 8e, 6b, 22, 15, 51, 2e, 6e]...
🗑️ MEST Delete: keyword='ecology', fid='envi_00000541' (key completely removed)
🗑️ MEST Delete: post-delete root_hash=[e3, b0, c4, 42, 98, fc, 1c, 14]...
🔧 MEST Add: keyword='data', fid='scie_00000542'
🔧 MEST Add: proof size=154 bytes, root_hash=[98, b6, a2, 1a, 9e, 5b, b2, 41]...
🗑️ MEST Delete: keyword='data', fid='scie_00000542' (key completely removed)
🗑️ MEST Delete: post-delete root_hash=[e3, b0, c4, 42, 98, fc, 1c, 14]...
🔧 MEST Add: keyword='fashion', fid='life_00000571'
🔧 MEST Add: proof size=157 bytes, root_hash=[10, 24, 54, d7, e8, 4b, ff, 8c]...
🗑️ MEST Delete: keyword='fashion', fid='life_00000571' (key completely removed)
🗑️ MEST Delete: post-delete root_hash=[e3, b0, c4, 42, 98, fc, 1c, 14]...
🔧 MEST Add: keyword='fashion', fid='life_00000580'
🔧 MEST Add: proof size=157 bytes, root_hash=[76, 11, 05, 4d, 1d, cd, 35, 60]...
🗑️ MEST Delete: keyword='fashion', fid='life_00000580' (key completely removed)
🗑️ MEST Delete: post-delete root_hash=[e3, b0, c4, 42, 98, fc, 1c, 14]...
🔧 MEST Add: keyword='ecology', fid='envi_00000621'
🔧 MEST Add: proof size=157 bytes, root_hash=[cd, 6c, e8, c8, 5f, 19, df, 08]...
🔧 MEST Add: keyword='ecology', fid='envi_00000621'
🔧 MEST Add: proof size=157 bytes, root_hash=[cd, 6c, e8, c8, 5f, 19, df, 08]...
🗑️ MEST Delete: keyword='ecology', fid='envi_00000621' (key completely removed)
🗑️ MEST Delete: post-delete root_hash=[e3, b0, c4, 42, 98, fc, 1c, 14]...
🔧 MEST Add: keyword='fashion', fid='life_00000636'
🔧 MEST Add: proof size=157 bytes, root_hash=[85, c9, d0, 72, 7d, 5a, f2, 29]...
🔧 MEST Add: keyword='fashion', fid='life_00000636'
🔧 MEST Add: proof size=157 bytes, root_hash=[85, c9, d0, 72, 7d, 5a, f2, 29]...
🗑️ MEST Delete: keyword='fashion', fid='life_00000636' (key completely removed)
🗑️ MEST Delete: post-delete root_hash=[e3, b0, c4, 42, 98, fc, 1c, 14]...
🔧 MEST Add: keyword='ecology', fid='envi_00000641'
🔧 MEST Add: proof size=157 bytes, root_hash=[b9, e1, c8, d1, b4, cd, 8c, 49]...
🗑️ MEST Delete: keyword='ecology', fid='envi_00000641' (key completely removed)
🗑️ MEST Delete: post-delete root_hash=[e3, b0, c4, 42, 98, fc, 1c, 14]...
🔧 MEST Add: keyword='fashion', fid='life_00000646'
🔧 MEST Add: proof size=157 bytes, root_hash=[ea, 92, de, 4c, d3, 14, 34, 48]...
🗑️ MEST Delete: keyword='fashion', fid='life_00000646' (key completely removed)
🗑️ MEST Delete: post-delete root_hash=[e3, b0, c4, 42, 98, fc, 1c, 14]...
🔧 MEST Add: keyword='data', fid='scie_00000649'
🔧 MEST Add: proof size=154 bytes, root_hash=[03, 41, 61, 27, a4, 43, ef, 4e]...
🗑️ MEST Delete: keyword='data', fid='scie_00000649' (key completely removed)
🗑️ MEST Delete: post-delete root_hash=[e3, b0, c4, 42, 98, fc, 1c, 14]...
🔧 MEST Add: keyword='ecology', fid='envi_00000652'
🔧 MEST Add: proof size=157 bytes, root_hash=[57, 5c, 64, 5f, 2f, bd, 3f, 2b]...
🔧 MEST Add: keyword='ecology', fid='envi_00000652'
🔧 MEST Add: proof size=157 bytes, root_hash=[57, 5c, 64, 5f, 2f, bd, 3f, 2b]...
🗑️ MEST Delete: keyword='ecology', fid='envi_00000652' (key completely removed)
🗑️ MEST Delete: post-delete root_hash=[e3, b0, c4, 42, 98, fc, 1c, 14]...
🔧 MEST Add: keyword='data', fid='scie_00000707'
🔧 MEST Add: proof size=154 bytes, root_hash=[a2, ad, 7d, 75, 53, cc, 70, c1]...
🗑️ MEST Delete: keyword='data', fid='scie_00000707' (key completely removed)
🗑️ MEST Delete: post-delete root_hash=[e3, b0, c4, 42, 98, fc, 1c, 14]...
🔧 MEST Add: keyword='data', fid='scie_00000724'
🔧 MEST Add: proof size=154 bytes, root_hash=[a0, 65, b5, da, 38, 2b, 63, 34]...
🗑️ MEST Delete: keyword='data', fid='scie_00000724' (key completely removed)
🗑️ MEST Delete: post-delete root_hash=[e3, b0, c4, 42, 98, fc, 1c, 14]...
🔧 MEST Add: keyword='ecology', fid='envi_00000757'
🔧 MEST Add: proof size=157 bytes, root_hash=[df, 1b, 65, ce, ea, ad, 94, 4a]...
🗑️ MEST Delete: keyword='ecology', fid='envi_00000757' (key completely removed)
🗑️ MEST Delete: post-delete root_hash=[e3, b0, c4, 42, 98, fc, 1c, 14]...
🔧 MEST Add: keyword='fashion', fid='life_00000765'
🔧 MEST Add: proof size=157 bytes, root_hash=[da, 15, a1, 5c, e7, 1a, 55, 95]...
🗑️ MEST Delete: keyword='fashion', fid='life_00000765' (key completely removed)
🗑️ MEST Delete: post-delete root_hash=[e3, b0, c4, 42, 98, fc, 1c, 14]...
🔧 MEST Add: keyword='fashion', fid='life_00000789'
🔧 MEST Add: proof size=157 bytes, root_hash=[dd, d6, 59, 8c, 06, 7f, d0, 78]...
🔧 MEST Add: keyword='fashion', fid='life_00000789'
🔧 MEST Add: proof size=157 bytes, root_hash=[dd, d6, 59, 8c, 06, 7f, d0, 78]...
🗑️ MEST Delete: keyword='fashion', fid='life_00000789' (key completely removed)
🗑️ MEST Delete: post-delete root_hash=[e3, b0, c4, 42, 98, fc, 1c, 14]...
🔧 MEST Add: keyword='fashion', fid='life_00000790'
🔧 MEST Add: proof size=157 bytes, root_hash=[f9, 86, eb, de, bc, d2, e2, f9]...
🗑️ MEST Delete: keyword='fashion', fid='life_00000790' (key completely removed)
🗑️ MEST Delete: post-delete root_hash=[e3, b0, c4, 42, 98, fc, 1c, 14]...
🔧 MEST Add: keyword='data', fid='scie_00000809'
🔧 MEST Add: proof size=154 bytes, root_hash=[70, 07, 47, 83, 50, b2, 66, de]...
🗑️ MEST Delete: keyword='data', fid='scie_00000809' (key completely removed)
🗑️ MEST Delete: post-delete root_hash=[e3, b0, c4, 42, 98, fc, 1c, 14]...
🔧 MEST Add: keyword='data', fid='scie_00000815'
🔧 MEST Add: proof size=154 bytes, root_hash=[4d, ae, b1, fa, 1f, 1b, 09, 12]...
🗑️ MEST Delete: keyword='data', fid='scie_00000815' (key completely removed)
🗑️ MEST Delete: post-delete root_hash=[e3, b0, c4, 42, 98, fc, 1c, 14]...
🔧 MEST Add: keyword='fashion', fid='life_00000882'
🔧 MEST Add: proof size=157 bytes, root_hash=[17, 0e, a6, 9f, 77, 1c, a9, 47]...
🗑️ MEST Delete: keyword='fashion', fid='life_00000882' (key completely removed)
🗑️ MEST Delete: post-delete root_hash=[e3, b0, c4, 42, 98, fc, 1c, 14]...
🔧 MEST Add: keyword='data', fid='scie_00000892'
🔧 MEST Add: proof size=154 bytes, root_hash=[7e, 9e, d3, ef, 41, 06, 71, 14]...
🗑️ MEST Delete: keyword='data', fid='scie_00000892' (key completely removed)
🗑️ MEST Delete: post-delete root_hash=[e3, b0, c4, 42, 98, fc, 1c, 14]...
🔧 MEST Add: keyword='data', fid='scie_00000940'
🔧 MEST Add: proof size=154 bytes, root_hash=[90, 06, 34, a9, 08, 8e, c1, 9c]...
🗑️ MEST Delete: keyword='data', fid='scie_00000940' (key completely removed)
🗑️ MEST Delete: post-delete root_hash=[e3, b0, c4, 42, 98, fc, 1c, 14]...
🔧 MEST Add: keyword='fashion', fid='life_00000946'
🔧 MEST Add: proof size=157 bytes, root_hash=[41, 80, 65, 48, 00, 1c, 70, 6c]...
🔧 MEST Add: keyword='fashion', fid='life_00000946'
🔧 MEST Add: proof size=157 bytes, root_hash=[41, 80, 65, 48, 00, 1c, 70, 6c]...
🗑️ MEST Delete: keyword='fashion', fid='life_00000946' (key completely removed)
🗑️ MEST Delete: post-delete root_hash=[e3, b0, c4, 42, 98, fc, 1c, 14]...
🔧 MEST Add: keyword='data', fid='scie_00000971'
🔧 MEST Add: proof size=154 bytes, root_hash=[35, 0f, 74, 61, 70, 06, 1e, e4]...
🗑️ MEST Delete: keyword='data', fid='scie_00000971' (key completely removed)
🗑️ MEST Delete: post-delete root_hash=[e3, b0, c4, 42, 98, fc, 1c, 14]...
🔧 MEST Add: keyword='ecology', fid='envi_00000981'
🔧 MEST Add: proof size=157 bytes, root_hash=[43, fd, 9c, bd, df, 11, fb, 89]...
🔧 MEST Add: keyword='ecology', fid='envi_00000981'
🔧 MEST Add: proof size=157 bytes, root_hash=[43, fd, 9c, bd, df, 11, fb, 89]...
🗑️ MEST Delete: keyword='ecology', fid='envi_00000981' (key completely removed)
🗑️ MEST Delete: post-delete root_hash=[e3, b0, c4, 42, 98, fc, 1c, 14]...
