warning: profiles for the non root package will be ignored, specify profiles at the workspace root:
package:   /root/distributed-storage-system/crates/storager/ads_lib/Cargo.toml
workspace: /root/distributed-storage-system/Cargo.toml
warning: value assigned to `is_change` is never read
   --> crates/storager/ads_lib/src/mpt/mpt.rs:256:21
    |
256 |             let mut is_change = false;
    |                     ^^^^^^^^^
    |
    = help: maybe it is overwritten before being read?
    = note: `#[warn(unused_assignments)]` on by default

warning: value assigned to `is_change` is never read
   --> crates/storager/ads_lib/src/mpt/mpt.rs:462:25
    |
462 |                 let mut is_change = false;
    |                         ^^^^^^^^^
    |
    = help: maybe it is overwritten before being read?

warning: unused variable: `had_value`
   --> crates/storager/ads_lib/src/mpt/mpt.rs:526:21
    |
526 |                 let had_value = !old_value_str.is_empty();
    |                     ^^^^^^^^^ help: if this is intentional, prefix it with an underscore: `_had_value`
    |
    = note: `#[warn(unused_variables)]` on by default

warning: associated functions `short_node_batch_fix` and `full_node_batch_fix` are never used
    --> crates/storager/ads_lib/src/mpt/mpt.rs:1743:8
     |
  50 | impl MPT {
     | -------- associated functions in this implementation
...
1743 |     fn short_node_batch_fix(node: Arc<RwLock<ShortNode>>) -> Result<(), MPTError> {
     |        ^^^^^^^^^^^^^^^^^^^^
...
1748 |     fn full_node_batch_fix(node: Arc<RwLock<FullNode>>) -> Result<(), MPTError> {
     |        ^^^^^^^^^^^^^^^^^^^
     |
     = note: `#[warn(dead_code)]` on by default

warning: function `hash_mgt_node` is never used
   --> crates/storager/ads_lib/src/mest/proof.rs:253:4
    |
253 | fn hash_mgt_node(children: &[[u8; 32]]) -> [u8; 32] {
    |    ^^^^^^^^^^^^^

warning: `ads_rust` (lib) generated 5 warnings
warning: unused variable: `acc_old`
   --> crates/common/src/verification.rs:721:13
    |
721 |         let acc_old = match G1Affine::deserialize_uncompressed(&proof[offset..offset + acc_old_len]) {
    |             ^^^^^^^ help: if this is intentional, prefix it with an underscore: `_acc_old`
    |
    = note: `#[warn(unused_variables)]` on by default

warning: `common` (lib) generated 1 warning
warning: unused imports: `Digest` and `Sha256`
   --> crates/storager/src/ads/acctrie_ads.rs:452:20
    |
452 |         use sha2::{Digest, Sha256};
    |                    ^^^^^^  ^^^^^^
    |
    = note: `#[warn(unused_imports)]` on by default

warning: `storager` (lib) generated 1 warning (run `cargo fix --lib -p storager` to apply 1 suggestion)
    Finished `release` profile [optimized] target(s) in 0.15s
     Running `target/release/storager 50116 mest`
🔧 MEST Add: keyword='business', fid='busi_00000004'
🔧 MEST Add: proof size=158 bytes, root_hash=[83, 87, d3, ee, fe, 18, 40, 48]...
🔍 MEST Query: keyword='business', found 1 fids
🔍 MEST Query: returning proof (158 bytes)
🗑️ MEST Delete: keyword='business', fid='busi_00000004' (key completely removed)
🗑️ MEST Delete: post-delete root_hash=[e3, b0, c4, 42, 98, fc, 1c, 14]...
🗑️ MEST Delete: keyword='business', fid='busi_00000004' (key completely removed)
🗑️ MEST Delete: post-delete root_hash=[e3, b0, c4, 42, 98, fc, 1c, 14]...
🔧 MEST Add: keyword='business', fid='busi_00000009'
🔧 MEST Add: proof size=158 bytes, root_hash=[cc, 63, 5b, b6, c0, 24, 92, b3]...
🔍 MEST Query: keyword='business', found 1 fids
🔍 MEST Query: returning proof (158 bytes)
🗑️ MEST Delete: keyword='business', fid='busi_00000009' (key completely removed)
🗑️ MEST Delete: post-delete root_hash=[e3, b0, c4, 42, 98, fc, 1c, 14]...
🗑️ MEST Delete: keyword='business', fid='busi_00000009' (key completely removed)
🗑️ MEST Delete: post-delete root_hash=[e3, b0, c4, 42, 98, fc, 1c, 14]...
🔧 MEST Add: keyword='business', fid='busi_00000013'
🔧 MEST Add: proof size=158 bytes, root_hash=[5d, 42, 78, 25, a4, f1, 2a, fe]...
🔍 MEST Query: keyword='business', found 1 fids
🔍 MEST Query: returning proof (158 bytes)
🗑️ MEST Delete: keyword='business', fid='busi_00000013' (key completely removed)
🗑️ MEST Delete: post-delete root_hash=[e3, b0, c4, 42, 98, fc, 1c, 14]...
🗑️ MEST Delete: keyword='business', fid='busi_00000013' (key completely removed)
🗑️ MEST Delete: post-delete root_hash=[e3, b0, c4, 42, 98, fc, 1c, 14]...
🔧 MEST Add: keyword='business', fid='busi_00000028'
🔧 MEST Add: proof size=158 bytes, root_hash=[a2, d8, d0, 53, 20, 3b, d3, 9e]...
🔍 MEST Query: keyword='business', found 1 fids
🔍 MEST Query: returning proof (158 bytes)
🗑️ MEST Delete: keyword='business', fid='busi_00000028' (key completely removed)
🗑️ MEST Delete: post-delete root_hash=[e3, b0, c4, 42, 98, fc, 1c, 14]...
🗑️ MEST Delete: keyword='business', fid='busi_00000028' (key completely removed)
🗑️ MEST Delete: post-delete root_hash=[e3, b0, c4, 42, 98, fc, 1c, 14]...
🔧 MEST Add: keyword='business', fid='busi_00000033'
🔧 MEST Add: proof size=158 bytes, root_hash=[67, 7b, bc, ec, ab, bf, 30, a2]...
🔍 MEST Query: keyword='business', found 1 fids
🔍 MEST Query: returning proof (158 bytes)
🗑️ MEST Delete: keyword='business', fid='busi_00000033' (key completely removed)
🗑️ MEST Delete: post-delete root_hash=[e3, b0, c4, 42, 98, fc, 1c, 14]...
🗑️ MEST Delete: keyword='business', fid='busi_00000033' (key completely removed)
🗑️ MEST Delete: post-delete root_hash=[e3, b0, c4, 42, 98, fc, 1c, 14]...
🔧 MEST Add: keyword='fitness', fid='heal_00000043'
🔧 MEST Add: proof size=157 bytes, root_hash=[43, 68, 49, eb, 49, 81, 2e, 0c]...
🔧 MEST Add: keyword='fitness', fid='heal_00000043'
🔧 MEST Add: proof size=157 bytes, root_hash=[43, 68, 49, eb, 49, 81, 2e, 0c]...
🗑️ MEST Delete: keyword='fitness', fid='heal_00000043' (key completely removed)
🗑️ MEST Delete: post-delete root_hash=[e3, b0, c4, 42, 98, fc, 1c, 14]...
🔧 MEST Add: keyword='fitness', fid='heal_00000047'
🔧 MEST Add: proof size=157 bytes, root_hash=[f4, 67, 5b, 29, 2b, 3f, a5, f0]...
🔧 MEST Add: keyword='fitness', fid='heal_00000047'
🔧 MEST Add: proof size=157 bytes, root_hash=[f4, 67, 5b, 29, 2b, 3f, a5, f0]...
🗑️ MEST Delete: keyword='fitness', fid='heal_00000047' (key completely removed)
🗑️ MEST Delete: post-delete root_hash=[e3, b0, c4, 42, 98, fc, 1c, 14]...
🔧 MEST Add: keyword='business', fid='busi_00000057'
🔧 MEST Add: proof size=158 bytes, root_hash=[0a, af, d0, 04, b5, 80, 85, 31]...
🔍 MEST Query: keyword='business', found 1 fids
🔍 MEST Query: returning proof (158 bytes)
🗑️ MEST Delete: keyword='business', fid='busi_00000057' (key completely removed)
🗑️ MEST Delete: post-delete root_hash=[e3, b0, c4, 42, 98, fc, 1c, 14]...
🗑️ MEST Delete: keyword='business', fid='busi_00000057' (key completely removed)
🗑️ MEST Delete: post-delete root_hash=[e3, b0, c4, 42, 98, fc, 1c, 14]...
🔧 MEST Add: keyword='business', fid='busi_00000061'
🔧 MEST Add: proof size=158 bytes, root_hash=[bc, a5, da, c7, 05, f3, ed, 4e]...
🔍 MEST Query: keyword='business', found 1 fids
🔍 MEST Query: returning proof (158 bytes)
🗑️ MEST Delete: keyword='business', fid='busi_00000061' (key completely removed)
🗑️ MEST Delete: post-delete root_hash=[e3, b0, c4, 42, 98, fc, 1c, 14]...
🗑️ MEST Delete: keyword='business', fid='busi_00000061' (key completely removed)
🗑️ MEST Delete: post-delete root_hash=[e3, b0, c4, 42, 98, fc, 1c, 14]...
🔧 MEST Add: keyword='business', fid='busi_00000065'
🔧 MEST Add: proof size=158 bytes, root_hash=[8e, a9, 40, 17, 82, c9, b6, ab]...
🔍 MEST Query: keyword='business', found 1 fids
🔍 MEST Query: returning proof (158 bytes)
🗑️ MEST Delete: keyword='business', fid='busi_00000065' (key completely removed)
🗑️ MEST Delete: post-delete root_hash=[e3, b0, c4, 42, 98, fc, 1c, 14]...
🗑️ MEST Delete: keyword='business', fid='busi_00000065' (key completely removed)
🗑️ MEST Delete: post-delete root_hash=[e3, b0, c4, 42, 98, fc, 1c, 14]...
🔧 MEST Add: keyword='business', fid='busi_00000067'
🔧 MEST Add: proof size=158 bytes, root_hash=[29, 4e, 32, 0d, b0, 86, 29, 22]...
🔍 MEST Query: keyword='business', found 1 fids
🔍 MEST Query: returning proof (158 bytes)
🗑️ MEST Delete: keyword='business', fid='busi_00000067' (key completely removed)
🗑️ MEST Delete: post-delete root_hash=[e3, b0, c4, 42, 98, fc, 1c, 14]...
🗑️ MEST Delete: keyword='business', fid='busi_00000067' (key completely removed)
🗑️ MEST Delete: post-delete root_hash=[e3, b0, c4, 42, 98, fc, 1c, 14]...
🔧 MEST Add: keyword='business', fid='busi_00000071'
🔧 MEST Add: proof size=158 bytes, root_hash=[7c, 1f, 12, 89, 9b, 90, 0c, 08]...
🔍 MEST Query: keyword='business', found 1 fids
🔍 MEST Query: returning proof (158 bytes)
🗑️ MEST Delete: keyword='business', fid='busi_00000071' (key completely removed)
🗑️ MEST Delete: post-delete root_hash=[e3, b0, c4, 42, 98, fc, 1c, 14]...
🗑️ MEST Delete: keyword='business', fid='busi_00000071' (key completely removed)
🗑️ MEST Delete: post-delete root_hash=[e3, b0, c4, 42, 98, fc, 1c, 14]...
🔧 MEST Add: keyword='music', fid='ente_00000078'
🔧 MEST Add: proof size=155 bytes, root_hash=[03, 3a, be, 63, bf, f7, e6, 84]...
🔧 MEST Add: keyword='music', fid='ente_00000078'
🔧 MEST Add: proof size=155 bytes, root_hash=[03, 3a, be, 63, bf, f7, e6, 84]...
🗑️ MEST Delete: keyword='music', fid='ente_00000078' (key completely removed)
🗑️ MEST Delete: post-delete root_hash=[e3, b0, c4, 42, 98, fc, 1c, 14]...
🔧 MEST Add: keyword='business', fid='busi_00000085'
🔧 MEST Add: proof size=158 bytes, root_hash=[fe, 93, f4, 9a, 2e, b9, 42, 65]...
🔍 MEST Query: keyword='business', found 1 fids
🔍 MEST Query: returning proof (158 bytes)
🗑️ MEST Delete: keyword='business', fid='busi_00000085' (key completely removed)
🗑️ MEST Delete: post-delete root_hash=[e3, b0, c4, 42, 98, fc, 1c, 14]...
🗑️ MEST Delete: keyword='business', fid='busi_00000085' (key completely removed)
🗑️ MEST Delete: post-delete root_hash=[e3, b0, c4, 42, 98, fc, 1c, 14]...
🔧 MEST Add: keyword='fitness', fid='heal_00000088'
🔧 MEST Add: proof size=157 bytes, root_hash=[35, f0, 19, c1, 69, 23, cf, aa]...
🗑️ MEST Delete: keyword='fitness', fid='heal_00000088' (key completely removed)
🗑️ MEST Delete: post-delete root_hash=[e3, b0, c4, 42, 98, fc, 1c, 14]...
🔧 MEST Add: keyword='business', fid='busi_00000089'
🔧 MEST Add: proof size=158 bytes, root_hash=[07, 23, df, cd, 7c, 59, cf, 55]...
🔍 MEST Query: keyword='business', found 1 fids
🔍 MEST Query: returning proof (158 bytes)
🗑️ MEST Delete: keyword='business', fid='busi_00000089' (key completely removed)
🗑️ MEST Delete: post-delete root_hash=[e3, b0, c4, 42, 98, fc, 1c, 14]...
🗑️ MEST Delete: keyword='business', fid='busi_00000089' (key completely removed)
🗑️ MEST Delete: post-delete root_hash=[e3, b0, c4, 42, 98, fc, 1c, 14]...
🔧 MEST Add: keyword='fitness', fid='heal_00000090'
🔧 MEST Add: proof size=157 bytes, root_hash=[16, d8, 97, da, be, 4b, d8, 51]...
🗑️ MEST Delete: keyword='fitness', fid='heal_00000090' (key completely removed)
🗑️ MEST Delete: post-delete root_hash=[e3, b0, c4, 42, 98, fc, 1c, 14]...
🔧 MEST Add: keyword='fitness', fid='heal_00000104'
🔧 MEST Add: proof size=157 bytes, root_hash=[7c, 57, 64, 01, 6b, 75, 79, 99]...
🔧 MEST Add: keyword='fitness', fid='heal_00000104'
🔧 MEST Add: proof size=157 bytes, root_hash=[7c, 57, 64, 01, 6b, 75, 79, 99]...
🗑️ MEST Delete: keyword='fitness', fid='heal_00000104' (key completely removed)
🗑️ MEST Delete: post-delete root_hash=[e3, b0, c4, 42, 98, fc, 1c, 14]...
🔧 MEST Add: keyword='business', fid='busi_00000109'
🔧 MEST Add: proof size=158 bytes, root_hash=[58, cc, 43, d2, fb, c3, 28, ba]...
🔍 MEST Query: keyword='business', found 1 fids
🔍 MEST Query: returning proof (158 bytes)
🗑️ MEST Delete: keyword='business', fid='busi_00000109' (key completely removed)
🗑️ MEST Delete: post-delete root_hash=[e3, b0, c4, 42, 98, fc, 1c, 14]...
🗑️ MEST Delete: keyword='business', fid='busi_00000109' (key completely removed)
🗑️ MEST Delete: post-delete root_hash=[e3, b0, c4, 42, 98, fc, 1c, 14]...
🔧 MEST Add: keyword='business', fid='busi_00000115'
🔧 MEST Add: proof size=158 bytes, root_hash=[91, 31, f7, 00, e3, 6f, d7, 36]...
🔍 MEST Query: keyword='business', found 1 fids
🔍 MEST Query: returning proof (158 bytes)
🗑️ MEST Delete: keyword='business', fid='busi_00000115' (key completely removed)
🗑️ MEST Delete: post-delete root_hash=[e3, b0, c4, 42, 98, fc, 1c, 14]...
🗑️ MEST Delete: keyword='business', fid='busi_00000115' (key completely removed)
🗑️ MEST Delete: post-delete root_hash=[e3, b0, c4, 42, 98, fc, 1c, 14]...
🔧 MEST Add: keyword='business', fid='busi_00000118'
🔧 MEST Add: proof size=158 bytes, root_hash=[cb, 05, d1, 78, fe, 92, 46, 9a]...
🔍 MEST Query: keyword='business', found 1 fids
🔍 MEST Query: returning proof (158 bytes)
🗑️ MEST Delete: keyword='business', fid='busi_00000118' (key completely removed)
🗑️ MEST Delete: post-delete root_hash=[e3, b0, c4, 42, 98, fc, 1c, 14]...
🗑️ MEST Delete: keyword='business', fid='busi_00000118' (key completely removed)
🗑️ MEST Delete: post-delete root_hash=[e3, b0, c4, 42, 98, fc, 1c, 14]...
🔧 MEST Add: keyword='business', fid='busi_00000120'
🔧 MEST Add: proof size=158 bytes, root_hash=[94, 37, 6a, 2c, 0a, 75, 25, c4]...
🔍 MEST Query: keyword='business', found 1 fids
🔍 MEST Query: returning proof (158 bytes)
🗑️ MEST Delete: keyword='business', fid='busi_00000120' (key completely removed)
🗑️ MEST Delete: post-delete root_hash=[e3, b0, c4, 42, 98, fc, 1c, 14]...
🗑️ MEST Delete: keyword='business', fid='busi_00000120' (key completely removed)
🗑️ MEST Delete: post-delete root_hash=[e3, b0, c4, 42, 98, fc, 1c, 14]...
🔧 MEST Add: keyword='fitness', fid='heal_00000125'
🔧 MEST Add: proof size=157 bytes, root_hash=[99, 11, 86, c0, 2b, 70, 07, d2]...
🔧 MEST Add: keyword='fitness', fid='heal_00000125'
🔧 MEST Add: proof size=157 bytes, root_hash=[99, 11, 86, c0, 2b, 70, 07, d2]...
🗑️ MEST Delete: keyword='fitness', fid='heal_00000125' (key completely removed)
🗑️ MEST Delete: post-delete root_hash=[e3, b0, c4, 42, 98, fc, 1c, 14]...
🔧 MEST Add: keyword='business', fid='busi_00000133'
🔧 MEST Add: proof size=158 bytes, root_hash=[72, f2, 35, 6b, 87, ac, 6c, a3]...
🔍 MEST Query: keyword='business', found 1 fids
🔍 MEST Query: returning proof (158 bytes)
🗑️ MEST Delete: keyword='business', fid='busi_00000133' (key completely removed)
🗑️ MEST Delete: post-delete root_hash=[e3, b0, c4, 42, 98, fc, 1c, 14]...
🗑️ MEST Delete: keyword='business', fid='busi_00000133' (key completely removed)
🗑️ MEST Delete: post-delete root_hash=[e3, b0, c4, 42, 98, fc, 1c, 14]...
🔧 MEST Add: keyword='business', fid='busi_00000148'
🔧 MEST Add: proof size=158 bytes, root_hash=[e7, c1, 46, 60, 27, 59, 46, 28]...
🔍 MEST Query: keyword='business', found 1 fids
🔍 MEST Query: returning proof (158 bytes)
🗑️ MEST Delete: keyword='business', fid='busi_00000148' (key completely removed)
🗑️ MEST Delete: post-delete root_hash=[e3, b0, c4, 42, 98, fc, 1c, 14]...
🗑️ MEST Delete: keyword='business', fid='busi_00000148' (key completely removed)
🗑️ MEST Delete: post-delete root_hash=[e3, b0, c4, 42, 98, fc, 1c, 14]...
🔧 MEST Add: keyword='business', fid='busi_00000159'
🔧 MEST Add: proof size=158 bytes, root_hash=[c4, a1, ea, 05, 58, e1, 8d, 9d]...
🔍 MEST Query: keyword='business', found 1 fids
🔍 MEST Query: returning proof (158 bytes)
🗑️ MEST Delete: keyword='business', fid='busi_00000159' (key completely removed)
🗑️ MEST Delete: post-delete root_hash=[e3, b0, c4, 42, 98, fc, 1c, 14]...
🗑️ MEST Delete: keyword='business', fid='busi_00000159' (key completely removed)
🗑️ MEST Delete: post-delete root_hash=[e3, b0, c4, 42, 98, fc, 1c, 14]...
🔧 MEST Add: keyword='business', fid='busi_00000160'
🔧 MEST Add: proof size=158 bytes, root_hash=[22, 13, 07, 1b, 9a, d1, 0d, 9c]...
🔍 MEST Query: keyword='business', found 1 fids
🔍 MEST Query: returning proof (158 bytes)
🗑️ MEST Delete: keyword='business', fid='busi_00000160' (key completely removed)
🗑️ MEST Delete: post-delete root_hash=[e3, b0, c4, 42, 98, fc, 1c, 14]...
🗑️ MEST Delete: keyword='business', fid='busi_00000160' (key completely removed)
🗑️ MEST Delete: post-delete root_hash=[e3, b0, c4, 42, 98, fc, 1c, 14]...
🔧 MEST Add: keyword='business', fid='busi_00000165'
🔧 MEST Add: proof size=158 bytes, root_hash=[99, 5e, 12, 7a, ca, f2, 8a, 04]...
🔍 MEST Query: keyword='business', found 1 fids
🔍 MEST Query: returning proof (158 bytes)
🗑️ MEST Delete: keyword='business', fid='busi_00000165' (key completely removed)
🗑️ MEST Delete: post-delete root_hash=[e3, b0, c4, 42, 98, fc, 1c, 14]...
🗑️ MEST Delete: keyword='business', fid='busi_00000165' (key completely removed)
🗑️ MEST Delete: post-delete root_hash=[e3, b0, c4, 42, 98, fc, 1c, 14]...
🔧 MEST Add: keyword='business', fid='busi_00000173'
🔧 MEST Add: proof size=158 bytes, root_hash=[0f, 3f, 76, 23, b5, 18, 87, 5a]...
🔍 MEST Query: keyword='business', found 1 fids
🔍 MEST Query: returning proof (158 bytes)
🗑️ MEST Delete: keyword='business', fid='busi_00000173' (key completely removed)
🗑️ MEST Delete: post-delete root_hash=[e3, b0, c4, 42, 98, fc, 1c, 14]...
🗑️ MEST Delete: keyword='business', fid='busi_00000173' (key completely removed)
🗑️ MEST Delete: post-delete root_hash=[e3, b0, c4, 42, 98, fc, 1c, 14]...
🔧 MEST Add: keyword='music', fid='ente_00000175'
🔧 MEST Add: proof size=155 bytes, root_hash=[43, 67, 0c, eb, aa, 55, 90, 02]...
🔧 MEST Add: keyword='music', fid='ente_00000175'
🔧 MEST Add: proof size=155 bytes, root_hash=[43, 67, 0c, eb, aa, 55, 90, 02]...
🗑️ MEST Delete: keyword='music', fid='ente_00000175' (key completely removed)
🗑️ MEST Delete: post-delete root_hash=[e3, b0, c4, 42, 98, fc, 1c, 14]...
🔧 MEST Add: keyword='business', fid='busi_00000180'
🔧 MEST Add: proof size=158 bytes, root_hash=[ff, 79, 52, 19, 8f, 69, 6c, 30]...
🔍 MEST Query: keyword='business', found 1 fids
🔍 MEST Query: returning proof (158 bytes)
🗑️ MEST Delete: keyword='business', fid='busi_00000180' (key completely removed)
🗑️ MEST Delete: post-delete root_hash=[e3, b0, c4, 42, 98, fc, 1c, 14]...
🗑️ MEST Delete: keyword='business', fid='busi_00000180' (key completely removed)
🗑️ MEST Delete: post-delete root_hash=[e3, b0, c4, 42, 98, fc, 1c, 14]...
🔧 MEST Add: keyword='business', fid='busi_00000196'
🔧 MEST Add: proof size=158 bytes, root_hash=[dc, 14, 66, a3, bc, 9d, a9, ff]...
🔍 MEST Query: keyword='business', found 1 fids
🔍 MEST Query: returning proof (158 bytes)
🗑️ MEST Delete: keyword='business', fid='busi_00000196' (key completely removed)
🗑️ MEST Delete: post-delete root_hash=[e3, b0, c4, 42, 98, fc, 1c, 14]...
🗑️ MEST Delete: keyword='business', fid='busi_00000196' (key completely removed)
🗑️ MEST Delete: post-delete root_hash=[e3, b0, c4, 42, 98, fc, 1c, 14]...
🔧 MEST Add: keyword='fitness', fid='heal_00000198'
🔧 MEST Add: proof size=157 bytes, root_hash=[e7, de, 1e, 7b, 94, 31, be, 46]...
🗑️ MEST Delete: keyword='fitness', fid='heal_00000198' (key completely removed)
🗑️ MEST Delete: post-delete root_hash=[e3, b0, c4, 42, 98, fc, 1c, 14]...
🔧 MEST Add: keyword='business', fid='busi_00000211'
🔧 MEST Add: proof size=158 bytes, root_hash=[00, 33, db, ee, ad, ae, 2d, c2]...
🔍 MEST Query: keyword='business', found 1 fids
🔍 MEST Query: returning proof (158 bytes)
🗑️ MEST Delete: keyword='business', fid='busi_00000211' (key completely removed)
🗑️ MEST Delete: post-delete root_hash=[e3, b0, c4, 42, 98, fc, 1c, 14]...
🗑️ MEST Delete: keyword='business', fid='busi_00000211' (key completely removed)
🗑️ MEST Delete: post-delete root_hash=[e3, b0, c4, 42, 98, fc, 1c, 14]...
🔧 MEST Add: keyword='business', fid='busi_00000218'
🔧 MEST Add: proof size=158 bytes, root_hash=[ed, 79, 03, c1, 20, 04, 29, c6]...
🔍 MEST Query: keyword='business', found 1 fids
🔍 MEST Query: returning proof (158 bytes)
🗑️ MEST Delete: keyword='business', fid='busi_00000218' (key completely removed)
🗑️ MEST Delete: post-delete root_hash=[e3, b0, c4, 42, 98, fc, 1c, 14]...
🗑️ MEST Delete: keyword='business', fid='busi_00000218' (key completely removed)
🗑️ MEST Delete: post-delete root_hash=[e3, b0, c4, 42, 98, fc, 1c, 14]...
🔧 MEST Add: keyword='fitness', fid='heal_00000222'
🔧 MEST Add: proof size=157 bytes, root_hash=[3b, 4d, ab, 73, ba, d1, 8f, b5]...
🗑️ MEST Delete: keyword='fitness', fid='heal_00000222' (key completely removed)
🗑️ MEST Delete: post-delete root_hash=[e3, b0, c4, 42, 98, fc, 1c, 14]...
🔧 MEST Add: keyword='business', fid='busi_00000224'
🔧 MEST Add: proof size=158 bytes, root_hash=[65, 25, c1, d9, 09, d6, a6, a6]...
🔍 MEST Query: keyword='business', found 1 fids
🔍 MEST Query: returning proof (158 bytes)
🗑️ MEST Delete: keyword='business', fid='busi_00000224' (key completely removed)
🗑️ MEST Delete: post-delete root_hash=[e3, b0, c4, 42, 98, fc, 1c, 14]...
🗑️ MEST Delete: keyword='business', fid='busi_00000224' (key completely removed)
🗑️ MEST Delete: post-delete root_hash=[e3, b0, c4, 42, 98, fc, 1c, 14]...
🔧 MEST Add: keyword='fitness', fid='heal_00000225'
🔧 MEST Add: proof size=157 bytes, root_hash=[2e, da, 3a, 38, be, 76, 0b, 24]...
🗑️ MEST Delete: keyword='fitness', fid='heal_00000225' (key completely removed)
🗑️ MEST Delete: post-delete root_hash=[e3, b0, c4, 42, 98, fc, 1c, 14]...
🔧 MEST Add: keyword='business', fid='busi_00000232'
🔧 MEST Add: proof size=158 bytes, root_hash=[6e, 72, d4, 6f, 34, fb, 03, cc]...
🔍 MEST Query: keyword='business', found 1 fids
🔍 MEST Query: returning proof (158 bytes)
🗑️ MEST Delete: keyword='business', fid='busi_00000232' (key completely removed)
🗑️ MEST Delete: post-delete root_hash=[e3, b0, c4, 42, 98, fc, 1c, 14]...
🗑️ MEST Delete: keyword='business', fid='busi_00000232' (key completely removed)
🗑️ MEST Delete: post-delete root_hash=[e3, b0, c4, 42, 98, fc, 1c, 14]...
🔧 MEST Add: keyword='business', fid='busi_00000237'
🔧 MEST Add: proof size=158 bytes, root_hash=[f2, 3f, 56, 72, 87, 8c, c3, b9]...
🔍 MEST Query: keyword='business', found 1 fids
🔍 MEST Query: returning proof (158 bytes)
🗑️ MEST Delete: keyword='business', fid='busi_00000237' (key completely removed)
🗑️ MEST Delete: post-delete root_hash=[e3, b0, c4, 42, 98, fc, 1c, 14]...
🗑️ MEST Delete: keyword='business', fid='busi_00000237' (key completely removed)
🗑️ MEST Delete: post-delete root_hash=[e3, b0, c4, 42, 98, fc, 1c, 14]...
🔧 MEST Add: keyword='business', fid='busi_00000248'
🔧 MEST Add: proof size=158 bytes, root_hash=[2a, 40, de, c7, f0, 4a, e3, 74]...
🔍 MEST Query: keyword='business', found 1 fids
🔍 MEST Query: returning proof (158 bytes)
🗑️ MEST Delete: keyword='business', fid='busi_00000248' (key completely removed)
🗑️ MEST Delete: post-delete root_hash=[e3, b0, c4, 42, 98, fc, 1c, 14]...
🗑️ MEST Delete: keyword='business', fid='busi_00000248' (key completely removed)
🗑️ MEST Delete: post-delete root_hash=[e3, b0, c4, 42, 98, fc, 1c, 14]...
🔧 MEST Add: keyword='business', fid='busi_00000264'
🔧 MEST Add: proof size=158 bytes, root_hash=[23, f6, 04, e4, d5, a4, 65, e5]...
🔍 MEST Query: keyword='business', found 1 fids
🔍 MEST Query: returning proof (158 bytes)
🗑️ MEST Delete: keyword='business', fid='busi_00000264' (key completely removed)
🗑️ MEST Delete: post-delete root_hash=[e3, b0, c4, 42, 98, fc, 1c, 14]...
🗑️ MEST Delete: keyword='business', fid='busi_00000264' (key completely removed)
🗑️ MEST Delete: post-delete root_hash=[e3, b0, c4, 42, 98, fc, 1c, 14]...
🔧 MEST Add: keyword='business', fid='busi_00000273'
🔧 MEST Add: proof size=158 bytes, root_hash=[9c, 28, 79, 40, b5, 35, 37, d3]...
🔍 MEST Query: keyword='business', found 1 fids
🔍 MEST Query: returning proof (158 bytes)
🗑️ MEST Delete: keyword='business', fid='busi_00000273' (key completely removed)
🗑️ MEST Delete: post-delete root_hash=[e3, b0, c4, 42, 98, fc, 1c, 14]...
🗑️ MEST Delete: keyword='business', fid='busi_00000273' (key completely removed)
🗑️ MEST Delete: post-delete root_hash=[e3, b0, c4, 42, 98, fc, 1c, 14]...
🔧 MEST Add: keyword='business', fid='busi_00000283'
🔧 MEST Add: proof size=158 bytes, root_hash=[42, e4, d7, 85, 75, 55, b8, 13]...
🔍 MEST Query: keyword='business', found 1 fids
🔍 MEST Query: returning proof (158 bytes)
🗑️ MEST Delete: keyword='business', fid='busi_00000283' (key completely removed)
🗑️ MEST Delete: post-delete root_hash=[e3, b0, c4, 42, 98, fc, 1c, 14]...
🗑️ MEST Delete: keyword='business', fid='busi_00000283' (key completely removed)
🗑️ MEST Delete: post-delete root_hash=[e3, b0, c4, 42, 98, fc, 1c, 14]...
🔧 MEST Add: keyword='business', fid='busi_00000294'
🔧 MEST Add: proof size=158 bytes, root_hash=[65, b1, 30, d5, 61, 90, ed, fa]...
🔍 MEST Query: keyword='business', found 1 fids
🔍 MEST Query: returning proof (158 bytes)
🗑️ MEST Delete: keyword='business', fid='busi_00000294' (key completely removed)
🗑️ MEST Delete: post-delete root_hash=[e3, b0, c4, 42, 98, fc, 1c, 14]...
🗑️ MEST Delete: keyword='business', fid='busi_00000294' (key completely removed)
🗑️ MEST Delete: post-delete root_hash=[e3, b0, c4, 42, 98, fc, 1c, 14]...
🔧 MEST Add: keyword='business', fid='busi_00000298'
🔧 MEST Add: proof size=158 bytes, root_hash=[64, 1a, 68, 12, b4, 52, f5, c2]...
🔍 MEST Query: keyword='business', found 1 fids
🔍 MEST Query: returning proof (158 bytes)
🗑️ MEST Delete: keyword='business', fid='busi_00000298' (key completely removed)
🗑️ MEST Delete: post-delete root_hash=[e3, b0, c4, 42, 98, fc, 1c, 14]...
🗑️ MEST Delete: keyword='business', fid='busi_00000298' (key completely removed)
🗑️ MEST Delete: post-delete root_hash=[e3, b0, c4, 42, 98, fc, 1c, 14]...
🔧 MEST Add: keyword='music', fid='ente_00000311'
🔧 MEST Add: proof size=155 bytes, root_hash=[86, 56, 49, 01, 6d, 18, 07, 60]...
🗑️ MEST Delete: keyword='music', fid='ente_00000311' (key completely removed)
🗑️ MEST Delete: post-delete root_hash=[e3, b0, c4, 42, 98, fc, 1c, 14]...
🔧 MEST Add: keyword='fitness', fid='heal_00000317'
🔧 MEST Add: proof size=157 bytes, root_hash=[89, 26, 33, 01, 8d, 6a, 76, 29]...
🔧 MEST Add: keyword='fitness', fid='heal_00000317'
🔧 MEST Add: proof size=157 bytes, root_hash=[89, 26, 33, 01, 8d, 6a, 76, 29]...
🗑️ MEST Delete: keyword='fitness', fid='heal_00000317' (key completely removed)
🗑️ MEST Delete: post-delete root_hash=[e3, b0, c4, 42, 98, fc, 1c, 14]...
🔧 MEST Add: keyword='fitness', fid='heal_00000324'
🔧 MEST Add: proof size=157 bytes, root_hash=[37, b0, aa, ce, 43, f8, d1, 67]...
🔧 MEST Add: keyword='fitness', fid='heal_00000324'
🔧 MEST Add: proof size=157 bytes, root_hash=[37, b0, aa, ce, 43, f8, d1, 67]...
🗑️ MEST Delete: keyword='fitness', fid='heal_00000324' (key completely removed)
🗑️ MEST Delete: post-delete root_hash=[e3, b0, c4, 42, 98, fc, 1c, 14]...
🔧 MEST Add: keyword='business', fid='busi_00000328'
🔧 MEST Add: proof size=158 bytes, root_hash=[77, 22, b6, 66, f4, 39, 3b, 2b]...
🔍 MEST Query: keyword='business', found 1 fids
🔍 MEST Query: returning proof (158 bytes)
🗑️ MEST Delete: keyword='business', fid='busi_00000328' (key completely removed)
🗑️ MEST Delete: post-delete root_hash=[e3, b0, c4, 42, 98, fc, 1c, 14]...
🗑️ MEST Delete: keyword='business', fid='busi_00000328' (key completely removed)
🗑️ MEST Delete: post-delete root_hash=[e3, b0, c4, 42, 98, fc, 1c, 14]...
🔧 MEST Add: keyword='business', fid='busi_00000330'
🔧 MEST Add: proof size=158 bytes, root_hash=[93, 1e, 60, 1c, 0e, 05, 50, a2]...
🔍 MEST Query: keyword='business', found 1 fids
🔍 MEST Query: returning proof (158 bytes)
🗑️ MEST Delete: keyword='business', fid='busi_00000330' (key completely removed)
🗑️ MEST Delete: post-delete root_hash=[e3, b0, c4, 42, 98, fc, 1c, 14]...
🗑️ MEST Delete: keyword='business', fid='busi_00000330' (key completely removed)
🗑️ MEST Delete: post-delete root_hash=[e3, b0, c4, 42, 98, fc, 1c, 14]...
🔧 MEST Add: keyword='business', fid='busi_00000336'
🔧 MEST Add: proof size=158 bytes, root_hash=[76, 4a, b8, 50, 21, 4d, 48, 23]...
🔍 MEST Query: keyword='business', found 1 fids
🔍 MEST Query: returning proof (158 bytes)
🗑️ MEST Delete: keyword='business', fid='busi_00000336' (key completely removed)
🗑️ MEST Delete: post-delete root_hash=[e3, b0, c4, 42, 98, fc, 1c, 14]...
🗑️ MEST Delete: keyword='business', fid='busi_00000336' (key completely removed)
🗑️ MEST Delete: post-delete root_hash=[e3, b0, c4, 42, 98, fc, 1c, 14]...
🔧 MEST Add: keyword='business', fid='busi_00000341'
🔧 MEST Add: proof size=158 bytes, root_hash=[f0, 50, c5, 5a, 87, 7e, 36, d4]...
🔍 MEST Query: keyword='business', found 1 fids
🔍 MEST Query: returning proof (158 bytes)
🗑️ MEST Delete: keyword='business', fid='busi_00000341' (key completely removed)
🗑️ MEST Delete: post-delete root_hash=[e3, b0, c4, 42, 98, fc, 1c, 14]...
🗑️ MEST Delete: keyword='business', fid='busi_00000341' (key completely removed)
🗑️ MEST Delete: post-delete root_hash=[e3, b0, c4, 42, 98, fc, 1c, 14]...
🔧 MEST Add: keyword='fitness', fid='heal_00000342'
🔧 MEST Add: proof size=157 bytes, root_hash=[43, 44, 4d, e2, b1, 33, 05, b0]...
🔧 MEST Add: keyword='fitness', fid='heal_00000342'
🔧 MEST Add: proof size=157 bytes, root_hash=[43, 44, 4d, e2, b1, 33, 05, b0]...
🗑️ MEST Delete: keyword='fitness', fid='heal_00000342' (key completely removed)
🗑️ MEST Delete: post-delete root_hash=[e3, b0, c4, 42, 98, fc, 1c, 14]...
🔧 MEST Add: keyword='business', fid='busi_00000346'
🔧 MEST Add: proof size=158 bytes, root_hash=[d7, a7, 3d, bd, 5e, 1b, 29, 5a]...
🔍 MEST Query: keyword='business', found 1 fids
🔍 MEST Query: returning proof (158 bytes)
🗑️ MEST Delete: keyword='business', fid='busi_00000346' (key completely removed)
🗑️ MEST Delete: post-delete root_hash=[e3, b0, c4, 42, 98, fc, 1c, 14]...
🗑️ MEST Delete: keyword='business', fid='busi_00000346' (key completely removed)
🗑️ MEST Delete: post-delete root_hash=[e3, b0, c4, 42, 98, fc, 1c, 14]...
🔧 MEST Add: keyword='business', fid='busi_00000356'
🔧 MEST Add: proof size=158 bytes, root_hash=[4a, 2b, f6, 38, d0, db, e0, ca]...
🔍 MEST Query: keyword='business', found 1 fids
🔍 MEST Query: returning proof (158 bytes)
🗑️ MEST Delete: keyword='business', fid='busi_00000356' (key completely removed)
🗑️ MEST Delete: post-delete root_hash=[e3, b0, c4, 42, 98, fc, 1c, 14]...
🗑️ MEST Delete: keyword='business', fid='busi_00000356' (key completely removed)
🗑️ MEST Delete: post-delete root_hash=[e3, b0, c4, 42, 98, fc, 1c, 14]...
🔧 MEST Add: keyword='business', fid='busi_00000357'
🔧 MEST Add: proof size=158 bytes, root_hash=[b9, 44, eb, 10, cb, 8d, 27, 48]...
🔍 MEST Query: keyword='business', found 1 fids
🔍 MEST Query: returning proof (158 bytes)
🗑️ MEST Delete: keyword='business', fid='busi_00000357' (key completely removed)
🗑️ MEST Delete: post-delete root_hash=[e3, b0, c4, 42, 98, fc, 1c, 14]...
🗑️ MEST Delete: keyword='business', fid='busi_00000357' (key completely removed)
🗑️ MEST Delete: post-delete root_hash=[e3, b0, c4, 42, 98, fc, 1c, 14]...
🔧 MEST Add: keyword='business', fid='busi_00000362'
🔧 MEST Add: proof size=158 bytes, root_hash=[b7, 86, 64, 97, 6a, 89, d4, ae]...
🔍 MEST Query: keyword='business', found 1 fids
🔍 MEST Query: returning proof (158 bytes)
🗑️ MEST Delete: keyword='business', fid='busi_00000362' (key completely removed)
🗑️ MEST Delete: post-delete root_hash=[e3, b0, c4, 42, 98, fc, 1c, 14]...
🗑️ MEST Delete: keyword='business', fid='busi_00000362' (key completely removed)
🗑️ MEST Delete: post-delete root_hash=[e3, b0, c4, 42, 98, fc, 1c, 14]...
🔧 MEST Add: keyword='business', fid='busi_00000365'
🔧 MEST Add: proof size=158 bytes, root_hash=[65, 54, e4, 29, 4c, 8e, 9c, 54]...
🔍 MEST Query: keyword='business', found 1 fids
🔍 MEST Query: returning proof (158 bytes)
🗑️ MEST Delete: keyword='business', fid='busi_00000365' (key completely removed)
🗑️ MEST Delete: post-delete root_hash=[e3, b0, c4, 42, 98, fc, 1c, 14]...
🗑️ MEST Delete: keyword='business', fid='busi_00000365' (key completely removed)
🗑️ MEST Delete: post-delete root_hash=[e3, b0, c4, 42, 98, fc, 1c, 14]...
🔧 MEST Add: keyword='business', fid='busi_00000368'
🔧 MEST Add: proof size=158 bytes, root_hash=[1f, 14, d4, ca, 3b, e9, 60, ec]...
🔍 MEST Query: keyword='business', found 1 fids
🔍 MEST Query: returning proof (158 bytes)
🗑️ MEST Delete: keyword='business', fid='busi_00000368' (key completely removed)
🗑️ MEST Delete: post-delete root_hash=[e3, b0, c4, 42, 98, fc, 1c, 14]...
🗑️ MEST Delete: keyword='business', fid='busi_00000368' (key completely removed)
🗑️ MEST Delete: post-delete root_hash=[e3, b0, c4, 42, 98, fc, 1c, 14]...
🔧 MEST Add: keyword='fitness', fid='heal_00000369'
🔧 MEST Add: proof size=157 bytes, root_hash=[82, 05, 4b, 61, ad, 9d, a2, 3c]...
🗑️ MEST Delete: keyword='fitness', fid='heal_00000369' (key completely removed)
🗑️ MEST Delete: post-delete root_hash=[e3, b0, c4, 42, 98, fc, 1c, 14]...
🔧 MEST Add: keyword='business', fid='busi_00000383'
🔧 MEST Add: proof size=158 bytes, root_hash=[48, 07, be, 94, 8d, a6, 97, 34]...
🔍 MEST Query: keyword='business', found 1 fids
🔍 MEST Query: returning proof (158 bytes)
🗑️ MEST Delete: keyword='business', fid='busi_00000383' (key completely removed)
🗑️ MEST Delete: post-delete root_hash=[e3, b0, c4, 42, 98, fc, 1c, 14]...
🗑️ MEST Delete: keyword='business', fid='busi_00000383' (key completely removed)
🗑️ MEST Delete: post-delete root_hash=[e3, b0, c4, 42, 98, fc, 1c, 14]...
🔧 MEST Add: keyword='music', fid='ente_00000403'
🔧 MEST Add: proof size=155 bytes, root_hash=[8b, eb, fe, 84, 89, 85, 51, e2]...
🗑️ MEST Delete: keyword='music', fid='ente_00000403' (key completely removed)
🗑️ MEST Delete: post-delete root_hash=[e3, b0, c4, 42, 98, fc, 1c, 14]...
🔧 MEST Add: keyword='business', fid='busi_00000404'
🔧 MEST Add: proof size=158 bytes, root_hash=[3e, 6d, 28, 89, ed, a9, 46, b7]...
🔍 MEST Query: keyword='business', found 1 fids
🔍 MEST Query: returning proof (158 bytes)
🗑️ MEST Delete: keyword='business', fid='busi_00000404' (key completely removed)
🗑️ MEST Delete: post-delete root_hash=[e3, b0, c4, 42, 98, fc, 1c, 14]...
🗑️ MEST Delete: keyword='business', fid='busi_00000404' (key completely removed)
🗑️ MEST Delete: post-delete root_hash=[e3, b0, c4, 42, 98, fc, 1c, 14]...
🔧 MEST Add: keyword='fitness', fid='heal_00000416'
🔧 MEST Add: proof size=157 bytes, root_hash=[8e, 87, bb, 14, ff, 3b, e3, 69]...
🔧 MEST Add: keyword='fitness', fid='heal_00000416'
🔧 MEST Add: proof size=157 bytes, root_hash=[8e, 87, bb, 14, ff, 3b, e3, 69]...
🗑️ MEST Delete: keyword='fitness', fid='heal_00000416' (key completely removed)
🗑️ MEST Delete: post-delete root_hash=[e3, b0, c4, 42, 98, fc, 1c, 14]...
🔧 MEST Add: keyword='business', fid='busi_00000422'
🔧 MEST Add: proof size=158 bytes, root_hash=[f1, be, df, 9a, 10, 33, 09, af]...
🔍 MEST Query: keyword='business', found 1 fids
🔍 MEST Query: returning proof (158 bytes)
🗑️ MEST Delete: keyword='business', fid='busi_00000422' (key completely removed)
🗑️ MEST Delete: post-delete root_hash=[e3, b0, c4, 42, 98, fc, 1c, 14]...
🗑️ MEST Delete: keyword='business', fid='busi_00000422' (key completely removed)
🗑️ MEST Delete: post-delete root_hash=[e3, b0, c4, 42, 98, fc, 1c, 14]...
🔧 MEST Add: keyword='music', fid='ente_00000424'
🔧 MEST Add: proof size=155 bytes, root_hash=[f4, 8a, b1, fc, 66, 29, 94, 7b]...
🔧 MEST Add: keyword='music', fid='ente_00000424'
🔧 MEST Add: proof size=155 bytes, root_hash=[f4, 8a, b1, fc, 66, 29, 94, 7b]...
🗑️ MEST Delete: keyword='music', fid='ente_00000424' (key completely removed)
🗑️ MEST Delete: post-delete root_hash=[e3, b0, c4, 42, 98, fc, 1c, 14]...
🔧 MEST Add: keyword='fitness', fid='heal_00000426'
🔧 MEST Add: proof size=157 bytes, root_hash=[70, e0, 1d, 7f, 17, f3, e1, ad]...
🗑️ MEST Delete: keyword='fitness', fid='heal_00000426' (key completely removed)
🗑️ MEST Delete: post-delete root_hash=[e3, b0, c4, 42, 98, fc, 1c, 14]...
🔧 MEST Add: keyword='business', fid='busi_00000435'
🔧 MEST Add: proof size=158 bytes, root_hash=[60, aa, 68, 11, 87, f1, 42, a0]...
🔍 MEST Query: keyword='business', found 1 fids
🔍 MEST Query: returning proof (158 bytes)
🗑️ MEST Delete: keyword='business', fid='busi_00000435' (key completely removed)
🗑️ MEST Delete: post-delete root_hash=[e3, b0, c4, 42, 98, fc, 1c, 14]...
🗑️ MEST Delete: keyword='business', fid='busi_00000435' (key completely removed)
🗑️ MEST Delete: post-delete root_hash=[e3, b0, c4, 42, 98, fc, 1c, 14]...
🔧 MEST Add: keyword='music', fid='ente_00000437'
🔧 MEST Add: proof size=155 bytes, root_hash=[49, 34, 69, d2, 7d, 49, 4d, 03]...
🗑️ MEST Delete: keyword='music', fid='ente_00000437' (key completely removed)
🗑️ MEST Delete: post-delete root_hash=[e3, b0, c4, 42, 98, fc, 1c, 14]...
🔧 MEST Add: keyword='business', fid='busi_00000445'
🔧 MEST Add: proof size=158 bytes, root_hash=[ac, 42, 93, b3, fa, 18, 73, ae]...
🔍 MEST Query: keyword='business', found 1 fids
🔍 MEST Query: returning proof (158 bytes)
🗑️ MEST Delete: keyword='business', fid='busi_00000445' (key completely removed)
🗑️ MEST Delete: post-delete root_hash=[e3, b0, c4, 42, 98, fc, 1c, 14]...
🗑️ MEST Delete: keyword='business', fid='busi_00000445' (key completely removed)
🗑️ MEST Delete: post-delete root_hash=[e3, b0, c4, 42, 98, fc, 1c, 14]...
🔧 MEST Add: keyword='business', fid='busi_00000454'
🔧 MEST Add: proof size=158 bytes, root_hash=[3d, ce, 1d, 7e, 54, d2, ac, 94]...
🔍 MEST Query: keyword='business', found 1 fids
🔍 MEST Query: returning proof (158 bytes)
🗑️ MEST Delete: keyword='business', fid='busi_00000454' (key completely removed)
🗑️ MEST Delete: post-delete root_hash=[e3, b0, c4, 42, 98, fc, 1c, 14]...
🗑️ MEST Delete: keyword='business', fid='busi_00000454' (key completely removed)
🗑️ MEST Delete: post-delete root_hash=[e3, b0, c4, 42, 98, fc, 1c, 14]...
🔧 MEST Add: keyword='fitness', fid='heal_00000460'
🔧 MEST Add: proof size=157 bytes, root_hash=[ca, 5f, 51, 5d, 61, 3a, fe, 4e]...
🗑️ MEST Delete: keyword='fitness', fid='heal_00000460' (key completely removed)
🗑️ MEST Delete: post-delete root_hash=[e3, b0, c4, 42, 98, fc, 1c, 14]...
🔧 MEST Add: keyword='business', fid='busi_00000462'
🔧 MEST Add: proof size=158 bytes, root_hash=[27, aa, 4e, fa, fd, 71, 87, 83]...
🔍 MEST Query: keyword='business', found 1 fids
🔍 MEST Query: returning proof (158 bytes)
🗑️ MEST Delete: keyword='business', fid='busi_00000462' (key completely removed)
🗑️ MEST Delete: post-delete root_hash=[e3, b0, c4, 42, 98, fc, 1c, 14]...
🗑️ MEST Delete: keyword='business', fid='busi_00000462' (key completely removed)
🗑️ MEST Delete: post-delete root_hash=[e3, b0, c4, 42, 98, fc, 1c, 14]...
🔧 MEST Add: keyword='business', fid='busi_00000469'
🔧 MEST Add: proof size=158 bytes, root_hash=[ad, 05, 25, f7, c6, d6, 00, 30]...
🔍 MEST Query: keyword='business', found 1 fids
🔍 MEST Query: returning proof (158 bytes)
🗑️ MEST Delete: keyword='business', fid='busi_00000469' (key completely removed)
🗑️ MEST Delete: post-delete root_hash=[e3, b0, c4, 42, 98, fc, 1c, 14]...
🗑️ MEST Delete: keyword='business', fid='busi_00000469' (key completely removed)
🗑️ MEST Delete: post-delete root_hash=[e3, b0, c4, 42, 98, fc, 1c, 14]...
🔧 MEST Add: keyword='business', fid='busi_00000490'
🔧 MEST Add: proof size=158 bytes, root_hash=[fe, 4e, 6b, 1f, 74, dd, 56, 8b]...
🔍 MEST Query: keyword='business', found 1 fids
🔍 MEST Query: returning proof (158 bytes)
🗑️ MEST Delete: keyword='business', fid='busi_00000490' (key completely removed)
🗑️ MEST Delete: post-delete root_hash=[e3, b0, c4, 42, 98, fc, 1c, 14]...
🗑️ MEST Delete: keyword='business', fid='busi_00000490' (key completely removed)
🗑️ MEST Delete: post-delete root_hash=[e3, b0, c4, 42, 98, fc, 1c, 14]...
🔧 MEST Add: keyword='business', fid='busi_00000495'
🔧 MEST Add: proof size=158 bytes, root_hash=[d0, 02, 3d, d0, fb, ef, 20, b5]...
🔍 MEST Query: keyword='business', found 1 fids
🔍 MEST Query: returning proof (158 bytes)
🗑️ MEST Delete: keyword='business', fid='busi_00000495' (key completely removed)
🗑️ MEST Delete: post-delete root_hash=[e3, b0, c4, 42, 98, fc, 1c, 14]...
🗑️ MEST Delete: keyword='business', fid='busi_00000495' (key completely removed)
🗑️ MEST Delete: post-delete root_hash=[e3, b0, c4, 42, 98, fc, 1c, 14]...
🔧 MEST Add: keyword='fitness', fid='heal_00000499'
🔧 MEST Add: proof size=157 bytes, root_hash=[ad, 4f, b7, 1a, 5d, b5, 18, ed]...
🔧 MEST Add: keyword='fitness', fid='heal_00000499'
🔧 MEST Add: proof size=157 bytes, root_hash=[ad, 4f, b7, 1a, 5d, b5, 18, ed]...
🗑️ MEST Delete: keyword='fitness', fid='heal_00000499' (key completely removed)
🗑️ MEST Delete: post-delete root_hash=[e3, b0, c4, 42, 98, fc, 1c, 14]...
🔧 MEST Add: keyword='business', fid='busi_00000506'
🔧 MEST Add: proof size=158 bytes, root_hash=[80, 81, 5e, 8b, 5f, 03, e3, 34]...
🔍 MEST Query: keyword='business', found 1 fids
🔍 MEST Query: returning proof (158 bytes)
🗑️ MEST Delete: keyword='business', fid='busi_00000506' (key completely removed)
🗑️ MEST Delete: post-delete root_hash=[e3, b0, c4, 42, 98, fc, 1c, 14]...
🗑️ MEST Delete: keyword='business', fid='busi_00000506' (key completely removed)
🗑️ MEST Delete: post-delete root_hash=[e3, b0, c4, 42, 98, fc, 1c, 14]...
🔧 MEST Add: keyword='music', fid='ente_00000517'
🔧 MEST Add: proof size=155 bytes, root_hash=[e3, 30, b2, 7d, 91, eb, ac, f6]...
🗑️ MEST Delete: keyword='music', fid='ente_00000517' (key completely removed)
🗑️ MEST Delete: post-delete root_hash=[e3, b0, c4, 42, 98, fc, 1c, 14]...
🔧 MEST Add: keyword='business', fid='busi_00000518'
🔧 MEST Add: proof size=158 bytes, root_hash=[ae, 48, 4f, 3b, ea, 90, f7, 08]...
🔍 MEST Query: keyword='business', found 1 fids
🔍 MEST Query: returning proof (158 bytes)
🗑️ MEST Delete: keyword='business', fid='busi_00000518' (key completely removed)
🗑️ MEST Delete: post-delete root_hash=[e3, b0, c4, 42, 98, fc, 1c, 14]...
🗑️ MEST Delete: keyword='business', fid='busi_00000518' (key completely removed)
🗑️ MEST Delete: post-delete root_hash=[e3, b0, c4, 42, 98, fc, 1c, 14]...
🔧 MEST Add: keyword='business', fid='busi_00000520'
🔧 MEST Add: proof size=158 bytes, root_hash=[db, 8f, ae, 00, 6f, 9d, d6, 1d]...
🔍 MEST Query: keyword='business', found 1 fids
🔍 MEST Query: returning proof (158 bytes)
🗑️ MEST Delete: keyword='business', fid='busi_00000520' (key completely removed)
🗑️ MEST Delete: post-delete root_hash=[e3, b0, c4, 42, 98, fc, 1c, 14]...
🗑️ MEST Delete: keyword='business', fid='busi_00000520' (key completely removed)
🗑️ MEST Delete: post-delete root_hash=[e3, b0, c4, 42, 98, fc, 1c, 14]...
🔧 MEST Add: keyword='music', fid='ente_00000522'
🔧 MEST Add: proof size=155 bytes, root_hash=[8d, c3, 25, 14, 03, 44, 18, 9e]...
🗑️ MEST Delete: keyword='music', fid='ente_00000522' (key completely removed)
🗑️ MEST Delete: post-delete root_hash=[e3, b0, c4, 42, 98, fc, 1c, 14]...
🔧 MEST Add: keyword='business', fid='busi_00000525'
🔧 MEST Add: proof size=158 bytes, root_hash=[fe, 2f, 95, 93, 95, 2f, 05, 41]...
🔍 MEST Query: keyword='business', found 1 fids
🔍 MEST Query: returning proof (158 bytes)
🗑️ MEST Delete: keyword='business', fid='busi_00000525' (key completely removed)
🗑️ MEST Delete: post-delete root_hash=[e3, b0, c4, 42, 98, fc, 1c, 14]...
🗑️ MEST Delete: keyword='business', fid='busi_00000525' (key completely removed)
🗑️ MEST Delete: post-delete root_hash=[e3, b0, c4, 42, 98, fc, 1c, 14]...
🔧 MEST Add: keyword='business', fid='busi_00000528'
🔧 MEST Add: proof size=158 bytes, root_hash=[31, 79, 8c, cb, 9a, 7d, 50, 6d]...
🔍 MEST Query: keyword='business', found 1 fids
🔍 MEST Query: returning proof (158 bytes)
🗑️ MEST Delete: keyword='business', fid='busi_00000528' (key completely removed)
🗑️ MEST Delete: post-delete root_hash=[e3, b0, c4, 42, 98, fc, 1c, 14]...
🗑️ MEST Delete: keyword='business', fid='busi_00000528' (key completely removed)
🗑️ MEST Delete: post-delete root_hash=[e3, b0, c4, 42, 98, fc, 1c, 14]...
🔧 MEST Add: keyword='business', fid='busi_00000534'
🔧 MEST Add: proof size=158 bytes, root_hash=[be, 29, cb, 9a, 32, 37, 52, 05]...
🔍 MEST Query: keyword='business', found 1 fids
🔍 MEST Query: returning proof (158 bytes)
🗑️ MEST Delete: keyword='business', fid='busi_00000534' (key completely removed)
🗑️ MEST Delete: post-delete root_hash=[e3, b0, c4, 42, 98, fc, 1c, 14]...
🗑️ MEST Delete: keyword='business', fid='busi_00000534' (key completely removed)
🗑️ MEST Delete: post-delete root_hash=[e3, b0, c4, 42, 98, fc, 1c, 14]...
🔧 MEST Add: keyword='business', fid='busi_00000553'
🔧 MEST Add: proof size=158 bytes, root_hash=[f3, b6, 7e, 00, 9b, b6, e4, c6]...
🔍 MEST Query: keyword='business', found 1 fids
🔍 MEST Query: returning proof (158 bytes)
🗑️ MEST Delete: keyword='business', fid='busi_00000553' (key completely removed)
🗑️ MEST Delete: post-delete root_hash=[e3, b0, c4, 42, 98, fc, 1c, 14]...
🗑️ MEST Delete: keyword='business', fid='busi_00000553' (key completely removed)
🗑️ MEST Delete: post-delete root_hash=[e3, b0, c4, 42, 98, fc, 1c, 14]...
🔧 MEST Add: keyword='fitness', fid='heal_00000574'
🔧 MEST Add: proof size=157 bytes, root_hash=[40, 09, 18, 05, 1f, 2d, 4b, 4d]...
🗑️ MEST Delete: keyword='fitness', fid='heal_00000574' (key completely removed)
🗑️ MEST Delete: post-delete root_hash=[e3, b0, c4, 42, 98, fc, 1c, 14]...
🔧 MEST Add: keyword='music', fid='ente_00000576'
🔧 MEST Add: proof size=155 bytes, root_hash=[71, c3, 7a, 08, 3d, 22, 34, 91]...
🗑️ MEST Delete: keyword='music', fid='ente_00000576' (key completely removed)
🗑️ MEST Delete: post-delete root_hash=[e3, b0, c4, 42, 98, fc, 1c, 14]...
🔧 MEST Add: keyword='business', fid='busi_00000578'
🔧 MEST Add: proof size=158 bytes, root_hash=[b6, d8, 60, f5, 80, 22, 91, 4c]...
🔍 MEST Query: keyword='business', found 1 fids
🔍 MEST Query: returning proof (158 bytes)
🗑️ MEST Delete: keyword='business', fid='busi_00000578' (key completely removed)
🗑️ MEST Delete: post-delete root_hash=[e3, b0, c4, 42, 98, fc, 1c, 14]...
🗑️ MEST Delete: keyword='business', fid='busi_00000578' (key completely removed)
🗑️ MEST Delete: post-delete root_hash=[e3, b0, c4, 42, 98, fc, 1c, 14]...
🔧 MEST Add: keyword='business', fid='busi_00000590'
🔧 MEST Add: proof size=158 bytes, root_hash=[f1, 28, 75, 4f, 4c, 73, 5c, cb]...
🔍 MEST Query: keyword='business', found 1 fids
🔍 MEST Query: returning proof (158 bytes)
🗑️ MEST Delete: keyword='business', fid='busi_00000590' (key completely removed)
🗑️ MEST Delete: post-delete root_hash=[e3, b0, c4, 42, 98, fc, 1c, 14]...
🗑️ MEST Delete: keyword='business', fid='busi_00000590' (key completely removed)
🗑️ MEST Delete: post-delete root_hash=[e3, b0, c4, 42, 98, fc, 1c, 14]...
🔧 MEST Add: keyword='business', fid='busi_00000600'
🔧 MEST Add: proof size=158 bytes, root_hash=[b5, f8, 96, 90, 0b, ea, 2d, 8a]...
🔍 MEST Query: keyword='business', found 1 fids
🔍 MEST Query: returning proof (158 bytes)
🗑️ MEST Delete: keyword='business', fid='busi_00000600' (key completely removed)
🗑️ MEST Delete: post-delete root_hash=[e3, b0, c4, 42, 98, fc, 1c, 14]...
🗑️ MEST Delete: keyword='business', fid='busi_00000600' (key completely removed)
🗑️ MEST Delete: post-delete root_hash=[e3, b0, c4, 42, 98, fc, 1c, 14]...
🔧 MEST Add: keyword='business', fid='busi_00000606'
🔧 MEST Add: proof size=158 bytes, root_hash=[4c, 40, c8, 88, c3, 41, 14, 70]...
🔍 MEST Query: keyword='business', found 1 fids
🔍 MEST Query: returning proof (158 bytes)
🗑️ MEST Delete: keyword='business', fid='busi_00000606' (key completely removed)
🗑️ MEST Delete: post-delete root_hash=[e3, b0, c4, 42, 98, fc, 1c, 14]...
🗑️ MEST Delete: keyword='business', fid='busi_00000606' (key completely removed)
🗑️ MEST Delete: post-delete root_hash=[e3, b0, c4, 42, 98, fc, 1c, 14]...
🔧 MEST Add: keyword='business', fid='busi_00000614'
🔧 MEST Add: proof size=158 bytes, root_hash=[52, 49, 0b, 1a, 37, 2f, e9, 1a]...
🔍 MEST Query: keyword='business', found 1 fids
🔍 MEST Query: returning proof (158 bytes)
🗑️ MEST Delete: keyword='business', fid='busi_00000614' (key completely removed)
🗑️ MEST Delete: post-delete root_hash=[e3, b0, c4, 42, 98, fc, 1c, 14]...
🗑️ MEST Delete: keyword='business', fid='busi_00000614' (key completely removed)
🗑️ MEST Delete: post-delete root_hash=[e3, b0, c4, 42, 98, fc, 1c, 14]...
🔧 MEST Add: keyword='music', fid='ente_00000633'
🔧 MEST Add: proof size=155 bytes, root_hash=[60, e2, 1d, 8d, 88, f8, dc, c0]...
🗑️ MEST Delete: keyword='music', fid='ente_00000633' (key completely removed)
🗑️ MEST Delete: post-delete root_hash=[e3, b0, c4, 42, 98, fc, 1c, 14]...
🔧 MEST Add: keyword='business', fid='busi_00000642'
🔧 MEST Add: proof size=158 bytes, root_hash=[60, 5e, 6c, c5, 06, 4d, 67, 2e]...
🔍 MEST Query: keyword='business', found 1 fids
🔍 MEST Query: returning proof (158 bytes)
🗑️ MEST Delete: keyword='business', fid='busi_00000642' (key completely removed)
🗑️ MEST Delete: post-delete root_hash=[e3, b0, c4, 42, 98, fc, 1c, 14]...
🗑️ MEST Delete: keyword='business', fid='busi_00000642' (key completely removed)
🗑️ MEST Delete: post-delete root_hash=[e3, b0, c4, 42, 98, fc, 1c, 14]...
🔧 MEST Add: keyword='business', fid='busi_00000656'
🔧 MEST Add: proof size=158 bytes, root_hash=[1c, c8, 23, d0, 65, 99, 9f, c0]...
🔍 MEST Query: keyword='business', found 1 fids
🔍 MEST Query: returning proof (158 bytes)
🗑️ MEST Delete: keyword='business', fid='busi_00000656' (key completely removed)
🗑️ MEST Delete: post-delete root_hash=[e3, b0, c4, 42, 98, fc, 1c, 14]...
🗑️ MEST Delete: keyword='business', fid='busi_00000656' (key completely removed)
🗑️ MEST Delete: post-delete root_hash=[e3, b0, c4, 42, 98, fc, 1c, 14]...
🔧 MEST Add: keyword='fitness', fid='heal_00000659'
🔧 MEST Add: proof size=157 bytes, root_hash=[24, c0, 59, 00, c2, 5a, 9c, 5a]...
🔧 MEST Add: keyword='fitness', fid='heal_00000659'
🔧 MEST Add: proof size=157 bytes, root_hash=[24, c0, 59, 00, c2, 5a, 9c, 5a]...
🗑️ MEST Delete: keyword='fitness', fid='heal_00000659' (key completely removed)
🗑️ MEST Delete: post-delete root_hash=[e3, b0, c4, 42, 98, fc, 1c, 14]...
🔧 MEST Add: keyword='music', fid='ente_00000661'
🔧 MEST Add: proof size=155 bytes, root_hash=[34, b8, e9, ae, 35, 1b, a8, a1]...
🗑️ MEST Delete: keyword='music', fid='ente_00000661' (key completely removed)
🗑️ MEST Delete: post-delete root_hash=[e3, b0, c4, 42, 98, fc, 1c, 14]...
🔧 MEST Add: keyword='fitness', fid='heal_00000664'
🔧 MEST Add: proof size=157 bytes, root_hash=[85, 05, 9a, 0d, 41, b9, 70, 6a]...
🗑️ MEST Delete: keyword='fitness', fid='heal_00000664' (key completely removed)
🗑️ MEST Delete: post-delete root_hash=[e3, b0, c4, 42, 98, fc, 1c, 14]...
🔧 MEST Add: keyword='music', fid='ente_00000675'
🔧 MEST Add: proof size=155 bytes, root_hash=[71, 80, 3a, c0, af, 87, bf, dd]...
🔧 MEST Add: keyword='music', fid='ente_00000675'
🔧 MEST Add: proof size=155 bytes, root_hash=[71, 80, 3a, c0, af, 87, bf, dd]...
🗑️ MEST Delete: keyword='music', fid='ente_00000675' (key completely removed)
🗑️ MEST Delete: post-delete root_hash=[e3, b0, c4, 42, 98, fc, 1c, 14]...
🔧 MEST Add: keyword='business', fid='busi_00000683'
🔧 MEST Add: proof size=158 bytes, root_hash=[88, c3, e0, 25, 6a, de, d5, 3a]...
🔍 MEST Query: keyword='business', found 1 fids
🔍 MEST Query: returning proof (158 bytes)
🗑️ MEST Delete: keyword='business', fid='busi_00000683' (key completely removed)
🗑️ MEST Delete: post-delete root_hash=[e3, b0, c4, 42, 98, fc, 1c, 14]...
🗑️ MEST Delete: keyword='business', fid='busi_00000683' (key completely removed)
🗑️ MEST Delete: post-delete root_hash=[e3, b0, c4, 42, 98, fc, 1c, 14]...
🔧 MEST Add: keyword='business', fid='busi_00000693'
🔧 MEST Add: proof size=158 bytes, root_hash=[c0, e6, 07, 24, b5, 73, 6f, b3]...
🔍 MEST Query: keyword='business', found 1 fids
🔍 MEST Query: returning proof (158 bytes)
🗑️ MEST Delete: keyword='business', fid='busi_00000693' (key completely removed)
🗑️ MEST Delete: post-delete root_hash=[e3, b0, c4, 42, 98, fc, 1c, 14]...
🗑️ MEST Delete: keyword='business', fid='busi_00000693' (key completely removed)
🗑️ MEST Delete: post-delete root_hash=[e3, b0, c4, 42, 98, fc, 1c, 14]...
🔧 MEST Add: keyword='fitness', fid='heal_00000701'
🔧 MEST Add: proof size=157 bytes, root_hash=[69, 33, 61, d0, 84, 84, 07, 43]...
🔧 MEST Add: keyword='fitness', fid='heal_00000701'
🔧 MEST Add: proof size=157 bytes, root_hash=[69, 33, 61, d0, 84, 84, 07, 43]...
🗑️ MEST Delete: keyword='fitness', fid='heal_00000701' (key completely removed)
🗑️ MEST Delete: post-delete root_hash=[e3, b0, c4, 42, 98, fc, 1c, 14]...
🔧 MEST Add: keyword='business', fid='busi_00000715'
🔧 MEST Add: proof size=158 bytes, root_hash=[e8, 7e, 56, 29, 6e, 15, 87, b5]...
🔍 MEST Query: keyword='business', found 1 fids
🔍 MEST Query: returning proof (158 bytes)
🗑️ MEST Delete: keyword='business', fid='busi_00000715' (key completely removed)
🗑️ MEST Delete: post-delete root_hash=[e3, b0, c4, 42, 98, fc, 1c, 14]...
🗑️ MEST Delete: keyword='business', fid='busi_00000715' (key completely removed)
🗑️ MEST Delete: post-delete root_hash=[e3, b0, c4, 42, 98, fc, 1c, 14]...
🔧 MEST Add: keyword='music', fid='ente_00000749'
🔧 MEST Add: proof size=155 bytes, root_hash=[e1, 9e, fb, 62, 6d, e4, 4a, 1e]...
🗑️ MEST Delete: keyword='music', fid='ente_00000749' (key completely removed)
🗑️ MEST Delete: post-delete root_hash=[e3, b0, c4, 42, 98, fc, 1c, 14]...
🔧 MEST Add: keyword='business', fid='busi_00000762'
🔧 MEST Add: proof size=158 bytes, root_hash=[52, c1, 45, 83, f8, 87, 57, 72]...
🔍 MEST Query: keyword='business', found 1 fids
🔍 MEST Query: returning proof (158 bytes)
🗑️ MEST Delete: keyword='business', fid='busi_00000762' (key completely removed)
🗑️ MEST Delete: post-delete root_hash=[e3, b0, c4, 42, 98, fc, 1c, 14]...
🗑️ MEST Delete: keyword='business', fid='busi_00000762' (key completely removed)
🗑️ MEST Delete: post-delete root_hash=[e3, b0, c4, 42, 98, fc, 1c, 14]...
🔧 MEST Add: keyword='fitness', fid='heal_00000768'
🔧 MEST Add: proof size=157 bytes, root_hash=[46, fb, 3b, 54, e8, a7, 97, 2c]...
🗑️ MEST Delete: keyword='fitness', fid='heal_00000768' (key completely removed)
🗑️ MEST Delete: post-delete root_hash=[e3, b0, c4, 42, 98, fc, 1c, 14]...
🔧 MEST Add: keyword='business', fid='busi_00000777'
🔧 MEST Add: proof size=158 bytes, root_hash=[e3, e4, f6, 9f, 58, 7d, c6, 6b]...
🔍 MEST Query: keyword='business', found 1 fids
🔍 MEST Query: returning proof (158 bytes)
🗑️ MEST Delete: keyword='business', fid='busi_00000777' (key completely removed)
🗑️ MEST Delete: post-delete root_hash=[e3, b0, c4, 42, 98, fc, 1c, 14]...
🗑️ MEST Delete: keyword='business', fid='busi_00000777' (key completely removed)
🗑️ MEST Delete: post-delete root_hash=[e3, b0, c4, 42, 98, fc, 1c, 14]...
🔧 MEST Add: keyword='music', fid='ente_00000778'
🔧 MEST Add: proof size=155 bytes, root_hash=[7d, 73, a1, 28, 5b, fd, 1c, 51]...
🔧 MEST Add: keyword='music', fid='ente_00000778'
🔧 MEST Add: proof size=155 bytes, root_hash=[7d, 73, a1, 28, 5b, fd, 1c, 51]...
🗑️ MEST Delete: keyword='music', fid='ente_00000778' (key completely removed)
🗑️ MEST Delete: post-delete root_hash=[e3, b0, c4, 42, 98, fc, 1c, 14]...
🔧 MEST Add: keyword='business', fid='busi_00000781'
🔧 MEST Add: proof size=158 bytes, root_hash=[b2, 07, fb, f4, 67, 95, 7f, 42]...
🔍 MEST Query: keyword='business', found 1 fids
🔍 MEST Query: returning proof (158 bytes)
🗑️ MEST Delete: keyword='business', fid='busi_00000781' (key completely removed)
🗑️ MEST Delete: post-delete root_hash=[e3, b0, c4, 42, 98, fc, 1c, 14]...
🗑️ MEST Delete: keyword='business', fid='busi_00000781' (key completely removed)
🗑️ MEST Delete: post-delete root_hash=[e3, b0, c4, 42, 98, fc, 1c, 14]...
🔧 MEST Add: keyword='business', fid='busi_00000791'
🔧 MEST Add: proof size=158 bytes, root_hash=[76, 13, a2, a8, de, 03, f4, a6]...
🔍 MEST Query: keyword='business', found 1 fids
🔍 MEST Query: returning proof (158 bytes)
🗑️ MEST Delete: keyword='business', fid='busi_00000791' (key completely removed)
🗑️ MEST Delete: post-delete root_hash=[e3, b0, c4, 42, 98, fc, 1c, 14]...
🗑️ MEST Delete: keyword='business', fid='busi_00000791' (key completely removed)
🗑️ MEST Delete: post-delete root_hash=[e3, b0, c4, 42, 98, fc, 1c, 14]...
🔧 MEST Add: keyword='business', fid='busi_00000794'
🔧 MEST Add: proof size=158 bytes, root_hash=[96, 5a, e4, 27, f4, 88, 2d, a7]...
🔍 MEST Query: keyword='business', found 1 fids
🔍 MEST Query: returning proof (158 bytes)
🗑️ MEST Delete: keyword='business', fid='busi_00000794' (key completely removed)
🗑️ MEST Delete: post-delete root_hash=[e3, b0, c4, 42, 98, fc, 1c, 14]...
🗑️ MEST Delete: keyword='business', fid='busi_00000794' (key completely removed)
🗑️ MEST Delete: post-delete root_hash=[e3, b0, c4, 42, 98, fc, 1c, 14]...
🔧 MEST Add: keyword='business', fid='busi_00000796'
🔧 MEST Add: proof size=158 bytes, root_hash=[76, 37, a6, d0, 42, 0f, 71, 15]...
🔍 MEST Query: keyword='business', found 1 fids
🔍 MEST Query: returning proof (158 bytes)
🗑️ MEST Delete: keyword='business', fid='busi_00000796' (key completely removed)
🗑️ MEST Delete: post-delete root_hash=[e3, b0, c4, 42, 98, fc, 1c, 14]...
🗑️ MEST Delete: keyword='business', fid='busi_00000796' (key completely removed)
🗑️ MEST Delete: post-delete root_hash=[e3, b0, c4, 42, 98, fc, 1c, 14]...
🔧 MEST Add: keyword='business', fid='busi_00000808'
🔧 MEST Add: proof size=158 bytes, root_hash=[de, 10, 8b, 14, 90, ff, ab, ed]...
🔍 MEST Query: keyword='business', found 1 fids
🔍 MEST Query: returning proof (158 bytes)
🗑️ MEST Delete: keyword='business', fid='busi_00000808' (key completely removed)
🗑️ MEST Delete: post-delete root_hash=[e3, b0, c4, 42, 98, fc, 1c, 14]...
🗑️ MEST Delete: keyword='business', fid='busi_00000808' (key completely removed)
🗑️ MEST Delete: post-delete root_hash=[e3, b0, c4, 42, 98, fc, 1c, 14]...
🔧 MEST Add: keyword='business', fid='busi_00000818'
🔧 MEST Add: proof size=158 bytes, root_hash=[a8, 31, 3d, 70, 7e, 1c, 43, 85]...
🔍 MEST Query: keyword='business', found 1 fids
🔍 MEST Query: returning proof (158 bytes)
🗑️ MEST Delete: keyword='business', fid='busi_00000818' (key completely removed)
🗑️ MEST Delete: post-delete root_hash=[e3, b0, c4, 42, 98, fc, 1c, 14]...
🗑️ MEST Delete: keyword='business', fid='busi_00000818' (key completely removed)
🗑️ MEST Delete: post-delete root_hash=[e3, b0, c4, 42, 98, fc, 1c, 14]...
🔧 MEST Add: keyword='business', fid='busi_00000836'
🔧 MEST Add: proof size=158 bytes, root_hash=[19, c1, ff, f8, bc, 94, cc, cb]...
🔍 MEST Query: keyword='business', found 1 fids
🔍 MEST Query: returning proof (158 bytes)
🗑️ MEST Delete: keyword='business', fid='busi_00000836' (key completely removed)
🗑️ MEST Delete: post-delete root_hash=[e3, b0, c4, 42, 98, fc, 1c, 14]...
🗑️ MEST Delete: keyword='business', fid='busi_00000836' (key completely removed)
🗑️ MEST Delete: post-delete root_hash=[e3, b0, c4, 42, 98, fc, 1c, 14]...
🔧 MEST Add: keyword='business', fid='busi_00000837'
🔧 MEST Add: proof size=158 bytes, root_hash=[dd, 4a, 42, 36, 33, ab, a0, ba]...
🔍 MEST Query: keyword='business', found 1 fids
🔍 MEST Query: returning proof (158 bytes)
🗑️ MEST Delete: keyword='business', fid='busi_00000837' (key completely removed)
🗑️ MEST Delete: post-delete root_hash=[e3, b0, c4, 42, 98, fc, 1c, 14]...
🗑️ MEST Delete: keyword='business', fid='busi_00000837' (key completely removed)
🗑️ MEST Delete: post-delete root_hash=[e3, b0, c4, 42, 98, fc, 1c, 14]...
🔧 MEST Add: keyword='business', fid='busi_00000838'
🔧 MEST Add: proof size=158 bytes, root_hash=[d2, ed, 73, 0a, a0, 0e, ec, 8c]...
🔍 MEST Query: keyword='business', found 1 fids
🔍 MEST Query: returning proof (158 bytes)
🗑️ MEST Delete: keyword='business', fid='busi_00000838' (key completely removed)
🗑️ MEST Delete: post-delete root_hash=[e3, b0, c4, 42, 98, fc, 1c, 14]...
🗑️ MEST Delete: keyword='business', fid='busi_00000838' (key completely removed)
🗑️ MEST Delete: post-delete root_hash=[e3, b0, c4, 42, 98, fc, 1c, 14]...
🔧 MEST Add: keyword='business', fid='busi_00000841'
🔧 MEST Add: proof size=158 bytes, root_hash=[d8, 65, 28, 53, b0, d5, 62, dc]...
🔍 MEST Query: keyword='business', found 1 fids
🔍 MEST Query: returning proof (158 bytes)
🗑️ MEST Delete: keyword='business', fid='busi_00000841' (key completely removed)
🗑️ MEST Delete: post-delete root_hash=[e3, b0, c4, 42, 98, fc, 1c, 14]...
🗑️ MEST Delete: keyword='business', fid='busi_00000841' (key completely removed)
🗑️ MEST Delete: post-delete root_hash=[e3, b0, c4, 42, 98, fc, 1c, 14]...
🔧 MEST Add: keyword='business', fid='busi_00000848'
🔧 MEST Add: proof size=158 bytes, root_hash=[7d, df, 15, 0c, 02, 84, b7, 3c]...
🔍 MEST Query: keyword='business', found 1 fids
🔍 MEST Query: returning proof (158 bytes)
🗑️ MEST Delete: keyword='business', fid='busi_00000848' (key completely removed)
🗑️ MEST Delete: post-delete root_hash=[e3, b0, c4, 42, 98, fc, 1c, 14]...
🗑️ MEST Delete: keyword='business', fid='busi_00000848' (key completely removed)
🗑️ MEST Delete: post-delete root_hash=[e3, b0, c4, 42, 98, fc, 1c, 14]...
🔧 MEST Add: keyword='music', fid='ente_00000861'
🔧 MEST Add: proof size=155 bytes, root_hash=[f0, 39, d8, 71, fc, 13, 7f, 8e]...
🗑️ MEST Delete: keyword='music', fid='ente_00000861' (key completely removed)
🗑️ MEST Delete: post-delete root_hash=[e3, b0, c4, 42, 98, fc, 1c, 14]...
🔧 MEST Add: keyword='business', fid='busi_00000869'
🔧 MEST Add: proof size=158 bytes, root_hash=[61, 15, 43, 3b, c2, a8, 4b, b1]...
🔍 MEST Query: keyword='business', found 1 fids
🔍 MEST Query: returning proof (158 bytes)
🗑️ MEST Delete: keyword='business', fid='busi_00000869' (key completely removed)
🗑️ MEST Delete: post-delete root_hash=[e3, b0, c4, 42, 98, fc, 1c, 14]...
🗑️ MEST Delete: keyword='business', fid='busi_00000869' (key completely removed)
🗑️ MEST Delete: post-delete root_hash=[e3, b0, c4, 42, 98, fc, 1c, 14]...
🔧 MEST Add: keyword='business', fid='busi_00000871'
🔧 MEST Add: proof size=158 bytes, root_hash=[30, 99, d7, 67, 78, 3f, 47, e4]...
🔍 MEST Query: keyword='business', found 1 fids
🔍 MEST Query: returning proof (158 bytes)
🗑️ MEST Delete: keyword='business', fid='busi_00000871' (key completely removed)
🗑️ MEST Delete: post-delete root_hash=[e3, b0, c4, 42, 98, fc, 1c, 14]...
🗑️ MEST Delete: keyword='business', fid='busi_00000871' (key completely removed)
🗑️ MEST Delete: post-delete root_hash=[e3, b0, c4, 42, 98, fc, 1c, 14]...
🔧 MEST Add: keyword='business', fid='busi_00000874'
🔧 MEST Add: proof size=158 bytes, root_hash=[b4, 80, e0, 2b, 40, 6a, 8a, 68]...
🔍 MEST Query: keyword='business', found 1 fids
🔍 MEST Query: returning proof (158 bytes)
🗑️ MEST Delete: keyword='business', fid='busi_00000874' (key completely removed)
🗑️ MEST Delete: post-delete root_hash=[e3, b0, c4, 42, 98, fc, 1c, 14]...
🗑️ MEST Delete: keyword='business', fid='busi_00000874' (key completely removed)
🗑️ MEST Delete: post-delete root_hash=[e3, b0, c4, 42, 98, fc, 1c, 14]...
🔧 MEST Add: keyword='business', fid='busi_00000884'
🔧 MEST Add: proof size=158 bytes, root_hash=[1b, 66, f9, 14, 73, 5d, 45, 0d]...
🔍 MEST Query: keyword='business', found 1 fids
🔍 MEST Query: returning proof (158 bytes)
🗑️ MEST Delete: keyword='business', fid='busi_00000884' (key completely removed)
🗑️ MEST Delete: post-delete root_hash=[e3, b0, c4, 42, 98, fc, 1c, 14]...
🗑️ MEST Delete: keyword='business', fid='busi_00000884' (key completely removed)
🗑️ MEST Delete: post-delete root_hash=[e3, b0, c4, 42, 98, fc, 1c, 14]...
🔧 MEST Add: keyword='business', fid='busi_00000894'
🔧 MEST Add: proof size=158 bytes, root_hash=[f7, 8f, 35, f8, e1, cf, 7a, 59]...
🔍 MEST Query: keyword='business', found 1 fids
🔍 MEST Query: returning proof (158 bytes)
🗑️ MEST Delete: keyword='business', fid='busi_00000894' (key completely removed)
🗑️ MEST Delete: post-delete root_hash=[e3, b0, c4, 42, 98, fc, 1c, 14]...
🗑️ MEST Delete: keyword='business', fid='busi_00000894' (key completely removed)
🗑️ MEST Delete: post-delete root_hash=[e3, b0, c4, 42, 98, fc, 1c, 14]...
🔧 MEST Add: keyword='business', fid='busi_00000899'
🔧 MEST Add: proof size=158 bytes, root_hash=[b1, f7, d5, 15, 6a, a8, 4d, ea]...
🔍 MEST Query: keyword='business', found 1 fids
🔍 MEST Query: returning proof (158 bytes)
🗑️ MEST Delete: keyword='business', fid='busi_00000899' (key completely removed)
🗑️ MEST Delete: post-delete root_hash=[e3, b0, c4, 42, 98, fc, 1c, 14]...
🗑️ MEST Delete: keyword='business', fid='busi_00000899' (key completely removed)
🗑️ MEST Delete: post-delete root_hash=[e3, b0, c4, 42, 98, fc, 1c, 14]...
🔧 MEST Add: keyword='business', fid='busi_00000902'
🔧 MEST Add: proof size=158 bytes, root_hash=[e9, 9c, f3, ef, 98, 15, 74, 96]...
🔍 MEST Query: keyword='business', found 1 fids
🔍 MEST Query: returning proof (158 bytes)
🗑️ MEST Delete: keyword='business', fid='busi_00000902' (key completely removed)
🗑️ MEST Delete: post-delete root_hash=[e3, b0, c4, 42, 98, fc, 1c, 14]...
🗑️ MEST Delete: keyword='business', fid='busi_00000902' (key completely removed)
🗑️ MEST Delete: post-delete root_hash=[e3, b0, c4, 42, 98, fc, 1c, 14]...
🔧 MEST Add: keyword='business', fid='busi_00000912'
🔧 MEST Add: proof size=158 bytes, root_hash=[4b, 78, ff, a4, 2e, c3, 57, 4b]...
🔍 MEST Query: keyword='business', found 1 fids
🔍 MEST Query: returning proof (158 bytes)
🗑️ MEST Delete: keyword='business', fid='busi_00000912' (key completely removed)
🗑️ MEST Delete: post-delete root_hash=[e3, b0, c4, 42, 98, fc, 1c, 14]...
🗑️ MEST Delete: keyword='business', fid='busi_00000912' (key completely removed)
🗑️ MEST Delete: post-delete root_hash=[e3, b0, c4, 42, 98, fc, 1c, 14]...
🔧 MEST Add: keyword='business', fid='busi_00000918'
🔧 MEST Add: proof size=158 bytes, root_hash=[1a, d0, 50, c0, e9, b9, 81, 18]...
🔍 MEST Query: keyword='business', found 1 fids
🔍 MEST Query: returning proof (158 bytes)
🗑️ MEST Delete: keyword='business', fid='busi_00000918' (key completely removed)
🗑️ MEST Delete: post-delete root_hash=[e3, b0, c4, 42, 98, fc, 1c, 14]...
🗑️ MEST Delete: keyword='business', fid='busi_00000918' (key completely removed)
🗑️ MEST Delete: post-delete root_hash=[e3, b0, c4, 42, 98, fc, 1c, 14]...
🔧 MEST Add: keyword='business', fid='busi_00000921'
🔧 MEST Add: proof size=158 bytes, root_hash=[db, b7, 4a, ec, b7, 3e, 64, 0e]...
🔍 MEST Query: keyword='business', found 1 fids
🔍 MEST Query: returning proof (158 bytes)
🗑️ MEST Delete: keyword='business', fid='busi_00000921' (key completely removed)
🗑️ MEST Delete: post-delete root_hash=[e3, b0, c4, 42, 98, fc, 1c, 14]...
🗑️ MEST Delete: keyword='business', fid='busi_00000921' (key completely removed)
🗑️ MEST Delete: post-delete root_hash=[e3, b0, c4, 42, 98, fc, 1c, 14]...
🔧 MEST Add: keyword='business', fid='busi_00000928'
🔧 MEST Add: proof size=158 bytes, root_hash=[9d, 9f, 22, 3b, 50, 89, e5, e8]...
🔍 MEST Query: keyword='business', found 1 fids
🔍 MEST Query: returning proof (158 bytes)
🗑️ MEST Delete: keyword='business', fid='busi_00000928' (key completely removed)
🗑️ MEST Delete: post-delete root_hash=[e3, b0, c4, 42, 98, fc, 1c, 14]...
🗑️ MEST Delete: keyword='business', fid='busi_00000928' (key completely removed)
🗑️ MEST Delete: post-delete root_hash=[e3, b0, c4, 42, 98, fc, 1c, 14]...
🔧 MEST Add: keyword='business', fid='busi_00000930'
🔧 MEST Add: proof size=158 bytes, root_hash=[56, 5c, 49, 18, 02, a7, a2, 00]...
🔍 MEST Query: keyword='business', found 1 fids
🔍 MEST Query: returning proof (158 bytes)
🗑️ MEST Delete: keyword='business', fid='busi_00000930' (key completely removed)
🗑️ MEST Delete: post-delete root_hash=[e3, b0, c4, 42, 98, fc, 1c, 14]...
🗑️ MEST Delete: keyword='business', fid='busi_00000930' (key completely removed)
🗑️ MEST Delete: post-delete root_hash=[e3, b0, c4, 42, 98, fc, 1c, 14]...
🔧 MEST Add: keyword='music', fid='ente_00000931'
🔧 MEST Add: proof size=155 bytes, root_hash=[ba, f9, 52, 7d, f8, e3, 9d, c4]...
🗑️ MEST Delete: keyword='music', fid='ente_00000931' (key completely removed)
🗑️ MEST Delete: post-delete root_hash=[e3, b0, c4, 42, 98, fc, 1c, 14]...
🔧 MEST Add: keyword='music', fid='ente_00000947'
🔧 MEST Add: proof size=155 bytes, root_hash=[ca, a2, f8, 1a, 4c, 68, 81, 43]...
🔧 MEST Add: keyword='music', fid='ente_00000947'
🔧 MEST Add: proof size=155 bytes, root_hash=[ca, a2, f8, 1a, 4c, 68, 81, 43]...
🗑️ MEST Delete: keyword='music', fid='ente_00000947' (key completely removed)
🗑️ MEST Delete: post-delete root_hash=[e3, b0, c4, 42, 98, fc, 1c, 14]...
🔧 MEST Add: keyword='music', fid='ente_00000951'
🔧 MEST Add: proof size=155 bytes, root_hash=[f9, 0a, d2, 7c, 33, c4, d3, c4]...
🗑️ MEST Delete: keyword='music', fid='ente_00000951' (key completely removed)
🗑️ MEST Delete: post-delete root_hash=[e3, b0, c4, 42, 98, fc, 1c, 14]...
🔧 MEST Add: keyword='business', fid='busi_00000958'
🔧 MEST Add: proof size=158 bytes, root_hash=[43, 29, b6, 93, 66, 7e, fb, cb]...
🔍 MEST Query: keyword='business', found 1 fids
🔍 MEST Query: returning proof (158 bytes)
🗑️ MEST Delete: keyword='business', fid='busi_00000958' (key completely removed)
🗑️ MEST Delete: post-delete root_hash=[e3, b0, c4, 42, 98, fc, 1c, 14]...
🗑️ MEST Delete: keyword='business', fid='busi_00000958' (key completely removed)
🗑️ MEST Delete: post-delete root_hash=[e3, b0, c4, 42, 98, fc, 1c, 14]...
🔧 MEST Add: keyword='fitness', fid='heal_00000967'
🔧 MEST Add: proof size=157 bytes, root_hash=[8b, b2, 9e, da, 9f, f7, 25, 7b]...
🔧 MEST Add: keyword='fitness', fid='heal_00000967'
🔧 MEST Add: proof size=157 bytes, root_hash=[8b, b2, 9e, da, 9f, f7, 25, 7b]...
🗑️ MEST Delete: keyword='fitness', fid='heal_00000967' (key completely removed)
🗑️ MEST Delete: post-delete root_hash=[e3, b0, c4, 42, 98, fc, 1c, 14]...
🔧 MEST Add: keyword='business', fid='busi_00000969'
🔧 MEST Add: proof size=158 bytes, root_hash=[7b, 93, 0d, 27, 74, 8d, 4a, 5f]...
🔍 MEST Query: keyword='business', found 1 fids
🔍 MEST Query: returning proof (158 bytes)
🗑️ MEST Delete: keyword='business', fid='busi_00000969' (key completely removed)
🗑️ MEST Delete: post-delete root_hash=[e3, b0, c4, 42, 98, fc, 1c, 14]...
🗑️ MEST Delete: keyword='business', fid='busi_00000969' (key completely removed)
🗑️ MEST Delete: post-delete root_hash=[e3, b0, c4, 42, 98, fc, 1c, 14]...
🔧 MEST Add: keyword='business', fid='busi_00000970'
🔧 MEST Add: proof size=158 bytes, root_hash=[f3, 5a, 3c, be, 02, 39, 0b, dc]...
🔍 MEST Query: keyword='business', found 1 fids
🔍 MEST Query: returning proof (158 bytes)
🗑️ MEST Delete: keyword='business', fid='busi_00000970' (key completely removed)
🗑️ MEST Delete: post-delete root_hash=[e3, b0, c4, 42, 98, fc, 1c, 14]...
🗑️ MEST Delete: keyword='business', fid='busi_00000970' (key completely removed)
🗑️ MEST Delete: post-delete root_hash=[e3, b0, c4, 42, 98, fc, 1c, 14]...
🔧 MEST Add: keyword='business', fid='busi_00000974'
🔧 MEST Add: proof size=158 bytes, root_hash=[92, 44, 77, 12, da, ea, 5e, 5e]...
🔍 MEST Query: keyword='business', found 1 fids
🔍 MEST Query: returning proof (158 bytes)
🗑️ MEST Delete: keyword='business', fid='busi_00000974' (key completely removed)
🗑️ MEST Delete: post-delete root_hash=[e3, b0, c4, 42, 98, fc, 1c, 14]...
🗑️ MEST Delete: keyword='business', fid='busi_00000974' (key completely removed)
🗑️ MEST Delete: post-delete root_hash=[e3, b0, c4, 42, 98, fc, 1c, 14]...
🔧 MEST Add: keyword='music', fid='ente_00000978'
🔧 MEST Add: proof size=155 bytes, root_hash=[ac, fb, 87, 8e, 81, ad, a8, 0a]...
🔧 MEST Add: keyword='music', fid='ente_00000978'
🔧 MEST Add: proof size=155 bytes, root_hash=[ac, fb, 87, 8e, 81, ad, a8, 0a]...
🗑️ MEST Delete: keyword='music', fid='ente_00000978' (key completely removed)
🗑️ MEST Delete: post-delete root_hash=[e3, b0, c4, 42, 98, fc, 1c, 14]...
🔧 MEST Add: keyword='business', fid='busi_00000980'
🔧 MEST Add: proof size=158 bytes, root_hash=[32, 4d, 5f, 28, 96, 77, 94, a8]...
🔍 MEST Query: keyword='business', found 1 fids
🔍 MEST Query: returning proof (158 bytes)
🗑️ MEST Delete: keyword='business', fid='busi_00000980' (key completely removed)
🗑️ MEST Delete: post-delete root_hash=[e3, b0, c4, 42, 98, fc, 1c, 14]...
🗑️ MEST Delete: keyword='business', fid='busi_00000980' (key completely removed)
🗑️ MEST Delete: post-delete root_hash=[e3, b0, c4, 42, 98, fc, 1c, 14]...
🔧 MEST Add: keyword='business', fid='busi_00000982'
🔧 MEST Add: proof size=158 bytes, root_hash=[6c, c2, ce, fd, a1, 9a, 03, 66]...
🔍 MEST Query: keyword='business', found 1 fids
🔍 MEST Query: returning proof (158 bytes)
🗑️ MEST Delete: keyword='business', fid='busi_00000982' (key completely removed)
🗑️ MEST Delete: post-delete root_hash=[e3, b0, c4, 42, 98, fc, 1c, 14]...
🗑️ MEST Delete: keyword='business', fid='busi_00000982' (key completely removed)
🗑️ MEST Delete: post-delete root_hash=[e3, b0, c4, 42, 98, fc, 1c, 14]...
🔧 MEST Add: keyword='business', fid='busi_00000989'
🔧 MEST Add: proof size=158 bytes, root_hash=[96, d0, f4, a4, 96, 0f, e1, f9]...
🔍 MEST Query: keyword='business', found 1 fids
🔍 MEST Query: returning proof (158 bytes)
🗑️ MEST Delete: keyword='business', fid='busi_00000989' (key completely removed)
🗑️ MEST Delete: post-delete root_hash=[e3, b0, c4, 42, 98, fc, 1c, 14]...
🗑️ MEST Delete: keyword='business', fid='busi_00000989' (key completely removed)
🗑️ MEST Delete: post-delete root_hash=[e3, b0, c4, 42, 98, fc, 1c, 14]...
🔧 MEST Add: keyword='business', fid='busi_00000991'
🔧 MEST Add: proof size=158 bytes, root_hash=[f3, 27, 68, 6c, c2, e7, bc, 08]...
🔍 MEST Query: keyword='business', found 1 fids
🔍 MEST Query: returning proof (158 bytes)
🗑️ MEST Delete: keyword='business', fid='busi_00000991' (key completely removed)
🗑️ MEST Delete: post-delete root_hash=[e3, b0, c4, 42, 98, fc, 1c, 14]...
🗑️ MEST Delete: keyword='business', fid='busi_00000991' (key completely removed)
🗑️ MEST Delete: post-delete root_hash=[e3, b0, c4, 42, 98, fc, 1c, 14]...
🔧 MEST Add: keyword='business', fid='busi_00000996'
🔧 MEST Add: proof size=158 bytes, root_hash=[87, 02, 07, 65, 14, a8, f0, 86]...
🔍 MEST Query: keyword='business', found 1 fids
🔍 MEST Query: returning proof (158 bytes)
🗑️ MEST Delete: keyword='business', fid='busi_00000996' (key completely removed)
🗑️ MEST Delete: post-delete root_hash=[e3, b0, c4, 42, 98, fc, 1c, 14]...
🗑️ MEST Delete: keyword='business', fid='busi_00000996' (key completely removed)
🗑️ MEST Delete: post-delete root_hash=[e3, b0, c4, 42, 98, fc, 1c, 14]...
🔧 MEST Add: keyword='business', fid='busi_00000997'
🔧 MEST Add: proof size=158 bytes, root_hash=[65, 76, 80, c9, 62, 31, 08, df]...
🔍 MEST Query: keyword='business', found 1 fids
🔍 MEST Query: returning proof (158 bytes)
🗑️ MEST Delete: keyword='business', fid='busi_00000997' (key completely removed)
🗑️ MEST Delete: post-delete root_hash=[e3, b0, c4, 42, 98, fc, 1c, 14]...
🗑️ MEST Delete: keyword='business', fid='busi_00000997' (key completely removed)
🗑️ MEST Delete: post-delete root_hash=[e3, b0, c4, 42, 98, fc, 1c, 14]...
