warning: profiles for the non root package will be ignored, specify profiles at the workspace root:
package:   /root/distributed-storage-system/crates/storager/ads_lib/Cargo.toml
workspace: /root/distributed-storage-system/Cargo.toml
warning: value assigned to `is_change` is never read
   --> crates/storager/ads_lib/src/mpt/mpt.rs:256:21
    |
256 |             let mut is_change = false;
    |                     ^^^^^^^^^
    |
    = help: maybe it is overwritten before being read?
    = note: `#[warn(unused_assignments)]` on by default

warning: value assigned to `is_change` is never read
   --> crates/storager/ads_lib/src/mpt/mpt.rs:462:25
    |
462 |                 let mut is_change = false;
    |                         ^^^^^^^^^
    |
    = help: maybe it is overwritten before being read?

warning: unused variable: `had_value`
   --> crates/storager/ads_lib/src/mpt/mpt.rs:526:21
    |
526 |                 let had_value = !old_value_str.is_empty();
    |                     ^^^^^^^^^ help: if this is intentional, prefix it with an underscore: `_had_value`
    |
    = note: `#[warn(unused_variables)]` on by default

warning: associated functions `short_node_batch_fix` and `full_node_batch_fix` are never used
    --> crates/storager/ads_lib/src/mpt/mpt.rs:1743:8
     |
  50 | impl MPT {
     | -------- associated functions in this implementation
...
1743 |     fn short_node_batch_fix(node: Arc<RwLock<ShortNode>>) -> Result<(), MPTError> {
     |        ^^^^^^^^^^^^^^^^^^^^
...
1748 |     fn full_node_batch_fix(node: Arc<RwLock<FullNode>>) -> Result<(), MPTError> {
     |        ^^^^^^^^^^^^^^^^^^^
     |
     = note: `#[warn(dead_code)]` on by default

warning: function `hash_mgt_node` is never used
   --> crates/storager/ads_lib/src/mest/proof.rs:253:4
    |
253 | fn hash_mgt_node(children: &[[u8; 32]]) -> [u8; 32] {
    |    ^^^^^^^^^^^^^

warning: `ads_rust` (lib) generated 5 warnings
warning: unused variable: `acc_old`
   --> crates/common/src/verification.rs:721:13
    |
721 |         let acc_old = match G1Affine::deserialize_uncompressed(&proof[offset..offset + acc_old_len]) {
    |             ^^^^^^^ help: if this is intentional, prefix it with an underscore: `_acc_old`
    |
    = note: `#[warn(unused_variables)]` on by default

warning: `common` (lib) generated 1 warning
warning: unused imports: `Digest` and `Sha256`
   --> crates/storager/src/ads/acctrie_ads.rs:452:20
    |
452 |         use sha2::{Digest, Sha256};
    |                    ^^^^^^  ^^^^^^
    |
    = note: `#[warn(unused_imports)]` on by default

warning: `storager` (lib) generated 1 warning (run `cargo fix --lib -p storager` to apply 1 suggestion)
    Finished `release` profile [optimized] target(s) in 0.15s
     Running `target/release/storager 50075 mest`
🔧 MEST Add: keyword='doctor', fid='heal_00000018'
🔧 MEST Add: proof size=156 bytes, root_hash=[2c, cd, 17, 74, bf, d7, 67, f3]...
🗑️ MEST Delete: keyword='doctor', fid='heal_00000018' (key completely removed)
🗑️ MEST Delete: post-delete root_hash=[e3, b0, c4, 42, 98, fc, 1c, 14]...
🔧 MEST Add: keyword='video', fid='ente_00000029'
🔧 MEST Add: proof size=155 bytes, root_hash=[93, f0, 7e, 22, 60, b9, 3c, ec]...
🔧 MEST Add: keyword='video', fid='ente_00000029'
🔧 MEST Add: proof size=155 bytes, root_hash=[93, f0, 7e, 22, 60, b9, 3c, ec]...
🗑️ MEST Delete: keyword='video', fid='ente_00000029' (key completely removed)
🗑️ MEST Delete: post-delete root_hash=[e3, b0, c4, 42, 98, fc, 1c, 14]...
🔧 MEST Add: keyword='video', fid='ente_00000075'
🔧 MEST Add: proof size=155 bytes, root_hash=[3a, 0b, b0, fe, 42, 15, 7b, 56]...
🔧 MEST Add: keyword='video', fid='ente_00000075'
🔧 MEST Add: proof size=155 bytes, root_hash=[3a, 0b, b0, fe, 42, 15, 7b, 56]...
🗑️ MEST Delete: keyword='video', fid='ente_00000075' (key completely removed)
🗑️ MEST Delete: post-delete root_hash=[e3, b0, c4, 42, 98, fc, 1c, 14]...
🔧 MEST Add: keyword='doctor', fid='heal_00000094'
🔧 MEST Add: proof size=156 bytes, root_hash=[22, cd, e8, a2, 0b, d9, 5b, ca]...
🔧 MEST Add: keyword='doctor', fid='heal_00000094'
🔧 MEST Add: proof size=156 bytes, root_hash=[22, cd, e8, a2, 0b, d9, 5b, ca]...
🗑️ MEST Delete: keyword='doctor', fid='heal_00000094' (key completely removed)
🗑️ MEST Delete: post-delete root_hash=[e3, b0, c4, 42, 98, fc, 1c, 14]...
🔧 MEST Add: keyword='video', fid='ente_00000186'
🔧 MEST Add: proof size=155 bytes, root_hash=[3c, e5, d8, 8a, c9, 4e, 53, 9c]...
🔧 MEST Add: keyword='video', fid='ente_00000186'
🔧 MEST Add: proof size=155 bytes, root_hash=[3c, e5, d8, 8a, c9, 4e, 53, 9c]...
🗑️ MEST Delete: keyword='video', fid='ente_00000186' (key completely removed)
🗑️ MEST Delete: post-delete root_hash=[e3, b0, c4, 42, 98, fc, 1c, 14]...
🔧 MEST Add: keyword='doctor', fid='heal_00000198'
🔧 MEST Add: proof size=156 bytes, root_hash=[e7, de, 1e, 7b, 94, 31, be, 46]...
🗑️ MEST Delete: keyword='doctor', fid='heal_00000198' (key completely removed)
🗑️ MEST Delete: post-delete root_hash=[e3, b0, c4, 42, 98, fc, 1c, 14]...
🔧 MEST Add: keyword='doctor', fid='heal_00000222'
🔧 MEST Add: proof size=156 bytes, root_hash=[3b, 4d, ab, 73, ba, d1, 8f, b5]...
🗑️ MEST Delete: keyword='doctor', fid='heal_00000222' (key completely removed)
🗑️ MEST Delete: post-delete root_hash=[e3, b0, c4, 42, 98, fc, 1c, 14]...
🔧 MEST Add: keyword='doctor', fid='heal_00000235'
🔧 MEST Add: proof size=156 bytes, root_hash=[6e, 3d, 4b, ae, dc, d0, 07, 01]...
🗑️ MEST Delete: keyword='doctor', fid='heal_00000235' (key completely removed)
🗑️ MEST Delete: post-delete root_hash=[e3, b0, c4, 42, 98, fc, 1c, 14]...
🔧 MEST Add: keyword='doctor', fid='heal_00000277'
🔧 MEST Add: proof size=156 bytes, root_hash=[75, ed, 94, e7, b3, 39, a9, cb]...
🔧 MEST Add: keyword='doctor', fid='heal_00000277'
🔧 MEST Add: proof size=156 bytes, root_hash=[75, ed, 94, e7, b3, 39, a9, cb]...
🗑️ MEST Delete: keyword='doctor', fid='heal_00000277' (key completely removed)
🗑️ MEST Delete: post-delete root_hash=[e3, b0, c4, 42, 98, fc, 1c, 14]...
🔧 MEST Add: keyword='video', fid='ente_00000311'
🔧 MEST Add: proof size=155 bytes, root_hash=[86, 56, 49, 01, 6d, 18, 07, 60]...
🗑️ MEST Delete: keyword='video', fid='ente_00000311' (key completely removed)
🗑️ MEST Delete: post-delete root_hash=[e3, b0, c4, 42, 98, fc, 1c, 14]...
🔧 MEST Add: keyword='doctor', fid='heal_00000350'
🔧 MEST Add: proof size=156 bytes, root_hash=[91, 25, dd, 3e, 4a, 79, a2, da]...
🗑️ MEST Delete: keyword='doctor', fid='heal_00000350' (key completely removed)
🗑️ MEST Delete: post-delete root_hash=[e3, b0, c4, 42, 98, fc, 1c, 14]...
🔧 MEST Add: keyword='doctor', fid='heal_00000376'
🔧 MEST Add: proof size=156 bytes, root_hash=[3a, de, 01, cc, bd, 52, 4c, a3]...
🔧 MEST Add: keyword='doctor', fid='heal_00000376'
🔧 MEST Add: proof size=156 bytes, root_hash=[3a, de, 01, cc, bd, 52, 4c, a3]...
🗑️ MEST Delete: keyword='doctor', fid='heal_00000376' (key completely removed)
🗑️ MEST Delete: post-delete root_hash=[e3, b0, c4, 42, 98, fc, 1c, 14]...
🔧 MEST Add: keyword='doctor', fid='heal_00000394'
🔧 MEST Add: proof size=156 bytes, root_hash=[76, 05, 46, 20, a2, ba, 97, 3e]...
🗑️ MEST Delete: keyword='doctor', fid='heal_00000394' (key completely removed)
🗑️ MEST Delete: post-delete root_hash=[e3, b0, c4, 42, 98, fc, 1c, 14]...
🔧 MEST Add: keyword='video', fid='ente_00000396'
🔧 MEST Add: proof size=155 bytes, root_hash=[66, 62, 9c, 04, e9, 6a, b0, 64]...
🔧 MEST Add: keyword='video', fid='ente_00000396'
🔧 MEST Add: proof size=155 bytes, root_hash=[66, 62, 9c, 04, e9, 6a, b0, 64]...
🗑️ MEST Delete: keyword='video', fid='ente_00000396' (key completely removed)
🗑️ MEST Delete: post-delete root_hash=[e3, b0, c4, 42, 98, fc, 1c, 14]...
🔧 MEST Add: keyword='video', fid='ente_00000424'
🔧 MEST Add: proof size=155 bytes, root_hash=[f4, 8a, b1, fc, 66, 29, 94, 7b]...
🗑️ MEST Delete: keyword='video', fid='ente_00000424' (key completely removed)
🗑️ MEST Delete: post-delete root_hash=[e3, b0, c4, 42, 98, fc, 1c, 14]...
🔧 MEST Add: keyword='doctor', fid='heal_00000430'
🔧 MEST Add: proof size=156 bytes, root_hash=[51, 35, 5e, f3, 83, 70, d4, 20]...
🗑️ MEST Delete: keyword='doctor', fid='heal_00000430' (key completely removed)
🗑️ MEST Delete: post-delete root_hash=[e3, b0, c4, 42, 98, fc, 1c, 14]...
🔧 MEST Add: keyword='video', fid='ente_00000437'
🔧 MEST Add: proof size=155 bytes, root_hash=[49, 34, 69, d2, 7d, 49, 4d, 03]...
🗑️ MEST Delete: keyword='video', fid='ente_00000437' (key completely removed)
🗑️ MEST Delete: post-delete root_hash=[e3, b0, c4, 42, 98, fc, 1c, 14]...
🔧 MEST Add: keyword='video', fid='ente_00000450'
🔧 MEST Add: proof size=155 bytes, root_hash=[4e, e3, e2, 2d, b8, e3, 44, 05]...
🗑️ MEST Delete: keyword='video', fid='ente_00000450' (key completely removed)
🗑️ MEST Delete: post-delete root_hash=[e3, b0, c4, 42, 98, fc, 1c, 14]...
🔧 MEST Add: keyword='doctor', fid='heal_00000479'
🔧 MEST Add: proof size=156 bytes, root_hash=[d8, 4e, 52, be, 64, a0, aa, dd]...
🗑️ MEST Delete: keyword='doctor', fid='heal_00000479' (key completely removed)
🗑️ MEST Delete: post-delete root_hash=[e3, b0, c4, 42, 98, fc, 1c, 14]...
🔧 MEST Add: keyword='video', fid='ente_00000487'
🔧 MEST Add: proof size=155 bytes, root_hash=[92, 78, 91, 3b, 87, 66, e4, 9c]...
🔧 MEST Add: keyword='video', fid='ente_00000487'
🔧 MEST Add: proof size=155 bytes, root_hash=[92, 78, 91, 3b, 87, 66, e4, 9c]...
🗑️ MEST Delete: keyword='video', fid='ente_00000487' (key completely removed)
🗑️ MEST Delete: post-delete root_hash=[e3, b0, c4, 42, 98, fc, 1c, 14]...
🔧 MEST Add: keyword='doctor', fid='heal_00000513'
🔧 MEST Add: proof size=156 bytes, root_hash=[99, 9a, 22, fd, 9c, 29, 79, d2]...
🗑️ MEST Delete: keyword='doctor', fid='heal_00000513' (key completely removed)
🗑️ MEST Delete: post-delete root_hash=[e3, b0, c4, 42, 98, fc, 1c, 14]...
🔧 MEST Add: keyword='video', fid='ente_00000532'
🔧 MEST Add: proof size=155 bytes, root_hash=[ea, 5e, ea, 21, 55, 82, 5c, 74]...
🗑️ MEST Delete: keyword='video', fid='ente_00000532' (key completely removed)
🗑️ MEST Delete: post-delete root_hash=[e3, b0, c4, 42, 98, fc, 1c, 14]...
🔧 MEST Add: keyword='doctor', fid='heal_00000540'
🔧 MEST Add: proof size=156 bytes, root_hash=[a1, d0, 54, ea, 07, 2e, da, a0]...
🗑️ MEST Delete: keyword='doctor', fid='heal_00000540' (key completely removed)
🗑️ MEST Delete: post-delete root_hash=[e3, b0, c4, 42, 98, fc, 1c, 14]...
🔧 MEST Add: keyword='doctor', fid='heal_00000546'
🔧 MEST Add: proof size=156 bytes, root_hash=[f9, 70, 0d, 60, 31, 2d, f6, cc]...
🔧 MEST Add: keyword='doctor', fid='heal_00000546'
🔧 MEST Add: proof size=156 bytes, root_hash=[f9, 70, 0d, 60, 31, 2d, f6, cc]...
🗑️ MEST Delete: keyword='doctor', fid='heal_00000546' (key completely removed)
🗑️ MEST Delete: post-delete root_hash=[e3, b0, c4, 42, 98, fc, 1c, 14]...
🔧 MEST Add: keyword='doctor', fid='heal_00000565'
🔧 MEST Add: proof size=156 bytes, root_hash=[5c, dc, 83, cc, cd, d8, 06, cd]...
🔧 MEST Add: keyword='doctor', fid='heal_00000565'
🔧 MEST Add: proof size=156 bytes, root_hash=[5c, dc, 83, cc, cd, d8, 06, cd]...
🗑️ MEST Delete: keyword='doctor', fid='heal_00000565' (key completely removed)
🗑️ MEST Delete: post-delete root_hash=[e3, b0, c4, 42, 98, fc, 1c, 14]...
🔧 MEST Add: keyword='doctor', fid='heal_00000568'
🔧 MEST Add: proof size=156 bytes, root_hash=[30, 2a, 0a, 41, 97, c5, 1d, 33]...
🗑️ MEST Delete: keyword='doctor', fid='heal_00000568' (key completely removed)
🗑️ MEST Delete: post-delete root_hash=[e3, b0, c4, 42, 98, fc, 1c, 14]...
🔧 MEST Add: keyword='doctor', fid='heal_00000593'
🔧 MEST Add: proof size=156 bytes, root_hash=[20, 55, 70, b9, 83, 91, 3f, e6]...
🗑️ MEST Delete: keyword='doctor', fid='heal_00000593' (key completely removed)
🗑️ MEST Delete: post-delete root_hash=[e3, b0, c4, 42, 98, fc, 1c, 14]...
🔧 MEST Add: keyword='doctor', fid='heal_00000628'
🔧 MEST Add: proof size=156 bytes, root_hash=[61, 0a, 2f, c9, f5, 36, 35, 60]...
🗑️ MEST Delete: keyword='doctor', fid='heal_00000628' (key completely removed)
🗑️ MEST Delete: post-delete root_hash=[e3, b0, c4, 42, 98, fc, 1c, 14]...
🔧 MEST Add: keyword='doctor', fid='heal_00000631'
🔧 MEST Add: proof size=156 bytes, root_hash=[7f, 14, 88, 43, c4, ee, ba, 24]...
🔧 MEST Add: keyword='doctor', fid='heal_00000631'
🔧 MEST Add: proof size=156 bytes, root_hash=[7f, 14, 88, 43, c4, ee, ba, 24]...
🗑️ MEST Delete: keyword='doctor', fid='heal_00000631' (key completely removed)
🗑️ MEST Delete: post-delete root_hash=[e3, b0, c4, 42, 98, fc, 1c, 14]...
🔧 MEST Add: keyword='video', fid='ente_00000638'
🔧 MEST Add: proof size=155 bytes, root_hash=[cb, d9, 19, bf, cb, 71, e8, e1]...
🗑️ MEST Delete: keyword='video', fid='ente_00000638' (key completely removed)
🗑️ MEST Delete: post-delete root_hash=[e3, b0, c4, 42, 98, fc, 1c, 14]...
🔧 MEST Add: keyword='video', fid='ente_00000660'
🔧 MEST Add: proof size=155 bytes, root_hash=[7e, 5c, 74, 2e, 14, 43, 30, 03]...
🔧 MEST Add: keyword='video', fid='ente_00000660'
🔧 MEST Add: proof size=155 bytes, root_hash=[7e, 5c, 74, 2e, 14, 43, 30, 03]...
🗑️ MEST Delete: keyword='video', fid='ente_00000660' (key completely removed)
🗑️ MEST Delete: post-delete root_hash=[e3, b0, c4, 42, 98, fc, 1c, 14]...
🔧 MEST Add: keyword='video', fid='ente_00000675'
🔧 MEST Add: proof size=155 bytes, root_hash=[71, 80, 3a, c0, af, 87, bf, dd]...
🗑️ MEST Delete: keyword='video', fid='ente_00000675' (key completely removed)
🗑️ MEST Delete: post-delete root_hash=[e3, b0, c4, 42, 98, fc, 1c, 14]...
🔧 MEST Add: keyword='doctor', fid='heal_00000688'
🔧 MEST Add: proof size=156 bytes, root_hash=[46, 78, 4c, 2a, 5e, 56, 1f, 63]...
🗑️ MEST Delete: keyword='doctor', fid='heal_00000688' (key completely removed)
🗑️ MEST Delete: post-delete root_hash=[e3, b0, c4, 42, 98, fc, 1c, 14]...
🔧 MEST Add: keyword='doctor', fid='heal_00000695'
🔧 MEST Add: proof size=156 bytes, root_hash=[c3, de, 27, bf, 88, d4, 5d, ee]...
🗑️ MEST Delete: keyword='doctor', fid='heal_00000695' (key completely removed)
🗑️ MEST Delete: post-delete root_hash=[e3, b0, c4, 42, 98, fc, 1c, 14]...
🔧 MEST Add: keyword='doctor', fid='heal_00000701'
🔧 MEST Add: proof size=156 bytes, root_hash=[69, 33, 61, d0, 84, 84, 07, 43]...
🗑️ MEST Delete: keyword='doctor', fid='heal_00000701' (key completely removed)
🗑️ MEST Delete: post-delete root_hash=[e3, b0, c4, 42, 98, fc, 1c, 14]...
🔧 MEST Add: keyword='doctor', fid='heal_00000710'
🔧 MEST Add: proof size=156 bytes, root_hash=[5b, a9, 3e, 57, cf, 2f, dc, 83]...
🔧 MEST Add: keyword='doctor', fid='heal_00000710'
🔧 MEST Add: proof size=156 bytes, root_hash=[5b, a9, 3e, 57, cf, 2f, dc, 83]...
🗑️ MEST Delete: keyword='doctor', fid='heal_00000710' (key completely removed)
🗑️ MEST Delete: post-delete root_hash=[e3, b0, c4, 42, 98, fc, 1c, 14]...
🔧 MEST Add: keyword='doctor', fid='heal_00000761'
🔧 MEST Add: proof size=156 bytes, root_hash=[0a, f0, ae, 27, 7a, bd, bd, 5a]...
🗑️ MEST Delete: keyword='doctor', fid='heal_00000761' (key completely removed)
🗑️ MEST Delete: post-delete root_hash=[e3, b0, c4, 42, 98, fc, 1c, 14]...
🔧 MEST Add: keyword='video', fid='ente_00000776'
🔧 MEST Add: proof size=155 bytes, root_hash=[3e, 12, 8b, 5c, 23, d3, 91, c7]...
🗑️ MEST Delete: keyword='video', fid='ente_00000776' (key completely removed)
🗑️ MEST Delete: post-delete root_hash=[e3, b0, c4, 42, 98, fc, 1c, 14]...
🔧 MEST Add: keyword='video', fid='ente_00000778'
🔧 MEST Add: proof size=155 bytes, root_hash=[7d, 73, a1, 28, 5b, fd, 1c, 51]...
🗑️ MEST Delete: keyword='video', fid='ente_00000778' (key completely removed)
🗑️ MEST Delete: post-delete root_hash=[e3, b0, c4, 42, 98, fc, 1c, 14]...
🔧 MEST Add: keyword='doctor', fid='heal_00000786'
🔧 MEST Add: proof size=156 bytes, root_hash=[ee, c0, b9, b8, 02, 38, 49, 9d]...
🗑️ MEST Delete: keyword='doctor', fid='heal_00000786' (key completely removed)
🗑️ MEST Delete: post-delete root_hash=[e3, b0, c4, 42, 98, fc, 1c, 14]...
🔧 MEST Add: keyword='video', fid='ente_00000895'
🔧 MEST Add: proof size=155 bytes, root_hash=[12, 93, 7b, 97, 08, d0, 56, 3c]...
🔧 MEST Add: keyword='video', fid='ente_00000895'
🔧 MEST Add: proof size=155 bytes, root_hash=[12, 93, 7b, 97, 08, d0, 56, 3c]...
🗑️ MEST Delete: keyword='video', fid='ente_00000895' (key completely removed)
🗑️ MEST Delete: post-delete root_hash=[e3, b0, c4, 42, 98, fc, 1c, 14]...
🔧 MEST Add: keyword='doctor', fid='heal_00000917'
🔧 MEST Add: proof size=156 bytes, root_hash=[d5, 0d, de, de, d4, 0a, e0, d3]...
🗑️ MEST Delete: keyword='doctor', fid='heal_00000917' (key completely removed)
🗑️ MEST Delete: post-delete root_hash=[e3, b0, c4, 42, 98, fc, 1c, 14]...
🔧 MEST Add: keyword='doctor', fid='heal_00000954'
🔧 MEST Add: proof size=156 bytes, root_hash=[4b, bc, 2b, 59, cf, 64, d5, a2]...
🔧 MEST Add: keyword='doctor', fid='heal_00000954'
🔧 MEST Add: proof size=156 bytes, root_hash=[4b, bc, 2b, 59, cf, 64, d5, a2]...
🗑️ MEST Delete: keyword='doctor', fid='heal_00000954' (key completely removed)
🗑️ MEST Delete: post-delete root_hash=[e3, b0, c4, 42, 98, fc, 1c, 14]...
🔧 MEST Add: keyword='doctor', fid='heal_00000967'
🔧 MEST Add: proof size=156 bytes, root_hash=[8b, b2, 9e, da, 9f, f7, 25, 7b]...
🗑️ MEST Delete: keyword='doctor', fid='heal_00000967' (key completely removed)
🗑️ MEST Delete: post-delete root_hash=[e3, b0, c4, 42, 98, fc, 1c, 14]...
