warning: profiles for the non root package will be ignored, specify profiles at the workspace root:
package:   /root/distributed-storage-system/crates/storager/ads_lib/Cargo.toml
workspace: /root/distributed-storage-system/Cargo.toml
warning: value assigned to `is_change` is never read
   --> crates/storager/ads_lib/src/mpt/mpt.rs:256:21
    |
256 |             let mut is_change = false;
    |                     ^^^^^^^^^
    |
    = help: maybe it is overwritten before being read?
    = note: `#[warn(unused_assignments)]` on by default

warning: value assigned to `is_change` is never read
   --> crates/storager/ads_lib/src/mpt/mpt.rs:462:25
    |
462 |                 let mut is_change = false;
    |                         ^^^^^^^^^
    |
    = help: maybe it is overwritten before being read?

warning: unused variable: `had_value`
   --> crates/storager/ads_lib/src/mpt/mpt.rs:526:21
    |
526 |                 let had_value = !old_value_str.is_empty();
    |                     ^^^^^^^^^ help: if this is intentional, prefix it with an underscore: `_had_value`
    |
    = note: `#[warn(unused_variables)]` on by default

warning: associated functions `short_node_batch_fix` and `full_node_batch_fix` are never used
    --> crates/storager/ads_lib/src/mpt/mpt.rs:1743:8
     |
  50 | impl MPT {
     | -------- associated functions in this implementation
...
1743 |     fn short_node_batch_fix(node: Arc<RwLock<ShortNode>>) -> Result<(), MPTError> {
     |        ^^^^^^^^^^^^^^^^^^^^
...
1748 |     fn full_node_batch_fix(node: Arc<RwLock<FullNode>>) -> Result<(), MPTError> {
     |        ^^^^^^^^^^^^^^^^^^^
     |
     = note: `#[warn(dead_code)]` on by default

warning: function `hash_mgt_node` is never used
   --> crates/storager/ads_lib/src/mest/proof.rs:253:4
    |
253 | fn hash_mgt_node(children: &[[u8; 32]]) -> [u8; 32] {
    |    ^^^^^^^^^^^^^

warning: `ads_rust` (lib) generated 5 warnings
warning: unused variable: `acc_old`
   --> crates/common/src/verification.rs:721:13
    |
721 |         let acc_old = match G1Affine::deserialize_uncompressed(&proof[offset..offset + acc_old_len]) {
    |             ^^^^^^^ help: if this is intentional, prefix it with an underscore: `_acc_old`
    |
    = note: `#[warn(unused_variables)]` on by default

warning: `common` (lib) generated 1 warning
warning: unused imports: `Digest` and `Sha256`
   --> crates/storager/src/ads/acctrie_ads.rs:452:20
    |
452 |         use sha2::{Digest, Sha256};
    |                    ^^^^^^  ^^^^^^
    |
    = note: `#[warn(unused_imports)]` on by default

warning: `storager` (lib) generated 1 warning (run `cargo fix --lib -p storager` to apply 1 suggestion)
    Finished `release` profile [optimized] target(s) in 0.15s
     Running `target/release/storager 50070 mest`
🔧 MEST Add: keyword='hypothesis', fid='scie_00000011'
🔧 MEST Add: proof size=160 bytes, root_hash=[4b, ab, 40, 6f, fc, 65, 37, a6]...
🗑️ MEST Delete: keyword='hypothesis', fid='scie_00000011' (key completely removed)
🗑️ MEST Delete: post-delete root_hash=[e3, b0, c4, 42, 98, fc, 1c, 14]...
🔧 MEST Add: keyword='hypothesis', fid='scie_00000142'
🔧 MEST Add: proof size=160 bytes, root_hash=[8f, 3b, 8d, d3, ac, 34, d6, 24]...
🔧 MEST Add: keyword='hypothesis', fid='scie_00000142'
🔧 MEST Add: proof size=160 bytes, root_hash=[8f, 3b, 8d, d3, ac, 34, d6, 24]...
🗑️ MEST Delete: keyword='hypothesis', fid='scie_00000142' (key completely removed)
🗑️ MEST Delete: post-delete root_hash=[e3, b0, c4, 42, 98, fc, 1c, 14]...
🔧 MEST Add: keyword='hypothesis', fid='scie_00000201'
🔧 MEST Add: proof size=160 bytes, root_hash=[d6, 26, 7b, 2a, b6, 2a, 2c, 7b]...
🔧 MEST Add: keyword='hypothesis', fid='scie_00000201'
🔧 MEST Add: proof size=160 bytes, root_hash=[d6, 26, 7b, 2a, b6, 2a, 2c, 7b]...
🗑️ MEST Delete: keyword='hypothesis', fid='scie_00000201' (key completely removed)
🗑️ MEST Delete: post-delete root_hash=[e3, b0, c4, 42, 98, fc, 1c, 14]...
🔧 MEST Add: keyword='hypothesis', fid='scie_00000266'
🔧 MEST Add: proof size=160 bytes, root_hash=[a4, 25, 57, 58, b0, 03, 95, e1]...
🗑️ MEST Delete: keyword='hypothesis', fid='scie_00000266' (key completely removed)
🗑️ MEST Delete: post-delete root_hash=[e3, b0, c4, 42, 98, fc, 1c, 14]...
🔧 MEST Add: keyword='hypothesis', fid='scie_00000287'
🔧 MEST Add: proof size=160 bytes, root_hash=[06, 95, ad, 1e, 84, 30, 82, 7d]...
🗑️ MEST Delete: keyword='hypothesis', fid='scie_00000287' (key completely removed)
🗑️ MEST Delete: post-delete root_hash=[e3, b0, c4, 42, 98, fc, 1c, 14]...
🔧 MEST Add: keyword='hypothesis', fid='scie_00000297'
🔧 MEST Add: proof size=160 bytes, root_hash=[d3, 5f, 63, 5e, 68, e8, 4a, 1d]...
🗑️ MEST Delete: keyword='hypothesis', fid='scie_00000297' (key completely removed)
🗑️ MEST Delete: post-delete root_hash=[e3, b0, c4, 42, 98, fc, 1c, 14]...
🔧 MEST Add: keyword='hypothesis', fid='scie_00000393'
🔧 MEST Add: proof size=160 bytes, root_hash=[db, 3b, 5b, 5b, 98, 37, 3e, 60]...
🗑️ MEST Delete: keyword='hypothesis', fid='scie_00000393' (key completely removed)
🗑️ MEST Delete: post-delete root_hash=[e3, b0, c4, 42, 98, fc, 1c, 14]...
🔧 MEST Add: keyword='hypothesis', fid='scie_00000543'
🔧 MEST Add: proof size=160 bytes, root_hash=[e9, d0, 61, ee, b6, d6, ea, 04]...
🔧 MEST Add: keyword='hypothesis', fid='scie_00000543'
🔧 MEST Add: proof size=160 bytes, root_hash=[e9, d0, 61, ee, b6, d6, ea, 04]...
🗑️ MEST Delete: keyword='hypothesis', fid='scie_00000543' (key completely removed)
🗑️ MEST Delete: post-delete root_hash=[e3, b0, c4, 42, 98, fc, 1c, 14]...
🔧 MEST Add: keyword='hypothesis', fid='scie_00000629'
🔧 MEST Add: proof size=160 bytes, root_hash=[d9, a2, 4a, 77, f0, 66, 94, 63]...
🗑️ MEST Delete: keyword='hypothesis', fid='scie_00000629' (key completely removed)
🗑️ MEST Delete: post-delete root_hash=[e3, b0, c4, 42, 98, fc, 1c, 14]...
🔧 MEST Add: keyword='hypothesis', fid='scie_00000724'
🔧 MEST Add: proof size=160 bytes, root_hash=[a0, 65, b5, da, 38, 2b, 63, 34]...
🗑️ MEST Delete: keyword='hypothesis', fid='scie_00000724' (key completely removed)
🗑️ MEST Delete: post-delete root_hash=[e3, b0, c4, 42, 98, fc, 1c, 14]...
🔧 MEST Add: keyword='hypothesis', fid='scie_00000743'
🔧 MEST Add: proof size=160 bytes, root_hash=[07, c1, c3, 74, 53, 1a, 98, 98]...
🔧 MEST Add: keyword='hypothesis', fid='scie_00000743'
🔧 MEST Add: proof size=160 bytes, root_hash=[07, c1, c3, 74, 53, 1a, 98, 98]...
🗑️ MEST Delete: keyword='hypothesis', fid='scie_00000743' (key completely removed)
🗑️ MEST Delete: post-delete root_hash=[e3, b0, c4, 42, 98, fc, 1c, 14]...
🔧 MEST Add: keyword='hypothesis', fid='scie_00000812'
🔧 MEST Add: proof size=160 bytes, root_hash=[5e, 33, 2f, a6, c1, ad, 62, 4e]...
🗑️ MEST Delete: keyword='hypothesis', fid='scie_00000812' (key completely removed)
🗑️ MEST Delete: post-delete root_hash=[e3, b0, c4, 42, 98, fc, 1c, 14]...
🔧 MEST Add: keyword='hypothesis', fid='scie_00000826'
🔧 MEST Add: proof size=160 bytes, root_hash=[7a, 6c, ba, f1, e6, c7, ba, 82]...
🔧 MEST Add: keyword='hypothesis', fid='scie_00000826'
🔧 MEST Add: proof size=160 bytes, root_hash=[7a, 6c, ba, f1, e6, c7, ba, 82]...
🗑️ MEST Delete: keyword='hypothesis', fid='scie_00000826' (key completely removed)
🗑️ MEST Delete: post-delete root_hash=[e3, b0, c4, 42, 98, fc, 1c, 14]...
🔧 MEST Add: keyword='hypothesis', fid='scie_00000878'
🔧 MEST Add: proof size=160 bytes, root_hash=[15, 2c, bd, f8, 18, ee, a8, bc]...
🗑️ MEST Delete: keyword='hypothesis', fid='scie_00000878' (key completely removed)
🗑️ MEST Delete: post-delete root_hash=[e3, b0, c4, 42, 98, fc, 1c, 14]...
🔧 MEST Add: keyword='hypothesis', fid='scie_00000892'
🔧 MEST Add: proof size=160 bytes, root_hash=[7e, 9e, d3, ef, 41, 06, 71, 14]...
🗑️ MEST Delete: keyword='hypothesis', fid='scie_00000892' (key completely removed)
🗑️ MEST Delete: post-delete root_hash=[e3, b0, c4, 42, 98, fc, 1c, 14]...
🔧 MEST Add: keyword='hypothesis', fid='scie_00000948'
🔧 MEST Add: proof size=160 bytes, root_hash=[87, 2d, 17, a8, 74, 5f, 8c, 1a]...
🗑️ MEST Delete: keyword='hypothesis', fid='scie_00000948' (key completely removed)
🗑️ MEST Delete: post-delete root_hash=[e3, b0, c4, 42, 98, fc, 1c, 14]...
