warning: profiles for the non root package will be ignored, specify profiles at the workspace root:
package:   /root/distributed-storage-system/crates/storager/ads_lib/Cargo.toml
workspace: /root/distributed-storage-system/Cargo.toml
warning: value assigned to `is_change` is never read
   --> crates/storager/ads_lib/src/mpt/mpt.rs:256:21
    |
256 |             let mut is_change = false;
    |                     ^^^^^^^^^
    |
    = help: maybe it is overwritten before being read?
    = note: `#[warn(unused_assignments)]` on by default

warning: value assigned to `is_change` is never read
   --> crates/storager/ads_lib/src/mpt/mpt.rs:462:25
    |
462 |                 let mut is_change = false;
    |                         ^^^^^^^^^
    |
    = help: maybe it is overwritten before being read?

warning: unused variable: `had_value`
   --> crates/storager/ads_lib/src/mpt/mpt.rs:526:21
    |
526 |                 let had_value = !old_value_str.is_empty();
    |                     ^^^^^^^^^ help: if this is intentional, prefix it with an underscore: `_had_value`
    |
    = note: `#[warn(unused_variables)]` on by default

warning: associated functions `short_node_batch_fix` and `full_node_batch_fix` are never used
    --> crates/storager/ads_lib/src/mpt/mpt.rs:1743:8
     |
  50 | impl MPT {
     | -------- associated functions in this implementation
...
1743 |     fn short_node_batch_fix(node: Arc<RwLock<ShortNode>>) -> Result<(), MPTError> {
     |        ^^^^^^^^^^^^^^^^^^^^
...
1748 |     fn full_node_batch_fix(node: Arc<RwLock<FullNode>>) -> Result<(), MPTError> {
     |        ^^^^^^^^^^^^^^^^^^^
     |
     = note: `#[warn(dead_code)]` on by default

warning: function `hash_mgt_node` is never used
   --> crates/storager/ads_lib/src/mest/proof.rs:253:4
    |
253 | fn hash_mgt_node(children: &[[u8; 32]]) -> [u8; 32] {
    |    ^^^^^^^^^^^^^

warning: `ads_rust` (lib) generated 5 warnings
warning: unused variable: `acc_old`
   --> crates/common/src/verification.rs:721:13
    |
721 |         let acc_old = match G1Affine::deserialize_uncompressed(&proof[offset..offset + acc_old_len]) {
    |             ^^^^^^^ help: if this is intentional, prefix it with an underscore: `_acc_old`
    |
    = note: `#[warn(unused_variables)]` on by default

warning: `common` (lib) generated 1 warning
warning: unused imports: `Digest` and `Sha256`
   --> crates/storager/src/ads/acctrie_ads.rs:452:20
    |
452 |         use sha2::{Digest, Sha256};
    |                    ^^^^^^  ^^^^^^
    |
    = note: `#[warn(unused_imports)]` on by default

warning: `storager` (lib) generated 1 warning (run `cargo fix --lib -p storager` to apply 1 suggestion)
    Finished `release` profile [optimized] target(s) in 0.16s
     Running `target/release/storager 50085 mest`
🔧 MEST Add: keyword='carbon', fid='envi_00000021'
🔧 MEST Add: proof size=156 bytes, root_hash=[c7, a4, 62, 85, 58, 33, 1d, 0a]...
🔧 MEST Add: keyword='carbon', fid='envi_00000021'
🔧 MEST Add: proof size=156 bytes, root_hash=[c7, a4, 62, 85, 58, 33, 1d, 0a]...
🗑️ MEST Delete: keyword='carbon', fid='envi_00000021' (key completely removed)
🗑️ MEST Delete: post-delete root_hash=[e3, b0, c4, 42, 98, fc, 1c, 14]...
🔧 MEST Add: keyword='olympics', fid='spor_00000040'
🔧 MEST Add: proof size=158 bytes, root_hash=[1e, 8b, 99, 19, ed, db, 7a, 99]...
🗑️ MEST Delete: keyword='olympics', fid='spor_00000040' (key completely removed)
🗑️ MEST Delete: post-delete root_hash=[e3, b0, c4, 42, 98, fc, 1c, 14]...
🔧 MEST Add: keyword='carbon', fid='envi_00000045'
🔧 MEST Add: proof size=156 bytes, root_hash=[15, 92, b1, 9e, e2, 4d, 5e, ff]...
🔧 MEST Add: keyword='carbon', fid='envi_00000045'
🔧 MEST Add: proof size=156 bytes, root_hash=[15, 92, b1, 9e, e2, 4d, 5e, ff]...
🗑️ MEST Delete: keyword='carbon', fid='envi_00000045' (key completely removed)
🗑️ MEST Delete: post-delete root_hash=[e3, b0, c4, 42, 98, fc, 1c, 14]...
🔧 MEST Add: keyword='olympics', fid='spor_00000112'
🔧 MEST Add: proof size=158 bytes, root_hash=[ff, 41, 80, 0e, 9f, e3, 2e, 12]...
🗑️ MEST Delete: keyword='olympics', fid='spor_00000112' (key completely removed)
🗑️ MEST Delete: post-delete root_hash=[e3, b0, c4, 42, 98, fc, 1c, 14]...
🔧 MEST Add: keyword='olympics', fid='spor_00000114'
🔧 MEST Add: proof size=158 bytes, root_hash=[8b, e3, fc, 01, 01, b5, 76, fb]...
🔧 MEST Add: keyword='olympics', fid='spor_00000114'
🔧 MEST Add: proof size=158 bytes, root_hash=[8b, e3, fc, 01, 01, b5, 76, fb]...
🗑️ MEST Delete: keyword='olympics', fid='spor_00000114' (key completely removed)
🗑️ MEST Delete: post-delete root_hash=[e3, b0, c4, 42, 98, fc, 1c, 14]...
🔧 MEST Add: keyword='carbon', fid='envi_00000126'
🔧 MEST Add: proof size=156 bytes, root_hash=[d6, 59, 6e, ad, fb, c6, a5, b6]...
🔧 MEST Add: keyword='carbon', fid='envi_00000126'
🔧 MEST Add: proof size=156 bytes, root_hash=[d6, 59, 6e, ad, fb, c6, a5, b6]...
🗑️ MEST Delete: keyword='carbon', fid='envi_00000126' (key completely removed)
🗑️ MEST Delete: post-delete root_hash=[e3, b0, c4, 42, 98, fc, 1c, 14]...
🔧 MEST Add: keyword='carbon', fid='envi_00000137'
🔧 MEST Add: proof size=156 bytes, root_hash=[94, 38, b6, c3, 72, 4e, 04, c3]...
🔧 MEST Add: keyword='carbon', fid='envi_00000137'
🔧 MEST Add: proof size=156 bytes, root_hash=[94, 38, b6, c3, 72, 4e, 04, c3]...
🗑️ MEST Delete: keyword='carbon', fid='envi_00000137' (key completely removed)
🗑️ MEST Delete: post-delete root_hash=[e3, b0, c4, 42, 98, fc, 1c, 14]...
🔧 MEST Add: keyword='carbon', fid='envi_00000178'
🔧 MEST Add: proof size=156 bytes, root_hash=[20, f1, 4a, d5, a9, 47, 2b, 54]...
🔧 MEST Add: keyword='carbon', fid='envi_00000178'
🔧 MEST Add: proof size=156 bytes, root_hash=[20, f1, 4a, d5, a9, 47, 2b, 54]...
🗑️ MEST Delete: keyword='carbon', fid='envi_00000178' (key completely removed)
🗑️ MEST Delete: post-delete root_hash=[e3, b0, c4, 42, 98, fc, 1c, 14]...
🔧 MEST Add: keyword='carbon', fid='envi_00000200'
🔧 MEST Add: proof size=156 bytes, root_hash=[3b, 12, 0e, 66, 9c, 47, 47, 07]...
🔧 MEST Add: keyword='carbon', fid='envi_00000200'
🔧 MEST Add: proof size=156 bytes, root_hash=[3b, 12, 0e, 66, 9c, 47, 47, 07]...
🗑️ MEST Delete: keyword='carbon', fid='envi_00000200' (key completely removed)
🗑️ MEST Delete: post-delete root_hash=[e3, b0, c4, 42, 98, fc, 1c, 14]...
🔧 MEST Add: keyword='olympics', fid='spor_00000331'
🔧 MEST Add: proof size=158 bytes, root_hash=[03, b0, e8, 3e, 8d, 57, 46, 8c]...
🗑️ MEST Delete: keyword='olympics', fid='spor_00000331' (key completely removed)
🗑️ MEST Delete: post-delete root_hash=[e3, b0, c4, 42, 98, fc, 1c, 14]...
🔧 MEST Add: keyword='carbon', fid='envi_00000349'
🔧 MEST Add: proof size=156 bytes, root_hash=[14, 8c, cd, ab, 7a, 7d, 02, d7]...
🔧 MEST Add: keyword='carbon', fid='envi_00000349'
🔧 MEST Add: proof size=156 bytes, root_hash=[14, 8c, cd, ab, 7a, 7d, 02, d7]...
🗑️ MEST Delete: keyword='carbon', fid='envi_00000349' (key completely removed)
🗑️ MEST Delete: post-delete root_hash=[e3, b0, c4, 42, 98, fc, 1c, 14]...
🔧 MEST Add: keyword='olympics', fid='spor_00000448'
🔧 MEST Add: proof size=158 bytes, root_hash=[84, e8, 66, 40, d5, ac, e8, db]...
🗑️ MEST Delete: keyword='olympics', fid='spor_00000448' (key completely removed)
🗑️ MEST Delete: post-delete root_hash=[e3, b0, c4, 42, 98, fc, 1c, 14]...
🔧 MEST Add: keyword='carbon', fid='envi_00000461'
🔧 MEST Add: proof size=156 bytes, root_hash=[b5, 8b, 67, 2c, c0, fa, bd, 4a]...
🔧 MEST Add: keyword='carbon', fid='envi_00000461'
🔧 MEST Add: proof size=156 bytes, root_hash=[b5, 8b, 67, 2c, c0, fa, bd, 4a]...
🗑️ MEST Delete: keyword='carbon', fid='envi_00000461' (key completely removed)
🗑️ MEST Delete: post-delete root_hash=[e3, b0, c4, 42, 98, fc, 1c, 14]...
🔧 MEST Add: keyword='carbon', fid='envi_00000503'
🔧 MEST Add: proof size=156 bytes, root_hash=[76, 9e, 1e, 5f, 3e, 9d, 51, ce]...
🗑️ MEST Delete: keyword='carbon', fid='envi_00000503' (key completely removed)
🗑️ MEST Delete: post-delete root_hash=[e3, b0, c4, 42, 98, fc, 1c, 14]...
🔧 MEST Add: keyword='olympics', fid='spor_00000509'
🔧 MEST Add: proof size=158 bytes, root_hash=[d1, a7, 35, 2d, f9, 61, 93, 26]...
🔧 MEST Add: keyword='olympics', fid='spor_00000509'
🔧 MEST Add: proof size=158 bytes, root_hash=[d1, a7, 35, 2d, f9, 61, 93, 26]...
🗑️ MEST Delete: keyword='olympics', fid='spor_00000509' (key completely removed)
🗑️ MEST Delete: post-delete root_hash=[e3, b0, c4, 42, 98, fc, 1c, 14]...
🔧 MEST Add: keyword='carbon', fid='envi_00000562'
🔧 MEST Add: proof size=156 bytes, root_hash=[2c, d8, c9, 05, 30, 60, 9a, b5]...
🔧 MEST Add: keyword='carbon', fid='envi_00000562'
🔧 MEST Add: proof size=156 bytes, root_hash=[2c, d8, c9, 05, 30, 60, 9a, b5]...
🗑️ MEST Delete: keyword='carbon', fid='envi_00000562' (key completely removed)
🗑️ MEST Delete: post-delete root_hash=[e3, b0, c4, 42, 98, fc, 1c, 14]...
🔧 MEST Add: keyword='olympics', fid='spor_00000573'
🔧 MEST Add: proof size=158 bytes, root_hash=[4c, bf, 79, 12, d4, 50, cc, 44]...
🔧 MEST Add: keyword='olympics', fid='spor_00000573'
🔧 MEST Add: proof size=158 bytes, root_hash=[4c, bf, 79, 12, d4, 50, cc, 44]...
🗑️ MEST Delete: keyword='olympics', fid='spor_00000573' (key completely removed)
🗑️ MEST Delete: post-delete root_hash=[e3, b0, c4, 42, 98, fc, 1c, 14]...
🔧 MEST Add: keyword='olympics', fid='spor_00000592'
🔧 MEST Add: proof size=158 bytes, root_hash=[73, 8c, 13, c7, 6a, d0, c1, fd]...
🔧 MEST Add: keyword='olympics', fid='spor_00000592'
🔧 MEST Add: proof size=158 bytes, root_hash=[73, 8c, 13, c7, 6a, d0, c1, fd]...
🗑️ MEST Delete: keyword='olympics', fid='spor_00000592' (key completely removed)
🗑️ MEST Delete: post-delete root_hash=[e3, b0, c4, 42, 98, fc, 1c, 14]...
🔧 MEST Add: keyword='olympics', fid='spor_00000622'
🔧 MEST Add: proof size=158 bytes, root_hash=[01, e6, a8, 5d, c8, 6c, 2f, b5]...
🗑️ MEST Delete: keyword='olympics', fid='spor_00000622' (key completely removed)
🗑️ MEST Delete: post-delete root_hash=[e3, b0, c4, 42, 98, fc, 1c, 14]...
🔧 MEST Add: keyword='carbon', fid='envi_00000626'
🔧 MEST Add: proof size=156 bytes, root_hash=[9d, 91, 62, dc, 59, eb, b2, ff]...
🗑️ MEST Delete: keyword='carbon', fid='envi_00000626' (key completely removed)
🗑️ MEST Delete: post-delete root_hash=[e3, b0, c4, 42, 98, fc, 1c, 14]...
🔧 MEST Add: keyword='carbon', fid='envi_00000681'
🔧 MEST Add: proof size=156 bytes, root_hash=[74, e8, ff, 85, 4b, 32, 9e, 51]...
🗑️ MEST Delete: keyword='carbon', fid='envi_00000681' (key completely removed)
🗑️ MEST Delete: post-delete root_hash=[e3, b0, c4, 42, 98, fc, 1c, 14]...
🔧 MEST Add: keyword='carbon', fid='envi_00000685'
🔧 MEST Add: proof size=156 bytes, root_hash=[76, 93, 18, e5, fc, ba, 0a, a6]...
🗑️ MEST Delete: keyword='carbon', fid='envi_00000685' (key completely removed)
🗑️ MEST Delete: post-delete root_hash=[e3, b0, c4, 42, 98, fc, 1c, 14]...
🔧 MEST Add: keyword='carbon', fid='envi_00000699'
🔧 MEST Add: proof size=156 bytes, root_hash=[1c, 8e, 6f, c1, 2e, c6, 00, d5]...
🔧 MEST Add: keyword='carbon', fid='envi_00000699'
🔧 MEST Add: proof size=156 bytes, root_hash=[1c, 8e, 6f, c1, 2e, c6, 00, d5]...
🗑️ MEST Delete: keyword='carbon', fid='envi_00000699' (key completely removed)
🗑️ MEST Delete: post-delete root_hash=[e3, b0, c4, 42, 98, fc, 1c, 14]...
🔧 MEST Add: keyword='olympics', fid='spor_00000825'
🔧 MEST Add: proof size=158 bytes, root_hash=[f9, 0f, ce, c4, 13, fb, d0, e1]...
🔧 MEST Add: keyword='olympics', fid='spor_00000825'
🔧 MEST Add: proof size=158 bytes, root_hash=[f9, 0f, ce, c4, 13, fb, d0, e1]...
🗑️ MEST Delete: keyword='olympics', fid='spor_00000825' (key completely removed)
🗑️ MEST Delete: post-delete root_hash=[e3, b0, c4, 42, 98, fc, 1c, 14]...
🔧 MEST Add: keyword='carbon', fid='envi_00000846'
🔧 MEST Add: proof size=156 bytes, root_hash=[5d, ac, 53, ec, 2b, c2, 2a, d5]...
🗑️ MEST Delete: keyword='carbon', fid='envi_00000846' (key completely removed)
🗑️ MEST Delete: post-delete root_hash=[e3, b0, c4, 42, 98, fc, 1c, 14]...
🔧 MEST Add: keyword='olympics', fid='spor_00000883'
🔧 MEST Add: proof size=158 bytes, root_hash=[e5, 73, f9, 1b, 25, fd, 20, e5]...
🔧 MEST Add: keyword='olympics', fid='spor_00000883'
🔧 MEST Add: proof size=158 bytes, root_hash=[e5, 73, f9, 1b, 25, fd, 20, e5]...
🗑️ MEST Delete: keyword='olympics', fid='spor_00000883' (key completely removed)
🗑️ MEST Delete: post-delete root_hash=[e3, b0, c4, 42, 98, fc, 1c, 14]...
🔧 MEST Add: keyword='carbon', fid='envi_00000886'
🔧 MEST Add: proof size=156 bytes, root_hash=[2f, 9c, 3d, 04, a9, 65, 92, 50]...
🗑️ MEST Delete: keyword='carbon', fid='envi_00000886' (key completely removed)
🗑️ MEST Delete: post-delete root_hash=[e3, b0, c4, 42, 98, fc, 1c, 14]...
🔧 MEST Add: keyword='carbon', fid='envi_00000908'
🔧 MEST Add: proof size=156 bytes, root_hash=[78, 3d, b6, 4a, f0, 8d, cf, 42]...
🔧 MEST Add: keyword='carbon', fid='envi_00000908'
🔧 MEST Add: proof size=156 bytes, root_hash=[78, 3d, b6, 4a, f0, 8d, cf, 42]...
🗑️ MEST Delete: keyword='carbon', fid='envi_00000908' (key completely removed)
🗑️ MEST Delete: post-delete root_hash=[e3, b0, c4, 42, 98, fc, 1c, 14]...
🔧 MEST Add: keyword='olympics', fid='spor_00000934'
🔧 MEST Add: proof size=158 bytes, root_hash=[ef, a1, 1e, d4, 13, 36, 6d, 73]...
🗑️ MEST Delete: keyword='olympics', fid='spor_00000934' (key completely removed)
🗑️ MEST Delete: post-delete root_hash=[e3, b0, c4, 42, 98, fc, 1c, 14]...
🔧 MEST Add: keyword='olympics', fid='spor_00000943'
🔧 MEST Add: proof size=158 bytes, root_hash=[88, 6a, 34, d5, 73, c5, fd, 8d]...
🔧 MEST Add: keyword='olympics', fid='spor_00000943'
🔧 MEST Add: proof size=158 bytes, root_hash=[88, 6a, 34, d5, 73, c5, fd, 8d]...
🗑️ MEST Delete: keyword='olympics', fid='spor_00000943' (key completely removed)
🗑️ MEST Delete: post-delete root_hash=[e3, b0, c4, 42, 98, fc, 1c, 14]...
🔧 MEST Add: keyword='olympics', fid='spor_00000968'
🔧 MEST Add: proof size=158 bytes, root_hash=[b1, 2a, 33, 57, 7b, e5, df, b0]...
🔧 MEST Add: keyword='olympics', fid='spor_00000968'
🔧 MEST Add: proof size=158 bytes, root_hash=[b1, 2a, 33, 57, 7b, e5, df, b0]...
🗑️ MEST Delete: keyword='olympics', fid='spor_00000968' (key completely removed)
🗑️ MEST Delete: post-delete root_hash=[e3, b0, c4, 42, 98, fc, 1c, 14]...
🔧 MEST Add: keyword='carbon', fid='envi_00000981'
🔧 MEST Add: proof size=156 bytes, root_hash=[43, fd, 9c, bd, df, 11, fb, 89]...
🗑️ MEST Delete: keyword='carbon', fid='envi_00000981' (key completely removed)
🗑️ MEST Delete: post-delete root_hash=[e3, b0, c4, 42, 98, fc, 1c, 14]...
