warning: profiles for the non root package will be ignored, specify profiles at the workspace root:
package:   /root/distributed-storage-system/crates/storager/ads_lib/Cargo.toml
workspace: /root/distributed-storage-system/Cargo.toml
warning: value assigned to `is_change` is never read
   --> crates/storager/ads_lib/src/mpt/mpt.rs:256:21
    |
256 |             let mut is_change = false;
    |                     ^^^^^^^^^
    |
    = help: maybe it is overwritten before being read?
    = note: `#[warn(unused_assignments)]` on by default

warning: value assigned to `is_change` is never read
   --> crates/storager/ads_lib/src/mpt/mpt.rs:462:25
    |
462 |                 let mut is_change = false;
    |                         ^^^^^^^^^
    |
    = help: maybe it is overwritten before being read?

warning: unused variable: `had_value`
   --> crates/storager/ads_lib/src/mpt/mpt.rs:526:21
    |
526 |                 let had_value = !old_value_str.is_empty();
    |                     ^^^^^^^^^ help: if this is intentional, prefix it with an underscore: `_had_value`
    |
    = note: `#[warn(unused_variables)]` on by default

warning: associated functions `short_node_batch_fix` and `full_node_batch_fix` are never used
    --> crates/storager/ads_lib/src/mpt/mpt.rs:1743:8
     |
  50 | impl MPT {
     | -------- associated functions in this implementation
...
1743 |     fn short_node_batch_fix(node: Arc<RwLock<ShortNode>>) -> Result<(), MPTError> {
     |        ^^^^^^^^^^^^^^^^^^^^
...
1748 |     fn full_node_batch_fix(node: Arc<RwLock<FullNode>>) -> Result<(), MPTError> {
     |        ^^^^^^^^^^^^^^^^^^^
     |
     = note: `#[warn(dead_code)]` on by default

warning: function `hash_mgt_node` is never used
   --> crates/storager/ads_lib/src/mest/proof.rs:253:4
    |
253 | fn hash_mgt_node(children: &[[u8; 32]]) -> [u8; 32] {
    |    ^^^^^^^^^^^^^

warning: `ads_rust` (lib) generated 5 warnings
warning: unused variable: `acc_old`
   --> crates/common/src/verification.rs:721:13
    |
721 |         let acc_old = match G1Affine::deserialize_uncompressed(&proof[offset..offset + acc_old_len]) {
    |             ^^^^^^^ help: if this is intentional, prefix it with an underscore: `_acc_old`
    |
    = note: `#[warn(unused_variables)]` on by default

warning: `common` (lib) generated 1 warning
warning: unused imports: `Digest` and `Sha256`
   --> crates/storager/src/ads/acctrie_ads.rs:452:20
    |
452 |         use sha2::{Digest, Sha256};
    |                    ^^^^^^  ^^^^^^
    |
    = note: `#[warn(unused_imports)]` on by default

warning: `storager` (lib) generated 1 warning (run `cargo fix --lib -p storager` to apply 1 suggestion)
    Finished `release` profile [optimized] target(s) in 0.15s
     Running `target/release/storager 50139 mest`
🔧 MEST Add: keyword='comedy', fid='ente_00000121'
🔧 MEST Add: proof size=156 bytes, root_hash=[c4, 2c, 70, bf, c1, 70, 80, 18]...
🗑️ MEST Delete: keyword='comedy', fid='ente_00000121' (key completely removed)
🗑️ MEST Delete: post-delete root_hash=[e3, b0, c4, 42, 98, fc, 1c, 14]...
🔧 MEST Add: keyword='comedy', fid='ente_00000139'
🔧 MEST Add: proof size=156 bytes, root_hash=[88, e5, 29, fc, bb, 26, 52, 21]...
🗑️ MEST Delete: keyword='comedy', fid='ente_00000139' (key completely removed)
🗑️ MEST Delete: post-delete root_hash=[e3, b0, c4, 42, 98, fc, 1c, 14]...
🔧 MEST Add: keyword='comedy', fid='ente_00000164'
🔧 MEST Add: proof size=156 bytes, root_hash=[8c, 0a, bd, 8b, ad, 73, 55, ba]...
🔧 MEST Add: keyword='comedy', fid='ente_00000164'
🔧 MEST Add: proof size=156 bytes, root_hash=[8c, 0a, bd, 8b, ad, 73, 55, ba]...
🗑️ MEST Delete: keyword='comedy', fid='ente_00000164' (key completely removed)
🗑️ MEST Delete: post-delete root_hash=[e3, b0, c4, 42, 98, fc, 1c, 14]...
🔧 MEST Add: keyword='comedy', fid='ente_00000272'
🔧 MEST Add: proof size=156 bytes, root_hash=[07, 83, a0, ed, d8, 49, b1, 3e]...
🔧 MEST Add: keyword='comedy', fid='ente_00000272'
🔧 MEST Add: proof size=156 bytes, root_hash=[07, 83, a0, ed, d8, 49, b1, 3e]...
🗑️ MEST Delete: keyword='comedy', fid='ente_00000272' (key completely removed)
🗑️ MEST Delete: post-delete root_hash=[e3, b0, c4, 42, 98, fc, 1c, 14]...
🔧 MEST Add: keyword='comedy', fid='ente_00000370'
🔧 MEST Add: proof size=156 bytes, root_hash=[ef, cb, b0, 67, 8b, d2, e2, a8]...
🔧 MEST Add: keyword='comedy', fid='ente_00000370'
🔧 MEST Add: proof size=156 bytes, root_hash=[ef, cb, b0, 67, 8b, d2, e2, a8]...
🗑️ MEST Delete: keyword='comedy', fid='ente_00000370' (key completely removed)
🗑️ MEST Delete: post-delete root_hash=[e3, b0, c4, 42, 98, fc, 1c, 14]...
🔧 MEST Add: keyword='comedy', fid='ente_00000452'
🔧 MEST Add: proof size=156 bytes, root_hash=[e4, 6d, 47, ee, 80, dc, 48, a4]...
🔧 MEST Add: keyword='comedy', fid='ente_00000452'
🔧 MEST Add: proof size=156 bytes, root_hash=[e4, 6d, 47, ee, 80, dc, 48, a4]...
🗑️ MEST Delete: keyword='comedy', fid='ente_00000452' (key completely removed)
🗑️ MEST Delete: post-delete root_hash=[e3, b0, c4, 42, 98, fc, 1c, 14]...
🔧 MEST Add: keyword='comedy', fid='ente_00000497'
🔧 MEST Add: proof size=156 bytes, root_hash=[5a, 6c, 76, b9, 49, 7a, 92, 4c]...
🔧 MEST Add: keyword='comedy', fid='ente_00000497'
🔧 MEST Add: proof size=156 bytes, root_hash=[5a, 6c, 76, b9, 49, 7a, 92, 4c]...
🗑️ MEST Delete: keyword='comedy', fid='ente_00000497' (key completely removed)
🗑️ MEST Delete: post-delete root_hash=[e3, b0, c4, 42, 98, fc, 1c, 14]...
🔧 MEST Add: keyword='comedy', fid='ente_00000510'
🔧 MEST Add: proof size=156 bytes, root_hash=[50, 14, 9f, f1, 72, 3a, eb, ed]...
🔧 MEST Add: keyword='comedy', fid='ente_00000510'
🔧 MEST Add: proof size=156 bytes, root_hash=[50, 14, 9f, f1, 72, 3a, eb, ed]...
🗑️ MEST Delete: keyword='comedy', fid='ente_00000510' (key completely removed)
🗑️ MEST Delete: post-delete root_hash=[e3, b0, c4, 42, 98, fc, 1c, 14]...
🔧 MEST Add: keyword='comedy', fid='ente_00000517'
🔧 MEST Add: proof size=156 bytes, root_hash=[e3, 30, b2, 7d, 91, eb, ac, f6]...
🗑️ MEST Delete: keyword='comedy', fid='ente_00000517' (key completely removed)
🗑️ MEST Delete: post-delete root_hash=[e3, b0, c4, 42, 98, fc, 1c, 14]...
🔧 MEST Add: keyword='comedy', fid='ente_00000739'
🔧 MEST Add: proof size=156 bytes, root_hash=[7f, d9, 22, 3a, 6d, d3, 85, 30]...
🗑️ MEST Delete: keyword='comedy', fid='ente_00000739' (key completely removed)
🗑️ MEST Delete: post-delete root_hash=[e3, b0, c4, 42, 98, fc, 1c, 14]...
🔧 MEST Add: keyword='comedy', fid='ente_00000749'
🔧 MEST Add: proof size=156 bytes, root_hash=[e1, 9e, fb, 62, 6d, e4, 4a, 1e]...
🔧 MEST Add: keyword='comedy', fid='ente_00000749'
🔧 MEST Add: proof size=156 bytes, root_hash=[e1, 9e, fb, 62, 6d, e4, 4a, 1e]...
🗑️ MEST Delete: keyword='comedy', fid='ente_00000749' (key completely removed)
🗑️ MEST Delete: post-delete root_hash=[e3, b0, c4, 42, 98, fc, 1c, 14]...
🔧 MEST Add: keyword='comedy', fid='ente_00000951'
🔧 MEST Add: proof size=156 bytes, root_hash=[f9, 0a, d2, 7c, 33, c4, d3, c4]...
🗑️ MEST Delete: keyword='comedy', fid='ente_00000951' (key completely removed)
🗑️ MEST Delete: post-delete root_hash=[e3, b0, c4, 42, 98, fc, 1c, 14]...
