warning: profiles for the non root package will be ignored, specify profiles at the workspace root:
package:   /root/distributed-storage-system/crates/storager/ads_lib/Cargo.toml
workspace: /root/distributed-storage-system/Cargo.toml
warning: value assigned to `is_change` is never read
   --> crates/storager/ads_lib/src/mpt/mpt.rs:256:21
    |
256 |             let mut is_change = false;
    |                     ^^^^^^^^^
    |
    = help: maybe it is overwritten before being read?
    = note: `#[warn(unused_assignments)]` on by default

warning: value assigned to `is_change` is never read
   --> crates/storager/ads_lib/src/mpt/mpt.rs:462:25
    |
462 |                 let mut is_change = false;
    |                         ^^^^^^^^^
    |
    = help: maybe it is overwritten before being read?

warning: unused variable: `had_value`
   --> crates/storager/ads_lib/src/mpt/mpt.rs:526:21
    |
526 |                 let had_value = !old_value_str.is_empty();
    |                     ^^^^^^^^^ help: if this is intentional, prefix it with an underscore: `_had_value`
    |
    = note: `#[warn(unused_variables)]` on by default

warning: associated functions `short_node_batch_fix` and `full_node_batch_fix` are never used
    --> crates/storager/ads_lib/src/mpt/mpt.rs:1743:8
     |
  50 | impl MPT {
     | -------- associated functions in this implementation
...
1743 |     fn short_node_batch_fix(node: Arc<RwLock<ShortNode>>) -> Result<(), MPTError> {
     |        ^^^^^^^^^^^^^^^^^^^^
...
1748 |     fn full_node_batch_fix(node: Arc<RwLock<FullNode>>) -> Result<(), MPTError> {
     |        ^^^^^^^^^^^^^^^^^^^
     |
     = note: `#[warn(dead_code)]` on by default

warning: function `hash_mgt_node` is never used
   --> crates/storager/ads_lib/src/mest/proof.rs:253:4
    |
253 | fn hash_mgt_node(children: &[[u8; 32]]) -> [u8; 32] {
    |    ^^^^^^^^^^^^^

warning: `ads_rust` (lib) generated 5 warnings
warning: unused variable: `acc_old`
   --> crates/common/src/verification.rs:721:13
    |
721 |         let acc_old = match G1Affine::deserialize_uncompressed(&proof[offset..offset + acc_old_len]) {
    |             ^^^^^^^ help: if this is intentional, prefix it with an underscore: `_acc_old`
    |
    = note: `#[warn(unused_variables)]` on by default

warning: `common` (lib) generated 1 warning
warning: unused imports: `Digest` and `Sha256`
   --> crates/storager/src/ads/acctrie_ads.rs:452:20
    |
452 |         use sha2::{Digest, Sha256};
    |                    ^^^^^^  ^^^^^^
    |
    = note: `#[warn(unused_imports)]` on by default

warning: `storager` (lib) generated 1 warning (run `cargo fix --lib -p storager` to apply 1 suggestion)
    Finished `release` profile [optimized] target(s) in 0.15s
     Running `target/release/storager 50112 mest`
🔧 MEST Add: keyword='wildlife', fid='envi_00000005'
🔧 MEST Add: proof size=158 bytes, root_hash=[41, 31, 41, 3f, c5, 6c, 99, 84]...
🔧 MEST Add: keyword='wildlife', fid='envi_00000005'
🔧 MEST Add: proof size=158 bytes, root_hash=[41, 31, 41, 3f, c5, 6c, 99, 84]...
🗑️ MEST Delete: keyword='wildlife', fid='envi_00000005' (key completely removed)
🗑️ MEST Delete: post-delete root_hash=[e3, b0, c4, 42, 98, fc, 1c, 14]...
🔧 MEST Add: keyword='analysis', fid='scie_00000011'
🔧 MEST Add: proof size=158 bytes, root_hash=[4b, ab, 40, 6f, fc, 65, 37, a6]...
🗑️ MEST Delete: keyword='analysis', fid='scie_00000011' (key completely removed)
🗑️ MEST Delete: post-delete root_hash=[e3, b0, c4, 42, 98, fc, 1c, 14]...
🔧 MEST Add: keyword='wildlife', fid='envi_00000021'
🔧 MEST Add: proof size=158 bytes, root_hash=[c7, a4, 62, 85, 58, 33, 1d, 0a]...
🗑️ MEST Delete: keyword='wildlife', fid='envi_00000021' (key completely removed)
🗑️ MEST Delete: post-delete root_hash=[e3, b0, c4, 42, 98, fc, 1c, 14]...
🔧 MEST Add: keyword='analysis', fid='scie_00000046'
🔧 MEST Add: proof size=158 bytes, root_hash=[0b, ea, ea, 8f, ac, 56, 4f, 26]...
🗑️ MEST Delete: keyword='analysis', fid='scie_00000046' (key completely removed)
🗑️ MEST Delete: post-delete root_hash=[e3, b0, c4, 42, 98, fc, 1c, 14]...
🔧 MEST Add: keyword='analysis', fid='scie_00000054'
🔧 MEST Add: proof size=158 bytes, root_hash=[b8, db, 82, 88, f6, 9b, 6d, 08]...
🗑️ MEST Delete: keyword='analysis', fid='scie_00000054' (key completely removed)
🗑️ MEST Delete: post-delete root_hash=[e3, b0, c4, 42, 98, fc, 1c, 14]...
🔧 MEST Add: keyword='analysis', fid='scie_00000063'
🔧 MEST Add: proof size=158 bytes, root_hash=[09, 0b, e5, a9, 27, ca, b6, de]...
🔧 MEST Add: keyword='analysis', fid='scie_00000063'
🔧 MEST Add: proof size=158 bytes, root_hash=[09, 0b, e5, a9, 27, ca, b6, de]...
🗑️ MEST Delete: keyword='analysis', fid='scie_00000063' (key completely removed)
🗑️ MEST Delete: post-delete root_hash=[e3, b0, c4, 42, 98, fc, 1c, 14]...
🔧 MEST Add: keyword='analysis', fid='scie_00000068'
🔧 MEST Add: proof size=158 bytes, root_hash=[f2, 95, 78, b7, f7, 56, b1, 32]...
🗑️ MEST Delete: keyword='analysis', fid='scie_00000068' (key completely removed)
🗑️ MEST Delete: post-delete root_hash=[e3, b0, c4, 42, 98, fc, 1c, 14]...
🔧 MEST Add: keyword='beauty', fid='life_00000110'
🔧 MEST Add: proof size=156 bytes, root_hash=[9b, 46, b3, 57, 7a, a0, 04, 1c]...
🗑️ MEST Delete: keyword='beauty', fid='life_00000110' (key completely removed)
🗑️ MEST Delete: post-delete root_hash=[e3, b0, c4, 42, 98, fc, 1c, 14]...
🔧 MEST Add: keyword='analysis', fid='scie_00000152'
🔧 MEST Add: proof size=158 bytes, root_hash=[7d, f3, e4, ca, 8f, 52, a8, 9f]...
🔧 MEST Add: keyword='analysis', fid='scie_00000152'
🔧 MEST Add: proof size=158 bytes, root_hash=[7d, f3, e4, ca, 8f, 52, a8, 9f]...
🗑️ MEST Delete: keyword='analysis', fid='scie_00000152' (key completely removed)
🗑️ MEST Delete: post-delete root_hash=[e3, b0, c4, 42, 98, fc, 1c, 14]...
🔧 MEST Add: keyword='wildlife', fid='envi_00000161'
🔧 MEST Add: proof size=158 bytes, root_hash=[16, 71, bd, 95, 0e, 27, 67, f4]...
🔧 MEST Add: keyword='wildlife', fid='envi_00000161'
🔧 MEST Add: proof size=158 bytes, root_hash=[16, 71, bd, 95, 0e, 27, 67, f4]...
🗑️ MEST Delete: keyword='wildlife', fid='envi_00000161' (key completely removed)
🗑️ MEST Delete: post-delete root_hash=[e3, b0, c4, 42, 98, fc, 1c, 14]...
🔧 MEST Add: keyword='analysis', fid='scie_00000163'
🔧 MEST Add: proof size=158 bytes, root_hash=[da, 80, 90, 67, 09, b9, ce, 36]...
🔧 MEST Add: keyword='analysis', fid='scie_00000163'
🔧 MEST Add: proof size=158 bytes, root_hash=[da, 80, 90, 67, 09, b9, ce, 36]...
🗑️ MEST Delete: keyword='analysis', fid='scie_00000163' (key completely removed)
🗑️ MEST Delete: post-delete root_hash=[e3, b0, c4, 42, 98, fc, 1c, 14]...
🔧 MEST Add: keyword='analysis', fid='scie_00000201'
🔧 MEST Add: proof size=158 bytes, root_hash=[d6, 26, 7b, 2a, b6, 2a, 2c, 7b]...
🗑️ MEST Delete: keyword='analysis', fid='scie_00000201' (key completely removed)
🗑️ MEST Delete: post-delete root_hash=[e3, b0, c4, 42, 98, fc, 1c, 14]...
🔧 MEST Add: keyword='beauty', fid='life_00000241'
🔧 MEST Add: proof size=156 bytes, root_hash=[6c, 8e, 45, 29, 6a, ae, 1d, f8]...
🗑️ MEST Delete: keyword='beauty', fid='life_00000241' (key completely removed)
🗑️ MEST Delete: post-delete root_hash=[e3, b0, c4, 42, 98, fc, 1c, 14]...
🔧 MEST Add: keyword='wildlife', fid='envi_00000254'
🔧 MEST Add: proof size=158 bytes, root_hash=[37, 0c, 98, fd, 08, 44, 12, 86]...
🔧 MEST Add: keyword='wildlife', fid='envi_00000254'
🔧 MEST Add: proof size=158 bytes, root_hash=[37, 0c, 98, fd, 08, 44, 12, 86]...
🗑️ MEST Delete: keyword='wildlife', fid='envi_00000254' (key completely removed)
🗑️ MEST Delete: post-delete root_hash=[e3, b0, c4, 42, 98, fc, 1c, 14]...
🔧 MEST Add: keyword='analysis', fid='scie_00000275'
🔧 MEST Add: proof size=158 bytes, root_hash=[12, 6a, f3, 75, 6b, 4b, e9, 51]...
🗑️ MEST Delete: keyword='analysis', fid='scie_00000275' (key completely removed)
🗑️ MEST Delete: post-delete root_hash=[e3, b0, c4, 42, 98, fc, 1c, 14]...
🔧 MEST Add: keyword='analysis', fid='scie_00000276'
🔧 MEST Add: proof size=158 bytes, root_hash=[cb, 68, ee, 6d, 57, 7e, 2f, 5e]...
🗑️ MEST Delete: keyword='analysis', fid='scie_00000276' (key completely removed)
🗑️ MEST Delete: post-delete root_hash=[e3, b0, c4, 42, 98, fc, 1c, 14]...
🔧 MEST Add: keyword='analysis', fid='scie_00000287'
🔧 MEST Add: proof size=158 bytes, root_hash=[06, 95, ad, 1e, 84, 30, 82, 7d]...
🔧 MEST Add: keyword='analysis', fid='scie_00000287'
🔧 MEST Add: proof size=158 bytes, root_hash=[06, 95, ad, 1e, 84, 30, 82, 7d]...
🗑️ MEST Delete: keyword='analysis', fid='scie_00000287' (key completely removed)
🗑️ MEST Delete: post-delete root_hash=[e3, b0, c4, 42, 98, fc, 1c, 14]...
🔧 MEST Add: keyword='analysis', fid='scie_00000297'
🔧 MEST Add: proof size=158 bytes, root_hash=[d3, 5f, 63, 5e, 68, e8, 4a, 1d]...
🔧 MEST Add: keyword='analysis', fid='scie_00000297'
🔧 MEST Add: proof size=158 bytes, root_hash=[d3, 5f, 63, 5e, 68, e8, 4a, 1d]...
🗑️ MEST Delete: keyword='analysis', fid='scie_00000297' (key completely removed)
🗑️ MEST Delete: post-delete root_hash=[e3, b0, c4, 42, 98, fc, 1c, 14]...
🔧 MEST Add: keyword='wildlife', fid='envi_00000351'
🔧 MEST Add: proof size=158 bytes, root_hash=[3c, fd, 36, 47, df, b5, 15, 2d]...
🔧 MEST Add: keyword='wildlife', fid='envi_00000351'
🔧 MEST Add: proof size=158 bytes, root_hash=[3c, fd, 36, 47, df, b5, 15, 2d]...
🗑️ MEST Delete: keyword='wildlife', fid='envi_00000351' (key completely removed)
🗑️ MEST Delete: post-delete root_hash=[e3, b0, c4, 42, 98, fc, 1c, 14]...
🔧 MEST Add: keyword='beauty', fid='life_00000382'
🔧 MEST Add: proof size=156 bytes, root_hash=[35, 64, aa, bc, d8, 18, 63, 87]...
🗑️ MEST Delete: keyword='beauty', fid='life_00000382' (key completely removed)
🗑️ MEST Delete: post-delete root_hash=[e3, b0, c4, 42, 98, fc, 1c, 14]...
🔧 MEST Add: keyword='analysis', fid='scie_00000398'
🔧 MEST Add: proof size=158 bytes, root_hash=[55, df, 88, 72, 6d, fc, e9, 53]...
🗑️ MEST Delete: keyword='analysis', fid='scie_00000398' (key completely removed)
🗑️ MEST Delete: post-delete root_hash=[e3, b0, c4, 42, 98, fc, 1c, 14]...
🔧 MEST Add: keyword='beauty', fid='life_00000466'
🔧 MEST Add: proof size=156 bytes, root_hash=[20, ab, 91, 1e, 8a, ae, 0b, 64]...
🗑️ MEST Delete: keyword='beauty', fid='life_00000466' (key completely removed)
🗑️ MEST Delete: post-delete root_hash=[e3, b0, c4, 42, 98, fc, 1c, 14]...
🔧 MEST Add: keyword='analysis', fid='scie_00000496'
🔧 MEST Add: proof size=158 bytes, root_hash=[7d, 08, ff, 1a, 35, 55, 1e, 17]...
🔧 MEST Add: keyword='analysis', fid='scie_00000496'
🔧 MEST Add: proof size=158 bytes, root_hash=[7d, 08, ff, 1a, 35, 55, 1e, 17]...
🗑️ MEST Delete: keyword='analysis', fid='scie_00000496' (key completely removed)
🗑️ MEST Delete: post-delete root_hash=[e3, b0, c4, 42, 98, fc, 1c, 14]...
🔧 MEST Add: keyword='beauty', fid='life_00000530'
🔧 MEST Add: proof size=156 bytes, root_hash=[bb, 5b, 1b, 1d, d4, 70, d8, ab]...
🔧 MEST Add: keyword='beauty', fid='life_00000530'
🔧 MEST Add: proof size=156 bytes, root_hash=[bb, 5b, 1b, 1d, d4, 70, d8, ab]...
🗑️ MEST Delete: keyword='beauty', fid='life_00000530' (key completely removed)
🗑️ MEST Delete: post-delete root_hash=[e3, b0, c4, 42, 98, fc, 1c, 14]...
🔧 MEST Add: keyword='analysis', fid='scie_00000531'
🔧 MEST Add: proof size=158 bytes, root_hash=[7f, 38, bd, 4c, 4c, fc, f1, ec]...
🔧 MEST Add: keyword='analysis', fid='scie_00000531'
🔧 MEST Add: proof size=158 bytes, root_hash=[7f, 38, bd, 4c, 4c, fc, f1, ec]...
🗑️ MEST Delete: keyword='analysis', fid='scie_00000531' (key completely removed)
🗑️ MEST Delete: post-delete root_hash=[e3, b0, c4, 42, 98, fc, 1c, 14]...
🔧 MEST Add: keyword='analysis', fid='scie_00000549'
🔧 MEST Add: proof size=158 bytes, root_hash=[19, a6, be, 05, 11, 1e, d5, c7]...
🗑️ MEST Delete: keyword='analysis', fid='scie_00000549' (key completely removed)
🗑️ MEST Delete: post-delete root_hash=[e3, b0, c4, 42, 98, fc, 1c, 14]...
🔧 MEST Add: keyword='beauty', fid='life_00000580'
🔧 MEST Add: proof size=156 bytes, root_hash=[76, 11, 05, 4d, 1d, cd, 35, 60]...
🗑️ MEST Delete: keyword='beauty', fid='life_00000580' (key completely removed)
🗑️ MEST Delete: post-delete root_hash=[e3, b0, c4, 42, 98, fc, 1c, 14]...
🔧 MEST Add: keyword='beauty', fid='life_00000583'
🔧 MEST Add: proof size=156 bytes, root_hash=[e3, 9e, 96, bf, 7e, 23, 34, ad]...
🗑️ MEST Delete: keyword='beauty', fid='life_00000583' (key completely removed)
🗑️ MEST Delete: post-delete root_hash=[e3, b0, c4, 42, 98, fc, 1c, 14]...
🔧 MEST Add: keyword='analysis', fid='scie_00000591'
🔧 MEST Add: proof size=158 bytes, root_hash=[20, ec, fe, 3c, bd, 95, cd, 46]...
🔧 MEST Add: keyword='analysis', fid='scie_00000591'
🔧 MEST Add: proof size=158 bytes, root_hash=[20, ec, fe, 3c, bd, 95, cd, 46]...
🗑️ MEST Delete: keyword='analysis', fid='scie_00000591' (key completely removed)
🗑️ MEST Delete: post-delete root_hash=[e3, b0, c4, 42, 98, fc, 1c, 14]...
🔧 MEST Add: keyword='analysis', fid='scie_00000598'
🔧 MEST Add: proof size=158 bytes, root_hash=[9f, 30, ae, e9, 5a, 7b, 62, ba]...
🔧 MEST Add: keyword='analysis', fid='scie_00000598'
🔧 MEST Add: proof size=158 bytes, root_hash=[9f, 30, ae, e9, 5a, 7b, 62, ba]...
🗑️ MEST Delete: keyword='analysis', fid='scie_00000598' (key completely removed)
🗑️ MEST Delete: post-delete root_hash=[e3, b0, c4, 42, 98, fc, 1c, 14]...
🔧 MEST Add: keyword='wildlife', fid='envi_00000620'
🔧 MEST Add: proof size=158 bytes, root_hash=[16, 9d, 1b, f5, ea, 3f, 78, 5f]...
🔧 MEST Add: keyword='wildlife', fid='envi_00000620'
🔧 MEST Add: proof size=158 bytes, root_hash=[16, 9d, 1b, f5, ea, 3f, 78, 5f]...
🗑️ MEST Delete: keyword='wildlife', fid='envi_00000620' (key completely removed)
🗑️ MEST Delete: post-delete root_hash=[e3, b0, c4, 42, 98, fc, 1c, 14]...
🔧 MEST Add: keyword='wildlife', fid='envi_00000641'
🔧 MEST Add: proof size=158 bytes, root_hash=[b9, e1, c8, d1, b4, cd, 8c, 49]...
🔧 MEST Add: keyword='wildlife', fid='envi_00000641'
🔧 MEST Add: proof size=158 bytes, root_hash=[b9, e1, c8, d1, b4, cd, 8c, 49]...
🗑️ MEST Delete: keyword='wildlife', fid='envi_00000641' (key completely removed)
🗑️ MEST Delete: post-delete root_hash=[e3, b0, c4, 42, 98, fc, 1c, 14]...
🔧 MEST Add: keyword='beauty', fid='life_00000646'
🔧 MEST Add: proof size=156 bytes, root_hash=[ea, 92, de, 4c, d3, 14, 34, 48]...
🔧 MEST Add: keyword='beauty', fid='life_00000646'
🔧 MEST Add: proof size=156 bytes, root_hash=[ea, 92, de, 4c, d3, 14, 34, 48]...
🗑️ MEST Delete: keyword='beauty', fid='life_00000646' (key completely removed)
🗑️ MEST Delete: post-delete root_hash=[e3, b0, c4, 42, 98, fc, 1c, 14]...
🔧 MEST Add: keyword='wildlife', fid='envi_00000677'
🔧 MEST Add: proof size=158 bytes, root_hash=[c0, 82, c6, 0a, e6, c6, 5a, b3]...
🔧 MEST Add: keyword='wildlife', fid='envi_00000677'
🔧 MEST Add: proof size=158 bytes, root_hash=[c0, 82, c6, 0a, e6, c6, 5a, b3]...
🗑️ MEST Delete: keyword='wildlife', fid='envi_00000677' (key completely removed)
🗑️ MEST Delete: post-delete root_hash=[e3, b0, c4, 42, 98, fc, 1c, 14]...
🔧 MEST Add: keyword='wildlife', fid='envi_00000681'
🔧 MEST Add: proof size=158 bytes, root_hash=[74, e8, ff, 85, 4b, 32, 9e, 51]...
🔧 MEST Add: keyword='wildlife', fid='envi_00000681'
🔧 MEST Add: proof size=158 bytes, root_hash=[74, e8, ff, 85, 4b, 32, 9e, 51]...
🗑️ MEST Delete: keyword='wildlife', fid='envi_00000681' (key completely removed)
🗑️ MEST Delete: post-delete root_hash=[e3, b0, c4, 42, 98, fc, 1c, 14]...
🔧 MEST Add: keyword='wildlife', fid='envi_00000699'
🔧 MEST Add: proof size=158 bytes, root_hash=[1c, 8e, 6f, c1, 2e, c6, 00, d5]...
🗑️ MEST Delete: keyword='wildlife', fid='envi_00000699' (key completely removed)
🗑️ MEST Delete: post-delete root_hash=[e3, b0, c4, 42, 98, fc, 1c, 14]...
🔧 MEST Add: keyword='beauty', fid='life_00000716'
🔧 MEST Add: proof size=156 bytes, root_hash=[52, 90, 70, 43, 2a, c1, 63, 59]...
🗑️ MEST Delete: keyword='beauty', fid='life_00000716' (key completely removed)
🗑️ MEST Delete: post-delete root_hash=[e3, b0, c4, 42, 98, fc, 1c, 14]...
🔧 MEST Add: keyword='analysis', fid='scie_00000722'
🔧 MEST Add: proof size=158 bytes, root_hash=[f6, 9c, ec, e9, ca, 0c, 78, cc]...
🗑️ MEST Delete: keyword='analysis', fid='scie_00000722' (key completely removed)
🗑️ MEST Delete: post-delete root_hash=[e3, b0, c4, 42, 98, fc, 1c, 14]...
🔧 MEST Add: keyword='analysis', fid='scie_00000724'
🔧 MEST Add: proof size=158 bytes, root_hash=[a0, 65, b5, da, 38, 2b, 63, 34]...
🔧 MEST Add: keyword='analysis', fid='scie_00000724'
🔧 MEST Add: proof size=158 bytes, root_hash=[a0, 65, b5, da, 38, 2b, 63, 34]...
🗑️ MEST Delete: keyword='analysis', fid='scie_00000724' (key completely removed)
🗑️ MEST Delete: post-delete root_hash=[e3, b0, c4, 42, 98, fc, 1c, 14]...
🔧 MEST Add: keyword='wildlife', fid='envi_00000732'
🔧 MEST Add: proof size=158 bytes, root_hash=[7e, b6, b8, c4, db, 92, 31, cc]...
🔧 MEST Add: keyword='wildlife', fid='envi_00000732'
🔧 MEST Add: proof size=158 bytes, root_hash=[7e, b6, b8, c4, db, 92, 31, cc]...
🗑️ MEST Delete: keyword='wildlife', fid='envi_00000732' (key completely removed)
🗑️ MEST Delete: post-delete root_hash=[e3, b0, c4, 42, 98, fc, 1c, 14]...
🔧 MEST Add: keyword='wildlife', fid='envi_00000735'
🔧 MEST Add: proof size=158 bytes, root_hash=[34, 5e, 3d, bf, bf, 23, 1b, 03]...
🔧 MEST Add: keyword='wildlife', fid='envi_00000735'
🔧 MEST Add: proof size=158 bytes, root_hash=[34, 5e, 3d, bf, bf, 23, 1b, 03]...
🗑️ MEST Delete: keyword='wildlife', fid='envi_00000735' (key completely removed)
🗑️ MEST Delete: post-delete root_hash=[e3, b0, c4, 42, 98, fc, 1c, 14]...
🔧 MEST Add: keyword='beauty', fid='life_00000742'
🔧 MEST Add: proof size=156 bytes, root_hash=[41, 57, 80, c0, 08, 73, 74, 72]...
🔧 MEST Add: keyword='beauty', fid='life_00000742'
🔧 MEST Add: proof size=156 bytes, root_hash=[41, 57, 80, c0, 08, 73, 74, 72]...
🗑️ MEST Delete: keyword='beauty', fid='life_00000742' (key completely removed)
🗑️ MEST Delete: post-delete root_hash=[e3, b0, c4, 42, 98, fc, 1c, 14]...
🔧 MEST Add: keyword='beauty', fid='life_00000745'
🔧 MEST Add: proof size=156 bytes, root_hash=[f8, 1e, e6, 55, 7e, 10, e6, b4]...
🔧 MEST Add: keyword='beauty', fid='life_00000745'
🔧 MEST Add: proof size=156 bytes, root_hash=[f8, 1e, e6, 55, 7e, 10, e6, b4]...
🗑️ MEST Delete: keyword='beauty', fid='life_00000745' (key completely removed)
🗑️ MEST Delete: post-delete root_hash=[e3, b0, c4, 42, 98, fc, 1c, 14]...
🔧 MEST Add: keyword='analysis', fid='scie_00000747'
🔧 MEST Add: proof size=158 bytes, root_hash=[c1, e7, fd, f6, ba, 43, 47, 5b]...
🗑️ MEST Delete: keyword='analysis', fid='scie_00000747' (key completely removed)
🗑️ MEST Delete: post-delete root_hash=[e3, b0, c4, 42, 98, fc, 1c, 14]...
🔧 MEST Add: keyword='wildlife', fid='envi_00000757'
🔧 MEST Add: proof size=158 bytes, root_hash=[df, 1b, 65, ce, ea, ad, 94, 4a]...
🔧 MEST Add: keyword='wildlife', fid='envi_00000757'
🔧 MEST Add: proof size=158 bytes, root_hash=[df, 1b, 65, ce, ea, ad, 94, 4a]...
🗑️ MEST Delete: keyword='wildlife', fid='envi_00000757' (key completely removed)
🗑️ MEST Delete: post-delete root_hash=[e3, b0, c4, 42, 98, fc, 1c, 14]...
🔧 MEST Add: keyword='analysis', fid='scie_00000767'
🔧 MEST Add: proof size=158 bytes, root_hash=[99, 37, c0, 7f, e6, c5, e2, bf]...
🗑️ MEST Delete: keyword='analysis', fid='scie_00000767' (key completely removed)
🗑️ MEST Delete: post-delete root_hash=[e3, b0, c4, 42, 98, fc, 1c, 14]...
🔧 MEST Add: keyword='analysis', fid='scie_00000771'
🔧 MEST Add: proof size=158 bytes, root_hash=[54, 9a, de, ca, 5a, fd, 51, f7]...
🔧 MEST Add: keyword='analysis', fid='scie_00000771'
🔧 MEST Add: proof size=158 bytes, root_hash=[54, 9a, de, ca, 5a, fd, 51, f7]...
🗑️ MEST Delete: keyword='analysis', fid='scie_00000771' (key completely removed)
🗑️ MEST Delete: post-delete root_hash=[e3, b0, c4, 42, 98, fc, 1c, 14]...
🔧 MEST Add: keyword='beauty', fid='life_00000793'
🔧 MEST Add: proof size=156 bytes, root_hash=[1e, 23, 4c, ea, 90, e8, d9, e5]...
🔧 MEST Add: keyword='beauty', fid='life_00000793'
🔧 MEST Add: proof size=156 bytes, root_hash=[1e, 23, 4c, ea, 90, e8, d9, e5]...
🗑️ MEST Delete: keyword='beauty', fid='life_00000793' (key completely removed)
🗑️ MEST Delete: post-delete root_hash=[e3, b0, c4, 42, 98, fc, 1c, 14]...
🔧 MEST Add: keyword='analysis', fid='scie_00000801'
🔧 MEST Add: proof size=158 bytes, root_hash=[87, 9f, 91, 01, da, 6e, 54, 15]...
🗑️ MEST Delete: keyword='analysis', fid='scie_00000801' (key completely removed)
🗑️ MEST Delete: post-delete root_hash=[e3, b0, c4, 42, 98, fc, 1c, 14]...
🔧 MEST Add: keyword='beauty', fid='life_00000817'
🔧 MEST Add: proof size=156 bytes, root_hash=[c4, 5c, 9b, f9, bf, 1f, f8, 56]...
🔧 MEST Add: keyword='beauty', fid='life_00000817'
🔧 MEST Add: proof size=156 bytes, root_hash=[c4, 5c, 9b, f9, bf, 1f, f8, 56]...
🗑️ MEST Delete: keyword='beauty', fid='life_00000817' (key completely removed)
🗑️ MEST Delete: post-delete root_hash=[e3, b0, c4, 42, 98, fc, 1c, 14]...
