warning: profiles for the non root package will be ignored, specify profiles at the workspace root:
package:   /root/distributed-storage-system/crates/storager/ads_lib/Cargo.toml
workspace: /root/distributed-storage-system/Cargo.toml
warning: value assigned to `is_change` is never read
   --> crates/storager/ads_lib/src/mpt/mpt.rs:256:21
    |
256 |             let mut is_change = false;
    |                     ^^^^^^^^^
    |
    = help: maybe it is overwritten before being read?
    = note: `#[warn(unused_assignments)]` on by default

warning: value assigned to `is_change` is never read
   --> crates/storager/ads_lib/src/mpt/mpt.rs:462:25
    |
462 |                 let mut is_change = false;
    |                         ^^^^^^^^^
    |
    = help: maybe it is overwritten before being read?

warning: unused variable: `had_value`
   --> crates/storager/ads_lib/src/mpt/mpt.rs:526:21
    |
526 |                 let had_value = !old_value_str.is_empty();
    |                     ^^^^^^^^^ help: if this is intentional, prefix it with an underscore: `_had_value`
    |
    = note: `#[warn(unused_variables)]` on by default

warning: associated functions `short_node_batch_fix` and `full_node_batch_fix` are never used
    --> crates/storager/ads_lib/src/mpt/mpt.rs:1743:8
     |
  50 | impl MPT {
     | -------- associated functions in this implementation
...
1743 |     fn short_node_batch_fix(node: Arc<RwLock<ShortNode>>) -> Result<(), MPTError> {
     |        ^^^^^^^^^^^^^^^^^^^^
...
1748 |     fn full_node_batch_fix(node: Arc<RwLock<FullNode>>) -> Result<(), MPTError> {
     |        ^^^^^^^^^^^^^^^^^^^
     |
     = note: `#[warn(dead_code)]` on by default

warning: function `hash_mgt_node` is never used
   --> crates/storager/ads_lib/src/mest/proof.rs:253:4
    |
253 | fn hash_mgt_node(children: &[[u8; 32]]) -> [u8; 32] {
    |    ^^^^^^^^^^^^^

warning: `ads_rust` (lib) generated 5 warnings
warning: unused variable: `acc_old`
   --> crates/common/src/verification.rs:721:13
    |
721 |         let acc_old = match G1Affine::deserialize_uncompressed(&proof[offset..offset + acc_old_len]) {
    |             ^^^^^^^ help: if this is intentional, prefix it with an underscore: `_acc_old`
    |
    = note: `#[warn(unused_variables)]` on by default

warning: `common` (lib) generated 1 warning
warning: unused imports: `Digest` and `Sha256`
   --> crates/storager/src/ads/acctrie_ads.rs:452:20
    |
452 |         use sha2::{Digest, Sha256};
    |                    ^^^^^^  ^^^^^^
    |
    = note: `#[warn(unused_imports)]` on by default

warning: `storager` (lib) generated 1 warning (run `cargo fix --lib -p storager` to apply 1 suggestion)
    Finished `release` profile [optimized] target(s) in 0.15s
     Running `target/release/storager 50137 mest`
🔧 MEST Add: keyword='politics', fid='news_00000082'
🔧 MEST Add: proof size=158 bytes, root_hash=[5b, 7f, 67, 00, f8, c2, c4, 79]...
🗑️ MEST Delete: keyword='politics', fid='news_00000082' (key completely removed)
🗑️ MEST Delete: post-delete root_hash=[e3, b0, c4, 42, 98, fc, 1c, 14]...
🔧 MEST Add: keyword='politics', fid='news_00000239'
🔧 MEST Add: proof size=158 bytes, root_hash=[55, e3, 12, f0, bc, 29, a3, 00]...
🗑️ MEST Delete: keyword='politics', fid='news_00000239' (key completely removed)
🗑️ MEST Delete: post-delete root_hash=[e3, b0, c4, 42, 98, fc, 1c, 14]...
🔧 MEST Add: keyword='politics', fid='news_00000261'
🔧 MEST Add: proof size=158 bytes, root_hash=[0e, cb, bd, 7f, 59, 8a, 5f, cc]...
🔧 MEST Add: keyword='politics', fid='news_00000261'
🔧 MEST Add: proof size=158 bytes, root_hash=[0e, cb, bd, 7f, 59, 8a, 5f, cc]...
🗑️ MEST Delete: keyword='politics', fid='news_00000261' (key completely removed)
🗑️ MEST Delete: post-delete root_hash=[e3, b0, c4, 42, 98, fc, 1c, 14]...
🔧 MEST Add: keyword='politics', fid='news_00000278'
🔧 MEST Add: proof size=158 bytes, root_hash=[b2, 7b, 5a, ba, 06, 85, 70, e0]...
🗑️ MEST Delete: keyword='politics', fid='news_00000278' (key completely removed)
🗑️ MEST Delete: post-delete root_hash=[e3, b0, c4, 42, 98, fc, 1c, 14]...
🔧 MEST Add: keyword='politics', fid='news_00000337'
🔧 MEST Add: proof size=158 bytes, root_hash=[a0, af, 4d, f7, aa, 3a, db, 50]...
🔧 MEST Add: keyword='politics', fid='news_00000337'
🔧 MEST Add: proof size=158 bytes, root_hash=[a0, af, 4d, f7, aa, 3a, db, 50]...
🗑️ MEST Delete: keyword='politics', fid='news_00000337' (key completely removed)
🗑️ MEST Delete: post-delete root_hash=[e3, b0, c4, 42, 98, fc, 1c, 14]...
🔧 MEST Add: keyword='politics', fid='news_00000431'
🔧 MEST Add: proof size=158 bytes, root_hash=[94, 27, 96, b3, 68, ee, 73, 2b]...
🗑️ MEST Delete: keyword='politics', fid='news_00000431' (key completely removed)
🗑️ MEST Delete: post-delete root_hash=[e3, b0, c4, 42, 98, fc, 1c, 14]...
🔧 MEST Add: keyword='politics', fid='news_00000451'
🔧 MEST Add: proof size=158 bytes, root_hash=[f9, 75, 00, 0f, 91, 03, 9e, 04]...
🗑️ MEST Delete: keyword='politics', fid='news_00000451' (key completely removed)
🗑️ MEST Delete: post-delete root_hash=[e3, b0, c4, 42, 98, fc, 1c, 14]...
🔧 MEST Add: keyword='politics', fid='news_00000457'
🔧 MEST Add: proof size=158 bytes, root_hash=[43, 1f, 18, b0, 05, 14, 12, 60]...
🔧 MEST Add: keyword='politics', fid='news_00000457'
🔧 MEST Add: proof size=158 bytes, root_hash=[43, 1f, 18, b0, 05, 14, 12, 60]...
🗑️ MEST Delete: keyword='politics', fid='news_00000457' (key completely removed)
🗑️ MEST Delete: post-delete root_hash=[e3, b0, c4, 42, 98, fc, 1c, 14]...
🔧 MEST Add: keyword='politics', fid='news_00000500'
🔧 MEST Add: proof size=158 bytes, root_hash=[89, 95, 1e, 7a, fe, b3, ce, 60]...
🗑️ MEST Delete: keyword='politics', fid='news_00000500' (key completely removed)
🗑️ MEST Delete: post-delete root_hash=[e3, b0, c4, 42, 98, fc, 1c, 14]...
🔧 MEST Add: keyword='politics', fid='news_00000504'
🔧 MEST Add: proof size=158 bytes, root_hash=[3d, 24, df, 1d, 53, 6c, e7, 0f]...
🗑️ MEST Delete: keyword='politics', fid='news_00000504' (key completely removed)
🗑️ MEST Delete: post-delete root_hash=[e3, b0, c4, 42, 98, fc, 1c, 14]...
🔧 MEST Add: keyword='politics', fid='news_00000524'
🔧 MEST Add: proof size=158 bytes, root_hash=[ba, 18, 1e, 61, 5c, 83, b7, 7c]...
🗑️ MEST Delete: keyword='politics', fid='news_00000524' (key completely removed)
🗑️ MEST Delete: post-delete root_hash=[e3, b0, c4, 42, 98, fc, 1c, 14]...
🔧 MEST Add: keyword='politics', fid='news_00000567'
🔧 MEST Add: proof size=158 bytes, root_hash=[0b, 35, 1d, 86, f5, e2, de, 8b]...
🔧 MEST Add: keyword='politics', fid='news_00000567'
🔧 MEST Add: proof size=158 bytes, root_hash=[0b, 35, 1d, 86, f5, e2, de, 8b]...
🗑️ MEST Delete: keyword='politics', fid='news_00000567' (key completely removed)
🗑️ MEST Delete: post-delete root_hash=[e3, b0, c4, 42, 98, fc, 1c, 14]...
🔧 MEST Add: keyword='politics', fid='news_00000597'
🔧 MEST Add: proof size=158 bytes, root_hash=[07, 1f, d5, 54, 5d, b8, 9e, 24]...
🗑️ MEST Delete: keyword='politics', fid='news_00000597' (key completely removed)
🗑️ MEST Delete: post-delete root_hash=[e3, b0, c4, 42, 98, fc, 1c, 14]...
🔧 MEST Add: keyword='politics', fid='news_00000625'
🔧 MEST Add: proof size=158 bytes, root_hash=[dd, ad, f9, 0e, ed, df, e4, 94]...
🗑️ MEST Delete: keyword='politics', fid='news_00000625' (key completely removed)
🗑️ MEST Delete: post-delete root_hash=[e3, b0, c4, 42, 98, fc, 1c, 14]...
🔧 MEST Add: keyword='politics', fid='news_00000639'
🔧 MEST Add: proof size=158 bytes, root_hash=[e2, c9, 68, 8c, 43, 1a, 38, 50]...
🗑️ MEST Delete: keyword='politics', fid='news_00000639' (key completely removed)
🗑️ MEST Delete: post-delete root_hash=[e3, b0, c4, 42, 98, fc, 1c, 14]...
🔧 MEST Add: keyword='politics', fid='news_00000658'
🔧 MEST Add: proof size=158 bytes, root_hash=[77, 6d, 85, 9a, c8, 56, 24, b6]...
🗑️ MEST Delete: keyword='politics', fid='news_00000658' (key completely removed)
🗑️ MEST Delete: post-delete root_hash=[e3, b0, c4, 42, 98, fc, 1c, 14]...
🔧 MEST Add: keyword='politics', fid='news_00000706'
🔧 MEST Add: proof size=158 bytes, root_hash=[e4, 93, 8c, 89, 60, 15, a1, a0]...
🗑️ MEST Delete: keyword='politics', fid='news_00000706' (key completely removed)
🗑️ MEST Delete: post-delete root_hash=[e3, b0, c4, 42, 98, fc, 1c, 14]...
🔧 MEST Add: keyword='politics', fid='news_00000708'
🔧 MEST Add: proof size=158 bytes, root_hash=[56, 13, 3e, 7b, 6f, 28, cd, 67]...
🗑️ MEST Delete: keyword='politics', fid='news_00000708' (key completely removed)
🗑️ MEST Delete: post-delete root_hash=[e3, b0, c4, 42, 98, fc, 1c, 14]...
🔧 MEST Add: keyword='politics', fid='news_00000773'
🔧 MEST Add: proof size=158 bytes, root_hash=[ca, e4, 2d, 81, b4, 26, bb, 5e]...
🗑️ MEST Delete: keyword='politics', fid='news_00000773' (key completely removed)
🗑️ MEST Delete: post-delete root_hash=[e3, b0, c4, 42, 98, fc, 1c, 14]...
🔧 MEST Add: keyword='politics', fid='news_00000780'
🔧 MEST Add: proof size=158 bytes, root_hash=[4f, 22, 01, f1, 1f, 24, 8e, f1]...
🔧 MEST Add: keyword='politics', fid='news_00000780'
🔧 MEST Add: proof size=158 bytes, root_hash=[4f, 22, 01, f1, 1f, 24, 8e, f1]...
🗑️ MEST Delete: keyword='politics', fid='news_00000780' (key completely removed)
🗑️ MEST Delete: post-delete root_hash=[e3, b0, c4, 42, 98, fc, 1c, 14]...
🔧 MEST Add: keyword='politics', fid='news_00000925'
🔧 MEST Add: proof size=158 bytes, root_hash=[6c, 5f, 19, 75, 3a, f9, 16, 8d]...
🗑️ MEST Delete: keyword='politics', fid='news_00000925' (key completely removed)
🗑️ MEST Delete: post-delete root_hash=[e3, b0, c4, 42, 98, fc, 1c, 14]...
