warning: profiles for the non root package will be ignored, specify profiles at the workspace root:
package:   /root/distributed-storage-system/crates/storager/ads_lib/Cargo.toml
workspace: /root/distributed-storage-system/Cargo.toml
warning: value assigned to `is_change` is never read
   --> crates/storager/ads_lib/src/mpt/mpt.rs:256:21
    |
256 |             let mut is_change = false;
    |                     ^^^^^^^^^
    |
    = help: maybe it is overwritten before being read?
    = note: `#[warn(unused_assignments)]` on by default

warning: value assigned to `is_change` is never read
   --> crates/storager/ads_lib/src/mpt/mpt.rs:462:25
    |
462 |                 let mut is_change = false;
    |                         ^^^^^^^^^
    |
    = help: maybe it is overwritten before being read?

warning: unused variable: `had_value`
   --> crates/storager/ads_lib/src/mpt/mpt.rs:526:21
    |
526 |                 let had_value = !old_value_str.is_empty();
    |                     ^^^^^^^^^ help: if this is intentional, prefix it with an underscore: `_had_value`
    |
    = note: `#[warn(unused_variables)]` on by default

warning: associated functions `short_node_batch_fix` and `full_node_batch_fix` are never used
    --> crates/storager/ads_lib/src/mpt/mpt.rs:1743:8
     |
  50 | impl MPT {
     | -------- associated functions in this implementation
...
1743 |     fn short_node_batch_fix(node: Arc<RwLock<ShortNode>>) -> Result<(), MPTError> {
     |        ^^^^^^^^^^^^^^^^^^^^
...
1748 |     fn full_node_batch_fix(node: Arc<RwLock<FullNode>>) -> Result<(), MPTError> {
     |        ^^^^^^^^^^^^^^^^^^^
     |
     = note: `#[warn(dead_code)]` on by default

warning: function `hash_mgt_node` is never used
   --> crates/storager/ads_lib/src/mest/proof.rs:253:4
    |
253 | fn hash_mgt_node(children: &[[u8; 32]]) -> [u8; 32] {
    |    ^^^^^^^^^^^^^

warning: `ads_rust` (lib) generated 5 warnings
warning: unused variable: `acc_old`
   --> crates/common/src/verification.rs:721:13
    |
721 |         let acc_old = match G1Affine::deserialize_uncompressed(&proof[offset..offset + acc_old_len]) {
    |             ^^^^^^^ help: if this is intentional, prefix it with an underscore: `_acc_old`
    |
    = note: `#[warn(unused_variables)]` on by default

warning: `common` (lib) generated 1 warning
warning: unused imports: `Digest` and `Sha256`
   --> crates/storager/src/ads/acctrie_ads.rs:452:20
    |
452 |         use sha2::{Digest, Sha256};
    |                    ^^^^^^  ^^^^^^
    |
    = note: `#[warn(unused_imports)]` on by default

warning: `storager` (lib) generated 1 warning (run `cargo fix --lib -p storager` to apply 1 suggestion)
    Finished `release` profile [optimized] target(s) in 0.15s
     Running `target/release/storager 50059 mest`
🔧 MEST Add: keyword='election', fid='news_00000082'
🔧 MEST Add: proof size=158 bytes, root_hash=[5b, 7f, 67, 00, f8, c2, c4, 79]...
🗑️ MEST Delete: keyword='election', fid='news_00000082' (key completely removed)
🗑️ MEST Delete: post-delete root_hash=[e3, b0, c4, 42, 98, fc, 1c, 14]...
🔧 MEST Add: keyword='election', fid='news_00000086'
🔧 MEST Add: proof size=158 bytes, root_hash=[30, d4, 3a, cb, 67, 19, 2c, 99]...
🗑️ MEST Delete: keyword='election', fid='news_00000086' (key completely removed)
🗑️ MEST Delete: post-delete root_hash=[e3, b0, c4, 42, 98, fc, 1c, 14]...
🔧 MEST Add: keyword='election', fid='news_00000107'
🔧 MEST Add: proof size=158 bytes, root_hash=[0e, 73, 21, e5, cd, fa, d0, 60]...
🗑️ MEST Delete: keyword='election', fid='news_00000107' (key completely removed)
🗑️ MEST Delete: post-delete root_hash=[e3, b0, c4, 42, 98, fc, 1c, 14]...
🔧 MEST Add: keyword='election', fid='news_00000207'
🔧 MEST Add: proof size=158 bytes, root_hash=[ec, 32, c8, 62, 96, 34, 9e, 52]...
🗑️ MEST Delete: keyword='election', fid='news_00000207' (key completely removed)
🗑️ MEST Delete: post-delete root_hash=[e3, b0, c4, 42, 98, fc, 1c, 14]...
🔧 MEST Add: keyword='election', fid='news_00000278'
🔧 MEST Add: proof size=158 bytes, root_hash=[b2, 7b, 5a, ba, 06, 85, 70, e0]...
🔧 MEST Add: keyword='election', fid='news_00000278'
🔧 MEST Add: proof size=158 bytes, root_hash=[b2, 7b, 5a, ba, 06, 85, 70, e0]...
🗑️ MEST Delete: keyword='election', fid='news_00000278' (key completely removed)
🗑️ MEST Delete: post-delete root_hash=[e3, b0, c4, 42, 98, fc, 1c, 14]...
🔧 MEST Add: keyword='election', fid='news_00000323'
🔧 MEST Add: proof size=158 bytes, root_hash=[db, fd, 0d, b0, 12, 04, a6, ee]...
🔧 MEST Add: keyword='election', fid='news_00000323'
🔧 MEST Add: proof size=158 bytes, root_hash=[db, fd, 0d, b0, 12, 04, a6, ee]...
🗑️ MEST Delete: keyword='election', fid='news_00000323' (key completely removed)
🗑️ MEST Delete: post-delete root_hash=[e3, b0, c4, 42, 98, fc, 1c, 14]...
🔧 MEST Add: keyword='election', fid='news_00000385'
🔧 MEST Add: proof size=158 bytes, root_hash=[46, 3d, 3b, ee, 7d, e0, a2, 1d]...
🗑️ MEST Delete: keyword='election', fid='news_00000385' (key completely removed)
🗑️ MEST Delete: post-delete root_hash=[e3, b0, c4, 42, 98, fc, 1c, 14]...
🔧 MEST Add: keyword='election', fid='news_00000387'
🔧 MEST Add: proof size=158 bytes, root_hash=[a4, b4, 18, b6, ef, 61, 11, 92]...
🔧 MEST Add: keyword='election', fid='news_00000387'
🔧 MEST Add: proof size=158 bytes, root_hash=[a4, b4, 18, b6, ef, 61, 11, 92]...
🗑️ MEST Delete: keyword='election', fid='news_00000387' (key completely removed)
🗑️ MEST Delete: post-delete root_hash=[e3, b0, c4, 42, 98, fc, 1c, 14]...
🔧 MEST Add: keyword='election', fid='news_00000402'
🔧 MEST Add: proof size=158 bytes, root_hash=[ae, 76, b3, c8, 27, 99, 05, b5]...
🗑️ MEST Delete: keyword='election', fid='news_00000402' (key completely removed)
🗑️ MEST Delete: post-delete root_hash=[e3, b0, c4, 42, 98, fc, 1c, 14]...
🔧 MEST Add: keyword='election', fid='news_00000500'
🔧 MEST Add: proof size=158 bytes, root_hash=[89, 95, 1e, 7a, fe, b3, ce, 60]...
🔧 MEST Add: keyword='election', fid='news_00000500'
🔧 MEST Add: proof size=158 bytes, root_hash=[89, 95, 1e, 7a, fe, b3, ce, 60]...
🗑️ MEST Delete: keyword='election', fid='news_00000500' (key completely removed)
🗑️ MEST Delete: post-delete root_hash=[e3, b0, c4, 42, 98, fc, 1c, 14]...
🔧 MEST Add: keyword='election', fid='news_00000511'
🔧 MEST Add: proof size=158 bytes, root_hash=[38, 8a, d3, b0, f5, 96, d1, 4f]...
🔧 MEST Add: keyword='election', fid='news_00000511'
🔧 MEST Add: proof size=158 bytes, root_hash=[38, 8a, d3, b0, f5, 96, d1, 4f]...
🗑️ MEST Delete: keyword='election', fid='news_00000511' (key completely removed)
🗑️ MEST Delete: post-delete root_hash=[e3, b0, c4, 42, 98, fc, 1c, 14]...
🔧 MEST Add: keyword='election', fid='news_00000524'
🔧 MEST Add: proof size=158 bytes, root_hash=[ba, 18, 1e, 61, 5c, 83, b7, 7c]...
🔧 MEST Add: keyword='election', fid='news_00000524'
🔧 MEST Add: proof size=158 bytes, root_hash=[ba, 18, 1e, 61, 5c, 83, b7, 7c]...
🗑️ MEST Delete: keyword='election', fid='news_00000524' (key completely removed)
🗑️ MEST Delete: post-delete root_hash=[e3, b0, c4, 42, 98, fc, 1c, 14]...
🔧 MEST Add: keyword='election', fid='news_00000564'
🔧 MEST Add: proof size=158 bytes, root_hash=[88, 96, ec, 6c, 4b, a5, 6f, 16]...
🔧 MEST Add: keyword='election', fid='news_00000564'
🔧 MEST Add: proof size=158 bytes, root_hash=[88, 96, ec, 6c, 4b, a5, 6f, 16]...
🗑️ MEST Delete: keyword='election', fid='news_00000564' (key completely removed)
🗑️ MEST Delete: post-delete root_hash=[e3, b0, c4, 42, 98, fc, 1c, 14]...
🔧 MEST Add: keyword='election', fid='news_00000567'
🔧 MEST Add: proof size=158 bytes, root_hash=[0b, 35, 1d, 86, f5, e2, de, 8b]...
🗑️ MEST Delete: keyword='election', fid='news_00000567' (key completely removed)
🗑️ MEST Delete: post-delete root_hash=[e3, b0, c4, 42, 98, fc, 1c, 14]...
🔧 MEST Add: keyword='election', fid='news_00000602'
🔧 MEST Add: proof size=158 bytes, root_hash=[b7, b6, 1d, 28, 5b, ae, ab, 26]...
🗑️ MEST Delete: keyword='election', fid='news_00000602' (key completely removed)
🗑️ MEST Delete: post-delete root_hash=[e3, b0, c4, 42, 98, fc, 1c, 14]...
🔧 MEST Add: keyword='election', fid='news_00000665'
🔧 MEST Add: proof size=158 bytes, root_hash=[a4, 65, ef, 1f, 7b, f8, 27, 77]...
🗑️ MEST Delete: keyword='election', fid='news_00000665' (key completely removed)
🗑️ MEST Delete: post-delete root_hash=[e3, b0, c4, 42, 98, fc, 1c, 14]...
🔧 MEST Add: keyword='election', fid='news_00000700'
🔧 MEST Add: proof size=158 bytes, root_hash=[a2, 94, 43, cb, 8e, 4e, 33, 89]...
🗑️ MEST Delete: keyword='election', fid='news_00000700' (key completely removed)
🗑️ MEST Delete: post-delete root_hash=[e3, b0, c4, 42, 98, fc, 1c, 14]...
🔧 MEST Add: keyword='election', fid='news_00000706'
🔧 MEST Add: proof size=158 bytes, root_hash=[e4, 93, 8c, 89, 60, 15, a1, a0]...
🗑️ MEST Delete: keyword='election', fid='news_00000706' (key completely removed)
🗑️ MEST Delete: post-delete root_hash=[e3, b0, c4, 42, 98, fc, 1c, 14]...
🔧 MEST Add: keyword='election', fid='news_00000708'
🔧 MEST Add: proof size=158 bytes, root_hash=[56, 13, 3e, 7b, 6f, 28, cd, 67]...
🗑️ MEST Delete: keyword='election', fid='news_00000708' (key completely removed)
🗑️ MEST Delete: post-delete root_hash=[e3, b0, c4, 42, 98, fc, 1c, 14]...
🔧 MEST Add: keyword='election', fid='news_00000780'
🔧 MEST Add: proof size=158 bytes, root_hash=[4f, 22, 01, f1, 1f, 24, 8e, f1]...
🗑️ MEST Delete: keyword='election', fid='news_00000780' (key completely removed)
🗑️ MEST Delete: post-delete root_hash=[e3, b0, c4, 42, 98, fc, 1c, 14]...
🔧 MEST Add: keyword='election', fid='news_00000872'
🔧 MEST Add: proof size=158 bytes, root_hash=[97, 3d, 35, 16, 7e, 95, ba, 51]...
🗑️ MEST Delete: keyword='election', fid='news_00000872' (key completely removed)
🗑️ MEST Delete: post-delete root_hash=[e3, b0, c4, 42, 98, fc, 1c, 14]...
🔧 MEST Add: keyword='election', fid='news_00000984'
🔧 MEST Add: proof size=158 bytes, root_hash=[35, 86, f9, 6b, da, ee, d3, c3]...
🗑️ MEST Delete: keyword='election', fid='news_00000984' (key completely removed)
🗑️ MEST Delete: post-delete root_hash=[e3, b0, c4, 42, 98, fc, 1c, 14]...
