warning: profiles for the non root package will be ignored, specify profiles at the workspace root:
package:   /root/distributed-storage-system/crates/storager/ads_lib/Cargo.toml
workspace: /root/distributed-storage-system/Cargo.toml
warning: value assigned to `is_change` is never read
   --> crates/storager/ads_lib/src/mpt/mpt.rs:256:21
    |
256 |             let mut is_change = false;
    |                     ^^^^^^^^^
    |
    = help: maybe it is overwritten before being read?
    = note: `#[warn(unused_assignments)]` on by default

warning: value assigned to `is_change` is never read
   --> crates/storager/ads_lib/src/mpt/mpt.rs:462:25
    |
462 |                 let mut is_change = false;
    |                         ^^^^^^^^^
    |
    = help: maybe it is overwritten before being read?

warning: unused variable: `had_value`
   --> crates/storager/ads_lib/src/mpt/mpt.rs:526:21
    |
526 |                 let had_value = !old_value_str.is_empty();
    |                     ^^^^^^^^^ help: if this is intentional, prefix it with an underscore: `_had_value`
    |
    = note: `#[warn(unused_variables)]` on by default

warning: associated functions `short_node_batch_fix` and `full_node_batch_fix` are never used
    --> crates/storager/ads_lib/src/mpt/mpt.rs:1743:8
     |
  50 | impl MPT {
     | -------- associated functions in this implementation
...
1743 |     fn short_node_batch_fix(node: Arc<RwLock<ShortNode>>) -> Result<(), MPTError> {
     |        ^^^^^^^^^^^^^^^^^^^^
...
1748 |     fn full_node_batch_fix(node: Arc<RwLock<FullNode>>) -> Result<(), MPTError> {
     |        ^^^^^^^^^^^^^^^^^^^
     |
     = note: `#[warn(dead_code)]` on by default

warning: function `hash_mgt_node` is never used
   --> crates/storager/ads_lib/src/mest/proof.rs:253:4
    |
253 | fn hash_mgt_node(children: &[[u8; 32]]) -> [u8; 32] {
    |    ^^^^^^^^^^^^^

warning: `ads_rust` (lib) generated 5 warnings
warning: unused variable: `acc_old`
   --> crates/common/src/verification.rs:721:13
    |
721 |         let acc_old = match G1Affine::deserialize_uncompressed(&proof[offset..offset + acc_old_len]) {
    |             ^^^^^^^ help: if this is intentional, prefix it with an underscore: `_acc_old`
    |
    = note: `#[warn(unused_variables)]` on by default

warning: `common` (lib) generated 1 warning
warning: unused imports: `Digest` and `Sha256`
   --> crates/storager/src/ads/acctrie_ads.rs:452:20
    |
452 |         use sha2::{Digest, Sha256};
    |                    ^^^^^^  ^^^^^^
    |
    = note: `#[warn(unused_imports)]` on by default

warning: `storager` (lib) generated 1 warning (run `cargo fix --lib -p storager` to apply 1 suggestion)
    Finished `release` profile [optimized] target(s) in 0.15s
     Running `target/release/storager 50136 mest`
🔧 MEST Add: keyword='pollution', fid='envi_00000087'
🔧 MEST Add: proof size=159 bytes, root_hash=[2c, 3f, 15, 07, 39, a3, 40, 95]...
🗑️ MEST Delete: keyword='pollution', fid='envi_00000087' (key completely removed)
🗑️ MEST Delete: post-delete root_hash=[e3, b0, c4, 42, 98, fc, 1c, 14]...
🔧 MEST Add: keyword='pollution', fid='envi_00000150'
🔧 MEST Add: proof size=159 bytes, root_hash=[2b, fe, 9f, b7, a5, 6b, 2d, 0d]...
🗑️ MEST Delete: keyword='pollution', fid='envi_00000150' (key completely removed)
🗑️ MEST Delete: post-delete root_hash=[e3, b0, c4, 42, 98, fc, 1c, 14]...
🔧 MEST Add: keyword='pollution', fid='envi_00000151'
🔧 MEST Add: proof size=159 bytes, root_hash=[e9, 06, bb, a3, c6, 5c, 70, 22]...
🔧 MEST Add: keyword='pollution', fid='envi_00000151'
🔧 MEST Add: proof size=159 bytes, root_hash=[e9, 06, bb, a3, c6, 5c, 70, 22]...
🗑️ MEST Delete: keyword='pollution', fid='envi_00000151' (key completely removed)
🗑️ MEST Delete: post-delete root_hash=[e3, b0, c4, 42, 98, fc, 1c, 14]...
🔧 MEST Add: keyword='pollution', fid='envi_00000176'
🔧 MEST Add: proof size=159 bytes, root_hash=[4c, ec, 7f, ac, b7, c7, 78, 7c]...
🗑️ MEST Delete: keyword='pollution', fid='envi_00000176' (key completely removed)
🗑️ MEST Delete: post-delete root_hash=[e3, b0, c4, 42, 98, fc, 1c, 14]...
🔧 MEST Add: keyword='pollution', fid='envi_00000216'
🔧 MEST Add: proof size=159 bytes, root_hash=[9f, d2, f3, db, 85, 16, 00, ce]...
🔧 MEST Add: keyword='pollution', fid='envi_00000216'
🔧 MEST Add: proof size=159 bytes, root_hash=[9f, d2, f3, db, 85, 16, 00, ce]...
🗑️ MEST Delete: keyword='pollution', fid='envi_00000216' (key completely removed)
🗑️ MEST Delete: post-delete root_hash=[e3, b0, c4, 42, 98, fc, 1c, 14]...
🔧 MEST Add: keyword='pollution', fid='envi_00000400'
🔧 MEST Add: proof size=159 bytes, root_hash=[c3, 76, 3e, dc, 6f, 6d, 76, 72]...
🗑️ MEST Delete: keyword='pollution', fid='envi_00000400' (key completely removed)
🗑️ MEST Delete: post-delete root_hash=[e3, b0, c4, 42, 98, fc, 1c, 14]...
🔧 MEST Add: keyword='pollution', fid='envi_00000541'
🔧 MEST Add: proof size=159 bytes, root_hash=[53, 8e, 6b, 22, 15, 51, 2e, 6e]...
🔧 MEST Add: keyword='pollution', fid='envi_00000541'
🔧 MEST Add: proof size=159 bytes, root_hash=[53, 8e, 6b, 22, 15, 51, 2e, 6e]...
🗑️ MEST Delete: keyword='pollution', fid='envi_00000541' (key completely removed)
🗑️ MEST Delete: post-delete root_hash=[e3, b0, c4, 42, 98, fc, 1c, 14]...
🔧 MEST Add: keyword='pollution', fid='envi_00000620'
🔧 MEST Add: proof size=159 bytes, root_hash=[16, 9d, 1b, f5, ea, 3f, 78, 5f]...
🗑️ MEST Delete: keyword='pollution', fid='envi_00000620' (key completely removed)
🗑️ MEST Delete: post-delete root_hash=[e3, b0, c4, 42, 98, fc, 1c, 14]...
🔧 MEST Add: keyword='pollution', fid='envi_00000681'
🔧 MEST Add: proof size=159 bytes, root_hash=[74, e8, ff, 85, 4b, 32, 9e, 51]...
🗑️ MEST Delete: keyword='pollution', fid='envi_00000681' (key completely removed)
🗑️ MEST Delete: post-delete root_hash=[e3, b0, c4, 42, 98, fc, 1c, 14]...
🔧 MEST Add: keyword='pollution', fid='envi_00000685'
🔧 MEST Add: proof size=159 bytes, root_hash=[76, 93, 18, e5, fc, ba, 0a, a6]...
🔧 MEST Add: keyword='pollution', fid='envi_00000685'
🔧 MEST Add: proof size=159 bytes, root_hash=[76, 93, 18, e5, fc, ba, 0a, a6]...
🗑️ MEST Delete: keyword='pollution', fid='envi_00000685' (key completely removed)
🗑️ MEST Delete: post-delete root_hash=[e3, b0, c4, 42, 98, fc, 1c, 14]...
🔧 MEST Add: keyword='pollution', fid='envi_00000689'
🔧 MEST Add: proof size=159 bytes, root_hash=[b7, 79, 5a, 17, 63, a0, 6d, 0a]...
🗑️ MEST Delete: keyword='pollution', fid='envi_00000689' (key completely removed)
🗑️ MEST Delete: post-delete root_hash=[e3, b0, c4, 42, 98, fc, 1c, 14]...
🔧 MEST Add: keyword='pollution', fid='envi_00000735'
🔧 MEST Add: proof size=159 bytes, root_hash=[34, 5e, 3d, bf, bf, 23, 1b, 03]...
🗑️ MEST Delete: keyword='pollution', fid='envi_00000735' (key completely removed)
🗑️ MEST Delete: post-delete root_hash=[e3, b0, c4, 42, 98, fc, 1c, 14]...
🔧 MEST Add: keyword='pollution', fid='envi_00000802'
🔧 MEST Add: proof size=159 bytes, root_hash=[fb, 8d, d6, fb, 9b, 9a, ad, 78]...
🔧 MEST Add: keyword='pollution', fid='envi_00000802'
🔧 MEST Add: proof size=159 bytes, root_hash=[fb, 8d, d6, fb, 9b, 9a, ad, 78]...
🗑️ MEST Delete: keyword='pollution', fid='envi_00000802' (key completely removed)
🗑️ MEST Delete: post-delete root_hash=[e3, b0, c4, 42, 98, fc, 1c, 14]...
🔧 MEST Add: keyword='pollution', fid='envi_00000886'
🔧 MEST Add: proof size=159 bytes, root_hash=[2f, 9c, 3d, 04, a9, 65, 92, 50]...
🗑️ MEST Delete: keyword='pollution', fid='envi_00000886' (key completely removed)
🗑️ MEST Delete: post-delete root_hash=[e3, b0, c4, 42, 98, fc, 1c, 14]...
