warning: profiles for the non root package will be ignored, specify profiles at the workspace root:
package:   /root/distributed-storage-system/crates/storager/ads_lib/Cargo.toml
workspace: /root/distributed-storage-system/Cargo.toml
warning: value assigned to `is_change` is never read
   --> crates/storager/ads_lib/src/mpt/mpt.rs:256:21
    |
256 |             let mut is_change = false;
    |                     ^^^^^^^^^
    |
    = help: maybe it is overwritten before being read?
    = note: `#[warn(unused_assignments)]` on by default

warning: value assigned to `is_change` is never read
   --> crates/storager/ads_lib/src/mpt/mpt.rs:462:25
    |
462 |                 let mut is_change = false;
    |                         ^^^^^^^^^
    |
    = help: maybe it is overwritten before being read?

warning: unused variable: `had_value`
   --> crates/storager/ads_lib/src/mpt/mpt.rs:526:21
    |
526 |                 let had_value = !old_value_str.is_empty();
    |                     ^^^^^^^^^ help: if this is intentional, prefix it with an underscore: `_had_value`
    |
    = note: `#[warn(unused_variables)]` on by default

warning: associated functions `short_node_batch_fix` and `full_node_batch_fix` are never used
    --> crates/storager/ads_lib/src/mpt/mpt.rs:1743:8
     |
  50 | impl MPT {
     | -------- associated functions in this implementation
...
1743 |     fn short_node_batch_fix(node: Arc<RwLock<ShortNode>>) -> Result<(), MPTError> {
     |        ^^^^^^^^^^^^^^^^^^^^
...
1748 |     fn full_node_batch_fix(node: Arc<RwLock<FullNode>>) -> Result<(), MPTError> {
     |        ^^^^^^^^^^^^^^^^^^^
     |
     = note: `#[warn(dead_code)]` on by default

warning: function `hash_mgt_node` is never used
   --> crates/storager/ads_lib/src/mest/proof.rs:253:4
    |
253 | fn hash_mgt_node(children: &[[u8; 32]]) -> [u8; 32] {
    |    ^^^^^^^^^^^^^

warning: `ads_rust` (lib) generated 5 warnings
warning: unused variable: `acc_old`
   --> crates/common/src/verification.rs:721:13
    |
721 |         let acc_old = match G1Affine::deserialize_uncompressed(&proof[offset..offset + acc_old_len]) {
    |             ^^^^^^^ help: if this is intentional, prefix it with an underscore: `_acc_old`
    |
    = note: `#[warn(unused_variables)]` on by default

warning: `common` (lib) generated 1 warning
warning: unused imports: `Digest` and `Sha256`
   --> crates/storager/src/ads/acctrie_ads.rs:452:20
    |
452 |         use sha2::{Digest, Sha256};
    |                    ^^^^^^  ^^^^^^
    |
    = note: `#[warn(unused_imports)]` on by default

warning: `storager` (lib) generated 1 warning (run `cargo fix --lib -p storager` to apply 1 suggestion)
    Finished `release` profile [optimized] target(s) in 0.15s
     Running `target/release/storager 50088 mest`
🔧 MEST Add: keyword='artist', fid='ente_00000029'
🔧 MEST Add: proof size=156 bytes, root_hash=[93, f0, 7e, 22, 60, b9, 3c, ec]...
🗑️ MEST Delete: keyword='artist', fid='ente_00000029' (key completely removed)
🗑️ MEST Delete: post-delete root_hash=[e3, b0, c4, 42, 98, fc, 1c, 14]...
🔧 MEST Add: keyword='artist', fid='ente_00000299'
🔧 MEST Add: proof size=156 bytes, root_hash=[ae, 55, 53, 91, 2e, d6, 91, d3]...
🔧 MEST Add: keyword='artist', fid='ente_00000299'
🔧 MEST Add: proof size=156 bytes, root_hash=[ae, 55, 53, 91, 2e, d6, 91, d3]...
🗑️ MEST Delete: keyword='artist', fid='ente_00000299' (key completely removed)
🗑️ MEST Delete: post-delete root_hash=[e3, b0, c4, 42, 98, fc, 1c, 14]...
🔧 MEST Add: keyword='artist', fid='ente_00000344'
🔧 MEST Add: proof size=156 bytes, root_hash=[ab, 0f, 67, 5e, 57, 0c, d5, 1c]...
🗑️ MEST Delete: keyword='artist', fid='ente_00000344' (key completely removed)
🗑️ MEST Delete: post-delete root_hash=[e3, b0, c4, 42, 98, fc, 1c, 14]...
🔧 MEST Add: keyword='artist', fid='ente_00000437'
🔧 MEST Add: proof size=156 bytes, root_hash=[49, 34, 69, d2, 7d, 49, 4d, 03]...
🔧 MEST Add: keyword='artist', fid='ente_00000437'
🔧 MEST Add: proof size=156 bytes, root_hash=[49, 34, 69, d2, 7d, 49, 4d, 03]...
🗑️ MEST Delete: keyword='artist', fid='ente_00000437' (key completely removed)
🗑️ MEST Delete: post-delete root_hash=[e3, b0, c4, 42, 98, fc, 1c, 14]...
🔧 MEST Add: keyword='artist', fid='ente_00000450'
🔧 MEST Add: proof size=156 bytes, root_hash=[4e, e3, e2, 2d, b8, e3, 44, 05]...
🔧 MEST Add: keyword='artist', fid='ente_00000450'
🔧 MEST Add: proof size=156 bytes, root_hash=[4e, e3, e2, 2d, b8, e3, 44, 05]...
🗑️ MEST Delete: keyword='artist', fid='ente_00000450' (key completely removed)
🗑️ MEST Delete: post-delete root_hash=[e3, b0, c4, 42, 98, fc, 1c, 14]...
🔧 MEST Add: keyword='artist', fid='ente_00000452'
🔧 MEST Add: proof size=156 bytes, root_hash=[e4, 6d, 47, ee, 80, dc, 48, a4]...
🗑️ MEST Delete: keyword='artist', fid='ente_00000452' (key completely removed)
🗑️ MEST Delete: post-delete root_hash=[e3, b0, c4, 42, 98, fc, 1c, 14]...
🔧 MEST Add: keyword='artist', fid='ente_00000487'
🔧 MEST Add: proof size=156 bytes, root_hash=[92, 78, 91, 3b, 87, 66, e4, 9c]...
🗑️ MEST Delete: keyword='artist', fid='ente_00000487' (key completely removed)
🗑️ MEST Delete: post-delete root_hash=[e3, b0, c4, 42, 98, fc, 1c, 14]...
🔧 MEST Add: keyword='artist', fid='ente_00000517'
🔧 MEST Add: proof size=156 bytes, root_hash=[e3, 30, b2, 7d, 91, eb, ac, f6]...
🗑️ MEST Delete: keyword='artist', fid='ente_00000517' (key completely removed)
🗑️ MEST Delete: post-delete root_hash=[e3, b0, c4, 42, 98, fc, 1c, 14]...
🔧 MEST Add: keyword='artist', fid='ente_00000576'
🔧 MEST Add: proof size=156 bytes, root_hash=[71, c3, 7a, 08, 3d, 22, 34, 91]...
🗑️ MEST Delete: keyword='artist', fid='ente_00000576' (key completely removed)
🗑️ MEST Delete: post-delete root_hash=[e3, b0, c4, 42, 98, fc, 1c, 14]...
🔧 MEST Add: keyword='artist', fid='ente_00000630'
🔧 MEST Add: proof size=156 bytes, root_hash=[ed, f9, 5e, b8, 23, d5, d7, 76]...
🔧 MEST Add: keyword='artist', fid='ente_00000630'
🔧 MEST Add: proof size=156 bytes, root_hash=[ed, f9, 5e, b8, 23, d5, d7, 76]...
🗑️ MEST Delete: keyword='artist', fid='ente_00000630' (key completely removed)
🗑️ MEST Delete: post-delete root_hash=[e3, b0, c4, 42, 98, fc, 1c, 14]...
🔧 MEST Add: keyword='artist', fid='ente_00000661'
🔧 MEST Add: proof size=156 bytes, root_hash=[34, b8, e9, ae, 35, 1b, a8, a1]...
🔧 MEST Add: keyword='artist', fid='ente_00000661'
🔧 MEST Add: proof size=156 bytes, root_hash=[34, b8, e9, ae, 35, 1b, a8, a1]...
🗑️ MEST Delete: keyword='artist', fid='ente_00000661' (key completely removed)
🗑️ MEST Delete: post-delete root_hash=[e3, b0, c4, 42, 98, fc, 1c, 14]...
🔧 MEST Add: keyword='artist', fid='ente_00000750'
🔧 MEST Add: proof size=156 bytes, root_hash=[54, 54, 04, f9, f4, 08, eb, f4]...
🔧 MEST Add: keyword='artist', fid='ente_00000750'
🔧 MEST Add: proof size=156 bytes, root_hash=[54, 54, 04, f9, f4, 08, eb, f4]...
🗑️ MEST Delete: keyword='artist', fid='ente_00000750' (key completely removed)
🗑️ MEST Delete: post-delete root_hash=[e3, b0, c4, 42, 98, fc, 1c, 14]...
🔧 MEST Add: keyword='artist', fid='ente_00000896'
🔧 MEST Add: proof size=156 bytes, root_hash=[8c, c8, 1c, 71, 94, 08, e7, b0]...
🗑️ MEST Delete: keyword='artist', fid='ente_00000896' (key completely removed)
🗑️ MEST Delete: post-delete root_hash=[e3, b0, c4, 42, 98, fc, 1c, 14]...
