warning: profiles for the non root package will be ignored, specify profiles at the workspace root:
package:   /root/distributed-storage-system/crates/storager/ads_lib/Cargo.toml
workspace: /root/distributed-storage-system/Cargo.toml
warning: value assigned to `is_change` is never read
   --> crates/storager/ads_lib/src/mpt/mpt.rs:256:21
    |
256 |             let mut is_change = false;
    |                     ^^^^^^^^^
    |
    = help: maybe it is overwritten before being read?
    = note: `#[warn(unused_assignments)]` on by default

warning: value assigned to `is_change` is never read
   --> crates/storager/ads_lib/src/mpt/mpt.rs:462:25
    |
462 |                 let mut is_change = false;
    |                         ^^^^^^^^^
    |
    = help: maybe it is overwritten before being read?

warning: unused variable: `had_value`
   --> crates/storager/ads_lib/src/mpt/mpt.rs:526:21
    |
526 |                 let had_value = !old_value_str.is_empty();
    |                     ^^^^^^^^^ help: if this is intentional, prefix it with an underscore: `_had_value`
    |
    = note: `#[warn(unused_variables)]` on by default

warning: associated functions `short_node_batch_fix` and `full_node_batch_fix` are never used
    --> crates/storager/ads_lib/src/mpt/mpt.rs:1743:8
     |
  50 | impl MPT {
     | -------- associated functions in this implementation
...
1743 |     fn short_node_batch_fix(node: Arc<RwLock<ShortNode>>) -> Result<(), MPTError> {
     |        ^^^^^^^^^^^^^^^^^^^^
...
1748 |     fn full_node_batch_fix(node: Arc<RwLock<FullNode>>) -> Result<(), MPTError> {
     |        ^^^^^^^^^^^^^^^^^^^
     |
     = note: `#[warn(dead_code)]` on by default

warning: function `hash_mgt_node` is never used
   --> crates/storager/ads_lib/src/mest/proof.rs:253:4
    |
253 | fn hash_mgt_node(children: &[[u8; 32]]) -> [u8; 32] {
    |    ^^^^^^^^^^^^^

warning: `ads_rust` (lib) generated 5 warnings
warning: unused variable: `acc_old`
   --> crates/common/src/verification.rs:721:13
    |
721 |         let acc_old = match G1Affine::deserialize_uncompressed(&proof[offset..offset + acc_old_len]) {
    |             ^^^^^^^ help: if this is intentional, prefix it with an underscore: `_acc_old`
    |
    = note: `#[warn(unused_variables)]` on by default

warning: `common` (lib) generated 1 warning
warning: unused imports: `Digest` and `Sha256`
   --> crates/storager/src/ads/acctrie_ads.rs:452:20
    |
452 |         use sha2::{Digest, Sha256};
    |                    ^^^^^^  ^^^^^^
    |
    = note: `#[warn(unused_imports)]` on by default

warning: `storager` (lib) generated 1 warning (run `cargo fix --lib -p storager` to apply 1 suggestion)
    Finished `release` profile [optimized] target(s) in 0.15s
     Running `target/release/storager 50053 mest`
🔧 MEST Add: keyword='energy', fid='envi_00000021'
🔧 MEST Add: proof size=156 bytes, root_hash=[c7, a4, 62, 85, 58, 33, 1d, 0a]...
🗑️ MEST Delete: keyword='energy', fid='envi_00000021' (key completely removed)
🗑️ MEST Delete: post-delete root_hash=[e3, b0, c4, 42, 98, fc, 1c, 14]...
🔧 MEST Add: keyword='energy', fid='envi_00000058'
🔧 MEST Add: proof size=156 bytes, root_hash=[14, 3f, 84, b1, 96, 46, ed, 98]...
🗑️ MEST Delete: keyword='energy', fid='envi_00000058' (key completely removed)
🗑️ MEST Delete: post-delete root_hash=[e3, b0, c4, 42, 98, fc, 1c, 14]...
🔧 MEST Add: keyword='energy', fid='envi_00000150'
🔧 MEST Add: proof size=156 bytes, root_hash=[2b, fe, 9f, b7, a5, 6b, 2d, 0d]...
🗑️ MEST Delete: keyword='energy', fid='envi_00000150' (key completely removed)
🗑️ MEST Delete: post-delete root_hash=[e3, b0, c4, 42, 98, fc, 1c, 14]...
🔧 MEST Add: keyword='energy', fid='envi_00000161'
🔧 MEST Add: proof size=156 bytes, root_hash=[16, 71, bd, 95, 0e, 27, 67, f4]...
🗑️ MEST Delete: keyword='energy', fid='envi_00000161' (key completely removed)
🗑️ MEST Delete: post-delete root_hash=[e3, b0, c4, 42, 98, fc, 1c, 14]...
🔧 MEST Add: keyword='energy', fid='envi_00000176'
🔧 MEST Add: proof size=156 bytes, root_hash=[4c, ec, 7f, ac, b7, c7, 78, 7c]...
🔧 MEST Add: keyword='energy', fid='envi_00000176'
🔧 MEST Add: proof size=156 bytes, root_hash=[4c, ec, 7f, ac, b7, c7, 78, 7c]...
🗑️ MEST Delete: keyword='energy', fid='envi_00000176' (key completely removed)
🗑️ MEST Delete: post-delete root_hash=[e3, b0, c4, 42, 98, fc, 1c, 14]...
🔧 MEST Add: keyword='energy', fid='envi_00000185'
🔧 MEST Add: proof size=156 bytes, root_hash=[12, 1b, 33, b0, 8b, 0a, 59, 47]...
🗑️ MEST Delete: keyword='energy', fid='envi_00000185' (key completely removed)
🗑️ MEST Delete: post-delete root_hash=[e3, b0, c4, 42, 98, fc, 1c, 14]...
🔧 MEST Add: keyword='energy', fid='envi_00000313'
🔧 MEST Add: proof size=156 bytes, root_hash=[c4, 0d, 39, a5, 2a, 2f, 9a, f9]...
🔧 MEST Add: keyword='energy', fid='envi_00000313'
🔧 MEST Add: proof size=156 bytes, root_hash=[c4, 0d, 39, a5, 2a, 2f, 9a, f9]...
🗑️ MEST Delete: keyword='energy', fid='envi_00000313' (key completely removed)
🗑️ MEST Delete: post-delete root_hash=[e3, b0, c4, 42, 98, fc, 1c, 14]...
🔧 MEST Add: keyword='energy', fid='envi_00000351'
🔧 MEST Add: proof size=156 bytes, root_hash=[3c, fd, 36, 47, df, b5, 15, 2d]...
🗑️ MEST Delete: keyword='energy', fid='envi_00000351' (key completely removed)
🗑️ MEST Delete: post-delete root_hash=[e3, b0, c4, 42, 98, fc, 1c, 14]...
🔧 MEST Add: keyword='energy', fid='envi_00000626'
🔧 MEST Add: proof size=156 bytes, root_hash=[9d, 91, 62, dc, 59, eb, b2, ff]...
🗑️ MEST Delete: keyword='energy', fid='envi_00000626' (key completely removed)
🗑️ MEST Delete: post-delete root_hash=[e3, b0, c4, 42, 98, fc, 1c, 14]...
🔧 MEST Add: keyword='energy', fid='envi_00000676'
🔧 MEST Add: proof size=156 bytes, root_hash=[ae, ac, 0a, 8a, 42, 30, 52, 37]...
🗑️ MEST Delete: keyword='energy', fid='envi_00000676' (key completely removed)
🗑️ MEST Delete: post-delete root_hash=[e3, b0, c4, 42, 98, fc, 1c, 14]...
🔧 MEST Add: keyword='energy', fid='envi_00000681'
🔧 MEST Add: proof size=156 bytes, root_hash=[74, e8, ff, 85, 4b, 32, 9e, 51]...
🗑️ MEST Delete: keyword='energy', fid='envi_00000681' (key completely removed)
🗑️ MEST Delete: post-delete root_hash=[e3, b0, c4, 42, 98, fc, 1c, 14]...
🔧 MEST Add: keyword='energy', fid='envi_00000685'
🔧 MEST Add: proof size=156 bytes, root_hash=[76, 93, 18, e5, fc, ba, 0a, a6]...
🗑️ MEST Delete: keyword='energy', fid='envi_00000685' (key completely removed)
🗑️ MEST Delete: post-delete root_hash=[e3, b0, c4, 42, 98, fc, 1c, 14]...
🔧 MEST Add: keyword='energy', fid='envi_00000732'
🔧 MEST Add: proof size=156 bytes, root_hash=[7e, b6, b8, c4, db, 92, 31, cc]...
🗑️ MEST Delete: keyword='energy', fid='envi_00000732' (key completely removed)
🗑️ MEST Delete: post-delete root_hash=[e3, b0, c4, 42, 98, fc, 1c, 14]...
🔧 MEST Add: keyword='energy', fid='envi_00000757'
🔧 MEST Add: proof size=156 bytes, root_hash=[df, 1b, 65, ce, ea, ad, 94, 4a]...
🗑️ MEST Delete: keyword='energy', fid='envi_00000757' (key completely removed)
🗑️ MEST Delete: post-delete root_hash=[e3, b0, c4, 42, 98, fc, 1c, 14]...
🔧 MEST Add: keyword='energy', fid='envi_00000887'
🔧 MEST Add: proof size=156 bytes, root_hash=[ae, be, 54, 65, c8, e5, aa, da]...
🗑️ MEST Delete: keyword='energy', fid='envi_00000887' (key completely removed)
🗑️ MEST Delete: post-delete root_hash=[e3, b0, c4, 42, 98, fc, 1c, 14]...
