warning: profiles for the non root package will be ignored, specify profiles at the workspace root:
package:   /root/distributed-storage-system/crates/storager/ads_lib/Cargo.toml
workspace: /root/distributed-storage-system/Cargo.toml
warning: value assigned to `is_change` is never read
   --> crates/storager/ads_lib/src/mpt/mpt.rs:256:21
    |
256 |             let mut is_change = false;
    |                     ^^^^^^^^^
    |
    = help: maybe it is overwritten before being read?
    = note: `#[warn(unused_assignments)]` on by default

warning: value assigned to `is_change` is never read
   --> crates/storager/ads_lib/src/mpt/mpt.rs:462:25
    |
462 |                 let mut is_change = false;
    |                         ^^^^^^^^^
    |
    = help: maybe it is overwritten before being read?

warning: unused variable: `had_value`
   --> crates/storager/ads_lib/src/mpt/mpt.rs:526:21
    |
526 |                 let had_value = !old_value_str.is_empty();
    |                     ^^^^^^^^^ help: if this is intentional, prefix it with an underscore: `_had_value`
    |
    = note: `#[warn(unused_variables)]` on by default

warning: associated functions `short_node_batch_fix` and `full_node_batch_fix` are never used
    --> crates/storager/ads_lib/src/mpt/mpt.rs:1743:8
     |
  50 | impl MPT {
     | -------- associated functions in this implementation
...
1743 |     fn short_node_batch_fix(node: Arc<RwLock<ShortNode>>) -> Result<(), MPTError> {
     |        ^^^^^^^^^^^^^^^^^^^^
...
1748 |     fn full_node_batch_fix(node: Arc<RwLock<FullNode>>) -> Result<(), MPTError> {
     |        ^^^^^^^^^^^^^^^^^^^
     |
     = note: `#[warn(dead_code)]` on by default

warning: function `hash_mgt_node` is never used
   --> crates/storager/ads_lib/src/mest/proof.rs:253:4
    |
253 | fn hash_mgt_node(children: &[[u8; 32]]) -> [u8; 32] {
    |    ^^^^^^^^^^^^^

warning: `ads_rust` (lib) generated 5 warnings
warning: unused variable: `acc_old`
   --> crates/common/src/verification.rs:721:13
    |
721 |         let acc_old = match G1Affine::deserialize_uncompressed(&proof[offset..offset + acc_old_len]) {
    |             ^^^^^^^ help: if this is intentional, prefix it with an underscore: `_acc_old`
    |
    = note: `#[warn(unused_variables)]` on by default

warning: `common` (lib) generated 1 warning
warning: unused imports: `Digest` and `Sha256`
   --> crates/storager/src/ads/acctrie_ads.rs:452:20
    |
452 |         use sha2::{Digest, Sha256};
    |                    ^^^^^^  ^^^^^^
    |
    = note: `#[warn(unused_imports)]` on by default

warning: `storager` (lib) generated 1 warning (run `cargo fix --lib -p storager` to apply 1 suggestion)
    Finished `release` profile [optimized] target(s) in 0.15s
     Running `target/release/storager 50090 mest`
🔧 MEST Add: keyword='ai', fid='tech_00000020'
🔧 MEST Add: proof size=152 bytes, root_hash=[f6, 6e, 4b, ad, af, bb, 13, d8]...
🔧 MEST Add: keyword='ai', fid='tech_00000020'
🔧 MEST Add: proof size=152 bytes, root_hash=[f6, 6e, 4b, ad, af, bb, 13, d8]...
🗑️ MEST Delete: keyword='ai', fid='tech_00000020' (key completely removed)
🗑️ MEST Delete: post-delete root_hash=[e3, b0, c4, 42, 98, fc, 1c, 14]...
🔧 MEST Add: keyword='ai', fid='tech_00000044'
🔧 MEST Add: proof size=152 bytes, root_hash=[97, d2, b1, 60, 83, 21, 63, ae]...
🗑️ MEST Delete: keyword='ai', fid='tech_00000044' (key completely removed)
🗑️ MEST Delete: post-delete root_hash=[e3, b0, c4, 42, 98, fc, 1c, 14]...
🔧 MEST Add: keyword='ai', fid='tech_00000056'
🔧 MEST Add: proof size=152 bytes, root_hash=[68, d2, 8c, cc, b3, 0a, 4d, 75]...
🗑️ MEST Delete: keyword='ai', fid='tech_00000056' (key completely removed)
🗑️ MEST Delete: post-delete root_hash=[e3, b0, c4, 42, 98, fc, 1c, 14]...
🔧 MEST Add: keyword='ai', fid='tech_00000072'
🔧 MEST Add: proof size=152 bytes, root_hash=[27, 27, 3e, c5, e4, c3, 4f, e2]...
🗑️ MEST Delete: keyword='ai', fid='tech_00000072' (key completely removed)
🗑️ MEST Delete: post-delete root_hash=[e3, b0, c4, 42, 98, fc, 1c, 14]...
🔧 MEST Add: keyword='ai', fid='tech_00000177'
🔧 MEST Add: proof size=152 bytes, root_hash=[af, ef, 44, 92, a6, e8, cf, 48]...
🔧 MEST Add: keyword='ai', fid='tech_00000177'
🔧 MEST Add: proof size=152 bytes, root_hash=[af, ef, 44, 92, a6, e8, cf, 48]...
🗑️ MEST Delete: keyword='ai', fid='tech_00000177' (key completely removed)
🗑️ MEST Delete: post-delete root_hash=[e3, b0, c4, 42, 98, fc, 1c, 14]...
🔧 MEST Add: keyword='ai', fid='tech_00000205'
🔧 MEST Add: proof size=152 bytes, root_hash=[05, 3a, ec, 7f, e7, 48, 4d, a2]...
🗑️ MEST Delete: keyword='ai', fid='tech_00000205' (key completely removed)
🗑️ MEST Delete: post-delete root_hash=[e3, b0, c4, 42, 98, fc, 1c, 14]...
🔧 MEST Add: keyword='ai', fid='tech_00000209'
🔧 MEST Add: proof size=152 bytes, root_hash=[e3, db, 6c, cb, a9, 48, e9, b2]...
🔧 MEST Add: keyword='ai', fid='tech_00000209'
🔧 MEST Add: proof size=152 bytes, root_hash=[e3, db, 6c, cb, a9, 48, e9, b2]...
🗑️ MEST Delete: keyword='ai', fid='tech_00000209' (key completely removed)
🗑️ MEST Delete: post-delete root_hash=[e3, b0, c4, 42, 98, fc, 1c, 14]...
🔧 MEST Add: keyword='ai', fid='tech_00000230'
🔧 MEST Add: proof size=152 bytes, root_hash=[a6, df, c8, 01, 9b, fd, 00, 03]...
🗑️ MEST Delete: keyword='ai', fid='tech_00000230' (key completely removed)
🗑️ MEST Delete: post-delete root_hash=[e3, b0, c4, 42, 98, fc, 1c, 14]...
🔧 MEST Add: keyword='ai', fid='tech_00000274'
🔧 MEST Add: proof size=152 bytes, root_hash=[c1, 55, b1, d2, f2, f9, c9, 87]...
🗑️ MEST Delete: keyword='ai', fid='tech_00000274' (key completely removed)
🗑️ MEST Delete: post-delete root_hash=[e3, b0, c4, 42, 98, fc, 1c, 14]...
🔧 MEST Add: keyword='ai', fid='tech_00000319'
🔧 MEST Add: proof size=152 bytes, root_hash=[3a, 6b, 44, 26, af, b2, b9, 8f]...
🔧 MEST Add: keyword='ai', fid='tech_00000319'
🔧 MEST Add: proof size=152 bytes, root_hash=[3a, 6b, 44, 26, af, b2, b9, 8f]...
🗑️ MEST Delete: keyword='ai', fid='tech_00000319' (key completely removed)
🗑️ MEST Delete: post-delete root_hash=[e3, b0, c4, 42, 98, fc, 1c, 14]...
🔧 MEST Add: keyword='ai', fid='tech_00000391'
🔧 MEST Add: proof size=152 bytes, root_hash=[ed, 8b, b8, d3, 61, d7, 2b, 1d]...
🔧 MEST Add: keyword='ai', fid='tech_00000391'
🔧 MEST Add: proof size=152 bytes, root_hash=[ed, 8b, b8, d3, 61, d7, 2b, 1d]...
🗑️ MEST Delete: keyword='ai', fid='tech_00000391' (key completely removed)
🗑️ MEST Delete: post-delete root_hash=[e3, b0, c4, 42, 98, fc, 1c, 14]...
🔧 MEST Add: keyword='ai', fid='tech_00000397'
🔧 MEST Add: proof size=152 bytes, root_hash=[fe, d9, d0, 3c, e5, da, 8a, f9]...
🗑️ MEST Delete: keyword='ai', fid='tech_00000397' (key completely removed)
🗑️ MEST Delete: post-delete root_hash=[e3, b0, c4, 42, 98, fc, 1c, 14]...
🔧 MEST Add: keyword='ai', fid='tech_00000505'
🔧 MEST Add: proof size=152 bytes, root_hash=[fa, b9, 47, c4, 30, d9, 74, 0d]...
🔧 MEST Add: keyword='ai', fid='tech_00000505'
🔧 MEST Add: proof size=152 bytes, root_hash=[fa, b9, 47, c4, 30, d9, 74, 0d]...
🗑️ MEST Delete: keyword='ai', fid='tech_00000505' (key completely removed)
🗑️ MEST Delete: post-delete root_hash=[e3, b0, c4, 42, 98, fc, 1c, 14]...
🔧 MEST Add: keyword='ai', fid='tech_00000581'
🔧 MEST Add: proof size=152 bytes, root_hash=[7c, 55, 21, a8, e3, 7d, c2, 61]...
🗑️ MEST Delete: keyword='ai', fid='tech_00000581' (key completely removed)
🗑️ MEST Delete: post-delete root_hash=[e3, b0, c4, 42, 98, fc, 1c, 14]...
🔧 MEST Add: keyword='ai', fid='tech_00000611'
🔧 MEST Add: proof size=152 bytes, root_hash=[09, 4f, e1, f0, 3e, 3b, cf, 81]...
🗑️ MEST Delete: keyword='ai', fid='tech_00000611' (key completely removed)
🗑️ MEST Delete: post-delete root_hash=[e3, b0, c4, 42, 98, fc, 1c, 14]...
🔧 MEST Add: keyword='ai', fid='tech_00000647'
🔧 MEST Add: proof size=152 bytes, root_hash=[43, b8, 5d, e8, f1, 74, 95, 6e]...
🔧 MEST Add: keyword='ai', fid='tech_00000647'
🔧 MEST Add: proof size=152 bytes, root_hash=[43, b8, 5d, e8, f1, 74, 95, 6e]...
🗑️ MEST Delete: keyword='ai', fid='tech_00000647' (key completely removed)
🗑️ MEST Delete: post-delete root_hash=[e3, b0, c4, 42, 98, fc, 1c, 14]...
🔧 MEST Add: keyword='ai', fid='tech_00000679'
🔧 MEST Add: proof size=152 bytes, root_hash=[91, 4e, c4, 4f, 80, bf, 17, 59]...
🗑️ MEST Delete: keyword='ai', fid='tech_00000679' (key completely removed)
🗑️ MEST Delete: post-delete root_hash=[e3, b0, c4, 42, 98, fc, 1c, 14]...
🔧 MEST Add: keyword='ai', fid='tech_00000785'
🔧 MEST Add: proof size=152 bytes, root_hash=[b0, bf, 0a, c6, 76, 36, bf, 79]...
🔧 MEST Add: keyword='ai', fid='tech_00000785'
🔧 MEST Add: proof size=152 bytes, root_hash=[b0, bf, 0a, c6, 76, 36, bf, 79]...
🗑️ MEST Delete: keyword='ai', fid='tech_00000785' (key completely removed)
🗑️ MEST Delete: post-delete root_hash=[e3, b0, c4, 42, 98, fc, 1c, 14]...
🔧 MEST Add: keyword='ai', fid='tech_00000792'
🔧 MEST Add: proof size=152 bytes, root_hash=[fb, 83, e5, d7, be, fc, 35, c4]...
🔧 MEST Add: keyword='ai', fid='tech_00000792'
🔧 MEST Add: proof size=152 bytes, root_hash=[fb, 83, e5, d7, be, fc, 35, c4]...
🗑️ MEST Delete: keyword='ai', fid='tech_00000792' (key completely removed)
🗑️ MEST Delete: post-delete root_hash=[e3, b0, c4, 42, 98, fc, 1c, 14]...
🔧 MEST Add: keyword='ai', fid='tech_00000849'
🔧 MEST Add: proof size=152 bytes, root_hash=[74, be, af, e9, 92, cf, da, 78]...
🔧 MEST Add: keyword='ai', fid='tech_00000849'
🔧 MEST Add: proof size=152 bytes, root_hash=[74, be, af, e9, 92, cf, da, 78]...
🗑️ MEST Delete: keyword='ai', fid='tech_00000849' (key completely removed)
🗑️ MEST Delete: post-delete root_hash=[e3, b0, c4, 42, 98, fc, 1c, 14]...
🔧 MEST Add: keyword='ai', fid='tech_00000856'
🔧 MEST Add: proof size=152 bytes, root_hash=[3a, 8b, c9, f7, 24, 67, 0e, 43]...
🔧 MEST Add: keyword='ai', fid='tech_00000856'
🔧 MEST Add: proof size=152 bytes, root_hash=[3a, 8b, c9, f7, 24, 67, 0e, 43]...
🗑️ MEST Delete: keyword='ai', fid='tech_00000856' (key completely removed)
🗑️ MEST Delete: post-delete root_hash=[e3, b0, c4, 42, 98, fc, 1c, 14]...
🔧 MEST Add: keyword='ai', fid='tech_00000950'
🔧 MEST Add: proof size=152 bytes, root_hash=[8d, b7, 35, e3, 40, 9d, 14, 15]...
🔧 MEST Add: keyword='ai', fid='tech_00000950'
🔧 MEST Add: proof size=152 bytes, root_hash=[8d, b7, 35, e3, 40, 9d, 14, 15]...
🗑️ MEST Delete: keyword='ai', fid='tech_00000950' (key completely removed)
🗑️ MEST Delete: post-delete root_hash=[e3, b0, c4, 42, 98, fc, 1c, 14]...
