warning: profiles for the non root package will be ignored, specify profiles at the workspace root:
package:   /root/distributed-storage-system/crates/storager/ads_lib/Cargo.toml
workspace: /root/distributed-storage-system/Cargo.toml
warning: value assigned to `is_change` is never read
   --> crates/storager/ads_lib/src/mpt/mpt.rs:256:21
    |
256 |             let mut is_change = false;
    |                     ^^^^^^^^^
    |
    = help: maybe it is overwritten before being read?
    = note: `#[warn(unused_assignments)]` on by default

warning: value assigned to `is_change` is never read
   --> crates/storager/ads_lib/src/mpt/mpt.rs:462:25
    |
462 |                 let mut is_change = false;
    |                         ^^^^^^^^^
    |
    = help: maybe it is overwritten before being read?

warning: unused variable: `had_value`
   --> crates/storager/ads_lib/src/mpt/mpt.rs:526:21
    |
526 |                 let had_value = !old_value_str.is_empty();
    |                     ^^^^^^^^^ help: if this is intentional, prefix it with an underscore: `_had_value`
    |
    = note: `#[warn(unused_variables)]` on by default

warning: associated functions `short_node_batch_fix` and `full_node_batch_fix` are never used
    --> crates/storager/ads_lib/src/mpt/mpt.rs:1743:8
     |
  50 | impl MPT {
     | -------- associated functions in this implementation
...
1743 |     fn short_node_batch_fix(node: Arc<RwLock<ShortNode>>) -> Result<(), MPTError> {
     |        ^^^^^^^^^^^^^^^^^^^^
...
1748 |     fn full_node_batch_fix(node: Arc<RwLock<FullNode>>) -> Result<(), MPTError> {
     |        ^^^^^^^^^^^^^^^^^^^
     |
     = note: `#[warn(dead_code)]` on by default

warning: function `hash_mgt_node` is never used
   --> crates/storager/ads_lib/src/mest/proof.rs:253:4
    |
253 | fn hash_mgt_node(children: &[[u8; 32]]) -> [u8; 32] {
    |    ^^^^^^^^^^^^^

warning: `ads_rust` (lib) generated 5 warnings
warning: unused variable: `acc_old`
   --> crates/common/src/verification.rs:721:13
    |
721 |         let acc_old = match G1Affine::deserialize_uncompressed(&proof[offset..offset + acc_old_len]) {
    |             ^^^^^^^ help: if this is intentional, prefix it with an underscore: `_acc_old`
    |
    = note: `#[warn(unused_variables)]` on by default

warning: `common` (lib) generated 1 warning
warning: unused imports: `Digest` and `Sha256`
   --> crates/storager/src/ads/acctrie_ads.rs:452:20
    |
452 |         use sha2::{Digest, Sha256};
    |                    ^^^^^^  ^^^^^^
    |
    = note: `#[warn(unused_imports)]` on by default

warning: `storager` (lib) generated 1 warning (run `cargo fix --lib -p storager` to apply 1 suggestion)
    Finished `release` profile [optimized] target(s) in 0.15s
     Running `target/release/storager 50125 mest`
🔧 MEST Add: keyword='finance', fid='busi_00000033'
🔧 MEST Add: proof size=157 bytes, root_hash=[67, 7b, bc, ec, ab, bf, 30, a2]...
🔧 MEST Add: keyword='finance', fid='busi_00000033'
🔧 MEST Add: proof size=157 bytes, root_hash=[67, 7b, bc, ec, ab, bf, 30, a2]...
🗑️ MEST Delete: keyword='finance', fid='busi_00000033' (key completely removed)
🗑️ MEST Delete: post-delete root_hash=[e3, b0, c4, 42, 98, fc, 1c, 14]...
🔧 MEST Add: keyword='degree', fid='educ_00000042'
🔧 MEST Add: proof size=156 bytes, root_hash=[ed, 52, 57, ef, 6d, de, bc, 05]...
🔧 MEST Add: keyword='degree', fid='educ_00000042'
🔧 MEST Add: proof size=156 bytes, root_hash=[ed, 52, 57, ef, 6d, de, bc, 05]...
🗑️ MEST Delete: keyword='degree', fid='educ_00000042' (key completely removed)
🗑️ MEST Delete: post-delete root_hash=[e3, b0, c4, 42, 98, fc, 1c, 14]...
🔧 MEST Add: keyword='finance', fid='busi_00000067'
🔧 MEST Add: proof size=157 bytes, root_hash=[29, 4e, 32, 0d, b0, 86, 29, 22]...
🗑️ MEST Delete: keyword='finance', fid='busi_00000067' (key completely removed)
🗑️ MEST Delete: post-delete root_hash=[e3, b0, c4, 42, 98, fc, 1c, 14]...
🔧 MEST Add: keyword='finance', fid='busi_00000071'
🔧 MEST Add: proof size=157 bytes, root_hash=[7c, 1f, 12, 89, 9b, 90, 0c, 08]...
🗑️ MEST Delete: keyword='finance', fid='busi_00000071' (key completely removed)
🗑️ MEST Delete: post-delete root_hash=[e3, b0, c4, 42, 98, fc, 1c, 14]...
🔧 MEST Add: keyword='finance', fid='busi_00000089'
🔧 MEST Add: proof size=157 bytes, root_hash=[07, 23, df, cd, 7c, 59, cf, 55]...
🔧 MEST Add: keyword='finance', fid='busi_00000089'
🔧 MEST Add: proof size=157 bytes, root_hash=[07, 23, df, cd, 7c, 59, cf, 55]...
🗑️ MEST Delete: keyword='finance', fid='busi_00000089' (key completely removed)
🗑️ MEST Delete: post-delete root_hash=[e3, b0, c4, 42, 98, fc, 1c, 14]...
🔧 MEST Add: keyword='degree', fid='educ_00000099'
🔧 MEST Add: proof size=156 bytes, root_hash=[e1, 78, 81, 41, 8a, 57, 53, 5b]...
🗑️ MEST Delete: keyword='degree', fid='educ_00000099' (key completely removed)
🗑️ MEST Delete: post-delete root_hash=[e3, b0, c4, 42, 98, fc, 1c, 14]...
🔧 MEST Add: keyword='degree', fid='educ_00000134'
🔧 MEST Add: proof size=156 bytes, root_hash=[a5, 79, 10, 6c, 21, 9a, c0, 0a]...
🔧 MEST Add: keyword='degree', fid='educ_00000134'
🔧 MEST Add: proof size=156 bytes, root_hash=[a5, 79, 10, 6c, 21, 9a, c0, 0a]...
🗑️ MEST Delete: keyword='degree', fid='educ_00000134' (key completely removed)
🗑️ MEST Delete: post-delete root_hash=[e3, b0, c4, 42, 98, fc, 1c, 14]...
🔧 MEST Add: keyword='degree', fid='educ_00000135'
🔧 MEST Add: proof size=156 bytes, root_hash=[cd, dc, 3a, 46, 24, a6, 63, 57]...
🗑️ MEST Delete: keyword='degree', fid='educ_00000135' (key completely removed)
🗑️ MEST Delete: post-delete root_hash=[e3, b0, c4, 42, 98, fc, 1c, 14]...
🔧 MEST Add: keyword='finance', fid='busi_00000173'
🔧 MEST Add: proof size=157 bytes, root_hash=[0f, 3f, 76, 23, b5, 18, 87, 5a]...
🗑️ MEST Delete: keyword='finance', fid='busi_00000173' (key completely removed)
🗑️ MEST Delete: post-delete root_hash=[e3, b0, c4, 42, 98, fc, 1c, 14]...
🔧 MEST Add: keyword='degree', fid='educ_00000217'
🔧 MEST Add: proof size=156 bytes, root_hash=[14, 18, e5, b8, aa, 46, 96, 53]...
🗑️ MEST Delete: keyword='degree', fid='educ_00000217' (key completely removed)
🗑️ MEST Delete: post-delete root_hash=[e3, b0, c4, 42, 98, fc, 1c, 14]...
🔧 MEST Add: keyword='finance', fid='busi_00000264'
🔧 MEST Add: proof size=157 bytes, root_hash=[23, f6, 04, e4, d5, a4, 65, e5]...
🔧 MEST Add: keyword='finance', fid='busi_00000264'
🔧 MEST Add: proof size=157 bytes, root_hash=[23, f6, 04, e4, d5, a4, 65, e5]...
🗑️ MEST Delete: keyword='finance', fid='busi_00000264' (key completely removed)
🗑️ MEST Delete: post-delete root_hash=[e3, b0, c4, 42, 98, fc, 1c, 14]...
🔧 MEST Add: keyword='degree', fid='educ_00000267'
🔧 MEST Add: proof size=156 bytes, root_hash=[8b, 13, 41, e3, 27, 8c, 43, 69]...
🗑️ MEST Delete: keyword='degree', fid='educ_00000267' (key completely removed)
🗑️ MEST Delete: post-delete root_hash=[e3, b0, c4, 42, 98, fc, 1c, 14]...
🔧 MEST Add: keyword='degree', fid='educ_00000304'
🔧 MEST Add: proof size=156 bytes, root_hash=[b7, e6, 29, 66, a0, f1, 28, 20]...
🔧 MEST Add: keyword='degree', fid='educ_00000304'
🔧 MEST Add: proof size=156 bytes, root_hash=[b7, e6, 29, 66, a0, f1, 28, 20]...
🗑️ MEST Delete: keyword='degree', fid='educ_00000304' (key completely removed)
🗑️ MEST Delete: post-delete root_hash=[e3, b0, c4, 42, 98, fc, 1c, 14]...
🔧 MEST Add: keyword='degree', fid='educ_00000312'
🔧 MEST Add: proof size=156 bytes, root_hash=[f6, 78, 17, 91, 2b, 1c, 87, b7]...
🔧 MEST Add: keyword='degree', fid='educ_00000312'
🔧 MEST Add: proof size=156 bytes, root_hash=[f6, 78, 17, 91, 2b, 1c, 87, b7]...
🗑️ MEST Delete: keyword='degree', fid='educ_00000312' (key completely removed)
🗑️ MEST Delete: post-delete root_hash=[e3, b0, c4, 42, 98, fc, 1c, 14]...
🔧 MEST Add: keyword='finance', fid='busi_00000346'
🔧 MEST Add: proof size=157 bytes, root_hash=[d7, a7, 3d, bd, 5e, 1b, 29, 5a]...
🔧 MEST Add: keyword='finance', fid='busi_00000346'
🔧 MEST Add: proof size=157 bytes, root_hash=[d7, a7, 3d, bd, 5e, 1b, 29, 5a]...
🗑️ MEST Delete: keyword='finance', fid='busi_00000346' (key completely removed)
🗑️ MEST Delete: post-delete root_hash=[e3, b0, c4, 42, 98, fc, 1c, 14]...
🔧 MEST Add: keyword='degree', fid='educ_00000423'
🔧 MEST Add: proof size=156 bytes, root_hash=[cf, 44, 42, 6b, dc, ac, d8, 3b]...
🗑️ MEST Delete: keyword='degree', fid='educ_00000423' (key completely removed)
🗑️ MEST Delete: post-delete root_hash=[e3, b0, c4, 42, 98, fc, 1c, 14]...
🔧 MEST Add: keyword='degree', fid='educ_00000536'
🔧 MEST Add: proof size=156 bytes, root_hash=[3e, 34, 0e, e5, 2d, f3, a7, dd]...
🔧 MEST Add: keyword='degree', fid='educ_00000536'
🔧 MEST Add: proof size=156 bytes, root_hash=[3e, 34, 0e, e5, 2d, f3, a7, dd]...
🗑️ MEST Delete: keyword='degree', fid='educ_00000536' (key completely removed)
🗑️ MEST Delete: post-delete root_hash=[e3, b0, c4, 42, 98, fc, 1c, 14]...
🔧 MEST Add: keyword='finance', fid='busi_00000590'
🔧 MEST Add: proof size=157 bytes, root_hash=[f1, 28, 75, 4f, 4c, 73, 5c, cb]...
🗑️ MEST Delete: keyword='finance', fid='busi_00000590' (key completely removed)
🗑️ MEST Delete: post-delete root_hash=[e3, b0, c4, 42, 98, fc, 1c, 14]...
🔧 MEST Add: keyword='finance', fid='busi_00000614'
🔧 MEST Add: proof size=157 bytes, root_hash=[52, 49, 0b, 1a, 37, 2f, e9, 1a]...
🔧 MEST Add: keyword='finance', fid='busi_00000614'
🔧 MEST Add: proof size=157 bytes, root_hash=[52, 49, 0b, 1a, 37, 2f, e9, 1a]...
🗑️ MEST Delete: keyword='finance', fid='busi_00000614' (key completely removed)
🗑️ MEST Delete: post-delete root_hash=[e3, b0, c4, 42, 98, fc, 1c, 14]...
🔧 MEST Add: keyword='degree', fid='educ_00000805'
🔧 MEST Add: proof size=156 bytes, root_hash=[dc, 4d, a1, 4e, 31, c2, d4, cc]...
🔧 MEST Add: keyword='degree', fid='educ_00000805'
🔧 MEST Add: proof size=156 bytes, root_hash=[dc, 4d, a1, 4e, 31, c2, d4, cc]...
🗑️ MEST Delete: keyword='degree', fid='educ_00000805' (key completely removed)
🗑️ MEST Delete: post-delete root_hash=[e3, b0, c4, 42, 98, fc, 1c, 14]...
🔧 MEST Add: keyword='finance', fid='busi_00000837'
🔧 MEST Add: proof size=157 bytes, root_hash=[dd, 4a, 42, 36, 33, ab, a0, ba]...
🗑️ MEST Delete: keyword='finance', fid='busi_00000837' (key completely removed)
🗑️ MEST Delete: post-delete root_hash=[e3, b0, c4, 42, 98, fc, 1c, 14]...
🔧 MEST Add: keyword='finance', fid='busi_00000841'
🔧 MEST Add: proof size=157 bytes, root_hash=[d8, 65, 28, 53, b0, d5, 62, dc]...
🗑️ MEST Delete: keyword='finance', fid='busi_00000841' (key completely removed)
🗑️ MEST Delete: post-delete root_hash=[e3, b0, c4, 42, 98, fc, 1c, 14]...
🔧 MEST Add: keyword='degree', fid='educ_00000857'
🔧 MEST Add: proof size=156 bytes, root_hash=[88, 06, 10, 20, 05, 92, d2, 14]...
🔧 MEST Add: keyword='degree', fid='educ_00000857'
🔧 MEST Add: proof size=156 bytes, root_hash=[88, 06, 10, 20, 05, 92, d2, 14]...
🗑️ MEST Delete: keyword='degree', fid='educ_00000857' (key completely removed)
🗑️ MEST Delete: post-delete root_hash=[e3, b0, c4, 42, 98, fc, 1c, 14]...
🔧 MEST Add: keyword='degree', fid='educ_00000858'
🔧 MEST Add: proof size=156 bytes, root_hash=[d3, 9e, cc, 85, 63, 8c, a2, 76]...
🔧 MEST Add: keyword='degree', fid='educ_00000858'
🔧 MEST Add: proof size=156 bytes, root_hash=[d3, 9e, cc, 85, 63, 8c, a2, 76]...
🗑️ MEST Delete: keyword='degree', fid='educ_00000858' (key completely removed)
🗑️ MEST Delete: post-delete root_hash=[e3, b0, c4, 42, 98, fc, 1c, 14]...
🔧 MEST Add: keyword='degree', fid='educ_00000876'
🔧 MEST Add: proof size=156 bytes, root_hash=[30, f4, 3b, ac, de, cf, e1, 22]...
🗑️ MEST Delete: keyword='degree', fid='educ_00000876' (key completely removed)
🗑️ MEST Delete: post-delete root_hash=[e3, b0, c4, 42, 98, fc, 1c, 14]...
🔧 MEST Add: keyword='finance', fid='busi_00000899'
🔧 MEST Add: proof size=157 bytes, root_hash=[b1, f7, d5, 15, 6a, a8, 4d, ea]...
🔧 MEST Add: keyword='finance', fid='busi_00000899'
🔧 MEST Add: proof size=157 bytes, root_hash=[b1, f7, d5, 15, 6a, a8, 4d, ea]...
🗑️ MEST Delete: keyword='finance', fid='busi_00000899' (key completely removed)
🗑️ MEST Delete: post-delete root_hash=[e3, b0, c4, 42, 98, fc, 1c, 14]...
🔧 MEST Add: keyword='degree', fid='educ_00000909'
🔧 MEST Add: proof size=156 bytes, root_hash=[75, 15, ef, 2d, 0a, 64, 54, 0e]...
🗑️ MEST Delete: keyword='degree', fid='educ_00000909' (key completely removed)
🗑️ MEST Delete: post-delete root_hash=[e3, b0, c4, 42, 98, fc, 1c, 14]...
🔧 MEST Add: keyword='finance', fid='busi_00000912'
🔧 MEST Add: proof size=157 bytes, root_hash=[4b, 78, ff, a4, 2e, c3, 57, 4b]...
🔧 MEST Add: keyword='finance', fid='busi_00000912'
🔧 MEST Add: proof size=157 bytes, root_hash=[4b, 78, ff, a4, 2e, c3, 57, 4b]...
🗑️ MEST Delete: keyword='finance', fid='busi_00000912' (key completely removed)
🗑️ MEST Delete: post-delete root_hash=[e3, b0, c4, 42, 98, fc, 1c, 14]...
🔧 MEST Add: keyword='degree', fid='educ_00000920'
🔧 MEST Add: proof size=156 bytes, root_hash=[4f, cd, 63, 88, b1, 87, e7, 24]...
🗑️ MEST Delete: keyword='degree', fid='educ_00000920' (key completely removed)
🗑️ MEST Delete: post-delete root_hash=[e3, b0, c4, 42, 98, fc, 1c, 14]...
🔧 MEST Add: keyword='finance', fid='busi_00000958'
🔧 MEST Add: proof size=157 bytes, root_hash=[43, 29, b6, 93, 66, 7e, fb, cb]...
🔧 MEST Add: keyword='finance', fid='busi_00000958'
🔧 MEST Add: proof size=157 bytes, root_hash=[43, 29, b6, 93, 66, 7e, fb, cb]...
🗑️ MEST Delete: keyword='finance', fid='busi_00000958' (key completely removed)
🗑️ MEST Delete: post-delete root_hash=[e3, b0, c4, 42, 98, fc, 1c, 14]...
