warning: profiles for the non root package will be ignored, specify profiles at the workspace root:
package:   /root/distributed-storage-system/crates/storager/ads_lib/Cargo.toml
workspace: /root/distributed-storage-system/Cargo.toml
warning: value assigned to `is_change` is never read
   --> crates/storager/ads_lib/src/mpt/mpt.rs:256:21
    |
256 |             let mut is_change = false;
    |                     ^^^^^^^^^
    |
    = help: maybe it is overwritten before being read?
    = note: `#[warn(unused_assignments)]` on by default

warning: value assigned to `is_change` is never read
   --> crates/storager/ads_lib/src/mpt/mpt.rs:462:25
    |
462 |                 let mut is_change = false;
    |                         ^^^^^^^^^
    |
    = help: maybe it is overwritten before being read?

warning: unused variable: `had_value`
   --> crates/storager/ads_lib/src/mpt/mpt.rs:526:21
    |
526 |                 let had_value = !old_value_str.is_empty();
    |                     ^^^^^^^^^ help: if this is intentional, prefix it with an underscore: `_had_value`
    |
    = note: `#[warn(unused_variables)]` on by default

warning: associated functions `short_node_batch_fix` and `full_node_batch_fix` are never used
    --> crates/storager/ads_lib/src/mpt/mpt.rs:1743:8
     |
  50 | impl MPT {
     | -------- associated functions in this implementation
...
1743 |     fn short_node_batch_fix(node: Arc<RwLock<ShortNode>>) -> Result<(), MPTError> {
     |        ^^^^^^^^^^^^^^^^^^^^
...
1748 |     fn full_node_batch_fix(node: Arc<RwLock<FullNode>>) -> Result<(), MPTError> {
     |        ^^^^^^^^^^^^^^^^^^^
     |
     = note: `#[warn(dead_code)]` on by default

warning: function `hash_mgt_node` is never used
   --> crates/storager/ads_lib/src/mest/proof.rs:253:4
    |
253 | fn hash_mgt_node(children: &[[u8; 32]]) -> [u8; 32] {
    |    ^^^^^^^^^^^^^

warning: `ads_rust` (lib) generated 5 warnings
warning: unused variable: `acc_old`
   --> crates/common/src/verification.rs:721:13
    |
721 |         let acc_old = match G1Affine::deserialize_uncompressed(&proof[offset..offset + acc_old_len]) {
    |             ^^^^^^^ help: if this is intentional, prefix it with an underscore: `_acc_old`
    |
    = note: `#[warn(unused_variables)]` on by default

warning: `common` (lib) generated 1 warning
warning: unused imports: `Digest` and `Sha256`
   --> crates/storager/src/ads/acctrie_ads.rs:452:20
    |
452 |         use sha2::{Digest, Sha256};
    |                    ^^^^^^  ^^^^^^
    |
    = note: `#[warn(unused_imports)]` on by default

warning: `storager` (lib) generated 1 warning (run `cargo fix --lib -p storager` to apply 1 suggestion)
    Finished `release` profile [optimized] target(s) in 0.15s
     Running `target/release/storager 50134 mest`
🔧 MEST Add: keyword='game', fid='ente_00000025'
🔧 MEST Add: proof size=154 bytes, root_hash=[8a, c5, 74, bb, 9f, 3f, d3, 6f]...
🔧 MEST Add: keyword='game', fid='ente_00000025'
🔧 MEST Add: proof size=154 bytes, root_hash=[8a, c5, 74, bb, 9f, 3f, d3, 6f]...
🗑️ MEST Delete: keyword='game', fid='ente_00000025' (key completely removed)
🗑️ MEST Delete: post-delete root_hash=[e3, b0, c4, 42, 98, fc, 1c, 14]...
🔧 MEST Add: keyword='international', fid='news_00000034'
🔧 MEST Add: proof size=163 bytes, root_hash=[23, 80, 71, e1, 36, bc, 0a, 9d]...
🔧 MEST Add: keyword='international', fid='news_00000034'
🔧 MEST Add: proof size=163 bytes, root_hash=[23, 80, 71, e1, 36, bc, 0a, 9d]...
🗑️ MEST Delete: keyword='international', fid='news_00000034' (key completely removed)
🗑️ MEST Delete: post-delete root_hash=[e3, b0, c4, 42, 98, fc, 1c, 14]...
🔧 MEST Add: keyword='game', fid='ente_00000121'
🔧 MEST Add: proof size=154 bytes, root_hash=[c4, 2c, 70, bf, c1, 70, 80, 18]...
🗑️ MEST Delete: keyword='game', fid='ente_00000121' (key completely removed)
🗑️ MEST Delete: post-delete root_hash=[e3, b0, c4, 42, 98, fc, 1c, 14]...
🔧 MEST Add: keyword='international', fid='news_00000157'
🔧 MEST Add: proof size=163 bytes, root_hash=[5f, 4b, 49, 6a, 25, 6c, b8, 8c]...
🗑️ MEST Delete: keyword='international', fid='news_00000157' (key completely removed)
🗑️ MEST Delete: post-delete root_hash=[e3, b0, c4, 42, 98, fc, 1c, 14]...
🔧 MEST Add: keyword='international', fid='news_00000181'
🔧 MEST Add: proof size=163 bytes, root_hash=[51, 9b, e3, 8f, ef, 2a, d1, 38]...
🗑️ MEST Delete: keyword='international', fid='news_00000181' (key completely removed)
🗑️ MEST Delete: post-delete root_hash=[e3, b0, c4, 42, 98, fc, 1c, 14]...
🔧 MEST Add: keyword='international', fid='news_00000239'
🔧 MEST Add: proof size=163 bytes, root_hash=[55, e3, 12, f0, bc, 29, a3, 00]...
🔧 MEST Add: keyword='international', fid='news_00000239'
🔧 MEST Add: proof size=163 bytes, root_hash=[55, e3, 12, f0, bc, 29, a3, 00]...
🗑️ MEST Delete: keyword='international', fid='news_00000239' (key completely removed)
🗑️ MEST Delete: post-delete root_hash=[e3, b0, c4, 42, 98, fc, 1c, 14]...
🔧 MEST Add: keyword='international', fid='news_00000261'
🔧 MEST Add: proof size=163 bytes, root_hash=[0e, cb, bd, 7f, 59, 8a, 5f, cc]...
🗑️ MEST Delete: keyword='international', fid='news_00000261' (key completely removed)
🗑️ MEST Delete: post-delete root_hash=[e3, b0, c4, 42, 98, fc, 1c, 14]...
🔧 MEST Add: keyword='international', fid='news_00000307'
🔧 MEST Add: proof size=163 bytes, root_hash=[d8, f3, 72, 2a, 74, 18, 22, f2]...
🔧 MEST Add: keyword='international', fid='news_00000307'
🔧 MEST Add: proof size=163 bytes, root_hash=[d8, f3, 72, 2a, 74, 18, 22, f2]...
🗑️ MEST Delete: keyword='international', fid='news_00000307' (key completely removed)
🗑️ MEST Delete: post-delete root_hash=[e3, b0, c4, 42, 98, fc, 1c, 14]...
🔧 MEST Add: keyword='international', fid='news_00000308'
🔧 MEST Add: proof size=163 bytes, root_hash=[b1, 79, 4d, 6e, cc, 5f, 8d, 7d]...
🔧 MEST Add: keyword='international', fid='news_00000308'
🔧 MEST Add: proof size=163 bytes, root_hash=[b1, 79, 4d, 6e, cc, 5f, 8d, 7d]...
🗑️ MEST Delete: keyword='international', fid='news_00000308' (key completely removed)
🗑️ MEST Delete: post-delete root_hash=[e3, b0, c4, 42, 98, fc, 1c, 14]...
🔧 MEST Add: keyword='international', fid='news_00000322'
🔧 MEST Add: proof size=163 bytes, root_hash=[42, 1e, b3, 55, f9, f8, 01, 16]...
🔧 MEST Add: keyword='international', fid='news_00000322'
🔧 MEST Add: proof size=163 bytes, root_hash=[42, 1e, b3, 55, f9, f8, 01, 16]...
🗑️ MEST Delete: keyword='international', fid='news_00000322' (key completely removed)
🗑️ MEST Delete: post-delete root_hash=[e3, b0, c4, 42, 98, fc, 1c, 14]...
🔧 MEST Add: keyword='international', fid='news_00000385'
🔧 MEST Add: proof size=163 bytes, root_hash=[46, 3d, 3b, ee, 7d, e0, a2, 1d]...
🗑️ MEST Delete: keyword='international', fid='news_00000385' (key completely removed)
🗑️ MEST Delete: post-delete root_hash=[e3, b0, c4, 42, 98, fc, 1c, 14]...
🔧 MEST Add: keyword='international', fid='news_00000387'
🔧 MEST Add: proof size=163 bytes, root_hash=[a4, b4, 18, b6, ef, 61, 11, 92]...
🗑️ MEST Delete: keyword='international', fid='news_00000387' (key completely removed)
🗑️ MEST Delete: post-delete root_hash=[e3, b0, c4, 42, 98, fc, 1c, 14]...
🔧 MEST Add: keyword='game', fid='ente_00000424'
🔧 MEST Add: proof size=154 bytes, root_hash=[f4, 8a, b1, fc, 66, 29, 94, 7b]...
🗑️ MEST Delete: keyword='game', fid='ente_00000424' (key completely removed)
🗑️ MEST Delete: post-delete root_hash=[e3, b0, c4, 42, 98, fc, 1c, 14]...
🔧 MEST Add: keyword='game', fid='ente_00000523'
🔧 MEST Add: proof size=154 bytes, root_hash=[96, b4, 5d, da, 85, 4c, c6, 17]...
🗑️ MEST Delete: keyword='game', fid='ente_00000523' (key completely removed)
🗑️ MEST Delete: post-delete root_hash=[e3, b0, c4, 42, 98, fc, 1c, 14]...
🔧 MEST Add: keyword='game', fid='ente_00000576'
🔧 MEST Add: proof size=154 bytes, root_hash=[71, c3, 7a, 08, 3d, 22, 34, 91]...
🔧 MEST Add: keyword='game', fid='ente_00000576'
🔧 MEST Add: proof size=154 bytes, root_hash=[71, c3, 7a, 08, 3d, 22, 34, 91]...
🗑️ MEST Delete: keyword='game', fid='ente_00000576' (key completely removed)
🗑️ MEST Delete: post-delete root_hash=[e3, b0, c4, 42, 98, fc, 1c, 14]...
🔧 MEST Add: keyword='international', fid='news_00000596'
🔧 MEST Add: proof size=163 bytes, root_hash=[52, b4, ce, 76, d2, eb, 6e, 47]...
🗑️ MEST Delete: keyword='international', fid='news_00000596' (key completely removed)
🗑️ MEST Delete: post-delete root_hash=[e3, b0, c4, 42, 98, fc, 1c, 14]...
🔧 MEST Add: keyword='international', fid='news_00000627'
🔧 MEST Add: proof size=163 bytes, root_hash=[72, 67, 9d, dc, 6e, 0f, a1, 6c]...
🔧 MEST Add: keyword='international', fid='news_00000627'
🔧 MEST Add: proof size=163 bytes, root_hash=[72, 67, 9d, dc, 6e, 0f, a1, 6c]...
🗑️ MEST Delete: keyword='international', fid='news_00000627' (key completely removed)
🗑️ MEST Delete: post-delete root_hash=[e3, b0, c4, 42, 98, fc, 1c, 14]...
🔧 MEST Add: keyword='game', fid='ente_00000630'
🔧 MEST Add: proof size=154 bytes, root_hash=[ed, f9, 5e, b8, 23, d5, d7, 76]...
🗑️ MEST Delete: keyword='game', fid='ente_00000630' (key completely removed)
🗑️ MEST Delete: post-delete root_hash=[e3, b0, c4, 42, 98, fc, 1c, 14]...
🔧 MEST Add: keyword='international', fid='news_00000687'
🔧 MEST Add: proof size=163 bytes, root_hash=[e3, 7c, 8b, 15, 6a, 59, 4e, 1b]...
🔧 MEST Add: keyword='international', fid='news_00000687'
🔧 MEST Add: proof size=163 bytes, root_hash=[e3, 7c, 8b, 15, 6a, 59, 4e, 1b]...
🗑️ MEST Delete: keyword='international', fid='news_00000687' (key completely removed)
🗑️ MEST Delete: post-delete root_hash=[e3, b0, c4, 42, 98, fc, 1c, 14]...
🔧 MEST Add: keyword='international', fid='news_00000700'
🔧 MEST Add: proof size=163 bytes, root_hash=[a2, 94, 43, cb, 8e, 4e, 33, 89]...
🔧 MEST Add: keyword='international', fid='news_00000700'
🔧 MEST Add: proof size=163 bytes, root_hash=[a2, 94, 43, cb, 8e, 4e, 33, 89]...
🗑️ MEST Delete: keyword='international', fid='news_00000700' (key completely removed)
🗑️ MEST Delete: post-delete root_hash=[e3, b0, c4, 42, 98, fc, 1c, 14]...
🔧 MEST Add: keyword='international', fid='news_00000708'
🔧 MEST Add: proof size=163 bytes, root_hash=[56, 13, 3e, 7b, 6f, 28, cd, 67]...
🗑️ MEST Delete: keyword='international', fid='news_00000708' (key completely removed)
🗑️ MEST Delete: post-delete root_hash=[e3, b0, c4, 42, 98, fc, 1c, 14]...
🔧 MEST Add: keyword='game', fid='ente_00000709'
🔧 MEST Add: proof size=154 bytes, root_hash=[dc, 80, 65, 98, e3, 45, 01, d8]...
🗑️ MEST Delete: keyword='game', fid='ente_00000709' (key completely removed)
🗑️ MEST Delete: post-delete root_hash=[e3, b0, c4, 42, 98, fc, 1c, 14]...
🔧 MEST Add: keyword='game', fid='ente_00000719'
🔧 MEST Add: proof size=154 bytes, root_hash=[4d, bb, 0e, 8d, e0, 96, 04, 4b]...
🗑️ MEST Delete: keyword='game', fid='ente_00000719' (key completely removed)
🗑️ MEST Delete: post-delete root_hash=[e3, b0, c4, 42, 98, fc, 1c, 14]...
🔧 MEST Add: keyword='game', fid='ente_00000734'
🔧 MEST Add: proof size=154 bytes, root_hash=[eb, a1, 9a, bc, 53, 33, 2e, 5e]...
🔧 MEST Add: keyword='game', fid='ente_00000734'
🔧 MEST Add: proof size=154 bytes, root_hash=[eb, a1, 9a, bc, 53, 33, 2e, 5e]...
🗑️ MEST Delete: keyword='game', fid='ente_00000734' (key completely removed)
🗑️ MEST Delete: post-delete root_hash=[e3, b0, c4, 42, 98, fc, 1c, 14]...
🔧 MEST Add: keyword='game', fid='ente_00000739'
🔧 MEST Add: proof size=154 bytes, root_hash=[7f, d9, 22, 3a, 6d, d3, 85, 30]...
🔧 MEST Add: keyword='game', fid='ente_00000739'
🔧 MEST Add: proof size=154 bytes, root_hash=[7f, d9, 22, 3a, 6d, d3, 85, 30]...
🗑️ MEST Delete: keyword='game', fid='ente_00000739' (key completely removed)
🗑️ MEST Delete: post-delete root_hash=[e3, b0, c4, 42, 98, fc, 1c, 14]...
🔧 MEST Add: keyword='game', fid='ente_00000759'
🔧 MEST Add: proof size=154 bytes, root_hash=[4f, 1a, 53, 04, 86, d4, 52, 03]...
🔧 MEST Add: keyword='game', fid='ente_00000759'
🔧 MEST Add: proof size=154 bytes, root_hash=[4f, 1a, 53, 04, 86, d4, 52, 03]...
🗑️ MEST Delete: keyword='game', fid='ente_00000759' (key completely removed)
🗑️ MEST Delete: post-delete root_hash=[e3, b0, c4, 42, 98, fc, 1c, 14]...
🔧 MEST Add: keyword='international', fid='news_00000773'
🔧 MEST Add: proof size=163 bytes, root_hash=[ca, e4, 2d, 81, b4, 26, bb, 5e]...
🔧 MEST Add: keyword='international', fid='news_00000773'
🔧 MEST Add: proof size=163 bytes, root_hash=[ca, e4, 2d, 81, b4, 26, bb, 5e]...
🗑️ MEST Delete: keyword='international', fid='news_00000773' (key completely removed)
🗑️ MEST Delete: post-delete root_hash=[e3, b0, c4, 42, 98, fc, 1c, 14]...
🔧 MEST Add: keyword='international', fid='news_00000824'
🔧 MEST Add: proof size=163 bytes, root_hash=[5a, b3, 73, 17, bd, d1, db, c8]...
🗑️ MEST Delete: keyword='international', fid='news_00000824' (key completely removed)
🗑️ MEST Delete: post-delete root_hash=[e3, b0, c4, 42, 98, fc, 1c, 14]...
🔧 MEST Add: keyword='game', fid='ente_00000861'
🔧 MEST Add: proof size=154 bytes, root_hash=[f0, 39, d8, 71, fc, 13, 7f, 8e]...
🔧 MEST Add: keyword='game', fid='ente_00000861'
🔧 MEST Add: proof size=154 bytes, root_hash=[f0, 39, d8, 71, fc, 13, 7f, 8e]...
🗑️ MEST Delete: keyword='game', fid='ente_00000861' (key completely removed)
🗑️ MEST Delete: post-delete root_hash=[e3, b0, c4, 42, 98, fc, 1c, 14]...
🔧 MEST Add: keyword='game', fid='ente_00000951'
🔧 MEST Add: proof size=154 bytes, root_hash=[f9, 0a, d2, 7c, 33, c4, d3, c4]...
🗑️ MEST Delete: keyword='game', fid='ente_00000951' (key completely removed)
🗑️ MEST Delete: post-delete root_hash=[e3, b0, c4, 42, 98, fc, 1c, 14]...
🔧 MEST Add: keyword='international', fid='news_00000972'
🔧 MEST Add: proof size=163 bytes, root_hash=[44, 13, 59, 12, 60, 0b, fa, dd]...
🗑️ MEST Delete: keyword='international', fid='news_00000972' (key completely removed)
🗑️ MEST Delete: post-delete root_hash=[e3, b0, c4, 42, 98, fc, 1c, 14]...
