warning: profiles for the non root package will be ignored, specify profiles at the workspace root:
package:   /root/distributed-storage-system/crates/storager/ads_lib/Cargo.toml
workspace: /root/distributed-storage-system/Cargo.toml
warning: value assigned to `is_change` is never read
   --> crates/storager/ads_lib/src/mpt/mpt.rs:256:21
    |
256 |             let mut is_change = false;
    |                     ^^^^^^^^^
    |
    = help: maybe it is overwritten before being read?
    = note: `#[warn(unused_assignments)]` on by default

warning: value assigned to `is_change` is never read
   --> crates/storager/ads_lib/src/mpt/mpt.rs:462:25
    |
462 |                 let mut is_change = false;
    |                         ^^^^^^^^^
    |
    = help: maybe it is overwritten before being read?

warning: unused variable: `had_value`
   --> crates/storager/ads_lib/src/mpt/mpt.rs:526:21
    |
526 |                 let had_value = !old_value_str.is_empty();
    |                     ^^^^^^^^^ help: if this is intentional, prefix it with an underscore: `_had_value`
    |
    = note: `#[warn(unused_variables)]` on by default

warning: associated functions `short_node_batch_fix` and `full_node_batch_fix` are never used
    --> crates/storager/ads_lib/src/mpt/mpt.rs:1743:8
     |
  50 | impl MPT {
     | -------- associated functions in this implementation
...
1743 |     fn short_node_batch_fix(node: Arc<RwLock<ShortNode>>) -> Result<(), MPTError> {
     |        ^^^^^^^^^^^^^^^^^^^^
...
1748 |     fn full_node_batch_fix(node: Arc<RwLock<FullNode>>) -> Result<(), MPTError> {
     |        ^^^^^^^^^^^^^^^^^^^
     |
     = note: `#[warn(dead_code)]` on by default

warning: function `hash_mgt_node` is never used
   --> crates/storager/ads_lib/src/mest/proof.rs:253:4
    |
253 | fn hash_mgt_node(children: &[[u8; 32]]) -> [u8; 32] {
    |    ^^^^^^^^^^^^^

warning: `ads_rust` (lib) generated 5 warnings
warning: unused variable: `acc_old`
   --> crates/common/src/verification.rs:721:13
    |
721 |         let acc_old = match G1Affine::deserialize_uncompressed(&proof[offset..offset + acc_old_len]) {
    |             ^^^^^^^ help: if this is intentional, prefix it with an underscore: `_acc_old`
    |
    = note: `#[warn(unused_variables)]` on by default

warning: `common` (lib) generated 1 warning
warning: unused imports: `Digest` and `Sha256`
   --> crates/storager/src/ads/acctrie_ads.rs:452:20
    |
452 |         use sha2::{Digest, Sha256};
    |                    ^^^^^^  ^^^^^^
    |
    = note: `#[warn(unused_imports)]` on by default

warning: `storager` (lib) generated 1 warning (run `cargo fix --lib -p storager` to apply 1 suggestion)
    Finished `release` profile [optimized] target(s) in 0.15s
     Running `target/release/storager 50081 mest`
🔧 MEST Add: keyword='food', fid='life_00000049'
🔧 MEST Add: proof size=154 bytes, root_hash=[d2, 38, bc, 39, a4, b4, 55, b4]...
🗑️ MEST Delete: keyword='food', fid='life_00000049' (key completely removed)
🗑️ MEST Delete: post-delete root_hash=[e3, b0, c4, 42, 98, fc, 1c, 14]...
🔧 MEST Add: keyword='food', fid='life_00000098'
🔧 MEST Add: proof size=154 bytes, root_hash=[39, 5f, 96, e7, c5, 44, 0a, ab]...
🔧 MEST Add: keyword='food', fid='life_00000098'
🔧 MEST Add: proof size=154 bytes, root_hash=[39, 5f, 96, e7, c5, 44, 0a, ab]...
🗑️ MEST Delete: keyword='food', fid='life_00000098' (key completely removed)
🗑️ MEST Delete: post-delete root_hash=[e3, b0, c4, 42, 98, fc, 1c, 14]...
🔧 MEST Add: keyword='food', fid='life_00000123'
🔧 MEST Add: proof size=154 bytes, root_hash=[3c, df, cf, a3, bb, 37, 8c, 69]...
🔧 MEST Add: keyword='food', fid='life_00000123'
🔧 MEST Add: proof size=154 bytes, root_hash=[3c, df, cf, a3, bb, 37, 8c, 69]...
🗑️ MEST Delete: keyword='food', fid='life_00000123' (key completely removed)
🗑️ MEST Delete: post-delete root_hash=[e3, b0, c4, 42, 98, fc, 1c, 14]...
🔧 MEST Add: keyword='food', fid='life_00000128'
🔧 MEST Add: proof size=154 bytes, root_hash=[80, 09, 40, 7a, ca, 98, c3, d3]...
🗑️ MEST Delete: keyword='food', fid='life_00000128' (key completely removed)
🗑️ MEST Delete: post-delete root_hash=[e3, b0, c4, 42, 98, fc, 1c, 14]...
🔧 MEST Add: keyword='food', fid='life_00000130'
🔧 MEST Add: proof size=154 bytes, root_hash=[b4, dc, 6b, 6e, 45, e3, 57, d9]...
🗑️ MEST Delete: keyword='food', fid='life_00000130' (key completely removed)
🗑️ MEST Delete: post-delete root_hash=[e3, b0, c4, 42, 98, fc, 1c, 14]...
🔧 MEST Add: keyword='food', fid='life_00000143'
🔧 MEST Add: proof size=154 bytes, root_hash=[68, 8e, 1e, 4f, 62, af, 53, 6f]...
🗑️ MEST Delete: keyword='food', fid='life_00000143' (key completely removed)
🗑️ MEST Delete: post-delete root_hash=[e3, b0, c4, 42, 98, fc, 1c, 14]...
🔧 MEST Add: keyword='startup', fid='busi_00000159'
🔧 MEST Add: proof size=157 bytes, root_hash=[c4, a1, ea, 05, 58, e1, 8d, 9d]...
🗑️ MEST Delete: keyword='startup', fid='busi_00000159' (key completely removed)
🗑️ MEST Delete: post-delete root_hash=[e3, b0, c4, 42, 98, fc, 1c, 14]...
🔧 MEST Add: keyword='food', fid='life_00000166'
🔧 MEST Add: proof size=154 bytes, root_hash=[57, c1, cb, 8f, a2, d2, 53, 15]...
🔧 MEST Add: keyword='food', fid='life_00000166'
🔧 MEST Add: proof size=154 bytes, root_hash=[57, c1, cb, 8f, a2, d2, 53, 15]...
🗑️ MEST Delete: keyword='food', fid='life_00000166' (key completely removed)
🗑️ MEST Delete: post-delete root_hash=[e3, b0, c4, 42, 98, fc, 1c, 14]...
🔧 MEST Add: keyword='food', fid='life_00000220'
🔧 MEST Add: proof size=154 bytes, root_hash=[7a, f7, 52, 3e, fb, 41, 8b, 00]...
🔧 MEST Add: keyword='food', fid='life_00000220'
🔧 MEST Add: proof size=154 bytes, root_hash=[7a, f7, 52, 3e, fb, 41, 8b, 00]...
🗑️ MEST Delete: keyword='food', fid='life_00000220' (key completely removed)
🗑️ MEST Delete: post-delete root_hash=[e3, b0, c4, 42, 98, fc, 1c, 14]...
🔧 MEST Add: keyword='food', fid='life_00000282'
🔧 MEST Add: proof size=154 bytes, root_hash=[b9, 20, 60, fb, 42, ee, ee, 66]...
🗑️ MEST Delete: keyword='food', fid='life_00000282' (key completely removed)
🗑️ MEST Delete: post-delete root_hash=[e3, b0, c4, 42, 98, fc, 1c, 14]...
🔧 MEST Add: keyword='startup', fid='busi_00000298'
🔧 MEST Add: proof size=157 bytes, root_hash=[64, 1a, 68, 12, b4, 52, f5, c2]...
🗑️ MEST Delete: keyword='startup', fid='busi_00000298' (key completely removed)
🗑️ MEST Delete: post-delete root_hash=[e3, b0, c4, 42, 98, fc, 1c, 14]...
🔧 MEST Add: keyword='startup', fid='busi_00000328'
🔧 MEST Add: proof size=157 bytes, root_hash=[77, 22, b6, 66, f4, 39, 3b, 2b]...
🗑️ MEST Delete: keyword='startup', fid='busi_00000328' (key completely removed)
🗑️ MEST Delete: post-delete root_hash=[e3, b0, c4, 42, 98, fc, 1c, 14]...
🔧 MEST Add: keyword='food', fid='life_00000345'
🔧 MEST Add: proof size=154 bytes, root_hash=[7e, 21, d2, 55, e0, 3c, 49, d4]...
🔧 MEST Add: keyword='food', fid='life_00000345'
🔧 MEST Add: proof size=154 bytes, root_hash=[7e, 21, d2, 55, e0, 3c, 49, d4]...
🗑️ MEST Delete: keyword='food', fid='life_00000345' (key completely removed)
🗑️ MEST Delete: post-delete root_hash=[e3, b0, c4, 42, 98, fc, 1c, 14]...
🔧 MEST Add: keyword='startup', fid='busi_00000346'
🔧 MEST Add: proof size=157 bytes, root_hash=[d7, a7, 3d, bd, 5e, 1b, 29, 5a]...
🗑️ MEST Delete: keyword='startup', fid='busi_00000346' (key completely removed)
🗑️ MEST Delete: post-delete root_hash=[e3, b0, c4, 42, 98, fc, 1c, 14]...
🔧 MEST Add: keyword='startup', fid='busi_00000356'
🔧 MEST Add: proof size=157 bytes, root_hash=[4a, 2b, f6, 38, d0, db, e0, ca]...
🗑️ MEST Delete: keyword='startup', fid='busi_00000356' (key completely removed)
🗑️ MEST Delete: post-delete root_hash=[e3, b0, c4, 42, 98, fc, 1c, 14]...
🔧 MEST Add: keyword='startup', fid='busi_00000368'
🔧 MEST Add: proof size=157 bytes, root_hash=[1f, 14, d4, ca, 3b, e9, 60, ec]...
🔧 MEST Add: keyword='startup', fid='busi_00000368'
🔧 MEST Add: proof size=157 bytes, root_hash=[1f, 14, d4, ca, 3b, e9, 60, ec]...
🗑️ MEST Delete: keyword='startup', fid='busi_00000368' (key completely removed)
🗑️ MEST Delete: post-delete root_hash=[e3, b0, c4, 42, 98, fc, 1c, 14]...
🔧 MEST Add: keyword='startup', fid='busi_00000404'
🔧 MEST Add: proof size=157 bytes, root_hash=[3e, 6d, 28, 89, ed, a9, 46, b7]...
🗑️ MEST Delete: keyword='startup', fid='busi_00000404' (key completely removed)
🗑️ MEST Delete: post-delete root_hash=[e3, b0, c4, 42, 98, fc, 1c, 14]...
🔧 MEST Add: keyword='startup', fid='busi_00000454'
🔧 MEST Add: proof size=157 bytes, root_hash=[3d, ce, 1d, 7e, 54, d2, ac, 94]...
🔧 MEST Add: keyword='startup', fid='busi_00000454'
🔧 MEST Add: proof size=157 bytes, root_hash=[3d, ce, 1d, 7e, 54, d2, ac, 94]...
🗑️ MEST Delete: keyword='startup', fid='busi_00000454' (key completely removed)
🗑️ MEST Delete: post-delete root_hash=[e3, b0, c4, 42, 98, fc, 1c, 14]...
🔧 MEST Add: keyword='food', fid='life_00000494'
🔧 MEST Add: proof size=154 bytes, root_hash=[ac, df, 2d, 50, 3f, e4, 04, ab]...
🗑️ MEST Delete: keyword='food', fid='life_00000494' (key completely removed)
🗑️ MEST Delete: post-delete root_hash=[e3, b0, c4, 42, 98, fc, 1c, 14]...
🔧 MEST Add: keyword='food', fid='life_00000512'
🔧 MEST Add: proof size=154 bytes, root_hash=[d3, 47, e7, 4c, db, c1, 52, c8]...
🔧 MEST Add: keyword='food', fid='life_00000512'
🔧 MEST Add: proof size=154 bytes, root_hash=[d3, 47, e7, 4c, db, c1, 52, c8]...
🗑️ MEST Delete: keyword='food', fid='life_00000512' (key completely removed)
🗑️ MEST Delete: post-delete root_hash=[e3, b0, c4, 42, 98, fc, 1c, 14]...
🔧 MEST Add: keyword='food', fid='life_00000646'
🔧 MEST Add: proof size=154 bytes, root_hash=[ea, 92, de, 4c, d3, 14, 34, 48]...
🗑️ MEST Delete: keyword='food', fid='life_00000646' (key completely removed)
🗑️ MEST Delete: post-delete root_hash=[e3, b0, c4, 42, 98, fc, 1c, 14]...
🔧 MEST Add: keyword='startup', fid='busi_00000683'
🔧 MEST Add: proof size=157 bytes, root_hash=[88, c3, e0, 25, 6a, de, d5, 3a]...
🔧 MEST Add: keyword='startup', fid='busi_00000683'
🔧 MEST Add: proof size=157 bytes, root_hash=[88, c3, e0, 25, 6a, de, d5, 3a]...
🗑️ MEST Delete: keyword='startup', fid='busi_00000683' (key completely removed)
🗑️ MEST Delete: post-delete root_hash=[e3, b0, c4, 42, 98, fc, 1c, 14]...
🔧 MEST Add: keyword='food', fid='life_00000716'
🔧 MEST Add: proof size=154 bytes, root_hash=[52, 90, 70, 43, 2a, c1, 63, 59]...
🗑️ MEST Delete: keyword='food', fid='life_00000716' (key completely removed)
🗑️ MEST Delete: post-delete root_hash=[e3, b0, c4, 42, 98, fc, 1c, 14]...
🔧 MEST Add: keyword='food', fid='life_00000753'
🔧 MEST Add: proof size=154 bytes, root_hash=[e3, 11, 8d, 32, e3, 1b, cd, 5f]...
🗑️ MEST Delete: keyword='food', fid='life_00000753' (key completely removed)
🗑️ MEST Delete: post-delete root_hash=[e3, b0, c4, 42, 98, fc, 1c, 14]...
🔧 MEST Add: keyword='food', fid='life_00000755'
🔧 MEST Add: proof size=154 bytes, root_hash=[53, b3, 35, cc, 2a, 0b, df, 9f]...
🗑️ MEST Delete: keyword='food', fid='life_00000755' (key completely removed)
🗑️ MEST Delete: post-delete root_hash=[e3, b0, c4, 42, 98, fc, 1c, 14]...
🔧 MEST Add: keyword='startup', fid='busi_00000791'
🔧 MEST Add: proof size=157 bytes, root_hash=[76, 13, a2, a8, de, 03, f4, a6]...
🗑️ MEST Delete: keyword='startup', fid='busi_00000791' (key completely removed)
🗑️ MEST Delete: post-delete root_hash=[e3, b0, c4, 42, 98, fc, 1c, 14]...
🔧 MEST Add: keyword='startup', fid='busi_00000794'
🔧 MEST Add: proof size=157 bytes, root_hash=[96, 5a, e4, 27, f4, 88, 2d, a7]...
🗑️ MEST Delete: keyword='startup', fid='busi_00000794' (key completely removed)
🗑️ MEST Delete: post-delete root_hash=[e3, b0, c4, 42, 98, fc, 1c, 14]...
🔧 MEST Add: keyword='startup', fid='busi_00000841'
🔧 MEST Add: proof size=157 bytes, root_hash=[d8, 65, 28, 53, b0, d5, 62, dc]...
🗑️ MEST Delete: keyword='startup', fid='busi_00000841' (key completely removed)
🗑️ MEST Delete: post-delete root_hash=[e3, b0, c4, 42, 98, fc, 1c, 14]...
🔧 MEST Add: keyword='startup', fid='busi_00000848'
🔧 MEST Add: proof size=157 bytes, root_hash=[7d, df, 15, 0c, 02, 84, b7, 3c]...
🔧 MEST Add: keyword='startup', fid='busi_00000848'
🔧 MEST Add: proof size=157 bytes, root_hash=[7d, df, 15, 0c, 02, 84, b7, 3c]...
🗑️ MEST Delete: keyword='startup', fid='busi_00000848' (key completely removed)
🗑️ MEST Delete: post-delete root_hash=[e3, b0, c4, 42, 98, fc, 1c, 14]...
🔧 MEST Add: keyword='startup', fid='busi_00000871'
🔧 MEST Add: proof size=157 bytes, root_hash=[30, 99, d7, 67, 78, 3f, 47, e4]...
🗑️ MEST Delete: keyword='startup', fid='busi_00000871' (key completely removed)
🗑️ MEST Delete: post-delete root_hash=[e3, b0, c4, 42, 98, fc, 1c, 14]...
🔧 MEST Add: keyword='food', fid='life_00000882'
🔧 MEST Add: proof size=154 bytes, root_hash=[17, 0e, a6, 9f, 77, 1c, a9, 47]...
🔧 MEST Add: keyword='food', fid='life_00000882'
🔧 MEST Add: proof size=154 bytes, root_hash=[17, 0e, a6, 9f, 77, 1c, a9, 47]...
🗑️ MEST Delete: keyword='food', fid='life_00000882' (key completely removed)
🗑️ MEST Delete: post-delete root_hash=[e3, b0, c4, 42, 98, fc, 1c, 14]...
🔧 MEST Add: keyword='startup', fid='busi_00000921'
🔧 MEST Add: proof size=157 bytes, root_hash=[db, b7, 4a, ec, b7, 3e, 64, 0e]...
🔧 MEST Add: keyword='startup', fid='busi_00000921'
🔧 MEST Add: proof size=157 bytes, root_hash=[db, b7, 4a, ec, b7, 3e, 64, 0e]...
🗑️ MEST Delete: keyword='startup', fid='busi_00000921' (key completely removed)
🗑️ MEST Delete: post-delete root_hash=[e3, b0, c4, 42, 98, fc, 1c, 14]...
🔧 MEST Add: keyword='food', fid='life_00000957'
🔧 MEST Add: proof size=154 bytes, root_hash=[a3, bf, b6, 38, 3d, 29, 79, 39]...
🗑️ MEST Delete: keyword='food', fid='life_00000957' (key completely removed)
🗑️ MEST Delete: post-delete root_hash=[e3, b0, c4, 42, 98, fc, 1c, 14]...
🔧 MEST Add: keyword='startup', fid='busi_00000958'
🔧 MEST Add: proof size=157 bytes, root_hash=[43, 29, b6, 93, 66, 7e, fb, cb]...
🗑️ MEST Delete: keyword='startup', fid='busi_00000958' (key completely removed)
🗑️ MEST Delete: post-delete root_hash=[e3, b0, c4, 42, 98, fc, 1c, 14]...
🔧 MEST Add: keyword='startup', fid='busi_00000996'
🔧 MEST Add: proof size=157 bytes, root_hash=[87, 02, 07, 65, 14, a8, f0, 86]...
🗑️ MEST Delete: keyword='startup', fid='busi_00000996' (key completely removed)
🗑️ MEST Delete: post-delete root_hash=[e3, b0, c4, 42, 98, fc, 1c, 14]...
