warning: profiles for the non root package will be ignored, specify profiles at the workspace root:
package:   /root/distributed-storage-system/crates/storager/ads_lib/Cargo.toml
workspace: /root/distributed-storage-system/Cargo.toml
warning: value assigned to `is_change` is never read
   --> crates/storager/ads_lib/src/mpt/mpt.rs:256:21
    |
256 |             let mut is_change = false;
    |                     ^^^^^^^^^
    |
    = help: maybe it is overwritten before being read?
    = note: `#[warn(unused_assignments)]` on by default

warning: value assigned to `is_change` is never read
   --> crates/storager/ads_lib/src/mpt/mpt.rs:462:25
    |
462 |                 let mut is_change = false;
    |                         ^^^^^^^^^
    |
    = help: maybe it is overwritten before being read?

warning: unused variable: `had_value`
   --> crates/storager/ads_lib/src/mpt/mpt.rs:526:21
    |
526 |                 let had_value = !old_value_str.is_empty();
    |                     ^^^^^^^^^ help: if this is intentional, prefix it with an underscore: `_had_value`
    |
    = note: `#[warn(unused_variables)]` on by default

warning: associated functions `short_node_batch_fix` and `full_node_batch_fix` are never used
    --> crates/storager/ads_lib/src/mpt/mpt.rs:1743:8
     |
  50 | impl MPT {
     | -------- associated functions in this implementation
...
1743 |     fn short_node_batch_fix(node: Arc<RwLock<ShortNode>>) -> Result<(), MPTError> {
     |        ^^^^^^^^^^^^^^^^^^^^
...
1748 |     fn full_node_batch_fix(node: Arc<RwLock<FullNode>>) -> Result<(), MPTError> {
     |        ^^^^^^^^^^^^^^^^^^^
     |
     = note: `#[warn(dead_code)]` on by default

warning: function `hash_mgt_node` is never used
   --> crates/storager/ads_lib/src/mest/proof.rs:253:4
    |
253 | fn hash_mgt_node(children: &[[u8; 32]]) -> [u8; 32] {
    |    ^^^^^^^^^^^^^

warning: `ads_rust` (lib) generated 5 warnings
warning: unused variable: `acc_old`
   --> crates/common/src/verification.rs:721:13
    |
721 |         let acc_old = match G1Affine::deserialize_uncompressed(&proof[offset..offset + acc_old_len]) {
    |             ^^^^^^^ help: if this is intentional, prefix it with an underscore: `_acc_old`
    |
    = note: `#[warn(unused_variables)]` on by default

warning: `common` (lib) generated 1 warning
warning: unused imports: `Digest` and `Sha256`
   --> crates/storager/src/ads/acctrie_ads.rs:452:20
    |
452 |         use sha2::{Digest, Sha256};
    |                    ^^^^^^  ^^^^^^
    |
    = note: `#[warn(unused_imports)]` on by default

warning: `storager` (lib) generated 1 warning (run `cargo fix --lib -p storager` to apply 1 suggestion)
    Finished `release` profile [optimized] target(s) in 0.15s
     Running `target/release/storager 50126 mest`
🔧 MEST Add: keyword='update', fid='news_00000107'
🔧 MEST Add: proof size=156 bytes, root_hash=[0e, 73, 21, e5, cd, fa, d0, 60]...
🔧 MEST Add: keyword='update', fid='news_00000107'
🔧 MEST Add: proof size=156 bytes, root_hash=[0e, 73, 21, e5, cd, fa, d0, 60]...
🗑️ MEST Delete: keyword='update', fid='news_00000107' (key completely removed)
🗑️ MEST Delete: post-delete root_hash=[e3, b0, c4, 42, 98, fc, 1c, 14]...
🔧 MEST Add: keyword='tournament', fid='spor_00000112'
🔧 MEST Add: proof size=160 bytes, root_hash=[ff, 41, 80, 0e, 9f, e3, 2e, 12]...
🔧 MEST Add: keyword='tournament', fid='spor_00000112'
🔧 MEST Add: proof size=160 bytes, root_hash=[ff, 41, 80, 0e, 9f, e3, 2e, 12]...
🗑️ MEST Delete: keyword='tournament', fid='spor_00000112' (key completely removed)
🗑️ MEST Delete: post-delete root_hash=[e3, b0, c4, 42, 98, fc, 1c, 14]...
🔧 MEST Add: keyword='tournament', fid='spor_00000114'
🔧 MEST Add: proof size=160 bytes, root_hash=[8b, e3, fc, 01, 01, b5, 76, fb]...
🗑️ MEST Delete: keyword='tournament', fid='spor_00000114' (key completely removed)
🗑️ MEST Delete: post-delete root_hash=[e3, b0, c4, 42, 98, fc, 1c, 14]...
🔧 MEST Add: keyword='update', fid='news_00000154'
🔧 MEST Add: proof size=156 bytes, root_hash=[9b, 51, 58, d3, b5, f1, 3a, 12]...
🔧 MEST Add: keyword='update', fid='news_00000154'
🔧 MEST Add: proof size=156 bytes, root_hash=[9b, 51, 58, d3, b5, f1, 3a, 12]...
🗑️ MEST Delete: keyword='update', fid='news_00000154' (key completely removed)
🗑️ MEST Delete: post-delete root_hash=[e3, b0, c4, 42, 98, fc, 1c, 14]...
🔧 MEST Add: keyword='update', fid='news_00000181'
🔧 MEST Add: proof size=156 bytes, root_hash=[51, 9b, e3, 8f, ef, 2a, d1, 38]...
🔧 MEST Add: keyword='update', fid='news_00000181'
🔧 MEST Add: proof size=156 bytes, root_hash=[51, 9b, e3, 8f, ef, 2a, d1, 38]...
🗑️ MEST Delete: keyword='update', fid='news_00000181' (key completely removed)
🗑️ MEST Delete: post-delete root_hash=[e3, b0, c4, 42, 98, fc, 1c, 14]...
🔧 MEST Add: keyword='tournament', fid='spor_00000191'
🔧 MEST Add: proof size=160 bytes, root_hash=[c3, 36, 47, ea, db, 98, e3, 5e]...
🔧 MEST Add: keyword='tournament', fid='spor_00000191'
🔧 MEST Add: proof size=160 bytes, root_hash=[c3, 36, 47, ea, db, 98, e3, 5e]...
🗑️ MEST Delete: keyword='tournament', fid='spor_00000191' (key completely removed)
🗑️ MEST Delete: post-delete root_hash=[e3, b0, c4, 42, 98, fc, 1c, 14]...
🔧 MEST Add: keyword='update', fid='news_00000258'
🔧 MEST Add: proof size=156 bytes, root_hash=[ee, 9d, ce, bb, 43, e0, d1, 16]...
🗑️ MEST Delete: keyword='update', fid='news_00000258' (key completely removed)
🗑️ MEST Delete: post-delete root_hash=[e3, b0, c4, 42, 98, fc, 1c, 14]...
🔧 MEST Add: keyword='tournament', fid='spor_00000285'
🔧 MEST Add: proof size=160 bytes, root_hash=[bf, eb, 62, 88, 66, 0f, 76, 46]...
🗑️ MEST Delete: keyword='tournament', fid='spor_00000285' (key completely removed)
🗑️ MEST Delete: post-delete root_hash=[e3, b0, c4, 42, 98, fc, 1c, 14]...
🔧 MEST Add: keyword='update', fid='news_00000321'
🔧 MEST Add: proof size=156 bytes, root_hash=[9d, 7a, dc, 27, 6c, b8, 75, 7a]...
🗑️ MEST Delete: keyword='update', fid='news_00000321' (key completely removed)
🗑️ MEST Delete: post-delete root_hash=[e3, b0, c4, 42, 98, fc, 1c, 14]...
🔧 MEST Add: keyword='tournament', fid='spor_00000339'
🔧 MEST Add: proof size=160 bytes, root_hash=[61, 03, 5e, c2, c0, ae, c1, b6]...
🗑️ MEST Delete: keyword='tournament', fid='spor_00000339' (key completely removed)
🗑️ MEST Delete: post-delete root_hash=[e3, b0, c4, 42, 98, fc, 1c, 14]...
🔧 MEST Add: keyword='update', fid='news_00000348'
🔧 MEST Add: proof size=156 bytes, root_hash=[01, b4, 84, 04, 7b, 83, 94, 3c]...
🗑️ MEST Delete: keyword='update', fid='news_00000348' (key completely removed)
🗑️ MEST Delete: post-delete root_hash=[e3, b0, c4, 42, 98, fc, 1c, 14]...
🔧 MEST Add: keyword='tournament', fid='spor_00000379'
🔧 MEST Add: proof size=160 bytes, root_hash=[51, 03, 3e, 4d, 84, fd, 7a, f9]...
🔧 MEST Add: keyword='tournament', fid='spor_00000379'
🔧 MEST Add: proof size=160 bytes, root_hash=[51, 03, 3e, 4d, 84, fd, 7a, f9]...
🗑️ MEST Delete: keyword='tournament', fid='spor_00000379' (key completely removed)
🗑️ MEST Delete: post-delete root_hash=[e3, b0, c4, 42, 98, fc, 1c, 14]...
🔧 MEST Add: keyword='update', fid='news_00000439'
🔧 MEST Add: proof size=156 bytes, root_hash=[b4, 06, ba, 71, f7, c5, 5b, 98]...
🗑️ MEST Delete: keyword='update', fid='news_00000439' (key completely removed)
🗑️ MEST Delete: post-delete root_hash=[e3, b0, c4, 42, 98, fc, 1c, 14]...
🔧 MEST Add: keyword='update', fid='news_00000475'
🔧 MEST Add: proof size=156 bytes, root_hash=[8b, a3, 9a, 53, 4c, 6a, 37, 2e]...
🔧 MEST Add: keyword='update', fid='news_00000475'
🔧 MEST Add: proof size=156 bytes, root_hash=[8b, a3, 9a, 53, 4c, 6a, 37, 2e]...
🗑️ MEST Delete: keyword='update', fid='news_00000475' (key completely removed)
🗑️ MEST Delete: post-delete root_hash=[e3, b0, c4, 42, 98, fc, 1c, 14]...
🔧 MEST Add: keyword='tournament', fid='spor_00000485'
🔧 MEST Add: proof size=160 bytes, root_hash=[6b, a3, 2e, 42, d7, fa, 6d, 45]...
🔧 MEST Add: keyword='tournament', fid='spor_00000485'
🔧 MEST Add: proof size=160 bytes, root_hash=[6b, a3, 2e, 42, d7, fa, 6d, 45]...
🗑️ MEST Delete: keyword='tournament', fid='spor_00000485' (key completely removed)
🗑️ MEST Delete: post-delete root_hash=[e3, b0, c4, 42, 98, fc, 1c, 14]...
🔧 MEST Add: keyword='tournament', fid='spor_00000491'
🔧 MEST Add: proof size=160 bytes, root_hash=[4b, cb, c3, 20, dc, 2b, b3, ff]...
🗑️ MEST Delete: keyword='tournament', fid='spor_00000491' (key completely removed)
🗑️ MEST Delete: post-delete root_hash=[e3, b0, c4, 42, 98, fc, 1c, 14]...
🔧 MEST Add: keyword='update', fid='news_00000575'
🔧 MEST Add: proof size=156 bytes, root_hash=[a1, 02, 06, 56, c0, 2e, 5d, 70]...
🔧 MEST Add: keyword='update', fid='news_00000575'
🔧 MEST Add: proof size=156 bytes, root_hash=[a1, 02, 06, 56, c0, 2e, 5d, 70]...
🗑️ MEST Delete: keyword='update', fid='news_00000575' (key completely removed)
🗑️ MEST Delete: post-delete root_hash=[e3, b0, c4, 42, 98, fc, 1c, 14]...
🔧 MEST Add: keyword='tournament', fid='spor_00000714'
🔧 MEST Add: proof size=160 bytes, root_hash=[b6, dd, ba, 2b, 0e, 88, e9, 86]...
🔧 MEST Add: keyword='tournament', fid='spor_00000714'
🔧 MEST Add: proof size=160 bytes, root_hash=[b6, dd, ba, 2b, 0e, 88, e9, 86]...
🗑️ MEST Delete: keyword='tournament', fid='spor_00000714' (key completely removed)
🗑️ MEST Delete: post-delete root_hash=[e3, b0, c4, 42, 98, fc, 1c, 14]...
🔧 MEST Add: keyword='tournament', fid='spor_00000718'
🔧 MEST Add: proof size=160 bytes, root_hash=[eb, 83, 04, 60, cf, ee, 8e, 45]...
🔧 MEST Add: keyword='tournament', fid='spor_00000718'
🔧 MEST Add: proof size=160 bytes, root_hash=[eb, 83, 04, 60, cf, ee, 8e, 45]...
🗑️ MEST Delete: keyword='tournament', fid='spor_00000718' (key completely removed)
🗑️ MEST Delete: post-delete root_hash=[e3, b0, c4, 42, 98, fc, 1c, 14]...
🔧 MEST Add: keyword='tournament', fid='spor_00000782'
🔧 MEST Add: proof size=160 bytes, root_hash=[84, f3, af, cc, 5d, c6, df, 3e]...
🔧 MEST Add: keyword='tournament', fid='spor_00000782'
🔧 MEST Add: proof size=160 bytes, root_hash=[84, f3, af, cc, 5d, c6, df, 3e]...
🗑️ MEST Delete: keyword='tournament', fid='spor_00000782' (key completely removed)
🗑️ MEST Delete: post-delete root_hash=[e3, b0, c4, 42, 98, fc, 1c, 14]...
🔧 MEST Add: keyword='update', fid='news_00000824'
🔧 MEST Add: proof size=156 bytes, root_hash=[5a, b3, 73, 17, bd, d1, db, c8]...
🔧 MEST Add: keyword='update', fid='news_00000824'
🔧 MEST Add: proof size=156 bytes, root_hash=[5a, b3, 73, 17, bd, d1, db, c8]...
🗑️ MEST Delete: keyword='update', fid='news_00000824' (key completely removed)
🗑️ MEST Delete: post-delete root_hash=[e3, b0, c4, 42, 98, fc, 1c, 14]...
🔧 MEST Add: keyword='update', fid='news_00000872'
🔧 MEST Add: proof size=156 bytes, root_hash=[97, 3d, 35, 16, 7e, 95, ba, 51]...
🔧 MEST Add: keyword='update', fid='news_00000872'
🔧 MEST Add: proof size=156 bytes, root_hash=[97, 3d, 35, 16, 7e, 95, ba, 51]...
🗑️ MEST Delete: keyword='update', fid='news_00000872' (key completely removed)
🗑️ MEST Delete: post-delete root_hash=[e3, b0, c4, 42, 98, fc, 1c, 14]...
🔧 MEST Add: keyword='tournament', fid='spor_00000885'
🔧 MEST Add: proof size=160 bytes, root_hash=[bd, 25, 23, cd, 20, 36, 5e, f4]...
🗑️ MEST Delete: keyword='tournament', fid='spor_00000885' (key completely removed)
🗑️ MEST Delete: post-delete root_hash=[e3, b0, c4, 42, 98, fc, 1c, 14]...
🔧 MEST Add: keyword='update', fid='news_00000925'
🔧 MEST Add: proof size=156 bytes, root_hash=[6c, 5f, 19, 75, 3a, f9, 16, 8d]...
🔧 MEST Add: keyword='update', fid='news_00000925'
🔧 MEST Add: proof size=156 bytes, root_hash=[6c, 5f, 19, 75, 3a, f9, 16, 8d]...
🗑️ MEST Delete: keyword='update', fid='news_00000925' (key completely removed)
🗑️ MEST Delete: post-delete root_hash=[e3, b0, c4, 42, 98, fc, 1c, 14]...
🔧 MEST Add: keyword='tournament', fid='spor_00000934'
🔧 MEST Add: proof size=160 bytes, root_hash=[ef, a1, 1e, d4, 13, 36, 6d, 73]...
🗑️ MEST Delete: keyword='tournament', fid='spor_00000934' (key completely removed)
🗑️ MEST Delete: post-delete root_hash=[e3, b0, c4, 42, 98, fc, 1c, 14]...
🔧 MEST Add: keyword='update', fid='news_00000938'
🔧 MEST Add: proof size=156 bytes, root_hash=[8e, 4c, e3, 40, 24, 06, d3, 61]...
🔧 MEST Add: keyword='update', fid='news_00000938'
🔧 MEST Add: proof size=156 bytes, root_hash=[8e, 4c, e3, 40, 24, 06, d3, 61]...
🗑️ MEST Delete: keyword='update', fid='news_00000938' (key completely removed)
🗑️ MEST Delete: post-delete root_hash=[e3, b0, c4, 42, 98, fc, 1c, 14]...
🔧 MEST Add: keyword='update', fid='news_00000972'
🔧 MEST Add: proof size=156 bytes, root_hash=[44, 13, 59, 12, 60, 0b, fa, dd]...
🔧 MEST Add: keyword='update', fid='news_00000972'
🔧 MEST Add: proof size=156 bytes, root_hash=[44, 13, 59, 12, 60, 0b, fa, dd]...
🗑️ MEST Delete: keyword='update', fid='news_00000972' (key completely removed)
🗑️ MEST Delete: post-delete root_hash=[e3, b0, c4, 42, 98, fc, 1c, 14]...
🔧 MEST Add: keyword='update', fid='news_00000987'
🔧 MEST Add: proof size=156 bytes, root_hash=[c9, f2, 2a, 73, 06, 12, 9e, bd]...
🔧 MEST Add: keyword='update', fid='news_00000987'
🔧 MEST Add: proof size=156 bytes, root_hash=[c9, f2, 2a, 73, 06, 12, 9e, bd]...
🗑️ MEST Delete: keyword='update', fid='news_00000987' (key completely removed)
🗑️ MEST Delete: post-delete root_hash=[e3, b0, c4, 42, 98, fc, 1c, 14]...
