warning: profiles for the non root package will be ignored, specify profiles at the workspace root:
package:   /root/distributed-storage-system/crates/storager/ads_lib/Cargo.toml
workspace: /root/distributed-storage-system/Cargo.toml
warning: value assigned to `is_change` is never read
   --> crates/storager/ads_lib/src/mpt/mpt.rs:256:21
    |
256 |             let mut is_change = false;
    |                     ^^^^^^^^^
    |
    = help: maybe it is overwritten before being read?
    = note: `#[warn(unused_assignments)]` on by default

warning: value assigned to `is_change` is never read
   --> crates/storager/ads_lib/src/mpt/mpt.rs:462:25
    |
462 |                 let mut is_change = false;
    |                         ^^^^^^^^^
    |
    = help: maybe it is overwritten before being read?

warning: unused variable: `had_value`
   --> crates/storager/ads_lib/src/mpt/mpt.rs:526:21
    |
526 |                 let had_value = !old_value_str.is_empty();
    |                     ^^^^^^^^^ help: if this is intentional, prefix it with an underscore: `_had_value`
    |
    = note: `#[warn(unused_variables)]` on by default

warning: associated functions `short_node_batch_fix` and `full_node_batch_fix` are never used
    --> crates/storager/ads_lib/src/mpt/mpt.rs:1743:8
     |
  50 | impl MPT {
     | -------- associated functions in this implementation
...
1743 |     fn short_node_batch_fix(node: Arc<RwLock<ShortNode>>) -> Result<(), MPTError> {
     |        ^^^^^^^^^^^^^^^^^^^^
...
1748 |     fn full_node_batch_fix(node: Arc<RwLock<FullNode>>) -> Result<(), MPTError> {
     |        ^^^^^^^^^^^^^^^^^^^
     |
     = note: `#[warn(dead_code)]` on by default

warning: function `hash_mgt_node` is never used
   --> crates/storager/ads_lib/src/mest/proof.rs:253:4
    |
253 | fn hash_mgt_node(children: &[[u8; 32]]) -> [u8; 32] {
    |    ^^^^^^^^^^^^^

warning: `ads_rust` (lib) generated 5 warnings
warning: unused variable: `acc_old`
   --> crates/common/src/verification.rs:721:13
    |
721 |         let acc_old = match G1Affine::deserialize_uncompressed(&proof[offset..offset + acc_old_len]) {
    |             ^^^^^^^ help: if this is intentional, prefix it with an underscore: `_acc_old`
    |
    = note: `#[warn(unused_variables)]` on by default

warning: `common` (lib) generated 1 warning
warning: unused imports: `Digest` and `Sha256`
   --> crates/storager/src/ads/acctrie_ads.rs:452:20
    |
452 |         use sha2::{Digest, Sha256};
    |                    ^^^^^^  ^^^^^^
    |
    = note: `#[warn(unused_imports)]` on by default

warning: `storager` (lib) generated 1 warning (run `cargo fix --lib -p storager` to apply 1 suggestion)
    Finished `release` profile [optimized] target(s) in 0.16s
     Running `target/release/storager 50111 mest`
🔧 MEST Add: keyword='5g', fid='tech_00000010'
🔧 MEST Add: proof size=152 bytes, root_hash=[d3, 81, 87, e2, 99, 93, e0, 37]...
🗑️ MEST Delete: keyword='5g', fid='tech_00000010' (key completely removed)
🗑️ MEST Delete: post-delete root_hash=[e3, b0, c4, 42, 98, fc, 1c, 14]...
🔧 MEST Add: keyword='chemistry', fid='scie_00000011'
🔧 MEST Add: proof size=159 bytes, root_hash=[4b, ab, 40, 6f, fc, 65, 37, a6]...
🔧 MEST Add: keyword='chemistry', fid='scie_00000011'
🔧 MEST Add: proof size=159 bytes, root_hash=[4b, ab, 40, 6f, fc, 65, 37, a6]...
🗑️ MEST Delete: keyword='chemistry', fid='scie_00000011' (key completely removed)
🗑️ MEST Delete: post-delete root_hash=[e3, b0, c4, 42, 98, fc, 1c, 14]...
🔧 MEST Add: keyword='chemistry', fid='scie_00000068'
🔧 MEST Add: proof size=159 bytes, root_hash=[f2, 95, 78, b7, f7, 56, b1, 32]...
🗑️ MEST Delete: keyword='chemistry', fid='scie_00000068' (key completely removed)
🗑️ MEST Delete: post-delete root_hash=[e3, b0, c4, 42, 98, fc, 1c, 14]...
🔧 MEST Add: keyword='5g', fid='tech_00000072'
🔧 MEST Add: proof size=152 bytes, root_hash=[27, 27, 3e, c5, e4, c3, 4f, e2]...
🗑️ MEST Delete: keyword='5g', fid='tech_00000072' (key completely removed)
🗑️ MEST Delete: post-delete root_hash=[e3, b0, c4, 42, 98, fc, 1c, 14]...
🔧 MEST Add: keyword='5g', fid='tech_00000100'
🔧 MEST Add: proof size=152 bytes, root_hash=[89, 79, 9c, 01, 8c, c2, cd, f3]...
🔧 MEST Add: keyword='5g', fid='tech_00000100'
🔧 MEST Add: proof size=152 bytes, root_hash=[89, 79, 9c, 01, 8c, c2, cd, f3]...
🗑️ MEST Delete: keyword='5g', fid='tech_00000100' (key completely removed)
🗑️ MEST Delete: post-delete root_hash=[e3, b0, c4, 42, 98, fc, 1c, 14]...
🔧 MEST Add: keyword='5g', fid='tech_00000122'
🔧 MEST Add: proof size=152 bytes, root_hash=[e0, 04, 32, 66, cb, 72, 76, bf]...
🗑️ MEST Delete: keyword='5g', fid='tech_00000122' (key completely removed)
🗑️ MEST Delete: post-delete root_hash=[e3, b0, c4, 42, 98, fc, 1c, 14]...
🔧 MEST Add: keyword='chemistry', fid='scie_00000124'
🔧 MEST Add: proof size=159 bytes, root_hash=[19, 71, aa, 93, a4, 1a, 89, 03]...
🔧 MEST Add: keyword='chemistry', fid='scie_00000124'
🔧 MEST Add: proof size=159 bytes, root_hash=[19, 71, aa, 93, a4, 1a, 89, 03]...
🗑️ MEST Delete: keyword='chemistry', fid='scie_00000124' (key completely removed)
🗑️ MEST Delete: post-delete root_hash=[e3, b0, c4, 42, 98, fc, 1c, 14]...
🔧 MEST Add: keyword='5g', fid='tech_00000127'
🔧 MEST Add: proof size=152 bytes, root_hash=[e8, cf, 5c, eb, ea, 80, 11, 76]...
🗑️ MEST Delete: keyword='5g', fid='tech_00000127' (key completely removed)
🗑️ MEST Delete: post-delete root_hash=[e3, b0, c4, 42, 98, fc, 1c, 14]...
🔧 MEST Add: keyword='chemistry', fid='scie_00000163'
🔧 MEST Add: proof size=159 bytes, root_hash=[da, 80, 90, 67, 09, b9, ce, 36]...
🗑️ MEST Delete: keyword='chemistry', fid='scie_00000163' (key completely removed)
🗑️ MEST Delete: post-delete root_hash=[e3, b0, c4, 42, 98, fc, 1c, 14]...
🔧 MEST Add: keyword='5g', fid='tech_00000174'
🔧 MEST Add: proof size=152 bytes, root_hash=[0b, 5b, 4c, 7f, 34, 71, a9, dd]...
🗑️ MEST Delete: keyword='5g', fid='tech_00000174' (key completely removed)
🗑️ MEST Delete: post-delete root_hash=[e3, b0, c4, 42, 98, fc, 1c, 14]...
🔧 MEST Add: keyword='5g', fid='tech_00000227'
🔧 MEST Add: proof size=152 bytes, root_hash=[4d, 50, 59, 2e, aa, bd, 51, 48]...
🗑️ MEST Delete: keyword='5g', fid='tech_00000227' (key completely removed)
🗑️ MEST Delete: post-delete root_hash=[e3, b0, c4, 42, 98, fc, 1c, 14]...
🔧 MEST Add: keyword='chemistry', fid='scie_00000266'
🔧 MEST Add: proof size=159 bytes, root_hash=[a4, 25, 57, 58, b0, 03, 95, e1]...
🗑️ MEST Delete: keyword='chemistry', fid='scie_00000266' (key completely removed)
🗑️ MEST Delete: post-delete root_hash=[e3, b0, c4, 42, 98, fc, 1c, 14]...
🔧 MEST Add: keyword='chemistry', fid='scie_00000276'
🔧 MEST Add: proof size=159 bytes, root_hash=[cb, 68, ee, 6d, 57, 7e, 2f, 5e]...
🔧 MEST Add: keyword='chemistry', fid='scie_00000276'
🔧 MEST Add: proof size=159 bytes, root_hash=[cb, 68, ee, 6d, 57, 7e, 2f, 5e]...
🗑️ MEST Delete: keyword='chemistry', fid='scie_00000276' (key completely removed)
🗑️ MEST Delete: post-delete root_hash=[e3, b0, c4, 42, 98, fc, 1c, 14]...
🔧 MEST Add: keyword='chemistry', fid='scie_00000287'
🔧 MEST Add: proof size=159 bytes, root_hash=[06, 95, ad, 1e, 84, 30, 82, 7d]...
🗑️ MEST Delete: keyword='chemistry', fid='scie_00000287' (key completely removed)
🗑️ MEST Delete: post-delete root_hash=[e3, b0, c4, 42, 98, fc, 1c, 14]...
🔧 MEST Add: keyword='5g', fid='tech_00000355'
🔧 MEST Add: proof size=152 bytes, root_hash=[30, 8e, 67, ff, 56, 00, 6c, 27]...
🔧 MEST Add: keyword='5g', fid='tech_00000355'
🔧 MEST Add: proof size=152 bytes, root_hash=[30, 8e, 67, ff, 56, 00, 6c, 27]...
🗑️ MEST Delete: keyword='5g', fid='tech_00000355' (key completely removed)
🗑️ MEST Delete: post-delete root_hash=[e3, b0, c4, 42, 98, fc, 1c, 14]...
🔧 MEST Add: keyword='chemistry', fid='scie_00000361'
🔧 MEST Add: proof size=159 bytes, root_hash=[06, 6e, 35, a6, 40, f8, 07, 1d]...
🗑️ MEST Delete: keyword='chemistry', fid='scie_00000361' (key completely removed)
🗑️ MEST Delete: post-delete root_hash=[e3, b0, c4, 42, 98, fc, 1c, 14]...
🔧 MEST Add: keyword='5g', fid='tech_00000410'
🔧 MEST Add: proof size=152 bytes, root_hash=[92, 7e, 91, 84, 03, bf, 09, b2]...
🗑️ MEST Delete: keyword='5g', fid='tech_00000410' (key completely removed)
🗑️ MEST Delete: post-delete root_hash=[e3, b0, c4, 42, 98, fc, 1c, 14]...
🔧 MEST Add: keyword='5g', fid='tech_00000418'
🔧 MEST Add: proof size=152 bytes, root_hash=[f6, 7c, 39, 7b, 13, 00, cd, b2]...
🔧 MEST Add: keyword='5g', fid='tech_00000418'
🔧 MEST Add: proof size=152 bytes, root_hash=[f6, 7c, 39, 7b, 13, 00, cd, b2]...
🗑️ MEST Delete: keyword='5g', fid='tech_00000418' (key completely removed)
🗑️ MEST Delete: post-delete root_hash=[e3, b0, c4, 42, 98, fc, 1c, 14]...
🔧 MEST Add: keyword='5g', fid='tech_00000420'
🔧 MEST Add: proof size=152 bytes, root_hash=[ef, bb, 91, 9d, a2, e5, dd, 7b]...
🔧 MEST Add: keyword='5g', fid='tech_00000420'
🔧 MEST Add: proof size=152 bytes, root_hash=[ef, bb, 91, 9d, a2, e5, dd, 7b]...
🗑️ MEST Delete: keyword='5g', fid='tech_00000420' (key completely removed)
🗑️ MEST Delete: post-delete root_hash=[e3, b0, c4, 42, 98, fc, 1c, 14]...
🔧 MEST Add: keyword='5g', fid='tech_00000433'
🔧 MEST Add: proof size=152 bytes, root_hash=[eb, e6, 08, 7d, ee, 65, 36, 82]...
🗑️ MEST Delete: keyword='5g', fid='tech_00000433' (key completely removed)
🗑️ MEST Delete: post-delete root_hash=[e3, b0, c4, 42, 98, fc, 1c, 14]...
🔧 MEST Add: keyword='5g', fid='tech_00000440'
🔧 MEST Add: proof size=152 bytes, root_hash=[05, 5f, c6, ea, ed, da, 00, d7]...
🗑️ MEST Delete: keyword='5g', fid='tech_00000440' (key completely removed)
🗑️ MEST Delete: post-delete root_hash=[e3, b0, c4, 42, 98, fc, 1c, 14]...
🔧 MEST Add: keyword='5g', fid='tech_00000493'
🔧 MEST Add: proof size=152 bytes, root_hash=[7a, ab, ed, cb, 56, 86, c4, 5f]...
🗑️ MEST Delete: keyword='5g', fid='tech_00000493' (key completely removed)
🗑️ MEST Delete: post-delete root_hash=[e3, b0, c4, 42, 98, fc, 1c, 14]...
🔧 MEST Add: keyword='5g', fid='tech_00000599'
🔧 MEST Add: proof size=152 bytes, root_hash=[a0, b6, f3, 09, 3d, 83, 40, 35]...
🗑️ MEST Delete: keyword='5g', fid='tech_00000599' (key completely removed)
🗑️ MEST Delete: post-delete root_hash=[e3, b0, c4, 42, 98, fc, 1c, 14]...
🔧 MEST Add: keyword='5g', fid='tech_00000611'
🔧 MEST Add: proof size=152 bytes, root_hash=[09, 4f, e1, f0, 3e, 3b, cf, 81]...
🔧 MEST Add: keyword='5g', fid='tech_00000611'
🔧 MEST Add: proof size=152 bytes, root_hash=[09, 4f, e1, f0, 3e, 3b, cf, 81]...
🗑️ MEST Delete: keyword='5g', fid='tech_00000611' (key completely removed)
🗑️ MEST Delete: post-delete root_hash=[e3, b0, c4, 42, 98, fc, 1c, 14]...
🔧 MEST Add: keyword='chemistry', fid='scie_00000629'
🔧 MEST Add: proof size=159 bytes, root_hash=[d9, a2, 4a, 77, f0, 66, 94, 63]...
🔧 MEST Add: keyword='chemistry', fid='scie_00000629'
🔧 MEST Add: proof size=159 bytes, root_hash=[d9, a2, 4a, 77, f0, 66, 94, 63]...
🗑️ MEST Delete: keyword='chemistry', fid='scie_00000629' (key completely removed)
🗑️ MEST Delete: post-delete root_hash=[e3, b0, c4, 42, 98, fc, 1c, 14]...
🔧 MEST Add: keyword='chemistry', fid='scie_00000632'
🔧 MEST Add: proof size=159 bytes, root_hash=[79, 4e, 2b, 1b, a9, 2b, 02, 63]...
🔧 MEST Add: keyword='chemistry', fid='scie_00000632'
🔧 MEST Add: proof size=159 bytes, root_hash=[79, 4e, 2b, 1b, a9, 2b, 02, 63]...
🗑️ MEST Delete: keyword='chemistry', fid='scie_00000632' (key completely removed)
🗑️ MEST Delete: post-delete root_hash=[e3, b0, c4, 42, 98, fc, 1c, 14]...
🔧 MEST Add: keyword='5g', fid='tech_00000673'
🔧 MEST Add: proof size=152 bytes, root_hash=[5e, c0, 53, 4f, 79, 1f, b6, b6]...
🔧 MEST Add: keyword='5g', fid='tech_00000673'
🔧 MEST Add: proof size=152 bytes, root_hash=[5e, c0, 53, 4f, 79, 1f, b6, b6]...
🗑️ MEST Delete: keyword='5g', fid='tech_00000673' (key completely removed)
🗑️ MEST Delete: post-delete root_hash=[e3, b0, c4, 42, 98, fc, 1c, 14]...
🔧 MEST Add: keyword='5g', fid='tech_00000679'
🔧 MEST Add: proof size=152 bytes, root_hash=[91, 4e, c4, 4f, 80, bf, 17, 59]...
🗑️ MEST Delete: keyword='5g', fid='tech_00000679' (key completely removed)
🗑️ MEST Delete: post-delete root_hash=[e3, b0, c4, 42, 98, fc, 1c, 14]...
🔧 MEST Add: keyword='5g', fid='tech_00000682'
🔧 MEST Add: proof size=152 bytes, root_hash=[f3, 7e, 47, ee, 95, 84, 2b, 2e]...
🔧 MEST Add: keyword='5g', fid='tech_00000682'
🔧 MEST Add: proof size=152 bytes, root_hash=[f3, 7e, 47, ee, 95, 84, 2b, 2e]...
🗑️ MEST Delete: keyword='5g', fid='tech_00000682' (key completely removed)
🗑️ MEST Delete: post-delete root_hash=[e3, b0, c4, 42, 98, fc, 1c, 14]...
🔧 MEST Add: keyword='5g', fid='tech_00000725'
🔧 MEST Add: proof size=152 bytes, root_hash=[5d, 1b, 8c, 0f, 1a, 72, 19, 89]...
🔧 MEST Add: keyword='5g', fid='tech_00000725'
🔧 MEST Add: proof size=152 bytes, root_hash=[5d, 1b, 8c, 0f, 1a, 72, 19, 89]...
🗑️ MEST Delete: keyword='5g', fid='tech_00000725' (key completely removed)
🗑️ MEST Delete: post-delete root_hash=[e3, b0, c4, 42, 98, fc, 1c, 14]...
🔧 MEST Add: keyword='5g', fid='tech_00000737'
🔧 MEST Add: proof size=152 bytes, root_hash=[79, 70, 9f, a6, 73, 43, 97, ca]...
🔧 MEST Add: keyword='5g', fid='tech_00000737'
🔧 MEST Add: proof size=152 bytes, root_hash=[79, 70, 9f, a6, 73, 43, 97, ca]...
🗑️ MEST Delete: keyword='5g', fid='tech_00000737' (key completely removed)
🗑️ MEST Delete: post-delete root_hash=[e3, b0, c4, 42, 98, fc, 1c, 14]...
🔧 MEST Add: keyword='chemistry', fid='scie_00000747'
🔧 MEST Add: proof size=159 bytes, root_hash=[c1, e7, fd, f6, ba, 43, 47, 5b]...
🗑️ MEST Delete: keyword='chemistry', fid='scie_00000747' (key completely removed)
🗑️ MEST Delete: post-delete root_hash=[e3, b0, c4, 42, 98, fc, 1c, 14]...
🔧 MEST Add: keyword='5g', fid='tech_00000783'
🔧 MEST Add: proof size=152 bytes, root_hash=[0f, b0, 27, 63, 91, fa, 69, 0c]...
🔧 MEST Add: keyword='5g', fid='tech_00000783'
🔧 MEST Add: proof size=152 bytes, root_hash=[0f, b0, 27, 63, 91, fa, 69, 0c]...
🗑️ MEST Delete: keyword='5g', fid='tech_00000783' (key completely removed)
🗑️ MEST Delete: post-delete root_hash=[e3, b0, c4, 42, 98, fc, 1c, 14]...
🔧 MEST Add: keyword='5g', fid='tech_00000804'
🔧 MEST Add: proof size=152 bytes, root_hash=[46, e9, 85, 39, 95, 6c, a2, 82]...
🔧 MEST Add: keyword='5g', fid='tech_00000804'
🔧 MEST Add: proof size=152 bytes, root_hash=[46, e9, 85, 39, 95, 6c, a2, 82]...
🗑️ MEST Delete: keyword='5g', fid='tech_00000804' (key completely removed)
🗑️ MEST Delete: post-delete root_hash=[e3, b0, c4, 42, 98, fc, 1c, 14]...
🔧 MEST Add: keyword='chemistry', fid='scie_00000809'
🔧 MEST Add: proof size=159 bytes, root_hash=[70, 07, 47, 83, 50, b2, 66, de]...
🔧 MEST Add: keyword='chemistry', fid='scie_00000809'
🔧 MEST Add: proof size=159 bytes, root_hash=[70, 07, 47, 83, 50, b2, 66, de]...
🗑️ MEST Delete: keyword='chemistry', fid='scie_00000809' (key completely removed)
🗑️ MEST Delete: post-delete root_hash=[e3, b0, c4, 42, 98, fc, 1c, 14]...
🔧 MEST Add: keyword='5g', fid='tech_00000814'
🔧 MEST Add: proof size=152 bytes, root_hash=[7d, f0, c5, 3f, 5b, 3b, d4, 34]...
🗑️ MEST Delete: keyword='5g', fid='tech_00000814' (key completely removed)
🗑️ MEST Delete: post-delete root_hash=[e3, b0, c4, 42, 98, fc, 1c, 14]...
🔧 MEST Add: keyword='5g', fid='tech_00000820'
🔧 MEST Add: proof size=152 bytes, root_hash=[cf, 6d, c5, f2, 74, ed, 6e, 79]...
🗑️ MEST Delete: keyword='5g', fid='tech_00000820' (key completely removed)
🗑️ MEST Delete: post-delete root_hash=[e3, b0, c4, 42, 98, fc, 1c, 14]...
🔧 MEST Add: keyword='5g', fid='tech_00000821'
🔧 MEST Add: proof size=152 bytes, root_hash=[89, c8, 1d, f7, 1d, f7, 1e, 3d]...
🗑️ MEST Delete: keyword='5g', fid='tech_00000821' (key completely removed)
🗑️ MEST Delete: post-delete root_hash=[e3, b0, c4, 42, 98, fc, 1c, 14]...
🔧 MEST Add: keyword='5g', fid='tech_00000867'
🔧 MEST Add: proof size=152 bytes, root_hash=[a4, 4f, ea, 40, 50, a4, 1f, 66]...
🗑️ MEST Delete: keyword='5g', fid='tech_00000867' (key completely removed)
🗑️ MEST Delete: post-delete root_hash=[e3, b0, c4, 42, 98, fc, 1c, 14]...
🔧 MEST Add: keyword='chemistry', fid='scie_00000868'
🔧 MEST Add: proof size=159 bytes, root_hash=[c1, da, a2, 2f, f4, 0a, 25, f0]...
🗑️ MEST Delete: keyword='chemistry', fid='scie_00000868' (key completely removed)
🗑️ MEST Delete: post-delete root_hash=[e3, b0, c4, 42, 98, fc, 1c, 14]...
🔧 MEST Add: keyword='5g', fid='tech_00000905'
🔧 MEST Add: proof size=152 bytes, root_hash=[2e, ec, 3f, 1e, b7, 27, 3b, 15]...
🗑️ MEST Delete: keyword='5g', fid='tech_00000905' (key completely removed)
🗑️ MEST Delete: post-delete root_hash=[e3, b0, c4, 42, 98, fc, 1c, 14]...
🔧 MEST Add: keyword='chemistry', fid='scie_00000939'
🔧 MEST Add: proof size=159 bytes, root_hash=[fa, f3, 80, 15, a0, 2c, af, b5]...
🔧 MEST Add: keyword='chemistry', fid='scie_00000939'
🔧 MEST Add: proof size=159 bytes, root_hash=[fa, f3, 80, 15, a0, 2c, af, b5]...
🗑️ MEST Delete: keyword='chemistry', fid='scie_00000939' (key completely removed)
🗑️ MEST Delete: post-delete root_hash=[e3, b0, c4, 42, 98, fc, 1c, 14]...
🔧 MEST Add: keyword='5g', fid='tech_00000966'
🔧 MEST Add: proof size=152 bytes, root_hash=[39, 77, 22, 0b, 0d, 3e, 29, 00]...
🗑️ MEST Delete: keyword='5g', fid='tech_00000966' (key completely removed)
🗑️ MEST Delete: post-delete root_hash=[e3, b0, c4, 42, 98, fc, 1c, 14]...
