warning: profiles for the non root package will be ignored, specify profiles at the workspace root:
package:   /root/distributed-storage-system/crates/storager/ads_lib/Cargo.toml
workspace: /root/distributed-storage-system/Cargo.toml
warning: value assigned to `is_change` is never read
   --> crates/storager/ads_lib/src/mpt/mpt.rs:256:21
    |
256 |             let mut is_change = false;
    |                     ^^^^^^^^^
    |
    = help: maybe it is overwritten before being read?
    = note: `#[warn(unused_assignments)]` on by default

warning: value assigned to `is_change` is never read
   --> crates/storager/ads_lib/src/mpt/mpt.rs:462:25
    |
462 |                 let mut is_change = false;
    |                         ^^^^^^^^^
    |
    = help: maybe it is overwritten before being read?

warning: unused variable: `had_value`
   --> crates/storager/ads_lib/src/mpt/mpt.rs:526:21
    |
526 |                 let had_value = !old_value_str.is_empty();
    |                     ^^^^^^^^^ help: if this is intentional, prefix it with an underscore: `_had_value`
    |
    = note: `#[warn(unused_variables)]` on by default

warning: associated functions `short_node_batch_fix` and `full_node_batch_fix` are never used
    --> crates/storager/ads_lib/src/mpt/mpt.rs:1743:8
     |
  50 | impl MPT {
     | -------- associated functions in this implementation
...
1743 |     fn short_node_batch_fix(node: Arc<RwLock<ShortNode>>) -> Result<(), MPTError> {
     |        ^^^^^^^^^^^^^^^^^^^^
...
1748 |     fn full_node_batch_fix(node: Arc<RwLock<FullNode>>) -> Result<(), MPTError> {
     |        ^^^^^^^^^^^^^^^^^^^
     |
     = note: `#[warn(dead_code)]` on by default

warning: function `hash_mgt_node` is never used
   --> crates/storager/ads_lib/src/mest/proof.rs:253:4
    |
253 | fn hash_mgt_node(children: &[[u8; 32]]) -> [u8; 32] {
    |    ^^^^^^^^^^^^^

warning: `ads_rust` (lib) generated 5 warnings
warning: unused variable: `acc_old`
   --> crates/common/src/verification.rs:721:13
    |
721 |         let acc_old = match G1Affine::deserialize_uncompressed(&proof[offset..offset + acc_old_len]) {
    |             ^^^^^^^ help: if this is intentional, prefix it with an underscore: `_acc_old`
    |
    = note: `#[warn(unused_variables)]` on by default

warning: `common` (lib) generated 1 warning
warning: unused imports: `Digest` and `Sha256`
   --> crates/storager/src/ads/acctrie_ads.rs:452:20
    |
452 |         use sha2::{Digest, Sha256};
    |                    ^^^^^^  ^^^^^^
    |
    = note: `#[warn(unused_imports)]` on by default

warning: `storager` (lib) generated 1 warning (run `cargo fix --lib -p storager` to apply 1 suggestion)
    Finished `release` profile [optimized] target(s) in 0.15s
     Running `target/release/storager 50096 mest`
🔧 MEST Add: keyword='crisis', fid='news_00000003'
🔧 MEST Add: proof size=156 bytes, root_hash=[80, 2d, 09, d0, c9, 16, 7a, 1e]...
🔧 MEST Add: keyword='crisis', fid='news_00000003'
🔧 MEST Add: proof size=156 bytes, root_hash=[80, 2d, 09, d0, c9, 16, 7a, 1e]...
🗑️ MEST Delete: keyword='crisis', fid='news_00000003' (key completely removed)
🗑️ MEST Delete: post-delete root_hash=[e3, b0, c4, 42, 98, fc, 1c, 14]...
🔧 MEST Add: keyword='analytics', fid='busi_00000004'
🔧 MEST Add: proof size=159 bytes, root_hash=[83, 87, d3, ee, fe, 18, 40, 48]...
🗑️ MEST Delete: keyword='analytics', fid='busi_00000004' (key completely removed)
🗑️ MEST Delete: post-delete root_hash=[e3, b0, c4, 42, 98, fc, 1c, 14]...
🔧 MEST Add: keyword='crisis', fid='news_00000014'
🔧 MEST Add: proof size=156 bytes, root_hash=[0a, c0, 0d, ff, 57, 79, ea, ff]...
🔧 MEST Add: keyword='crisis', fid='news_00000014'
🔧 MEST Add: proof size=156 bytes, root_hash=[0a, c0, 0d, ff, 57, 79, ea, ff]...
🗑️ MEST Delete: keyword='crisis', fid='news_00000014' (key completely removed)
🗑️ MEST Delete: post-delete root_hash=[e3, b0, c4, 42, 98, fc, 1c, 14]...
🔧 MEST Add: keyword='crisis', fid='news_00000026'
🔧 MEST Add: proof size=156 bytes, root_hash=[85, 9f, 8f, 13, 1e, 3b, a1, fe]...
🔧 MEST Add: keyword='crisis', fid='news_00000026'
🔧 MEST Add: proof size=156 bytes, root_hash=[85, 9f, 8f, 13, 1e, 3b, a1, fe]...
🗑️ MEST Delete: keyword='crisis', fid='news_00000026' (key completely removed)
🗑️ MEST Delete: post-delete root_hash=[e3, b0, c4, 42, 98, fc, 1c, 14]...
🔧 MEST Add: keyword='crisis', fid='news_00000064'
🔧 MEST Add: proof size=156 bytes, root_hash=[89, 0e, c5, 91, 4e, eb, 93, e4]...
🗑️ MEST Delete: keyword='crisis', fid='news_00000064' (key completely removed)
🗑️ MEST Delete: post-delete root_hash=[e3, b0, c4, 42, 98, fc, 1c, 14]...
🔧 MEST Add: keyword='analytics', fid='busi_00000067'
🔧 MEST Add: proof size=159 bytes, root_hash=[29, 4e, 32, 0d, b0, 86, 29, 22]...
🗑️ MEST Delete: keyword='analytics', fid='busi_00000067' (key completely removed)
🗑️ MEST Delete: post-delete root_hash=[e3, b0, c4, 42, 98, fc, 1c, 14]...
🔧 MEST Add: keyword='crisis', fid='news_00000069'
🔧 MEST Add: proof size=156 bytes, root_hash=[37, 8f, 94, dc, 96, 42, ff, 48]...
🔧 MEST Add: keyword='crisis', fid='news_00000069'
🔧 MEST Add: proof size=156 bytes, root_hash=[37, 8f, 94, dc, 96, 42, ff, 48]...
🗑️ MEST Delete: keyword='crisis', fid='news_00000069' (key completely removed)
🗑️ MEST Delete: post-delete root_hash=[e3, b0, c4, 42, 98, fc, 1c, 14]...
🔧 MEST Add: keyword='analytics', fid='busi_00000071'
🔧 MEST Add: proof size=159 bytes, root_hash=[7c, 1f, 12, 89, 9b, 90, 0c, 08]...
🔧 MEST Add: keyword='analytics', fid='busi_00000071'
🔧 MEST Add: proof size=159 bytes, root_hash=[7c, 1f, 12, 89, 9b, 90, 0c, 08]...
🗑️ MEST Delete: keyword='analytics', fid='busi_00000071' (key completely removed)
🗑️ MEST Delete: post-delete root_hash=[e3, b0, c4, 42, 98, fc, 1c, 14]...
🔧 MEST Add: keyword='crisis', fid='news_00000091'
🔧 MEST Add: proof size=156 bytes, root_hash=[47, cc, 9a, e7, e4, ac, 19, be]...
🔧 MEST Add: keyword='crisis', fid='news_00000091'
🔧 MEST Add: proof size=156 bytes, root_hash=[47, cc, 9a, e7, e4, ac, 19, be]...
🗑️ MEST Delete: keyword='crisis', fid='news_00000091' (key completely removed)
🗑️ MEST Delete: post-delete root_hash=[e3, b0, c4, 42, 98, fc, 1c, 14]...
🔧 MEST Add: keyword='analytics', fid='busi_00000180'
🔧 MEST Add: proof size=159 bytes, root_hash=[ff, 79, 52, 19, 8f, 69, 6c, 30]...
🗑️ MEST Delete: keyword='analytics', fid='busi_00000180' (key completely removed)
🗑️ MEST Delete: post-delete root_hash=[e3, b0, c4, 42, 98, fc, 1c, 14]...
🔧 MEST Add: keyword='crisis', fid='news_00000189'
🔧 MEST Add: proof size=156 bytes, root_hash=[f6, ef, 7c, 6c, 99, bd, 45, b4]...
🗑️ MEST Delete: keyword='crisis', fid='news_00000189' (key completely removed)
🗑️ MEST Delete: post-delete root_hash=[e3, b0, c4, 42, 98, fc, 1c, 14]...
🔧 MEST Add: keyword='analytics', fid='busi_00000232'
🔧 MEST Add: proof size=159 bytes, root_hash=[6e, 72, d4, 6f, 34, fb, 03, cc]...
🗑️ MEST Delete: keyword='analytics', fid='busi_00000232' (key completely removed)
🗑️ MEST Delete: post-delete root_hash=[e3, b0, c4, 42, 98, fc, 1c, 14]...
🔧 MEST Add: keyword='crisis', fid='news_00000239'
🔧 MEST Add: proof size=156 bytes, root_hash=[55, e3, 12, f0, bc, 29, a3, 00]...
🗑️ MEST Delete: keyword='crisis', fid='news_00000239' (key completely removed)
🗑️ MEST Delete: post-delete root_hash=[e3, b0, c4, 42, 98, fc, 1c, 14]...
🔧 MEST Add: keyword='crisis', fid='news_00000280'
🔧 MEST Add: proof size=156 bytes, root_hash=[8f, 42, 8c, 99, d4, 80, aa, a6]...
🔧 MEST Add: keyword='crisis', fid='news_00000280'
🔧 MEST Add: proof size=156 bytes, root_hash=[8f, 42, 8c, 99, d4, 80, aa, a6]...
🗑️ MEST Delete: keyword='crisis', fid='news_00000280' (key completely removed)
🗑️ MEST Delete: post-delete root_hash=[e3, b0, c4, 42, 98, fc, 1c, 14]...
🔧 MEST Add: keyword='analytics', fid='busi_00000328'
🔧 MEST Add: proof size=159 bytes, root_hash=[77, 22, b6, 66, f4, 39, 3b, 2b]...
🔧 MEST Add: keyword='analytics', fid='busi_00000328'
🔧 MEST Add: proof size=159 bytes, root_hash=[77, 22, b6, 66, f4, 39, 3b, 2b]...
🗑️ MEST Delete: keyword='analytics', fid='busi_00000328' (key completely removed)
🗑️ MEST Delete: post-delete root_hash=[e3, b0, c4, 42, 98, fc, 1c, 14]...
🔧 MEST Add: keyword='analytics', fid='busi_00000330'
🔧 MEST Add: proof size=159 bytes, root_hash=[93, 1e, 60, 1c, 0e, 05, 50, a2]...
🗑️ MEST Delete: keyword='analytics', fid='busi_00000330' (key completely removed)
🗑️ MEST Delete: post-delete root_hash=[e3, b0, c4, 42, 98, fc, 1c, 14]...
🔧 MEST Add: keyword='crisis', fid='news_00000333'
🔧 MEST Add: proof size=156 bytes, root_hash=[ff, b2, ac, 1d, d5, d9, fa, f1]...
🔧 MEST Add: keyword='crisis', fid='news_00000333'
🔧 MEST Add: proof size=156 bytes, root_hash=[ff, b2, ac, 1d, d5, d9, fa, f1]...
🗑️ MEST Delete: keyword='crisis', fid='news_00000333' (key completely removed)
🗑️ MEST Delete: post-delete root_hash=[e3, b0, c4, 42, 98, fc, 1c, 14]...
🔧 MEST Add: keyword='analytics', fid='busi_00000336'
🔧 MEST Add: proof size=159 bytes, root_hash=[76, 4a, b8, 50, 21, 4d, 48, 23]...
🗑️ MEST Delete: keyword='analytics', fid='busi_00000336' (key completely removed)
🗑️ MEST Delete: post-delete root_hash=[e3, b0, c4, 42, 98, fc, 1c, 14]...
🔧 MEST Add: keyword='crisis', fid='news_00000337'
🔧 MEST Add: proof size=156 bytes, root_hash=[a0, af, 4d, f7, aa, 3a, db, 50]...
🗑️ MEST Delete: keyword='crisis', fid='news_00000337' (key completely removed)
🗑️ MEST Delete: post-delete root_hash=[e3, b0, c4, 42, 98, fc, 1c, 14]...
🔧 MEST Add: keyword='crisis', fid='news_00000348'
🔧 MEST Add: proof size=156 bytes, root_hash=[01, b4, 84, 04, 7b, 83, 94, 3c]...
🗑️ MEST Delete: keyword='crisis', fid='news_00000348' (key completely removed)
🗑️ MEST Delete: post-delete root_hash=[e3, b0, c4, 42, 98, fc, 1c, 14]...
🔧 MEST Add: keyword='analytics', fid='busi_00000356'
🔧 MEST Add: proof size=159 bytes, root_hash=[4a, 2b, f6, 38, d0, db, e0, ca]...
🗑️ MEST Delete: keyword='analytics', fid='busi_00000356' (key completely removed)
🗑️ MEST Delete: post-delete root_hash=[e3, b0, c4, 42, 98, fc, 1c, 14]...
🔧 MEST Add: keyword='analytics', fid='busi_00000368'
🔧 MEST Add: proof size=159 bytes, root_hash=[1f, 14, d4, ca, 3b, e9, 60, ec]...
🗑️ MEST Delete: keyword='analytics', fid='busi_00000368' (key completely removed)
🗑️ MEST Delete: post-delete root_hash=[e3, b0, c4, 42, 98, fc, 1c, 14]...
🔧 MEST Add: keyword='crisis', fid='news_00000385'
🔧 MEST Add: proof size=156 bytes, root_hash=[46, 3d, 3b, ee, 7d, e0, a2, 1d]...
🗑️ MEST Delete: keyword='crisis', fid='news_00000385' (key completely removed)
🗑️ MEST Delete: post-delete root_hash=[e3, b0, c4, 42, 98, fc, 1c, 14]...
🔧 MEST Add: keyword='crisis', fid='news_00000387'
🔧 MEST Add: proof size=156 bytes, root_hash=[a4, b4, 18, b6, ef, 61, 11, 92]...
🗑️ MEST Delete: keyword='crisis', fid='news_00000387' (key completely removed)
🗑️ MEST Delete: post-delete root_hash=[e3, b0, c4, 42, 98, fc, 1c, 14]...
🔧 MEST Add: keyword='analytics', fid='busi_00000404'
🔧 MEST Add: proof size=159 bytes, root_hash=[3e, 6d, 28, 89, ed, a9, 46, b7]...
🗑️ MEST Delete: keyword='analytics', fid='busi_00000404' (key completely removed)
🗑️ MEST Delete: post-delete root_hash=[e3, b0, c4, 42, 98, fc, 1c, 14]...
🔧 MEST Add: keyword='analytics', fid='busi_00000422'
🔧 MEST Add: proof size=159 bytes, root_hash=[f1, be, df, 9a, 10, 33, 09, af]...
🔧 MEST Add: keyword='analytics', fid='busi_00000422'
🔧 MEST Add: proof size=159 bytes, root_hash=[f1, be, df, 9a, 10, 33, 09, af]...
🗑️ MEST Delete: keyword='analytics', fid='busi_00000422' (key completely removed)
🗑️ MEST Delete: post-delete root_hash=[e3, b0, c4, 42, 98, fc, 1c, 14]...
🔧 MEST Add: keyword='analytics', fid='busi_00000462'
🔧 MEST Add: proof size=159 bytes, root_hash=[27, aa, 4e, fa, fd, 71, 87, 83]...
🔧 MEST Add: keyword='analytics', fid='busi_00000462'
🔧 MEST Add: proof size=159 bytes, root_hash=[27, aa, 4e, fa, fd, 71, 87, 83]...
🗑️ MEST Delete: keyword='analytics', fid='busi_00000462' (key completely removed)
🗑️ MEST Delete: post-delete root_hash=[e3, b0, c4, 42, 98, fc, 1c, 14]...
🔧 MEST Add: keyword='analytics', fid='busi_00000469'
🔧 MEST Add: proof size=159 bytes, root_hash=[ad, 05, 25, f7, c6, d6, 00, 30]...
🔧 MEST Add: keyword='analytics', fid='busi_00000469'
🔧 MEST Add: proof size=159 bytes, root_hash=[ad, 05, 25, f7, c6, d6, 00, 30]...
🗑️ MEST Delete: keyword='analytics', fid='busi_00000469' (key completely removed)
🗑️ MEST Delete: post-delete root_hash=[e3, b0, c4, 42, 98, fc, 1c, 14]...
🔧 MEST Add: keyword='analytics', fid='busi_00000490'
🔧 MEST Add: proof size=159 bytes, root_hash=[fe, 4e, 6b, 1f, 74, dd, 56, 8b]...
🗑️ MEST Delete: keyword='analytics', fid='busi_00000490' (key completely removed)
🗑️ MEST Delete: post-delete root_hash=[e3, b0, c4, 42, 98, fc, 1c, 14]...
🔧 MEST Add: keyword='analytics', fid='busi_00000495'
🔧 MEST Add: proof size=159 bytes, root_hash=[d0, 02, 3d, d0, fb, ef, 20, b5]...
🗑️ MEST Delete: keyword='analytics', fid='busi_00000495' (key completely removed)
🗑️ MEST Delete: post-delete root_hash=[e3, b0, c4, 42, 98, fc, 1c, 14]...
🔧 MEST Add: keyword='crisis', fid='news_00000500'
🔧 MEST Add: proof size=156 bytes, root_hash=[89, 95, 1e, 7a, fe, b3, ce, 60]...
🗑️ MEST Delete: keyword='crisis', fid='news_00000500' (key completely removed)
🗑️ MEST Delete: post-delete root_hash=[e3, b0, c4, 42, 98, fc, 1c, 14]...
🔧 MEST Add: keyword='crisis', fid='news_00000504'
🔧 MEST Add: proof size=156 bytes, root_hash=[3d, 24, df, 1d, 53, 6c, e7, 0f]...
🔧 MEST Add: keyword='crisis', fid='news_00000504'
🔧 MEST Add: proof size=156 bytes, root_hash=[3d, 24, df, 1d, 53, 6c, e7, 0f]...
🗑️ MEST Delete: keyword='crisis', fid='news_00000504' (key completely removed)
🗑️ MEST Delete: post-delete root_hash=[e3, b0, c4, 42, 98, fc, 1c, 14]...
🔧 MEST Add: keyword='analytics', fid='busi_00000534'
🔧 MEST Add: proof size=159 bytes, root_hash=[be, 29, cb, 9a, 32, 37, 52, 05]...
🔧 MEST Add: keyword='analytics', fid='busi_00000534'
🔧 MEST Add: proof size=159 bytes, root_hash=[be, 29, cb, 9a, 32, 37, 52, 05]...
🗑️ MEST Delete: keyword='analytics', fid='busi_00000534' (key completely removed)
🗑️ MEST Delete: post-delete root_hash=[e3, b0, c4, 42, 98, fc, 1c, 14]...
🔧 MEST Add: keyword='crisis', fid='news_00000602'
🔧 MEST Add: proof size=156 bytes, root_hash=[b7, b6, 1d, 28, 5b, ae, ab, 26]...
🔧 MEST Add: keyword='crisis', fid='news_00000602'
🔧 MEST Add: proof size=156 bytes, root_hash=[b7, b6, 1d, 28, 5b, ae, ab, 26]...
🗑️ MEST Delete: keyword='crisis', fid='news_00000602' (key completely removed)
🗑️ MEST Delete: post-delete root_hash=[e3, b0, c4, 42, 98, fc, 1c, 14]...
🔧 MEST Add: keyword='crisis', fid='news_00000625'
🔧 MEST Add: proof size=156 bytes, root_hash=[dd, ad, f9, 0e, ed, df, e4, 94]...
🔧 MEST Add: keyword='crisis', fid='news_00000625'
🔧 MEST Add: proof size=156 bytes, root_hash=[dd, ad, f9, 0e, ed, df, e4, 94]...
🗑️ MEST Delete: keyword='crisis', fid='news_00000625' (key completely removed)
🗑️ MEST Delete: post-delete root_hash=[e3, b0, c4, 42, 98, fc, 1c, 14]...
🔧 MEST Add: keyword='crisis', fid='news_00000658'
🔧 MEST Add: proof size=156 bytes, root_hash=[77, 6d, 85, 9a, c8, 56, 24, b6]...
🗑️ MEST Delete: keyword='crisis', fid='news_00000658' (key completely removed)
🗑️ MEST Delete: post-delete root_hash=[e3, b0, c4, 42, 98, fc, 1c, 14]...
🔧 MEST Add: keyword='analytics', fid='busi_00000693'
🔧 MEST Add: proof size=159 bytes, root_hash=[c0, e6, 07, 24, b5, 73, 6f, b3]...
🗑️ MEST Delete: keyword='analytics', fid='busi_00000693' (key completely removed)
🗑️ MEST Delete: post-delete root_hash=[e3, b0, c4, 42, 98, fc, 1c, 14]...
🔧 MEST Add: keyword='crisis', fid='news_00000700'
🔧 MEST Add: proof size=156 bytes, root_hash=[a2, 94, 43, cb, 8e, 4e, 33, 89]...
🗑️ MEST Delete: keyword='crisis', fid='news_00000700' (key completely removed)
🗑️ MEST Delete: post-delete root_hash=[e3, b0, c4, 42, 98, fc, 1c, 14]...
🔧 MEST Add: keyword='analytics', fid='busi_00000762'
🔧 MEST Add: proof size=159 bytes, root_hash=[52, c1, 45, 83, f8, 87, 57, 72]...
🗑️ MEST Delete: keyword='analytics', fid='busi_00000762' (key completely removed)
🗑️ MEST Delete: post-delete root_hash=[e3, b0, c4, 42, 98, fc, 1c, 14]...
🔧 MEST Add: keyword='analytics', fid='busi_00000777'
🔧 MEST Add: proof size=159 bytes, root_hash=[e3, e4, f6, 9f, 58, 7d, c6, 6b]...
🔧 MEST Add: keyword='analytics', fid='busi_00000777'
🔧 MEST Add: proof size=159 bytes, root_hash=[e3, e4, f6, 9f, 58, 7d, c6, 6b]...
🗑️ MEST Delete: keyword='analytics', fid='busi_00000777' (key completely removed)
🗑️ MEST Delete: post-delete root_hash=[e3, b0, c4, 42, 98, fc, 1c, 14]...
🔧 MEST Add: keyword='crisis', fid='news_00000788'
🔧 MEST Add: proof size=156 bytes, root_hash=[ef, d3, 69, 7d, 2a, ce, 40, cd]...
🗑️ MEST Delete: keyword='crisis', fid='news_00000788' (key completely removed)
🗑️ MEST Delete: post-delete root_hash=[e3, b0, c4, 42, 98, fc, 1c, 14]...
🔧 MEST Add: keyword='crisis', fid='news_00000832'
🔧 MEST Add: proof size=156 bytes, root_hash=[3b, 01, 3a, c9, 30, 61, 5a, e4]...
🔧 MEST Add: keyword='crisis', fid='news_00000832'
🔧 MEST Add: proof size=156 bytes, root_hash=[3b, 01, 3a, c9, 30, 61, 5a, e4]...
🗑️ MEST Delete: keyword='crisis', fid='news_00000832' (key completely removed)
🗑️ MEST Delete: post-delete root_hash=[e3, b0, c4, 42, 98, fc, 1c, 14]...
🔧 MEST Add: keyword='analytics', fid='busi_00000836'
🔧 MEST Add: proof size=159 bytes, root_hash=[19, c1, ff, f8, bc, 94, cc, cb]...
🔧 MEST Add: keyword='analytics', fid='busi_00000836'
🔧 MEST Add: proof size=159 bytes, root_hash=[19, c1, ff, f8, bc, 94, cc, cb]...
🗑️ MEST Delete: keyword='analytics', fid='busi_00000836' (key completely removed)
🗑️ MEST Delete: post-delete root_hash=[e3, b0, c4, 42, 98, fc, 1c, 14]...
🔧 MEST Add: keyword='analytics', fid='busi_00000894'
🔧 MEST Add: proof size=159 bytes, root_hash=[f7, 8f, 35, f8, e1, cf, 7a, 59]...
🔧 MEST Add: keyword='analytics', fid='busi_00000894'
🔧 MEST Add: proof size=159 bytes, root_hash=[f7, 8f, 35, f8, e1, cf, 7a, 59]...
🗑️ MEST Delete: keyword='analytics', fid='busi_00000894' (key completely removed)
🗑️ MEST Delete: post-delete root_hash=[e3, b0, c4, 42, 98, fc, 1c, 14]...
🔧 MEST Add: keyword='analytics', fid='busi_00000902'
🔧 MEST Add: proof size=159 bytes, root_hash=[e9, 9c, f3, ef, 98, 15, 74, 96]...
🗑️ MEST Delete: keyword='analytics', fid='busi_00000902' (key completely removed)
🗑️ MEST Delete: post-delete root_hash=[e3, b0, c4, 42, 98, fc, 1c, 14]...
🔧 MEST Add: keyword='crisis', fid='news_00000922'
🔧 MEST Add: proof size=156 bytes, root_hash=[e2, 8b, 0d, e5, 33, 59, c4, 98]...
🔧 MEST Add: keyword='crisis', fid='news_00000922'
🔧 MEST Add: proof size=156 bytes, root_hash=[e2, 8b, 0d, e5, 33, 59, c4, 98]...
🗑️ MEST Delete: keyword='crisis', fid='news_00000922' (key completely removed)
🗑️ MEST Delete: post-delete root_hash=[e3, b0, c4, 42, 98, fc, 1c, 14]...
🔧 MEST Add: keyword='crisis', fid='news_00000956'
🔧 MEST Add: proof size=156 bytes, root_hash=[aa, e8, 27, 5a, dc, 69, 33, 66]...
🔧 MEST Add: keyword='crisis', fid='news_00000956'
🔧 MEST Add: proof size=156 bytes, root_hash=[aa, e8, 27, 5a, dc, 69, 33, 66]...
🗑️ MEST Delete: keyword='crisis', fid='news_00000956' (key completely removed)
🗑️ MEST Delete: post-delete root_hash=[e3, b0, c4, 42, 98, fc, 1c, 14]...
🔧 MEST Add: keyword='analytics', fid='busi_00000991'
🔧 MEST Add: proof size=159 bytes, root_hash=[f3, 27, 68, 6c, c2, e7, bc, 08]...
🔧 MEST Add: keyword='analytics', fid='busi_00000991'
🔧 MEST Add: proof size=159 bytes, root_hash=[f3, 27, 68, 6c, c2, e7, bc, 08]...
🗑️ MEST Delete: keyword='analytics', fid='busi_00000991' (key completely removed)
🗑️ MEST Delete: post-delete root_hash=[e3, b0, c4, 42, 98, fc, 1c, 14]...
🔧 MEST Add: keyword='crisis', fid='news_00000994'
🔧 MEST Add: proof size=156 bytes, root_hash=[01, ca, ba, 7f, 55, f3, 02, 9c]...
🔧 MEST Add: keyword='crisis', fid='news_00000994'
🔧 MEST Add: proof size=156 bytes, root_hash=[01, ca, ba, 7f, 55, f3, 02, 9c]...
🗑️ MEST Delete: keyword='crisis', fid='news_00000994' (key completely removed)
🗑️ MEST Delete: post-delete root_hash=[e3, b0, c4, 42, 98, fc, 1c, 14]...
