warning: profiles for the non root package will be ignored, specify profiles at the workspace root:
package:   /root/distributed-storage-system/crates/storager/ads_lib/Cargo.toml
workspace: /root/distributed-storage-system/Cargo.toml
warning: value assigned to `is_change` is never read
   --> crates/storager/ads_lib/src/mpt/mpt.rs:256:21
    |
256 |             let mut is_change = false;
    |                     ^^^^^^^^^
    |
    = help: maybe it is overwritten before being read?
    = note: `#[warn(unused_assignments)]` on by default

warning: value assigned to `is_change` is never read
   --> crates/storager/ads_lib/src/mpt/mpt.rs:462:25
    |
462 |                 let mut is_change = false;
    |                         ^^^^^^^^^
    |
    = help: maybe it is overwritten before being read?

warning: unused variable: `had_value`
   --> crates/storager/ads_lib/src/mpt/mpt.rs:526:21
    |
526 |                 let had_value = !old_value_str.is_empty();
    |                     ^^^^^^^^^ help: if this is intentional, prefix it with an underscore: `_had_value`
    |
    = note: `#[warn(unused_variables)]` on by default

warning: associated functions `short_node_batch_fix` and `full_node_batch_fix` are never used
    --> crates/storager/ads_lib/src/mpt/mpt.rs:1743:8
     |
  50 | impl MPT {
     | -------- associated functions in this implementation
...
1743 |     fn short_node_batch_fix(node: Arc<RwLock<ShortNode>>) -> Result<(), MPTError> {
     |        ^^^^^^^^^^^^^^^^^^^^
...
1748 |     fn full_node_batch_fix(node: Arc<RwLock<FullNode>>) -> Result<(), MPTError> {
     |        ^^^^^^^^^^^^^^^^^^^
     |
     = note: `#[warn(dead_code)]` on by default

warning: function `hash_mgt_node` is never used
   --> crates/storager/ads_lib/src/mest/proof.rs:253:4
    |
253 | fn hash_mgt_node(children: &[[u8; 32]]) -> [u8; 32] {
    |    ^^^^^^^^^^^^^

warning: `ads_rust` (lib) generated 5 warnings
warning: unused variable: `acc_old`
   --> crates/common/src/verification.rs:721:13
    |
721 |         let acc_old = match G1Affine::deserialize_uncompressed(&proof[offset..offset + acc_old_len]) {
    |             ^^^^^^^ help: if this is intentional, prefix it with an underscore: `_acc_old`
    |
    = note: `#[warn(unused_variables)]` on by default

warning: `common` (lib) generated 1 warning
warning: unused imports: `Digest` and `Sha256`
   --> crates/storager/src/ads/acctrie_ads.rs:452:20
    |
452 |         use sha2::{Digest, Sha256};
    |                    ^^^^^^  ^^^^^^
    |
    = note: `#[warn(unused_imports)]` on by default

warning: `storager` (lib) generated 1 warning (run `cargo fix --lib -p storager` to apply 1 suggestion)
    Finished `release` profile [optimized] target(s) in 0.16s
     Running `target/release/storager 50057 mest`
🔧 MEST Add: keyword='textbook', fid='educ_00000016'
🔧 MEST Add: proof size=158 bytes, root_hash=[d9, 13, 2f, 42, 08, 52, 87, 8b]...
🗑️ MEST Delete: keyword='textbook', fid='educ_00000016' (key completely removed)
🗑️ MEST Delete: post-delete root_hash=[e3, b0, c4, 42, 98, fc, 1c, 14]...
🔧 MEST Add: keyword='management', fid='busi_00000028'
🔧 MEST Add: proof size=160 bytes, root_hash=[a2, d8, d0, 53, 20, 3b, d3, 9e]...
🗑️ MEST Delete: keyword='management', fid='busi_00000028' (key completely removed)
🗑️ MEST Delete: post-delete root_hash=[e3, b0, c4, 42, 98, fc, 1c, 14]...
🔧 MEST Add: keyword='textbook', fid='educ_00000051'
🔧 MEST Add: proof size=158 bytes, root_hash=[0b, d7, 1e, 7c, 42, 18, 9d, 46]...
🗑️ MEST Delete: keyword='textbook', fid='educ_00000051' (key completely removed)
🗑️ MEST Delete: post-delete root_hash=[e3, b0, c4, 42, 98, fc, 1c, 14]...
🔧 MEST Add: keyword='climate', fid='envi_00000058'
🔧 MEST Add: proof size=157 bytes, root_hash=[14, 3f, 84, b1, 96, 46, ed, 98]...
🔧 MEST Add: keyword='climate', fid='envi_00000058'
🔧 MEST Add: proof size=157 bytes, root_hash=[14, 3f, 84, b1, 96, 46, ed, 98]...
🗑️ MEST Delete: keyword='climate', fid='envi_00000058' (key completely removed)
🗑️ MEST Delete: post-delete root_hash=[e3, b0, c4, 42, 98, fc, 1c, 14]...
🔧 MEST Add: keyword='management', fid='busi_00000067'
🔧 MEST Add: proof size=160 bytes, root_hash=[29, 4e, 32, 0d, b0, 86, 29, 22]...
🗑️ MEST Delete: keyword='management', fid='busi_00000067' (key completely removed)
🗑️ MEST Delete: post-delete root_hash=[e3, b0, c4, 42, 98, fc, 1c, 14]...
🔧 MEST Add: keyword='diagnosis', fid='heal_00000083'
🔧 MEST Add: proof size=159 bytes, root_hash=[82, ca, 15, be, 30, 77, 14, d3]...
🗑️ MEST Delete: keyword='diagnosis', fid='heal_00000083' (key completely removed)
🗑️ MEST Delete: post-delete root_hash=[e3, b0, c4, 42, 98, fc, 1c, 14]...
🔧 MEST Add: keyword='management', fid='busi_00000085'
🔧 MEST Add: proof size=160 bytes, root_hash=[fe, 93, f4, 9a, 2e, b9, 42, 65]...
🗑️ MEST Delete: keyword='management', fid='busi_00000085' (key completely removed)
🗑️ MEST Delete: post-delete root_hash=[e3, b0, c4, 42, 98, fc, 1c, 14]...
🔧 MEST Add: keyword='sustainability', fid='envi_00000087'
🔧 MEST Add: proof size=164 bytes, root_hash=[2c, 3f, 15, 07, 39, a3, 40, 95]...
🔧 MEST Add: keyword='climate', fid='envi_00000087'
🔧 MEST Add: proof size=189 bytes, root_hash=[ee, 21, 64, 03, 0c, 9f, a9, 45]...
🗑️ MEST Delete: keyword='sustainability', fid='envi_00000087' (key completely removed)
🗑️ MEST Delete: post-delete root_hash=[2c, 3f, 15, 07, 39, a3, 40, 95]...
🗑️ MEST Delete: keyword='climate', fid='envi_00000087' (key completely removed)
🗑️ MEST Delete: post-delete root_hash=[e3, b0, c4, 42, 98, fc, 1c, 14]...
🔧 MEST Add: keyword='textbook', fid='educ_00000102'
🔧 MEST Add: proof size=158 bytes, root_hash=[b0, fb, f6, 1f, 91, e0, fb, 12]...
🔧 MEST Add: keyword='textbook', fid='educ_00000102'
🔧 MEST Add: proof size=158 bytes, root_hash=[b0, fb, f6, 1f, 91, e0, fb, 12]...
🗑️ MEST Delete: keyword='textbook', fid='educ_00000102' (key completely removed)
🗑️ MEST Delete: post-delete root_hash=[e3, b0, c4, 42, 98, fc, 1c, 14]...
🔧 MEST Add: keyword='management', fid='busi_00000109'
🔧 MEST Add: proof size=160 bytes, root_hash=[58, cc, 43, d2, fb, c3, 28, ba]...
🔧 MEST Add: keyword='management', fid='busi_00000109'
🔧 MEST Add: proof size=160 bytes, root_hash=[58, cc, 43, d2, fb, c3, 28, ba]...
🗑️ MEST Delete: keyword='management', fid='busi_00000109' (key completely removed)
🗑️ MEST Delete: post-delete root_hash=[e3, b0, c4, 42, 98, fc, 1c, 14]...
🔧 MEST Add: keyword='sustainability', fid='envi_00000126'
🔧 MEST Add: proof size=164 bytes, root_hash=[d6, 59, 6e, ad, fb, c6, a5, b6]...
🗑️ MEST Delete: keyword='sustainability', fid='envi_00000126' (key completely removed)
🗑️ MEST Delete: post-delete root_hash=[e3, b0, c4, 42, 98, fc, 1c, 14]...
🔧 MEST Add: keyword='diagnosis', fid='heal_00000132'
🔧 MEST Add: proof size=159 bytes, root_hash=[16, 39, 5e, 62, 2d, 1b, 20, d8]...
🔧 MEST Add: keyword='diagnosis', fid='heal_00000132'
🔧 MEST Add: proof size=159 bytes, root_hash=[16, 39, 5e, 62, 2d, 1b, 20, d8]...
🗑️ MEST Delete: keyword='diagnosis', fid='heal_00000132' (key completely removed)
🗑️ MEST Delete: post-delete root_hash=[e3, b0, c4, 42, 98, fc, 1c, 14]...
🔧 MEST Add: keyword='textbook', fid='educ_00000147'
🔧 MEST Add: proof size=158 bytes, root_hash=[d8, db, ae, 56, 50, 6b, b6, 12]...
🔧 MEST Add: keyword='textbook', fid='educ_00000147'
🔧 MEST Add: proof size=158 bytes, root_hash=[d8, db, ae, 56, 50, 6b, b6, 12]...
🗑️ MEST Delete: keyword='textbook', fid='educ_00000147' (key completely removed)
🗑️ MEST Delete: post-delete root_hash=[e3, b0, c4, 42, 98, fc, 1c, 14]...
🔧 MEST Add: keyword='sustainability', fid='envi_00000150'
🔧 MEST Add: proof size=164 bytes, root_hash=[2b, fe, 9f, b7, a5, 6b, 2d, 0d]...
🔧 MEST Add: keyword='sustainability', fid='envi_00000150'
🔧 MEST Add: proof size=164 bytes, root_hash=[2b, fe, 9f, b7, a5, 6b, 2d, 0d]...
🗑️ MEST Delete: keyword='sustainability', fid='envi_00000150' (key completely removed)
🗑️ MEST Delete: post-delete root_hash=[e3, b0, c4, 42, 98, fc, 1c, 14]...
🔧 MEST Add: keyword='management', fid='busi_00000160'
🔧 MEST Add: proof size=160 bytes, root_hash=[22, 13, 07, 1b, 9a, d1, 0d, 9c]...
🔧 MEST Add: keyword='management', fid='busi_00000160'
🔧 MEST Add: proof size=160 bytes, root_hash=[22, 13, 07, 1b, 9a, d1, 0d, 9c]...
🗑️ MEST Delete: keyword='management', fid='busi_00000160' (key completely removed)
🗑️ MEST Delete: post-delete root_hash=[e3, b0, c4, 42, 98, fc, 1c, 14]...
🔧 MEST Add: keyword='management', fid='busi_00000165'
🔧 MEST Add: proof size=160 bytes, root_hash=[99, 5e, 12, 7a, ca, f2, 8a, 04]...
🔧 MEST Add: keyword='management', fid='busi_00000165'
🔧 MEST Add: proof size=160 bytes, root_hash=[99, 5e, 12, 7a, ca, f2, 8a, 04]...
🗑️ MEST Delete: keyword='management', fid='busi_00000165' (key completely removed)
🗑️ MEST Delete: post-delete root_hash=[e3, b0, c4, 42, 98, fc, 1c, 14]...
🔧 MEST Add: keyword='diagnosis', fid='heal_00000171'
🔧 MEST Add: proof size=159 bytes, root_hash=[06, 35, eb, f9, 6c, c7, 8a, cf]...
🗑️ MEST Delete: keyword='diagnosis', fid='heal_00000171' (key completely removed)
🗑️ MEST Delete: post-delete root_hash=[e3, b0, c4, 42, 98, fc, 1c, 14]...
🔧 MEST Add: keyword='diagnosis', fid='heal_00000172'
🔧 MEST Add: proof size=159 bytes, root_hash=[5c, df, e2, df, 93, d4, 0d, b1]...
🗑️ MEST Delete: keyword='diagnosis', fid='heal_00000172' (key completely removed)
🗑️ MEST Delete: post-delete root_hash=[e3, b0, c4, 42, 98, fc, 1c, 14]...
🔧 MEST Add: keyword='management', fid='busi_00000173'
🔧 MEST Add: proof size=160 bytes, root_hash=[0f, 3f, 76, 23, b5, 18, 87, 5a]...
🗑️ MEST Delete: keyword='management', fid='busi_00000173' (key completely removed)
🗑️ MEST Delete: post-delete root_hash=[e3, b0, c4, 42, 98, fc, 1c, 14]...
🔧 MEST Add: keyword='management', fid='busi_00000180'
🔧 MEST Add: proof size=160 bytes, root_hash=[ff, 79, 52, 19, 8f, 69, 6c, 30]...
🔧 MEST Add: keyword='management', fid='busi_00000180'
🔧 MEST Add: proof size=160 bytes, root_hash=[ff, 79, 52, 19, 8f, 69, 6c, 30]...
🗑️ MEST Delete: keyword='management', fid='busi_00000180' (key completely removed)
🗑️ MEST Delete: post-delete root_hash=[e3, b0, c4, 42, 98, fc, 1c, 14]...
🔧 MEST Add: keyword='climate', fid='envi_00000185'
🔧 MEST Add: proof size=157 bytes, root_hash=[12, 1b, 33, b0, 8b, 0a, 59, 47]...
🔧 MEST Add: keyword='climate', fid='envi_00000185'
🔧 MEST Add: proof size=157 bytes, root_hash=[12, 1b, 33, b0, 8b, 0a, 59, 47]...
🗑️ MEST Delete: keyword='climate', fid='envi_00000185' (key completely removed)
🗑️ MEST Delete: post-delete root_hash=[e3, b0, c4, 42, 98, fc, 1c, 14]...
🔧 MEST Add: keyword='climate', fid='envi_00000194'
🔧 MEST Add: proof size=157 bytes, root_hash=[c8, da, 9e, 3e, 1d, fa, d6, fd]...
🔧 MEST Add: keyword='climate', fid='envi_00000194'
🔧 MEST Add: proof size=157 bytes, root_hash=[c8, da, 9e, 3e, 1d, fa, d6, fd]...
🗑️ MEST Delete: keyword='climate', fid='envi_00000194' (key completely removed)
🗑️ MEST Delete: post-delete root_hash=[e3, b0, c4, 42, 98, fc, 1c, 14]...
🔧 MEST Add: keyword='management', fid='busi_00000196'
🔧 MEST Add: proof size=160 bytes, root_hash=[dc, 14, 66, a3, bc, 9d, a9, ff]...
🔧 MEST Add: keyword='management', fid='busi_00000196'
🔧 MEST Add: proof size=160 bytes, root_hash=[dc, 14, 66, a3, bc, 9d, a9, ff]...
🗑️ MEST Delete: keyword='management', fid='busi_00000196' (key completely removed)
🗑️ MEST Delete: post-delete root_hash=[e3, b0, c4, 42, 98, fc, 1c, 14]...
🔧 MEST Add: keyword='climate', fid='envi_00000213'
🔧 MEST Add: proof size=157 bytes, root_hash=[6e, df, 87, 42, 68, 4d, 10, 22]...
🗑️ MEST Delete: keyword='climate', fid='envi_00000213' (key completely removed)
🗑️ MEST Delete: post-delete root_hash=[e3, b0, c4, 42, 98, fc, 1c, 14]...
🔧 MEST Add: keyword='diagnosis', fid='heal_00000223'
🔧 MEST Add: proof size=159 bytes, root_hash=[6d, 2c, 06, 24, ca, a9, f2, a1]...
🗑️ MEST Delete: keyword='diagnosis', fid='heal_00000223' (key completely removed)
🗑️ MEST Delete: post-delete root_hash=[e3, b0, c4, 42, 98, fc, 1c, 14]...
🔧 MEST Add: keyword='textbook', fid='educ_00000228'
🔧 MEST Add: proof size=158 bytes, root_hash=[5f, b0, 61, c8, 02, 27, cd, 06]...
🔧 MEST Add: keyword='textbook', fid='educ_00000228'
🔧 MEST Add: proof size=158 bytes, root_hash=[5f, b0, 61, c8, 02, 27, cd, 06]...
🗑️ MEST Delete: keyword='textbook', fid='educ_00000228' (key completely removed)
🗑️ MEST Delete: post-delete root_hash=[e3, b0, c4, 42, 98, fc, 1c, 14]...
🔧 MEST Add: keyword='diagnosis', fid='heal_00000235'
🔧 MEST Add: proof size=159 bytes, root_hash=[6e, 3d, 4b, ae, dc, d0, 07, 01]...
🗑️ MEST Delete: keyword='diagnosis', fid='heal_00000235' (key completely removed)
🗑️ MEST Delete: post-delete root_hash=[e3, b0, c4, 42, 98, fc, 1c, 14]...
🔧 MEST Add: keyword='textbook', fid='educ_00000267'
🔧 MEST Add: proof size=158 bytes, root_hash=[8b, 13, 41, e3, 27, 8c, 43, 69]...
🔧 MEST Add: keyword='textbook', fid='educ_00000267'
🔧 MEST Add: proof size=158 bytes, root_hash=[8b, 13, 41, e3, 27, 8c, 43, 69]...
🗑️ MEST Delete: keyword='textbook', fid='educ_00000267' (key completely removed)
🗑️ MEST Delete: post-delete root_hash=[e3, b0, c4, 42, 98, fc, 1c, 14]...
🔧 MEST Add: keyword='sustainability', fid='envi_00000284'
🔧 MEST Add: proof size=164 bytes, root_hash=[66, 7b, 4f, ad, 17, 78, 92, fd]...
🔧 MEST Add: keyword='sustainability', fid='envi_00000284'
🔧 MEST Add: proof size=164 bytes, root_hash=[66, 7b, 4f, ad, 17, 78, 92, fd]...
🗑️ MEST Delete: keyword='sustainability', fid='envi_00000284' (key completely removed)
🗑️ MEST Delete: post-delete root_hash=[e3, b0, c4, 42, 98, fc, 1c, 14]...
🔧 MEST Add: keyword='management', fid='busi_00000328'
🔧 MEST Add: proof size=160 bytes, root_hash=[77, 22, b6, 66, f4, 39, 3b, 2b]...
🗑️ MEST Delete: keyword='management', fid='busi_00000328' (key completely removed)
🗑️ MEST Delete: post-delete root_hash=[e3, b0, c4, 42, 98, fc, 1c, 14]...
🔧 MEST Add: keyword='sustainability', fid='envi_00000340'
🔧 MEST Add: proof size=164 bytes, root_hash=[a1, 8a, a9, 8d, 57, d5, a2, 53]...
🗑️ MEST Delete: keyword='sustainability', fid='envi_00000340' (key completely removed)
🗑️ MEST Delete: post-delete root_hash=[e3, b0, c4, 42, 98, fc, 1c, 14]...
🔧 MEST Add: keyword='diagnosis', fid='heal_00000342'
🔧 MEST Add: proof size=159 bytes, root_hash=[43, 44, 4d, e2, b1, 33, 05, b0]...
🗑️ MEST Delete: keyword='diagnosis', fid='heal_00000342' (key completely removed)
🗑️ MEST Delete: post-delete root_hash=[e3, b0, c4, 42, 98, fc, 1c, 14]...
🔧 MEST Add: keyword='management', fid='busi_00000346'
🔧 MEST Add: proof size=160 bytes, root_hash=[d7, a7, 3d, bd, 5e, 1b, 29, 5a]...
🗑️ MEST Delete: keyword='management', fid='busi_00000346' (key completely removed)
🗑️ MEST Delete: post-delete root_hash=[e3, b0, c4, 42, 98, fc, 1c, 14]...
🔧 MEST Add: keyword='diagnosis', fid='heal_00000373'
🔧 MEST Add: proof size=159 bytes, root_hash=[70, 9f, aa, 04, b3, b3, 1d, fb]...
🗑️ MEST Delete: keyword='diagnosis', fid='heal_00000373' (key completely removed)
🗑️ MEST Delete: post-delete root_hash=[e3, b0, c4, 42, 98, fc, 1c, 14]...
🔧 MEST Add: keyword='diagnosis', fid='heal_00000392'
🔧 MEST Add: proof size=159 bytes, root_hash=[56, d9, 2a, 73, 2d, 8d, a0, c2]...
🗑️ MEST Delete: keyword='diagnosis', fid='heal_00000392' (key completely removed)
🗑️ MEST Delete: post-delete root_hash=[e3, b0, c4, 42, 98, fc, 1c, 14]...
🔧 MEST Add: keyword='diagnosis', fid='heal_00000416'
🔧 MEST Add: proof size=159 bytes, root_hash=[8e, 87, bb, 14, ff, 3b, e3, 69]...
🗑️ MEST Delete: keyword='diagnosis', fid='heal_00000416' (key completely removed)
🗑️ MEST Delete: post-delete root_hash=[e3, b0, c4, 42, 98, fc, 1c, 14]...
🔧 MEST Add: keyword='sustainability', fid='envi_00000421'
🔧 MEST Add: proof size=164 bytes, root_hash=[58, 24, ac, 5b, 75, aa, bf, fc]...
🔧 MEST Add: keyword='sustainability', fid='envi_00000421'
🔧 MEST Add: proof size=164 bytes, root_hash=[58, 24, ac, 5b, 75, aa, bf, fc]...
🗑️ MEST Delete: keyword='sustainability', fid='envi_00000421' (key completely removed)
🗑️ MEST Delete: post-delete root_hash=[e3, b0, c4, 42, 98, fc, 1c, 14]...
🔧 MEST Add: keyword='diagnosis', fid='heal_00000428'
🔧 MEST Add: proof size=159 bytes, root_hash=[88, c1, f7, 1c, 89, d6, de, f6]...
🔧 MEST Add: keyword='diagnosis', fid='heal_00000428'
🔧 MEST Add: proof size=159 bytes, root_hash=[88, c1, f7, 1c, 89, d6, de, f6]...
🗑️ MEST Delete: keyword='diagnosis', fid='heal_00000428' (key completely removed)
🗑️ MEST Delete: post-delete root_hash=[e3, b0, c4, 42, 98, fc, 1c, 14]...
🔧 MEST Add: keyword='textbook', fid='educ_00000443'
🔧 MEST Add: proof size=158 bytes, root_hash=[1b, 8d, 10, 73, 80, b0, 3d, a1]...
🗑️ MEST Delete: keyword='textbook', fid='educ_00000443' (key completely removed)
🗑️ MEST Delete: post-delete root_hash=[e3, b0, c4, 42, 98, fc, 1c, 14]...
🔧 MEST Add: keyword='diagnosis', fid='heal_00000449'
🔧 MEST Add: proof size=159 bytes, root_hash=[c6, 6d, 86, 10, 52, 22, 4a, 83]...
🗑️ MEST Delete: keyword='diagnosis', fid='heal_00000449' (key completely removed)
🗑️ MEST Delete: post-delete root_hash=[e3, b0, c4, 42, 98, fc, 1c, 14]...
🔧 MEST Add: keyword='diagnosis', fid='heal_00000460'
🔧 MEST Add: proof size=159 bytes, root_hash=[ca, 5f, 51, 5d, 61, 3a, fe, 4e]...
🗑️ MEST Delete: keyword='diagnosis', fid='heal_00000460' (key completely removed)
🗑️ MEST Delete: post-delete root_hash=[e3, b0, c4, 42, 98, fc, 1c, 14]...
🔧 MEST Add: keyword='management', fid='busi_00000462'
🔧 MEST Add: proof size=160 bytes, root_hash=[27, aa, 4e, fa, fd, 71, 87, 83]...
🗑️ MEST Delete: keyword='management', fid='busi_00000462' (key completely removed)
🗑️ MEST Delete: post-delete root_hash=[e3, b0, c4, 42, 98, fc, 1c, 14]...
🔧 MEST Add: keyword='management', fid='busi_00000469'
🔧 MEST Add: proof size=160 bytes, root_hash=[ad, 05, 25, f7, c6, d6, 00, 30]...
🗑️ MEST Delete: keyword='management', fid='busi_00000469' (key completely removed)
🗑️ MEST Delete: post-delete root_hash=[e3, b0, c4, 42, 98, fc, 1c, 14]...
🔧 MEST Add: keyword='textbook', fid='educ_00000476'
🔧 MEST Add: proof size=158 bytes, root_hash=[7a, 66, 17, ad, c9, 0a, da, 4e]...
🗑️ MEST Delete: keyword='textbook', fid='educ_00000476' (key completely removed)
🗑️ MEST Delete: post-delete root_hash=[e3, b0, c4, 42, 98, fc, 1c, 14]...
🔧 MEST Add: keyword='management', fid='busi_00000490'
🔧 MEST Add: proof size=160 bytes, root_hash=[fe, 4e, 6b, 1f, 74, dd, 56, 8b]...
🗑️ MEST Delete: keyword='management', fid='busi_00000490' (key completely removed)
🗑️ MEST Delete: post-delete root_hash=[e3, b0, c4, 42, 98, fc, 1c, 14]...
🔧 MEST Add: keyword='textbook', fid='educ_00000492'
🔧 MEST Add: proof size=158 bytes, root_hash=[ea, 4b, 4d, 49, 4d, 80, ff, c5]...
🔧 MEST Add: keyword='textbook', fid='educ_00000492'
🔧 MEST Add: proof size=158 bytes, root_hash=[ea, 4b, 4d, 49, 4d, 80, ff, c5]...
🗑️ MEST Delete: keyword='textbook', fid='educ_00000492' (key completely removed)
🗑️ MEST Delete: post-delete root_hash=[e3, b0, c4, 42, 98, fc, 1c, 14]...
🔧 MEST Add: keyword='sustainability', fid='envi_00000503'
🔧 MEST Add: proof size=164 bytes, root_hash=[76, 9e, 1e, 5f, 3e, 9d, 51, ce]...
🔧 MEST Add: keyword='sustainability', fid='envi_00000503'
🔧 MEST Add: proof size=164 bytes, root_hash=[76, 9e, 1e, 5f, 3e, 9d, 51, ce]...
🗑️ MEST Delete: keyword='sustainability', fid='envi_00000503' (key completely removed)
🗑️ MEST Delete: post-delete root_hash=[e3, b0, c4, 42, 98, fc, 1c, 14]...
🔧 MEST Add: keyword='textbook', fid='educ_00000508'
🔧 MEST Add: proof size=158 bytes, root_hash=[97, 35, c4, 94, 4b, 59, be, 5a]...
🗑️ MEST Delete: keyword='textbook', fid='educ_00000508' (key completely removed)
🗑️ MEST Delete: post-delete root_hash=[e3, b0, c4, 42, 98, fc, 1c, 14]...
🔧 MEST Add: keyword='management', fid='busi_00000525'
🔧 MEST Add: proof size=160 bytes, root_hash=[fe, 2f, 95, 93, 95, 2f, 05, 41]...
🗑️ MEST Delete: keyword='management', fid='busi_00000525' (key completely removed)
🗑️ MEST Delete: post-delete root_hash=[e3, b0, c4, 42, 98, fc, 1c, 14]...
🔧 MEST Add: keyword='sustainability', fid='envi_00000533'
🔧 MEST Add: proof size=164 bytes, root_hash=[11, 3d, bc, c5, 0c, ee, 46, f3]...
🔧 MEST Add: keyword='sustainability', fid='envi_00000533'
🔧 MEST Add: proof size=164 bytes, root_hash=[11, 3d, bc, c5, 0c, ee, 46, f3]...
🗑️ MEST Delete: keyword='sustainability', fid='envi_00000533' (key completely removed)
🗑️ MEST Delete: post-delete root_hash=[e3, b0, c4, 42, 98, fc, 1c, 14]...
🔧 MEST Add: keyword='diagnosis', fid='heal_00000540'
🔧 MEST Add: proof size=159 bytes, root_hash=[a1, d0, 54, ea, 07, 2e, da, a0]...
🗑️ MEST Delete: keyword='diagnosis', fid='heal_00000540' (key completely removed)
🗑️ MEST Delete: post-delete root_hash=[e3, b0, c4, 42, 98, fc, 1c, 14]...
🔧 MEST Add: keyword='diagnosis', fid='heal_00000546'
🔧 MEST Add: proof size=159 bytes, root_hash=[f9, 70, 0d, 60, 31, 2d, f6, cc]...
🗑️ MEST Delete: keyword='diagnosis', fid='heal_00000546' (key completely removed)
🗑️ MEST Delete: post-delete root_hash=[e3, b0, c4, 42, 98, fc, 1c, 14]...
🔧 MEST Add: keyword='management', fid='busi_00000553'
🔧 MEST Add: proof size=160 bytes, root_hash=[f3, b6, 7e, 00, 9b, b6, e4, c6]...
🔧 MEST Add: keyword='management', fid='busi_00000553'
🔧 MEST Add: proof size=160 bytes, root_hash=[f3, b6, 7e, 00, 9b, b6, e4, c6]...
🗑️ MEST Delete: keyword='management', fid='busi_00000553' (key completely removed)
🗑️ MEST Delete: post-delete root_hash=[e3, b0, c4, 42, 98, fc, 1c, 14]...
🔧 MEST Add: keyword='diagnosis', fid='heal_00000563'
🔧 MEST Add: proof size=159 bytes, root_hash=[c8, 3e, ca, 36, 38, 4f, c1, 5e]...
🔧 MEST Add: keyword='diagnosis', fid='heal_00000563'
🔧 MEST Add: proof size=159 bytes, root_hash=[c8, 3e, ca, 36, 38, 4f, c1, 5e]...
🗑️ MEST Delete: keyword='diagnosis', fid='heal_00000563' (key completely removed)
🗑️ MEST Delete: post-delete root_hash=[e3, b0, c4, 42, 98, fc, 1c, 14]...
🔧 MEST Add: keyword='climate', fid='envi_00000570'
🔧 MEST Add: proof size=157 bytes, root_hash=[d6, d4, 64, 65, ca, 8d, 80, 6b]...
🗑️ MEST Delete: keyword='climate', fid='envi_00000570' (key completely removed)
🗑️ MEST Delete: post-delete root_hash=[e3, b0, c4, 42, 98, fc, 1c, 14]...
🔧 MEST Add: keyword='diagnosis', fid='heal_00000574'
🔧 MEST Add: proof size=159 bytes, root_hash=[40, 09, 18, 05, 1f, 2d, 4b, 4d]...
🗑️ MEST Delete: keyword='diagnosis', fid='heal_00000574' (key completely removed)
🗑️ MEST Delete: post-delete root_hash=[e3, b0, c4, 42, 98, fc, 1c, 14]...
🔧 MEST Add: keyword='management', fid='busi_00000590'
🔧 MEST Add: proof size=160 bytes, root_hash=[f1, 28, 75, 4f, 4c, 73, 5c, cb]...
🔧 MEST Add: keyword='management', fid='busi_00000590'
🔧 MEST Add: proof size=160 bytes, root_hash=[f1, 28, 75, 4f, 4c, 73, 5c, cb]...
🗑️ MEST Delete: keyword='management', fid='busi_00000590' (key completely removed)
🗑️ MEST Delete: post-delete root_hash=[e3, b0, c4, 42, 98, fc, 1c, 14]...
🔧 MEST Add: keyword='climate', fid='envi_00000601'
🔧 MEST Add: proof size=157 bytes, root_hash=[50, 68, 69, 54, 10, 9c, 8d, 4c]...
🔧 MEST Add: keyword='climate', fid='envi_00000601'
🔧 MEST Add: proof size=157 bytes, root_hash=[50, 68, 69, 54, 10, 9c, 8d, 4c]...
🗑️ MEST Delete: keyword='climate', fid='envi_00000601' (key completely removed)
🗑️ MEST Delete: post-delete root_hash=[e3, b0, c4, 42, 98, fc, 1c, 14]...
🔧 MEST Add: keyword='diagnosis', fid='heal_00000612'
🔧 MEST Add: proof size=159 bytes, root_hash=[16, 54, be, 87, 3d, 6d, 06, 3a]...
🔧 MEST Add: keyword='diagnosis', fid='heal_00000612'
🔧 MEST Add: proof size=159 bytes, root_hash=[16, 54, be, 87, 3d, 6d, 06, 3a]...
🗑️ MEST Delete: keyword='diagnosis', fid='heal_00000612' (key completely removed)
🗑️ MEST Delete: post-delete root_hash=[e3, b0, c4, 42, 98, fc, 1c, 14]...
🔧 MEST Add: keyword='textbook', fid='educ_00000613'
🔧 MEST Add: proof size=158 bytes, root_hash=[e6, b0, 76, 13, 6c, 81, e5, c4]...
🔧 MEST Add: keyword='textbook', fid='educ_00000613'
🔧 MEST Add: proof size=158 bytes, root_hash=[e6, b0, 76, 13, 6c, 81, e5, c4]...
🗑️ MEST Delete: keyword='textbook', fid='educ_00000613' (key completely removed)
🗑️ MEST Delete: post-delete root_hash=[e3, b0, c4, 42, 98, fc, 1c, 14]...
🔧 MEST Add: keyword='management', fid='busi_00000614'
🔧 MEST Add: proof size=160 bytes, root_hash=[52, 49, 0b, 1a, 37, 2f, e9, 1a]...
🗑️ MEST Delete: keyword='management', fid='busi_00000614' (key completely removed)
🗑️ MEST Delete: post-delete root_hash=[e3, b0, c4, 42, 98, fc, 1c, 14]...
🔧 MEST Add: keyword='textbook', fid='educ_00000645'
🔧 MEST Add: proof size=158 bytes, root_hash=[f8, fe, cb, 08, b5, fc, 14, f4]...
🗑️ MEST Delete: keyword='textbook', fid='educ_00000645' (key completely removed)
🗑️ MEST Delete: post-delete root_hash=[e3, b0, c4, 42, 98, fc, 1c, 14]...
🔧 MEST Add: keyword='diagnosis', fid='heal_00000648'
🔧 MEST Add: proof size=159 bytes, root_hash=[8b, d1, c9, 00, b1, fb, 5b, 6e]...
🗑️ MEST Delete: keyword='diagnosis', fid='heal_00000648' (key completely removed)
🗑️ MEST Delete: post-delete root_hash=[e3, b0, c4, 42, 98, fc, 1c, 14]...
🔧 MEST Add: keyword='climate', fid='envi_00000663'
🔧 MEST Add: proof size=157 bytes, root_hash=[9b, 51, 8c, 2b, 84, 2f, b2, ab]...
🔧 MEST Add: keyword='sustainability', fid='envi_00000663'
🔧 MEST Add: proof size=196 bytes, root_hash=[31, 34, f0, 88, cb, 07, 90, 12]...
🗑️ MEST Delete: keyword='sustainability', fid='envi_00000663' (key completely removed)
🗑️ MEST Delete: post-delete root_hash=[9b, 51, 8c, 2b, 84, 2f, b2, ab]...
🗑️ MEST Delete: keyword='climate', fid='envi_00000663' (key completely removed)
🗑️ MEST Delete: post-delete root_hash=[e3, b0, c4, 42, 98, fc, 1c, 14]...
🔧 MEST Add: keyword='sustainability', fid='envi_00000678'
🔧 MEST Add: proof size=164 bytes, root_hash=[ab, d5, 26, 37, 45, 8f, 3b, 77]...
🗑️ MEST Delete: keyword='sustainability', fid='envi_00000678' (key completely removed)
🗑️ MEST Delete: post-delete root_hash=[e3, b0, c4, 42, 98, fc, 1c, 14]...
🔧 MEST Add: keyword='sustainability', fid='envi_00000689'
🔧 MEST Add: proof size=164 bytes, root_hash=[b7, 79, 5a, 17, 63, a0, 6d, 0a]...
🔧 MEST Add: keyword='sustainability', fid='envi_00000689'
🔧 MEST Add: proof size=164 bytes, root_hash=[b7, 79, 5a, 17, 63, a0, 6d, 0a]...
🗑️ MEST Delete: keyword='sustainability', fid='envi_00000689' (key completely removed)
🗑️ MEST Delete: post-delete root_hash=[e3, b0, c4, 42, 98, fc, 1c, 14]...
🔧 MEST Add: keyword='textbook', fid='educ_00000696'
🔧 MEST Add: proof size=158 bytes, root_hash=[3f, 54, 0e, 43, 5c, ec, 9b, 9f]...
🗑️ MEST Delete: keyword='textbook', fid='educ_00000696' (key completely removed)
🗑️ MEST Delete: post-delete root_hash=[e3, b0, c4, 42, 98, fc, 1c, 14]...
🔧 MEST Add: keyword='sustainability', fid='envi_00000698'
🔧 MEST Add: proof size=164 bytes, root_hash=[2e, 55, 38, 89, 08, b8, 2b, c6]...
🔧 MEST Add: keyword='sustainability', fid='envi_00000698'
🔧 MEST Add: proof size=164 bytes, root_hash=[2e, 55, 38, 89, 08, b8, 2b, c6]...
🗑️ MEST Delete: keyword='sustainability', fid='envi_00000698' (key completely removed)
🗑️ MEST Delete: post-delete root_hash=[e3, b0, c4, 42, 98, fc, 1c, 14]...
🔧 MEST Add: keyword='textbook', fid='educ_00000731'
🔧 MEST Add: proof size=158 bytes, root_hash=[03, f4, 10, ce, cb, 17, 40, b9]...
🗑️ MEST Delete: keyword='textbook', fid='educ_00000731' (key completely removed)
🗑️ MEST Delete: post-delete root_hash=[e3, b0, c4, 42, 98, fc, 1c, 14]...
🔧 MEST Add: keyword='climate', fid='envi_00000732'
🔧 MEST Add: proof size=157 bytes, root_hash=[7e, b6, b8, c4, db, 92, 31, cc]...
🗑️ MEST Delete: keyword='climate', fid='envi_00000732' (key completely removed)
🗑️ MEST Delete: post-delete root_hash=[e3, b0, c4, 42, 98, fc, 1c, 14]...
🔧 MEST Add: keyword='diagnosis', fid='heal_00000770'
🔧 MEST Add: proof size=159 bytes, root_hash=[85, 7c, 31, 06, 2b, e4, 8a, f8]...
🔧 MEST Add: keyword='diagnosis', fid='heal_00000770'
🔧 MEST Add: proof size=159 bytes, root_hash=[85, 7c, 31, 06, 2b, e4, 8a, f8]...
🗑️ MEST Delete: keyword='diagnosis', fid='heal_00000770' (key completely removed)
🗑️ MEST Delete: post-delete root_hash=[e3, b0, c4, 42, 98, fc, 1c, 14]...
🔧 MEST Add: keyword='management', fid='busi_00000781'
🔧 MEST Add: proof size=160 bytes, root_hash=[b2, 07, fb, f4, 67, 95, 7f, 42]...
🗑️ MEST Delete: keyword='management', fid='busi_00000781' (key completely removed)
🗑️ MEST Delete: post-delete root_hash=[e3, b0, c4, 42, 98, fc, 1c, 14]...
🔧 MEST Add: keyword='management', fid='busi_00000794'
🔧 MEST Add: proof size=160 bytes, root_hash=[96, 5a, e4, 27, f4, 88, 2d, a7]...
🔧 MEST Add: keyword='management', fid='busi_00000794'
🔧 MEST Add: proof size=160 bytes, root_hash=[96, 5a, e4, 27, f4, 88, 2d, a7]...
🗑️ MEST Delete: keyword='management', fid='busi_00000794' (key completely removed)
🗑️ MEST Delete: post-delete root_hash=[e3, b0, c4, 42, 98, fc, 1c, 14]...
🔧 MEST Add: keyword='management', fid='busi_00000796'
🔧 MEST Add: proof size=160 bytes, root_hash=[76, 37, a6, d0, 42, 0f, 71, 15]...
🗑️ MEST Delete: keyword='management', fid='busi_00000796' (key completely removed)
🗑️ MEST Delete: post-delete root_hash=[e3, b0, c4, 42, 98, fc, 1c, 14]...
🔧 MEST Add: keyword='textbook', fid='educ_00000805'
🔧 MEST Add: proof size=158 bytes, root_hash=[dc, 4d, a1, 4e, 31, c2, d4, cc]...
🗑️ MEST Delete: keyword='textbook', fid='educ_00000805' (key completely removed)
🗑️ MEST Delete: post-delete root_hash=[e3, b0, c4, 42, 98, fc, 1c, 14]...
🔧 MEST Add: keyword='sustainability', fid='envi_00000806'
🔧 MEST Add: proof size=164 bytes, root_hash=[f3, 50, 37, 12, 6f, c0, ee, 91]...
🗑️ MEST Delete: keyword='sustainability', fid='envi_00000806' (key completely removed)
🗑️ MEST Delete: post-delete root_hash=[e3, b0, c4, 42, 98, fc, 1c, 14]...
🔧 MEST Add: keyword='management', fid='busi_00000838'
🔧 MEST Add: proof size=160 bytes, root_hash=[d2, ed, 73, 0a, a0, 0e, ec, 8c]...
🔧 MEST Add: keyword='management', fid='busi_00000838'
🔧 MEST Add: proof size=160 bytes, root_hash=[d2, ed, 73, 0a, a0, 0e, ec, 8c]...
🗑️ MEST Delete: keyword='management', fid='busi_00000838' (key completely removed)
🗑️ MEST Delete: post-delete root_hash=[e3, b0, c4, 42, 98, fc, 1c, 14]...
🔧 MEST Add: keyword='diagnosis', fid='heal_00000845'
🔧 MEST Add: proof size=159 bytes, root_hash=[0d, 31, 38, f3, 11, 94, b0, aa]...
🗑️ MEST Delete: keyword='diagnosis', fid='heal_00000845' (key completely removed)
🗑️ MEST Delete: post-delete root_hash=[e3, b0, c4, 42, 98, fc, 1c, 14]...
🔧 MEST Add: keyword='sustainability', fid='envi_00000846'
🔧 MEST Add: proof size=164 bytes, root_hash=[5d, ac, 53, ec, 2b, c2, 2a, d5]...
🔧 MEST Add: keyword='sustainability', fid='envi_00000846'
🔧 MEST Add: proof size=164 bytes, root_hash=[5d, ac, 53, ec, 2b, c2, 2a, d5]...
🗑️ MEST Delete: keyword='sustainability', fid='envi_00000846' (key completely removed)
🗑️ MEST Delete: post-delete root_hash=[e3, b0, c4, 42, 98, fc, 1c, 14]...
🔧 MEST Add: keyword='sustainability', fid='envi_00000886'
🔧 MEST Add: proof size=164 bytes, root_hash=[2f, 9c, 3d, 04, a9, 65, 92, 50]...
🗑️ MEST Delete: keyword='sustainability', fid='envi_00000886' (key completely removed)
🗑️ MEST Delete: post-delete root_hash=[e3, b0, c4, 42, 98, fc, 1c, 14]...
🔧 MEST Add: keyword='climate', fid='envi_00000887'
🔧 MEST Add: proof size=157 bytes, root_hash=[ae, be, 54, 65, c8, e5, aa, da]...
🔧 MEST Add: keyword='sustainability', fid='envi_00000887'
🔧 MEST Add: proof size=196 bytes, root_hash=[e8, 03, 4d, ae, bd, f5, 1a, d0]...
🔧 MEST Add: keyword='sustainability', fid='envi_00000887'
🔧 MEST Add: proof size=196 bytes, root_hash=[e8, 03, 4d, ae, bd, f5, 1a, d0]...
🗑️ MEST Delete: keyword='climate', fid='envi_00000887' (key completely removed)
🗑️ MEST Delete: post-delete root_hash=[ae, be, 54, 65, c8, e5, aa, da]...
🗑️ MEST Delete: keyword='sustainability', fid='envi_00000887' (key completely removed)
🗑️ MEST Delete: post-delete root_hash=[e3, b0, c4, 42, 98, fc, 1c, 14]...
🔧 MEST Add: keyword='textbook', fid='educ_00000890'
🔧 MEST Add: proof size=158 bytes, root_hash=[c3, 6e, 50, dd, 0b, b8, da, e5]...
🔧 MEST Add: keyword='textbook', fid='educ_00000890'
🔧 MEST Add: proof size=158 bytes, root_hash=[c3, 6e, 50, dd, 0b, b8, da, e5]...
🗑️ MEST Delete: keyword='textbook', fid='educ_00000890' (key completely removed)
🗑️ MEST Delete: post-delete root_hash=[e3, b0, c4, 42, 98, fc, 1c, 14]...
🔧 MEST Add: keyword='textbook', fid='educ_00000913'
🔧 MEST Add: proof size=158 bytes, root_hash=[57, 94, 2d, 6d, 7d, b4, 07, 92]...
🔧 MEST Add: keyword='textbook', fid='educ_00000913'
🔧 MEST Add: proof size=158 bytes, root_hash=[57, 94, 2d, 6d, 7d, b4, 07, 92]...
🗑️ MEST Delete: keyword='textbook', fid='educ_00000913' (key completely removed)
🗑️ MEST Delete: post-delete root_hash=[e3, b0, c4, 42, 98, fc, 1c, 14]...
🔧 MEST Add: keyword='diagnosis', fid='heal_00000917'
🔧 MEST Add: proof size=159 bytes, root_hash=[d5, 0d, de, de, d4, 0a, e0, d3]...
🗑️ MEST Delete: keyword='diagnosis', fid='heal_00000917' (key completely removed)
🗑️ MEST Delete: post-delete root_hash=[e3, b0, c4, 42, 98, fc, 1c, 14]...
🔧 MEST Add: keyword='diagnosis', fid='heal_00000924'
🔧 MEST Add: proof size=159 bytes, root_hash=[87, a9, 3d, 79, 51, 18, 62, 43]...
🗑️ MEST Delete: keyword='diagnosis', fid='heal_00000924' (key completely removed)
🗑️ MEST Delete: post-delete root_hash=[e3, b0, c4, 42, 98, fc, 1c, 14]...
🔧 MEST Add: keyword='management', fid='busi_00000928'
🔧 MEST Add: proof size=160 bytes, root_hash=[9d, 9f, 22, 3b, 50, 89, e5, e8]...
🔧 MEST Add: keyword='management', fid='busi_00000928'
🔧 MEST Add: proof size=160 bytes, root_hash=[9d, 9f, 22, 3b, 50, 89, e5, e8]...
🗑️ MEST Delete: keyword='management', fid='busi_00000928' (key completely removed)
🗑️ MEST Delete: post-delete root_hash=[e3, b0, c4, 42, 98, fc, 1c, 14]...
🔧 MEST Add: keyword='management', fid='busi_00000969'
🔧 MEST Add: proof size=160 bytes, root_hash=[7b, 93, 0d, 27, 74, 8d, 4a, 5f]...
🗑️ MEST Delete: keyword='management', fid='busi_00000969' (key completely removed)
🗑️ MEST Delete: post-delete root_hash=[e3, b0, c4, 42, 98, fc, 1c, 14]...
🔧 MEST Add: keyword='textbook', fid='educ_00000975'
🔧 MEST Add: proof size=158 bytes, root_hash=[e3, 94, 23, a3, c1, c7, 0f, 63]...
🔧 MEST Add: keyword='textbook', fid='educ_00000975'
🔧 MEST Add: proof size=158 bytes, root_hash=[e3, 94, 23, a3, c1, c7, 0f, 63]...
🗑️ MEST Delete: keyword='textbook', fid='educ_00000975' (key completely removed)
🗑️ MEST Delete: post-delete root_hash=[e3, b0, c4, 42, 98, fc, 1c, 14]...
🔧 MEST Add: keyword='management', fid='busi_00000980'
🔧 MEST Add: proof size=160 bytes, root_hash=[32, 4d, 5f, 28, 96, 77, 94, a8]...
🗑️ MEST Delete: keyword='management', fid='busi_00000980' (key completely removed)
🗑️ MEST Delete: post-delete root_hash=[e3, b0, c4, 42, 98, fc, 1c, 14]...
