warning: profiles for the non root package will be ignored, specify profiles at the workspace root:
package:   /root/distributed-storage-system/crates/storager/ads_lib/Cargo.toml
workspace: /root/distributed-storage-system/Cargo.toml
warning: value assigned to `is_change` is never read
   --> crates/storager/ads_lib/src/mpt/mpt.rs:256:21
    |
256 |             let mut is_change = false;
    |                     ^^^^^^^^^
    |
    = help: maybe it is overwritten before being read?
    = note: `#[warn(unused_assignments)]` on by default

warning: value assigned to `is_change` is never read
   --> crates/storager/ads_lib/src/mpt/mpt.rs:462:25
    |
462 |                 let mut is_change = false;
    |                         ^^^^^^^^^
    |
    = help: maybe it is overwritten before being read?

warning: unused variable: `had_value`
   --> crates/storager/ads_lib/src/mpt/mpt.rs:526:21
    |
526 |                 let had_value = !old_value_str.is_empty();
    |                     ^^^^^^^^^ help: if this is intentional, prefix it with an underscore: `_had_value`
    |
    = note: `#[warn(unused_variables)]` on by default

warning: associated functions `short_node_batch_fix` and `full_node_batch_fix` are never used
    --> crates/storager/ads_lib/src/mpt/mpt.rs:1743:8
     |
  50 | impl MPT {
     | -------- associated functions in this implementation
...
1743 |     fn short_node_batch_fix(node: Arc<RwLock<ShortNode>>) -> Result<(), MPTError> {
     |        ^^^^^^^^^^^^^^^^^^^^
...
1748 |     fn full_node_batch_fix(node: Arc<RwLock<FullNode>>) -> Result<(), MPTError> {
     |        ^^^^^^^^^^^^^^^^^^^
     |
     = note: `#[warn(dead_code)]` on by default

warning: function `hash_mgt_node` is never used
   --> crates/storager/ads_lib/src/mest/proof.rs:253:4
    |
253 | fn hash_mgt_node(children: &[[u8; 32]]) -> [u8; 32] {
    |    ^^^^^^^^^^^^^

warning: `ads_rust` (lib) generated 5 warnings
warning: unused variable: `acc_old`
   --> crates/common/src/verification.rs:721:13
    |
721 |         let acc_old = match G1Affine::deserialize_uncompressed(&proof[offset..offset + acc_old_len]) {
    |             ^^^^^^^ help: if this is intentional, prefix it with an underscore: `_acc_old`
    |
    = note: `#[warn(unused_variables)]` on by default

warning: `common` (lib) generated 1 warning
warning: unused imports: `Digest` and `Sha256`
   --> crates/storager/src/ads/acctrie_ads.rs:452:20
    |
452 |         use sha2::{Digest, Sha256};
    |                    ^^^^^^  ^^^^^^
    |
    = note: `#[warn(unused_imports)]` on by default

warning: `storager` (lib) generated 1 warning (run `cargo fix --lib -p storager` to apply 1 suggestion)
    Finished `release` profile [optimized] target(s) in 0.16s
     Running `target/release/storager 50091 mest`
🔧 MEST Add: keyword='celebrity', fid='ente_00000025'
🔧 MEST Add: proof size=159 bytes, root_hash=[8a, c5, 74, bb, 9f, 3f, d3, 6f]...
🗑️ MEST Delete: keyword='celebrity', fid='ente_00000025' (key completely removed)
🗑️ MEST Delete: post-delete root_hash=[e3, b0, c4, 42, 98, fc, 1c, 14]...
🔧 MEST Add: keyword='celebrity', fid='ente_00000079'
🔧 MEST Add: proof size=159 bytes, root_hash=[f2, 01, 9a, 35, 9a, d6, ed, 92]...
🔧 MEST Add: keyword='celebrity', fid='ente_00000079'
🔧 MEST Add: proof size=159 bytes, root_hash=[f2, 01, 9a, 35, 9a, d6, ed, 92]...
🗑️ MEST Delete: keyword='celebrity', fid='ente_00000079' (key completely removed)
🗑️ MEST Delete: post-delete root_hash=[e3, b0, c4, 42, 98, fc, 1c, 14]...
🔧 MEST Add: keyword='celebrity', fid='ente_00000121'
🔧 MEST Add: proof size=159 bytes, root_hash=[c4, 2c, 70, bf, c1, 70, 80, 18]...
🔧 MEST Add: keyword='celebrity', fid='ente_00000121'
🔧 MEST Add: proof size=159 bytes, root_hash=[c4, 2c, 70, bf, c1, 70, 80, 18]...
🗑️ MEST Delete: keyword='celebrity', fid='ente_00000121' (key completely removed)
🗑️ MEST Delete: post-delete root_hash=[e3, b0, c4, 42, 98, fc, 1c, 14]...
🔧 MEST Add: keyword='celebrity', fid='ente_00000139'
🔧 MEST Add: proof size=159 bytes, root_hash=[88, e5, 29, fc, bb, 26, 52, 21]...
🗑️ MEST Delete: keyword='celebrity', fid='ente_00000139' (key completely removed)
🗑️ MEST Delete: post-delete root_hash=[e3, b0, c4, 42, 98, fc, 1c, 14]...
🔧 MEST Add: keyword='celebrity', fid='ente_00000170'
🔧 MEST Add: proof size=159 bytes, root_hash=[5e, 76, 73, 73, 87, ad, d6, be]...
🔧 MEST Add: keyword='celebrity', fid='ente_00000170'
🔧 MEST Add: proof size=159 bytes, root_hash=[5e, 76, 73, 73, 87, ad, d6, be]...
🗑️ MEST Delete: keyword='celebrity', fid='ente_00000170' (key completely removed)
🗑️ MEST Delete: post-delete root_hash=[e3, b0, c4, 42, 98, fc, 1c, 14]...
🔧 MEST Add: keyword='celebrity', fid='ente_00000246'
🔧 MEST Add: proof size=159 bytes, root_hash=[47, 6b, b3, b4, 67, 83, 47, 0d]...
🔧 MEST Add: keyword='celebrity', fid='ente_00000246'
🔧 MEST Add: proof size=159 bytes, root_hash=[47, 6b, b3, b4, 67, 83, 47, 0d]...
🗑️ MEST Delete: keyword='celebrity', fid='ente_00000246' (key completely removed)
🗑️ MEST Delete: post-delete root_hash=[e3, b0, c4, 42, 98, fc, 1c, 14]...
🔧 MEST Add: keyword='celebrity', fid='ente_00000371'
🔧 MEST Add: proof size=159 bytes, root_hash=[20, d0, bc, 29, ce, 08, ce, b9]...
🔧 MEST Add: keyword='celebrity', fid='ente_00000371'
🔧 MEST Add: proof size=159 bytes, root_hash=[20, d0, bc, 29, ce, 08, ce, b9]...
🗑️ MEST Delete: keyword='celebrity', fid='ente_00000371' (key completely removed)
🗑️ MEST Delete: post-delete root_hash=[e3, b0, c4, 42, 98, fc, 1c, 14]...
🔧 MEST Add: keyword='celebrity', fid='ente_00000403'
🔧 MEST Add: proof size=159 bytes, root_hash=[8b, eb, fe, 84, 89, 85, 51, e2]...
🗑️ MEST Delete: keyword='celebrity', fid='ente_00000403' (key completely removed)
🗑️ MEST Delete: post-delete root_hash=[e3, b0, c4, 42, 98, fc, 1c, 14]...
🔧 MEST Add: keyword='celebrity', fid='ente_00000452'
🔧 MEST Add: proof size=159 bytes, root_hash=[e4, 6d, 47, ee, 80, dc, 48, a4]...
🗑️ MEST Delete: keyword='celebrity', fid='ente_00000452' (key completely removed)
🗑️ MEST Delete: post-delete root_hash=[e3, b0, c4, 42, 98, fc, 1c, 14]...
🔧 MEST Add: keyword='celebrity', fid='ente_00000497'
🔧 MEST Add: proof size=159 bytes, root_hash=[5a, 6c, 76, b9, 49, 7a, 92, 4c]...
🗑️ MEST Delete: keyword='celebrity', fid='ente_00000497' (key completely removed)
🗑️ MEST Delete: post-delete root_hash=[e3, b0, c4, 42, 98, fc, 1c, 14]...
🔧 MEST Add: keyword='celebrity', fid='ente_00000523'
🔧 MEST Add: proof size=159 bytes, root_hash=[96, b4, 5d, da, 85, 4c, c6, 17]...
🗑️ MEST Delete: keyword='celebrity', fid='ente_00000523' (key completely removed)
🗑️ MEST Delete: post-delete root_hash=[e3, b0, c4, 42, 98, fc, 1c, 14]...
🔧 MEST Add: keyword='celebrity', fid='ente_00000559'
🔧 MEST Add: proof size=159 bytes, root_hash=[d5, 61, ae, d0, 3d, af, 26, 41]...
🗑️ MEST Delete: keyword='celebrity', fid='ente_00000559' (key completely removed)
🗑️ MEST Delete: post-delete root_hash=[e3, b0, c4, 42, 98, fc, 1c, 14]...
🔧 MEST Add: keyword='celebrity', fid='ente_00000589'
🔧 MEST Add: proof size=159 bytes, root_hash=[68, 31, 07, 2f, 4d, 59, 90, b9]...
🔧 MEST Add: keyword='celebrity', fid='ente_00000589'
🔧 MEST Add: proof size=159 bytes, root_hash=[68, 31, 07, 2f, 4d, 59, 90, b9]...
🗑️ MEST Delete: keyword='celebrity', fid='ente_00000589' (key completely removed)
🗑️ MEST Delete: post-delete root_hash=[e3, b0, c4, 42, 98, fc, 1c, 14]...
🔧 MEST Add: keyword='celebrity', fid='ente_00000655'
🔧 MEST Add: proof size=159 bytes, root_hash=[7d, 54, dc, d2, c8, bf, 43, ce]...
🗑️ MEST Delete: keyword='celebrity', fid='ente_00000655' (key completely removed)
🗑️ MEST Delete: post-delete root_hash=[e3, b0, c4, 42, 98, fc, 1c, 14]...
🔧 MEST Add: keyword='celebrity', fid='ente_00000776'
🔧 MEST Add: proof size=159 bytes, root_hash=[3e, 12, 8b, 5c, 23, d3, 91, c7]...
🔧 MEST Add: keyword='celebrity', fid='ente_00000776'
🔧 MEST Add: proof size=159 bytes, root_hash=[3e, 12, 8b, 5c, 23, d3, 91, c7]...
🗑️ MEST Delete: keyword='celebrity', fid='ente_00000776' (key completely removed)
🗑️ MEST Delete: post-delete root_hash=[e3, b0, c4, 42, 98, fc, 1c, 14]...
🔧 MEST Add: keyword='celebrity', fid='ente_00000810'
🔧 MEST Add: proof size=159 bytes, root_hash=[92, 87, 91, b2, ce, dd, cf, 6e]...
🔧 MEST Add: keyword='celebrity', fid='ente_00000810'
🔧 MEST Add: proof size=159 bytes, root_hash=[92, 87, 91, b2, ce, dd, cf, 6e]...
🗑️ MEST Delete: keyword='celebrity', fid='ente_00000810' (key completely removed)
🗑️ MEST Delete: post-delete root_hash=[e3, b0, c4, 42, 98, fc, 1c, 14]...
🔧 MEST Add: keyword='celebrity', fid='ente_00000977'
🔧 MEST Add: proof size=159 bytes, root_hash=[e5, 4c, 2a, a6, 25, 08, be, bc]...
🔧 MEST Add: keyword='celebrity', fid='ente_00000977'
🔧 MEST Add: proof size=159 bytes, root_hash=[e5, 4c, 2a, a6, 25, 08, be, bc]...
🗑️ MEST Delete: keyword='celebrity', fid='ente_00000977' (key completely removed)
🗑️ MEST Delete: post-delete root_hash=[e3, b0, c4, 42, 98, fc, 1c, 14]...
