warning: profiles for the non root package will be ignored, specify profiles at the workspace root:
package:   /root/distributed-storage-system/crates/storager/ads_lib/Cargo.toml
workspace: /root/distributed-storage-system/Cargo.toml
warning: value assigned to `is_change` is never read
   --> crates/storager/ads_lib/src/mpt/mpt.rs:256:21
    |
256 |             let mut is_change = false;
    |                     ^^^^^^^^^
    |
    = help: maybe it is overwritten before being read?
    = note: `#[warn(unused_assignments)]` on by default

warning: value assigned to `is_change` is never read
   --> crates/storager/ads_lib/src/mpt/mpt.rs:462:25
    |
462 |                 let mut is_change = false;
    |                         ^^^^^^^^^
    |
    = help: maybe it is overwritten before being read?

warning: unused variable: `had_value`
   --> crates/storager/ads_lib/src/mpt/mpt.rs:526:21
    |
526 |                 let had_value = !old_value_str.is_empty();
    |                     ^^^^^^^^^ help: if this is intentional, prefix it with an underscore: `_had_value`
    |
    = note: `#[warn(unused_variables)]` on by default

warning: associated functions `short_node_batch_fix` and `full_node_batch_fix` are never used
    --> crates/storager/ads_lib/src/mpt/mpt.rs:1743:8
     |
  50 | impl MPT {
     | -------- associated functions in this implementation
...
1743 |     fn short_node_batch_fix(node: Arc<RwLock<ShortNode>>) -> Result<(), MPTError> {
     |        ^^^^^^^^^^^^^^^^^^^^
...
1748 |     fn full_node_batch_fix(node: Arc<RwLock<FullNode>>) -> Result<(), MPTError> {
     |        ^^^^^^^^^^^^^^^^^^^
     |
     = note: `#[warn(dead_code)]` on by default

warning: function `hash_mgt_node` is never used
   --> crates/storager/ads_lib/src/mest/proof.rs:253:4
    |
253 | fn hash_mgt_node(children: &[[u8; 32]]) -> [u8; 32] {
    |    ^^^^^^^^^^^^^

warning: `ads_rust` (lib) generated 5 warnings
warning: unused variable: `acc_old`
   --> crates/common/src/verification.rs:721:13
    |
721 |         let acc_old = match G1Affine::deserialize_uncompressed(&proof[offset..offset + acc_old_len]) {
    |             ^^^^^^^ help: if this is intentional, prefix it with an underscore: `_acc_old`
    |
    = note: `#[warn(unused_variables)]` on by default

warning: `common` (lib) generated 1 warning
warning: unused imports: `Digest` and `Sha256`
   --> crates/storager/src/ads/acctrie_ads.rs:452:20
    |
452 |         use sha2::{Digest, Sha256};
    |                    ^^^^^^  ^^^^^^
    |
    = note: `#[warn(unused_imports)]` on by default

warning: `storager` (lib) generated 1 warning (run `cargo fix --lib -p storager` to apply 1 suggestion)
    Finished `release` profile [optimized] target(s) in 0.16s
     Running `target/release/storager 50062 mest`
🔧 MEST Add: keyword='iot', fid='tech_00000010'
🔧 MEST Add: proof size=153 bytes, root_hash=[d3, 81, 87, e2, 99, 93, e0, 37]...
🗑️ MEST Delete: keyword='iot', fid='tech_00000010' (key completely removed)
🗑️ MEST Delete: post-delete root_hash=[e3, b0, c4, 42, 98, fc, 1c, 14]...
🔧 MEST Add: keyword='iot', fid='tech_00000015'
🔧 MEST Add: proof size=153 bytes, root_hash=[34, 1f, d3, d3, ee, f3, 23, df]...
🔧 MEST Add: keyword='iot', fid='tech_00000015'
🔧 MEST Add: proof size=153 bytes, root_hash=[34, 1f, d3, d3, ee, f3, 23, df]...
🗑️ MEST Delete: keyword='iot', fid='tech_00000015' (key completely removed)
🗑️ MEST Delete: post-delete root_hash=[e3, b0, c4, 42, 98, fc, 1c, 14]...
🔧 MEST Add: keyword='iot', fid='tech_00000056'
🔧 MEST Add: proof size=153 bytes, root_hash=[68, d2, 8c, cc, b3, 0a, 4d, 75]...
🗑️ MEST Delete: keyword='iot', fid='tech_00000056' (key completely removed)
🗑️ MEST Delete: post-delete root_hash=[e3, b0, c4, 42, 98, fc, 1c, 14]...
🔧 MEST Add: keyword='iot', fid='tech_00000072'
🔧 MEST Add: proof size=153 bytes, root_hash=[27, 27, 3e, c5, e4, c3, 4f, e2]...
🔧 MEST Add: keyword='iot', fid='tech_00000072'
🔧 MEST Add: proof size=153 bytes, root_hash=[27, 27, 3e, c5, e4, c3, 4f, e2]...
🗑️ MEST Delete: keyword='iot', fid='tech_00000072' (key completely removed)
🗑️ MEST Delete: post-delete root_hash=[e3, b0, c4, 42, 98, fc, 1c, 14]...
🔧 MEST Add: keyword='iot', fid='tech_00000197'
🔧 MEST Add: proof size=153 bytes, root_hash=[78, 8c, be, 28, 31, e1, f0, f1]...
🗑️ MEST Delete: keyword='iot', fid='tech_00000197' (key completely removed)
🗑️ MEST Delete: post-delete root_hash=[e3, b0, c4, 42, 98, fc, 1c, 14]...
🔧 MEST Add: keyword='iot', fid='tech_00000205'
🔧 MEST Add: proof size=153 bytes, root_hash=[05, 3a, ec, 7f, e7, 48, 4d, a2]...
🔧 MEST Add: keyword='iot', fid='tech_00000205'
🔧 MEST Add: proof size=153 bytes, root_hash=[05, 3a, ec, 7f, e7, 48, 4d, a2]...
🗑️ MEST Delete: keyword='iot', fid='tech_00000205' (key completely removed)
🗑️ MEST Delete: post-delete root_hash=[e3, b0, c4, 42, 98, fc, 1c, 14]...
🔧 MEST Add: keyword='iot', fid='tech_00000260'
🔧 MEST Add: proof size=153 bytes, root_hash=[c7, 01, 0d, fa, 08, c2, ad, 38]...
🗑️ MEST Delete: keyword='iot', fid='tech_00000260' (key completely removed)
🗑️ MEST Delete: post-delete root_hash=[e3, b0, c4, 42, 98, fc, 1c, 14]...
🔧 MEST Add: keyword='iot', fid='tech_00000309'
🔧 MEST Add: proof size=153 bytes, root_hash=[3e, 7b, 40, 80, 51, d7, 98, 14]...
🔧 MEST Add: keyword='iot', fid='tech_00000309'
🔧 MEST Add: proof size=153 bytes, root_hash=[3e, 7b, 40, 80, 51, d7, 98, 14]...
🗑️ MEST Delete: keyword='iot', fid='tech_00000309' (key completely removed)
🗑️ MEST Delete: post-delete root_hash=[e3, b0, c4, 42, 98, fc, 1c, 14]...
🔧 MEST Add: keyword='iot', fid='tech_00000326'
🔧 MEST Add: proof size=153 bytes, root_hash=[7f, fa, 5d, 64, ac, 86, ea, 2e]...
🗑️ MEST Delete: keyword='iot', fid='tech_00000326' (key completely removed)
🗑️ MEST Delete: post-delete root_hash=[e3, b0, c4, 42, 98, fc, 1c, 14]...
🔧 MEST Add: keyword='iot', fid='tech_00000397'
🔧 MEST Add: proof size=153 bytes, root_hash=[fe, d9, d0, 3c, e5, da, 8a, f9]...
🔧 MEST Add: keyword='iot', fid='tech_00000397'
🔧 MEST Add: proof size=153 bytes, root_hash=[fe, d9, d0, 3c, e5, da, 8a, f9]...
🗑️ MEST Delete: keyword='iot', fid='tech_00000397' (key completely removed)
🗑️ MEST Delete: post-delete root_hash=[e3, b0, c4, 42, 98, fc, 1c, 14]...
🔧 MEST Add: keyword='iot', fid='tech_00000411'
🔧 MEST Add: proof size=153 bytes, root_hash=[90, d9, a8, 0b, 97, 98, 2a, a2]...
🔧 MEST Add: keyword='iot', fid='tech_00000411'
🔧 MEST Add: proof size=153 bytes, root_hash=[90, d9, a8, 0b, 97, 98, 2a, a2]...
🗑️ MEST Delete: keyword='iot', fid='tech_00000411' (key completely removed)
🗑️ MEST Delete: post-delete root_hash=[e3, b0, c4, 42, 98, fc, 1c, 14]...
🔧 MEST Add: keyword='iot', fid='tech_00000465'
🔧 MEST Add: proof size=153 bytes, root_hash=[50, 07, 8e, fc, 4f, 07, ad, 09]...
🗑️ MEST Delete: keyword='iot', fid='tech_00000465' (key completely removed)
🗑️ MEST Delete: post-delete root_hash=[e3, b0, c4, 42, 98, fc, 1c, 14]...
🔧 MEST Add: keyword='iot', fid='tech_00000470'
🔧 MEST Add: proof size=153 bytes, root_hash=[d5, aa, 5f, 5d, 62, b1, b9, 70]...
🗑️ MEST Delete: keyword='iot', fid='tech_00000470' (key completely removed)
🗑️ MEST Delete: post-delete root_hash=[e3, b0, c4, 42, 98, fc, 1c, 14]...
🔧 MEST Add: keyword='iot', fid='tech_00000471'
🔧 MEST Add: proof size=153 bytes, root_hash=[9a, 0c, 7e, 7d, eb, 4a, fc, b9]...
🗑️ MEST Delete: keyword='iot', fid='tech_00000471' (key completely removed)
🗑️ MEST Delete: post-delete root_hash=[e3, b0, c4, 42, 98, fc, 1c, 14]...
🔧 MEST Add: keyword='iot', fid='tech_00000474'
🔧 MEST Add: proof size=153 bytes, root_hash=[a3, 02, ea, 90, e3, 2a, af, e7]...
🔧 MEST Add: keyword='iot', fid='tech_00000474'
🔧 MEST Add: proof size=153 bytes, root_hash=[a3, 02, ea, 90, e3, 2a, af, e7]...
🗑️ MEST Delete: keyword='iot', fid='tech_00000474' (key completely removed)
🗑️ MEST Delete: post-delete root_hash=[e3, b0, c4, 42, 98, fc, 1c, 14]...
🔧 MEST Add: keyword='iot', fid='tech_00000493'
🔧 MEST Add: proof size=153 bytes, root_hash=[7a, ab, ed, cb, 56, 86, c4, 5f]...
🗑️ MEST Delete: keyword='iot', fid='tech_00000493' (key completely removed)
🗑️ MEST Delete: post-delete root_hash=[e3, b0, c4, 42, 98, fc, 1c, 14]...
🔧 MEST Add: keyword='iot', fid='tech_00000581'
🔧 MEST Add: proof size=153 bytes, root_hash=[7c, 55, 21, a8, e3, 7d, c2, 61]...
🔧 MEST Add: keyword='iot', fid='tech_00000581'
🔧 MEST Add: proof size=153 bytes, root_hash=[7c, 55, 21, a8, e3, 7d, c2, 61]...
🗑️ MEST Delete: keyword='iot', fid='tech_00000581' (key completely removed)
🗑️ MEST Delete: post-delete root_hash=[e3, b0, c4, 42, 98, fc, 1c, 14]...
🔧 MEST Add: keyword='iot', fid='tech_00000615'
🔧 MEST Add: proof size=153 bytes, root_hash=[59, bf, 98, 66, 0b, f1, 70, 3c]...
🗑️ MEST Delete: keyword='iot', fid='tech_00000615' (key completely removed)
🗑️ MEST Delete: post-delete root_hash=[e3, b0, c4, 42, 98, fc, 1c, 14]...
🔧 MEST Add: keyword='iot', fid='tech_00000671'
🔧 MEST Add: proof size=153 bytes, root_hash=[96, 8f, 6a, 10, 98, 28, 99, a6]...
🔧 MEST Add: keyword='iot', fid='tech_00000671'
🔧 MEST Add: proof size=153 bytes, root_hash=[96, 8f, 6a, 10, 98, 28, 99, a6]...
🗑️ MEST Delete: keyword='iot', fid='tech_00000671' (key completely removed)
🗑️ MEST Delete: post-delete root_hash=[e3, b0, c4, 42, 98, fc, 1c, 14]...
🔧 MEST Add: keyword='iot', fid='tech_00000672'
🔧 MEST Add: proof size=153 bytes, root_hash=[6c, d1, 52, 64, 51, 34, 74, af]...
🔧 MEST Add: keyword='iot', fid='tech_00000672'
🔧 MEST Add: proof size=153 bytes, root_hash=[6c, d1, 52, 64, 51, 34, 74, af]...
🗑️ MEST Delete: keyword='iot', fid='tech_00000672' (key completely removed)
🗑️ MEST Delete: post-delete root_hash=[e3, b0, c4, 42, 98, fc, 1c, 14]...
🔧 MEST Add: keyword='iot', fid='tech_00000725'
🔧 MEST Add: proof size=153 bytes, root_hash=[5d, 1b, 8c, 0f, 1a, 72, 19, 89]...
🗑️ MEST Delete: keyword='iot', fid='tech_00000725' (key completely removed)
🗑️ MEST Delete: post-delete root_hash=[e3, b0, c4, 42, 98, fc, 1c, 14]...
🔧 MEST Add: keyword='iot', fid='tech_00000730'
🔧 MEST Add: proof size=153 bytes, root_hash=[c1, 5d, bd, 89, 10, ae, 07, d1]...
🔧 MEST Add: keyword='iot', fid='tech_00000730'
🔧 MEST Add: proof size=153 bytes, root_hash=[c1, 5d, bd, 89, 10, ae, 07, d1]...
🗑️ MEST Delete: keyword='iot', fid='tech_00000730' (key completely removed)
🗑️ MEST Delete: post-delete root_hash=[e3, b0, c4, 42, 98, fc, 1c, 14]...
🔧 MEST Add: keyword='iot', fid='tech_00000741'
🔧 MEST Add: proof size=153 bytes, root_hash=[13, 1e, ab, 0c, 3a, 8b, 3b, 56]...
🔧 MEST Add: keyword='iot', fid='tech_00000741'
🔧 MEST Add: proof size=153 bytes, root_hash=[13, 1e, ab, 0c, 3a, 8b, 3b, 56]...
🗑️ MEST Delete: keyword='iot', fid='tech_00000741' (key completely removed)
🗑️ MEST Delete: post-delete root_hash=[e3, b0, c4, 42, 98, fc, 1c, 14]...
🔧 MEST Add: keyword='iot', fid='tech_00000769'
🔧 MEST Add: proof size=153 bytes, root_hash=[69, 07, e4, f8, da, 64, 5b, c2]...
🔧 MEST Add: keyword='iot', fid='tech_00000769'
🔧 MEST Add: proof size=153 bytes, root_hash=[69, 07, e4, f8, da, 64, 5b, c2]...
🗑️ MEST Delete: keyword='iot', fid='tech_00000769' (key completely removed)
🗑️ MEST Delete: post-delete root_hash=[e3, b0, c4, 42, 98, fc, 1c, 14]...
🔧 MEST Add: keyword='iot', fid='tech_00000784'
🔧 MEST Add: proof size=153 bytes, root_hash=[ba, 42, b4, 55, d0, 26, 65, 88]...
🗑️ MEST Delete: keyword='iot', fid='tech_00000784' (key completely removed)
🗑️ MEST Delete: post-delete root_hash=[e3, b0, c4, 42, 98, fc, 1c, 14]...
🔧 MEST Add: keyword='iot', fid='tech_00000859'
🔧 MEST Add: proof size=153 bytes, root_hash=[77, d1, 53, 26, 0b, b8, 20, 4a]...
🔧 MEST Add: keyword='iot', fid='tech_00000859'
🔧 MEST Add: proof size=153 bytes, root_hash=[77, d1, 53, 26, 0b, b8, 20, 4a]...
🗑️ MEST Delete: keyword='iot', fid='tech_00000859' (key completely removed)
🗑️ MEST Delete: post-delete root_hash=[e3, b0, c4, 42, 98, fc, 1c, 14]...
🔧 MEST Add: keyword='iot', fid='tech_00000863'
🔧 MEST Add: proof size=153 bytes, root_hash=[b3, 5a, f0, a9, f7, 6a, 90, 6d]...
🔧 MEST Add: keyword='iot', fid='tech_00000863'
🔧 MEST Add: proof size=153 bytes, root_hash=[b3, 5a, f0, a9, f7, 6a, 90, 6d]...
🗑️ MEST Delete: keyword='iot', fid='tech_00000863' (key completely removed)
🗑️ MEST Delete: post-delete root_hash=[e3, b0, c4, 42, 98, fc, 1c, 14]...
🔧 MEST Add: keyword='iot', fid='tech_00000881'
🔧 MEST Add: proof size=153 bytes, root_hash=[9b, 0f, 7f, 82, eb, a4, 34, f1]...
🔧 MEST Add: keyword='iot', fid='tech_00000881'
🔧 MEST Add: proof size=153 bytes, root_hash=[9b, 0f, 7f, 82, eb, a4, 34, f1]...
🗑️ MEST Delete: keyword='iot', fid='tech_00000881' (key completely removed)
🗑️ MEST Delete: post-delete root_hash=[e3, b0, c4, 42, 98, fc, 1c, 14]...
🔧 MEST Add: keyword='iot', fid='tech_00000910'
🔧 MEST Add: proof size=153 bytes, root_hash=[9a, 56, a2, 40, 00, 9c, c3, 52]...
🗑️ MEST Delete: keyword='iot', fid='tech_00000910' (key completely removed)
🗑️ MEST Delete: post-delete root_hash=[e3, b0, c4, 42, 98, fc, 1c, 14]...
🔧 MEST Add: keyword='iot', fid='tech_00000914'
🔧 MEST Add: proof size=153 bytes, root_hash=[b5, 6c, e2, 8d, ca, 53, 1b, a9]...
🔧 MEST Add: keyword='iot', fid='tech_00000914'
🔧 MEST Add: proof size=153 bytes, root_hash=[b5, 6c, e2, 8d, ca, 53, 1b, a9]...
🗑️ MEST Delete: keyword='iot', fid='tech_00000914' (key completely removed)
🗑️ MEST Delete: post-delete root_hash=[e3, b0, c4, 42, 98, fc, 1c, 14]...
🔧 MEST Add: keyword='iot', fid='tech_00000936'
🔧 MEST Add: proof size=153 bytes, root_hash=[a6, 46, 0f, 19, 6e, 8a, 95, f7]...
🗑️ MEST Delete: keyword='iot', fid='tech_00000936' (key completely removed)
🗑️ MEST Delete: post-delete root_hash=[e3, b0, c4, 42, 98, fc, 1c, 14]...
