warning: profiles for the non root package will be ignored, specify profiles at the workspace root:
package:   /root/distributed-storage-system/crates/storager/ads_lib/Cargo.toml
workspace: /root/distributed-storage-system/Cargo.toml
warning: value assigned to `is_change` is never read
   --> crates/storager/ads_lib/src/mpt/mpt.rs:256:21
    |
256 |             let mut is_change = false;
    |                     ^^^^^^^^^
    |
    = help: maybe it is overwritten before being read?
    = note: `#[warn(unused_assignments)]` on by default

warning: value assigned to `is_change` is never read
   --> crates/storager/ads_lib/src/mpt/mpt.rs:462:25
    |
462 |                 let mut is_change = false;
    |                         ^^^^^^^^^
    |
    = help: maybe it is overwritten before being read?

warning: unused variable: `had_value`
   --> crates/storager/ads_lib/src/mpt/mpt.rs:526:21
    |
526 |                 let had_value = !old_value_str.is_empty();
    |                     ^^^^^^^^^ help: if this is intentional, prefix it with an underscore: `_had_value`
    |
    = note: `#[warn(unused_variables)]` on by default

warning: associated functions `short_node_batch_fix` and `full_node_batch_fix` are never used
    --> crates/storager/ads_lib/src/mpt/mpt.rs:1743:8
     |
  50 | impl MPT {
     | -------- associated functions in this implementation
...
1743 |     fn short_node_batch_fix(node: Arc<RwLock<ShortNode>>) -> Result<(), MPTError> {
     |        ^^^^^^^^^^^^^^^^^^^^
...
1748 |     fn full_node_batch_fix(node: Arc<RwLock<FullNode>>) -> Result<(), MPTError> {
     |        ^^^^^^^^^^^^^^^^^^^
     |
     = note: `#[warn(dead_code)]` on by default

warning: function `hash_mgt_node` is never used
   --> crates/storager/ads_lib/src/mest/proof.rs:253:4
    |
253 | fn hash_mgt_node(children: &[[u8; 32]]) -> [u8; 32] {
    |    ^^^^^^^^^^^^^

warning: `ads_rust` (lib) generated 5 warnings
warning: unused variable: `acc_old`
   --> crates/common/src/verification.rs:721:13
    |
721 |         let acc_old = match G1Affine::deserialize_uncompressed(&proof[offset..offset + acc_old_len]) {
    |             ^^^^^^^ help: if this is intentional, prefix it with an underscore: `_acc_old`
    |
    = note: `#[warn(unused_variables)]` on by default

warning: `common` (lib) generated 1 warning
warning: unused imports: `Digest` and `Sha256`
   --> crates/storager/src/ads/acctrie_ads.rs:452:20
    |
452 |         use sha2::{Digest, Sha256};
    |                    ^^^^^^  ^^^^^^
    |
    = note: `#[warn(unused_imports)]` on by default

warning: `storager` (lib) generated 1 warning (run `cargo fix --lib -p storager` to apply 1 suggestion)
    Finished `release` profile [optimized] target(s) in 0.15s
     Running `target/release/storager 50099 mest`
🔧 MEST Add: keyword='network', fid='tech_00000007'
🔧 MEST Add: proof size=157 bytes, root_hash=[ac, f5, 33, 27, 80, 2c, bb, 4b]...
🗑️ MEST Delete: keyword='network', fid='tech_00000007' (key completely removed)
🗑️ MEST Delete: post-delete root_hash=[e3, b0, c4, 42, 98, fc, 1c, 14]...
🔧 MEST Add: keyword='movie', fid='ente_00000012'
🔧 MEST Add: proof size=155 bytes, root_hash=[58, 1a, ec, c6, 57, ea, 13, 9b]...
🔧 MEST Add: keyword='movie', fid='ente_00000012'
🔧 MEST Add: proof size=155 bytes, root_hash=[58, 1a, ec, c6, 57, ea, 13, 9b]...
🗑️ MEST Delete: keyword='movie', fid='ente_00000012' (key completely removed)
🗑️ MEST Delete: post-delete root_hash=[e3, b0, c4, 42, 98, fc, 1c, 14]...
🔧 MEST Add: keyword='marketing', fid='busi_00000033'
🔧 MEST Add: proof size=159 bytes, root_hash=[67, 7b, bc, ec, ab, bf, 30, a2]...
🗑️ MEST Delete: keyword='marketing', fid='busi_00000033' (key completely removed)
🗑️ MEST Delete: post-delete root_hash=[e3, b0, c4, 42, 98, fc, 1c, 14]...
🔧 MEST Add: keyword='marketing', fid='busi_00000065'
🔧 MEST Add: proof size=159 bytes, root_hash=[8e, a9, 40, 17, 82, c9, b6, ab]...
🔧 MEST Add: keyword='marketing', fid='busi_00000065'
🔧 MEST Add: proof size=159 bytes, root_hash=[8e, a9, 40, 17, 82, c9, b6, ab]...
🗑️ MEST Delete: keyword='marketing', fid='busi_00000065' (key completely removed)
🗑️ MEST Delete: post-delete root_hash=[e3, b0, c4, 42, 98, fc, 1c, 14]...
🔧 MEST Add: keyword='marketing', fid='busi_00000067'
🔧 MEST Add: proof size=159 bytes, root_hash=[29, 4e, 32, 0d, b0, 86, 29, 22]...
🗑️ MEST Delete: keyword='marketing', fid='busi_00000067' (key completely removed)
🗑️ MEST Delete: post-delete root_hash=[e3, b0, c4, 42, 98, fc, 1c, 14]...
🔧 MEST Add: keyword='marketing', fid='busi_00000089'
🔧 MEST Add: proof size=159 bytes, root_hash=[07, 23, df, cd, 7c, 59, cf, 55]...
🗑️ MEST Delete: keyword='marketing', fid='busi_00000089' (key completely removed)
🗑️ MEST Delete: post-delete root_hash=[e3, b0, c4, 42, 98, fc, 1c, 14]...
🔧 MEST Add: keyword='network', fid='tech_00000103'
🔧 MEST Add: proof size=157 bytes, root_hash=[41, ec, 2e, 35, 4d, c0, c1, de]...
🗑️ MEST Delete: keyword='network', fid='tech_00000103' (key completely removed)
🗑️ MEST Delete: post-delete root_hash=[e3, b0, c4, 42, 98, fc, 1c, 14]...
🔧 MEST Add: keyword='network', fid='tech_00000108'
🔧 MEST Add: proof size=157 bytes, root_hash=[8c, f0, ac, 12, 70, 9d, 1b, cb]...
🗑️ MEST Delete: keyword='network', fid='tech_00000108' (key completely removed)
🗑️ MEST Delete: post-delete root_hash=[e3, b0, c4, 42, 98, fc, 1c, 14]...
🔧 MEST Add: keyword='marketing', fid='busi_00000109'
🔧 MEST Add: proof size=159 bytes, root_hash=[58, cc, 43, d2, fb, c3, 28, ba]...
🗑️ MEST Delete: keyword='marketing', fid='busi_00000109' (key completely removed)
🗑️ MEST Delete: post-delete root_hash=[e3, b0, c4, 42, 98, fc, 1c, 14]...
🔧 MEST Add: keyword='marketing', fid='busi_00000115'
🔧 MEST Add: proof size=159 bytes, root_hash=[91, 31, f7, 00, e3, 6f, d7, 36]...
🔧 MEST Add: keyword='marketing', fid='busi_00000115'
🔧 MEST Add: proof size=159 bytes, root_hash=[91, 31, f7, 00, e3, 6f, d7, 36]...
🗑️ MEST Delete: keyword='marketing', fid='busi_00000115' (key completely removed)
🗑️ MEST Delete: post-delete root_hash=[e3, b0, c4, 42, 98, fc, 1c, 14]...
🔧 MEST Add: keyword='movie', fid='ente_00000139'
🔧 MEST Add: proof size=155 bytes, root_hash=[88, e5, 29, fc, bb, 26, 52, 21]...
🗑️ MEST Delete: keyword='movie', fid='ente_00000139' (key completely removed)
🗑️ MEST Delete: post-delete root_hash=[e3, b0, c4, 42, 98, fc, 1c, 14]...
🔧 MEST Add: keyword='marketing', fid='busi_00000160'
🔧 MEST Add: proof size=159 bytes, root_hash=[22, 13, 07, 1b, 9a, d1, 0d, 9c]...
🗑️ MEST Delete: keyword='marketing', fid='busi_00000160' (key completely removed)
🗑️ MEST Delete: post-delete root_hash=[e3, b0, c4, 42, 98, fc, 1c, 14]...
🔧 MEST Add: keyword='network', fid='tech_00000187'
🔧 MEST Add: proof size=157 bytes, root_hash=[8e, 7b, 03, c1, 65, 04, 7a, a4]...
🗑️ MEST Delete: keyword='network', fid='tech_00000187' (key completely removed)
🗑️ MEST Delete: post-delete root_hash=[e3, b0, c4, 42, 98, fc, 1c, 14]...
🔧 MEST Add: keyword='movie', fid='ente_00000192'
🔧 MEST Add: proof size=155 bytes, root_hash=[bd, b3, 25, 76, 78, 93, 23, 5d]...
🗑️ MEST Delete: keyword='movie', fid='ente_00000192' (key completely removed)
🗑️ MEST Delete: post-delete root_hash=[e3, b0, c4, 42, 98, fc, 1c, 14]...
🔧 MEST Add: keyword='movie', fid='ente_00000199'
🔧 MEST Add: proof size=155 bytes, root_hash=[ae, 95, 90, 5e, 67, 6d, b9, 3d]...
🗑️ MEST Delete: keyword='movie', fid='ente_00000199' (key completely removed)
🗑️ MEST Delete: post-delete root_hash=[e3, b0, c4, 42, 98, fc, 1c, 14]...
🔧 MEST Add: keyword='network', fid='tech_00000203'
🔧 MEST Add: proof size=157 bytes, root_hash=[ca, 17, ac, e4, 83, 6c, 92, bd]...
🗑️ MEST Delete: keyword='network', fid='tech_00000203' (key completely removed)
🗑️ MEST Delete: post-delete root_hash=[e3, b0, c4, 42, 98, fc, 1c, 14]...
🔧 MEST Add: keyword='network', fid='tech_00000210'
🔧 MEST Add: proof size=157 bytes, root_hash=[4a, 5f, 84, 01, b0, 9b, 3f, fa]...
🔧 MEST Add: keyword='network', fid='tech_00000210'
🔧 MEST Add: proof size=157 bytes, root_hash=[4a, 5f, 84, 01, b0, 9b, 3f, fa]...
🗑️ MEST Delete: keyword='network', fid='tech_00000210' (key completely removed)
🗑️ MEST Delete: post-delete root_hash=[e3, b0, c4, 42, 98, fc, 1c, 14]...
🔧 MEST Add: keyword='network', fid='tech_00000230'
🔧 MEST Add: proof size=157 bytes, root_hash=[a6, df, c8, 01, 9b, fd, 00, 03]...
🔧 MEST Add: keyword='network', fid='tech_00000230'
🔧 MEST Add: proof size=157 bytes, root_hash=[a6, df, c8, 01, 9b, fd, 00, 03]...
🗑️ MEST Delete: keyword='network', fid='tech_00000230' (key completely removed)
🗑️ MEST Delete: post-delete root_hash=[e3, b0, c4, 42, 98, fc, 1c, 14]...
🔧 MEST Add: keyword='network', fid='tech_00000231'
🔧 MEST Add: proof size=157 bytes, root_hash=[10, 81, e1, a9, cf, f7, 2f, b0]...
🗑️ MEST Delete: keyword='network', fid='tech_00000231' (key completely removed)
🗑️ MEST Delete: post-delete root_hash=[e3, b0, c4, 42, 98, fc, 1c, 14]...
🔧 MEST Add: keyword='marketing', fid='busi_00000273'
🔧 MEST Add: proof size=159 bytes, root_hash=[9c, 28, 79, 40, b5, 35, 37, d3]...
🔧 MEST Add: keyword='marketing', fid='busi_00000273'
🔧 MEST Add: proof size=159 bytes, root_hash=[9c, 28, 79, 40, b5, 35, 37, d3]...
🗑️ MEST Delete: keyword='marketing', fid='busi_00000273' (key completely removed)
🗑️ MEST Delete: post-delete root_hash=[e3, b0, c4, 42, 98, fc, 1c, 14]...
🔧 MEST Add: keyword='network', fid='tech_00000279'
🔧 MEST Add: proof size=157 bytes, root_hash=[2f, 1e, 75, aa, c7, 13, ca, 11]...
🗑️ MEST Delete: keyword='network', fid='tech_00000279' (key completely removed)
🗑️ MEST Delete: post-delete root_hash=[e3, b0, c4, 42, 98, fc, 1c, 14]...
🔧 MEST Add: keyword='marketing', fid='busi_00000283'
🔧 MEST Add: proof size=159 bytes, root_hash=[42, e4, d7, 85, 75, 55, b8, 13]...
🗑️ MEST Delete: keyword='marketing', fid='busi_00000283' (key completely removed)
🗑️ MEST Delete: post-delete root_hash=[e3, b0, c4, 42, 98, fc, 1c, 14]...
🔧 MEST Add: keyword='marketing', fid='busi_00000298'
🔧 MEST Add: proof size=159 bytes, root_hash=[64, 1a, 68, 12, b4, 52, f5, c2]...
🗑️ MEST Delete: keyword='marketing', fid='busi_00000298' (key completely removed)
🗑️ MEST Delete: post-delete root_hash=[e3, b0, c4, 42, 98, fc, 1c, 14]...
🔧 MEST Add: keyword='network', fid='tech_00000318'
🔧 MEST Add: proof size=157 bytes, root_hash=[fc, be, cd, f3, dd, f7, 4e, e8]...
🔧 MEST Add: keyword='network', fid='tech_00000318'
🔧 MEST Add: proof size=157 bytes, root_hash=[fc, be, cd, f3, dd, f7, 4e, e8]...
🗑️ MEST Delete: keyword='network', fid='tech_00000318' (key completely removed)
🗑️ MEST Delete: post-delete root_hash=[e3, b0, c4, 42, 98, fc, 1c, 14]...
🔧 MEST Add: keyword='network', fid='tech_00000338'
🔧 MEST Add: proof size=157 bytes, root_hash=[69, fb, 66, 4e, 73, b7, 5d, d2]...
🔧 MEST Add: keyword='network', fid='tech_00000338'
🔧 MEST Add: proof size=157 bytes, root_hash=[69, fb, 66, 4e, 73, b7, 5d, d2]...
🗑️ MEST Delete: keyword='network', fid='tech_00000338' (key completely removed)
🗑️ MEST Delete: post-delete root_hash=[e3, b0, c4, 42, 98, fc, 1c, 14]...
🔧 MEST Add: keyword='movie', fid='ente_00000363'
🔧 MEST Add: proof size=155 bytes, root_hash=[78, 54, ad, 68, 86, 64, e4, 19]...
🔧 MEST Add: keyword='movie', fid='ente_00000363'
🔧 MEST Add: proof size=155 bytes, root_hash=[78, 54, ad, 68, 86, 64, e4, 19]...
🗑️ MEST Delete: keyword='movie', fid='ente_00000363' (key completely removed)
🗑️ MEST Delete: post-delete root_hash=[e3, b0, c4, 42, 98, fc, 1c, 14]...
🔧 MEST Add: keyword='network', fid='tech_00000364'
🔧 MEST Add: proof size=157 bytes, root_hash=[24, 0d, 08, 30, 71, 72, 50, a7]...
🔧 MEST Add: keyword='network', fid='tech_00000364'
🔧 MEST Add: proof size=157 bytes, root_hash=[24, 0d, 08, 30, 71, 72, 50, a7]...
🗑️ MEST Delete: keyword='network', fid='tech_00000364' (key completely removed)
🗑️ MEST Delete: post-delete root_hash=[e3, b0, c4, 42, 98, fc, 1c, 14]...
🔧 MEST Add: keyword='movie', fid='ente_00000390'
🔧 MEST Add: proof size=155 bytes, root_hash=[d4, eb, 7d, 6b, 19, 42, 73, 0b]...
🔧 MEST Add: keyword='movie', fid='ente_00000390'
🔧 MEST Add: proof size=155 bytes, root_hash=[d4, eb, 7d, 6b, 19, 42, 73, 0b]...
🗑️ MEST Delete: keyword='movie', fid='ente_00000390' (key completely removed)
🗑️ MEST Delete: post-delete root_hash=[e3, b0, c4, 42, 98, fc, 1c, 14]...
🔧 MEST Add: keyword='network', fid='tech_00000432'
🔧 MEST Add: proof size=157 bytes, root_hash=[57, 4e, e2, ec, 08, fc, 77, e0]...
🗑️ MEST Delete: keyword='network', fid='tech_00000432' (key completely removed)
🗑️ MEST Delete: post-delete root_hash=[e3, b0, c4, 42, 98, fc, 1c, 14]...
🔧 MEST Add: keyword='marketing', fid='busi_00000445'
🔧 MEST Add: proof size=159 bytes, root_hash=[ac, 42, 93, b3, fa, 18, 73, ae]...
🗑️ MEST Delete: keyword='marketing', fid='busi_00000445' (key completely removed)
🗑️ MEST Delete: post-delete root_hash=[e3, b0, c4, 42, 98, fc, 1c, 14]...
🔧 MEST Add: keyword='movie', fid='ente_00000464'
🔧 MEST Add: proof size=155 bytes, root_hash=[f7, 50, d4, ce, 8e, 21, bf, 39]...
🗑️ MEST Delete: keyword='movie', fid='ente_00000464' (key completely removed)
🗑️ MEST Delete: post-delete root_hash=[e3, b0, c4, 42, 98, fc, 1c, 14]...
🔧 MEST Add: keyword='network', fid='tech_00000470'
🔧 MEST Add: proof size=157 bytes, root_hash=[d5, aa, 5f, 5d, 62, b1, b9, 70]...
🔧 MEST Add: keyword='network', fid='tech_00000470'
🔧 MEST Add: proof size=157 bytes, root_hash=[d5, aa, 5f, 5d, 62, b1, b9, 70]...
🗑️ MEST Delete: keyword='network', fid='tech_00000470' (key completely removed)
🗑️ MEST Delete: post-delete root_hash=[e3, b0, c4, 42, 98, fc, 1c, 14]...
🔧 MEST Add: keyword='marketing', fid='busi_00000490'
🔧 MEST Add: proof size=159 bytes, root_hash=[fe, 4e, 6b, 1f, 74, dd, 56, 8b]...
🔧 MEST Add: keyword='marketing', fid='busi_00000490'
🔧 MEST Add: proof size=159 bytes, root_hash=[fe, 4e, 6b, 1f, 74, dd, 56, 8b]...
🗑️ MEST Delete: keyword='marketing', fid='busi_00000490' (key completely removed)
🗑️ MEST Delete: post-delete root_hash=[e3, b0, c4, 42, 98, fc, 1c, 14]...
🔧 MEST Add: keyword='marketing', fid='busi_00000495'
🔧 MEST Add: proof size=159 bytes, root_hash=[d0, 02, 3d, d0, fb, ef, 20, b5]...
🔧 MEST Add: keyword='marketing', fid='busi_00000495'
🔧 MEST Add: proof size=159 bytes, root_hash=[d0, 02, 3d, d0, fb, ef, 20, b5]...
🗑️ MEST Delete: keyword='marketing', fid='busi_00000495' (key completely removed)
🗑️ MEST Delete: post-delete root_hash=[e3, b0, c4, 42, 98, fc, 1c, 14]...
🔧 MEST Add: keyword='movie', fid='ente_00000497'
🔧 MEST Add: proof size=155 bytes, root_hash=[5a, 6c, 76, b9, 49, 7a, 92, 4c]...
🗑️ MEST Delete: keyword='movie', fid='ente_00000497' (key completely removed)
🗑️ MEST Delete: post-delete root_hash=[e3, b0, c4, 42, 98, fc, 1c, 14]...
🔧 MEST Add: keyword='movie', fid='ente_00000517'
🔧 MEST Add: proof size=155 bytes, root_hash=[e3, 30, b2, 7d, 91, eb, ac, f6]...
🔧 MEST Add: keyword='movie', fid='ente_00000517'
🔧 MEST Add: proof size=155 bytes, root_hash=[e3, 30, b2, 7d, 91, eb, ac, f6]...
🗑️ MEST Delete: keyword='movie', fid='ente_00000517' (key completely removed)
🗑️ MEST Delete: post-delete root_hash=[e3, b0, c4, 42, 98, fc, 1c, 14]...
🔧 MEST Add: keyword='network', fid='tech_00000519'
🔧 MEST Add: proof size=157 bytes, root_hash=[37, c5, 53, 06, 99, da, 41, e8]...
🗑️ MEST Delete: keyword='network', fid='tech_00000519' (key completely removed)
🗑️ MEST Delete: post-delete root_hash=[e3, b0, c4, 42, 98, fc, 1c, 14]...
🔧 MEST Add: keyword='network', fid='tech_00000529'
🔧 MEST Add: proof size=157 bytes, root_hash=[4e, 38, 7e, fc, 81, 57, 80, 24]...
🗑️ MEST Delete: keyword='network', fid='tech_00000529' (key completely removed)
🗑️ MEST Delete: post-delete root_hash=[e3, b0, c4, 42, 98, fc, 1c, 14]...
🔧 MEST Add: keyword='network', fid='tech_00000538'
🔧 MEST Add: proof size=157 bytes, root_hash=[be, 8e, c9, 17, ac, 4d, 39, 3b]...
🔧 MEST Add: keyword='network', fid='tech_00000538'
🔧 MEST Add: proof size=157 bytes, root_hash=[be, 8e, c9, 17, ac, 4d, 39, 3b]...
🗑️ MEST Delete: keyword='network', fid='tech_00000538' (key completely removed)
🗑️ MEST Delete: post-delete root_hash=[e3, b0, c4, 42, 98, fc, 1c, 14]...
🔧 MEST Add: keyword='network', fid='tech_00000577'
🔧 MEST Add: proof size=157 bytes, root_hash=[0e, 38, 23, c4, b9, f5, 31, 72]...
🔧 MEST Add: keyword='network', fid='tech_00000577'
🔧 MEST Add: proof size=157 bytes, root_hash=[0e, 38, 23, c4, b9, f5, 31, 72]...
🗑️ MEST Delete: keyword='network', fid='tech_00000577' (key completely removed)
🗑️ MEST Delete: post-delete root_hash=[e3, b0, c4, 42, 98, fc, 1c, 14]...
🔧 MEST Add: keyword='marketing', fid='busi_00000590'
🔧 MEST Add: proof size=159 bytes, root_hash=[f1, 28, 75, 4f, 4c, 73, 5c, cb]...
🗑️ MEST Delete: keyword='marketing', fid='busi_00000590' (key completely removed)
🗑️ MEST Delete: post-delete root_hash=[e3, b0, c4, 42, 98, fc, 1c, 14]...
🔧 MEST Add: keyword='network', fid='tech_00000611'
🔧 MEST Add: proof size=157 bytes, root_hash=[09, 4f, e1, f0, 3e, 3b, cf, 81]...
🗑️ MEST Delete: keyword='network', fid='tech_00000611' (key completely removed)
🗑️ MEST Delete: post-delete root_hash=[e3, b0, c4, 42, 98, fc, 1c, 14]...
🔧 MEST Add: keyword='marketing', fid='busi_00000614'
🔧 MEST Add: proof size=159 bytes, root_hash=[52, 49, 0b, 1a, 37, 2f, e9, 1a]...
🗑️ MEST Delete: keyword='marketing', fid='busi_00000614' (key completely removed)
🗑️ MEST Delete: post-delete root_hash=[e3, b0, c4, 42, 98, fc, 1c, 14]...
🔧 MEST Add: keyword='network', fid='tech_00000657'
🔧 MEST Add: proof size=157 bytes, root_hash=[75, 6e, ec, 04, b9, fe, 4b, 2c]...
🗑️ MEST Delete: keyword='network', fid='tech_00000657' (key completely removed)
🗑️ MEST Delete: post-delete root_hash=[e3, b0, c4, 42, 98, fc, 1c, 14]...
🔧 MEST Add: keyword='movie', fid='ente_00000661'
🔧 MEST Add: proof size=155 bytes, root_hash=[34, b8, e9, ae, 35, 1b, a8, a1]...
🗑️ MEST Delete: keyword='movie', fid='ente_00000661' (key completely removed)
🗑️ MEST Delete: post-delete root_hash=[e3, b0, c4, 42, 98, fc, 1c, 14]...
🔧 MEST Add: keyword='movie', fid='ente_00000675'
🔧 MEST Add: proof size=155 bytes, root_hash=[71, 80, 3a, c0, af, 87, bf, dd]...
🗑️ MEST Delete: keyword='movie', fid='ente_00000675' (key completely removed)
🗑️ MEST Delete: post-delete root_hash=[e3, b0, c4, 42, 98, fc, 1c, 14]...
🔧 MEST Add: keyword='movie', fid='ente_00000712'
🔧 MEST Add: proof size=155 bytes, root_hash=[db, 40, 6b, 62, 3b, 7b, 4f, f4]...
🔧 MEST Add: keyword='movie', fid='ente_00000712'
🔧 MEST Add: proof size=155 bytes, root_hash=[db, 40, 6b, 62, 3b, 7b, 4f, f4]...
🗑️ MEST Delete: keyword='movie', fid='ente_00000712' (key completely removed)
🗑️ MEST Delete: post-delete root_hash=[e3, b0, c4, 42, 98, fc, 1c, 14]...
🔧 MEST Add: keyword='network', fid='tech_00000725'
🔧 MEST Add: proof size=157 bytes, root_hash=[5d, 1b, 8c, 0f, 1a, 72, 19, 89]...
🗑️ MEST Delete: keyword='network', fid='tech_00000725' (key completely removed)
🗑️ MEST Delete: post-delete root_hash=[e3, b0, c4, 42, 98, fc, 1c, 14]...
🔧 MEST Add: keyword='movie', fid='ente_00000759'
🔧 MEST Add: proof size=155 bytes, root_hash=[4f, 1a, 53, 04, 86, d4, 52, 03]...
🗑️ MEST Delete: keyword='movie', fid='ente_00000759' (key completely removed)
🗑️ MEST Delete: post-delete root_hash=[e3, b0, c4, 42, 98, fc, 1c, 14]...
🔧 MEST Add: keyword='network', fid='tech_00000763'
🔧 MEST Add: proof size=157 bytes, root_hash=[20, 14, 08, 8f, 9a, 1f, 85, c6]...
🔧 MEST Add: keyword='network', fid='tech_00000763'
🔧 MEST Add: proof size=157 bytes, root_hash=[20, 14, 08, 8f, 9a, 1f, 85, c6]...
🗑️ MEST Delete: keyword='network', fid='tech_00000763' (key completely removed)
🗑️ MEST Delete: post-delete root_hash=[e3, b0, c4, 42, 98, fc, 1c, 14]...
🔧 MEST Add: keyword='network', fid='tech_00000787'
🔧 MEST Add: proof size=157 bytes, root_hash=[6c, 8a, 4f, 5e, 09, 63, 25, 88]...
🔧 MEST Add: keyword='network', fid='tech_00000787'
🔧 MEST Add: proof size=157 bytes, root_hash=[6c, 8a, 4f, 5e, 09, 63, 25, 88]...
🗑️ MEST Delete: keyword='network', fid='tech_00000787' (key completely removed)
🗑️ MEST Delete: post-delete root_hash=[e3, b0, c4, 42, 98, fc, 1c, 14]...
🔧 MEST Add: keyword='marketing', fid='busi_00000836'
🔧 MEST Add: proof size=159 bytes, root_hash=[19, c1, ff, f8, bc, 94, cc, cb]...
🗑️ MEST Delete: keyword='marketing', fid='busi_00000836' (key completely removed)
🗑️ MEST Delete: post-delete root_hash=[e3, b0, c4, 42, 98, fc, 1c, 14]...
🔧 MEST Add: keyword='network', fid='tech_00000850'
🔧 MEST Add: proof size=157 bytes, root_hash=[21, 58, a6, 75, f2, de, 1d, 44]...
🗑️ MEST Delete: keyword='network', fid='tech_00000850' (key completely removed)
🗑️ MEST Delete: post-delete root_hash=[e3, b0, c4, 42, 98, fc, 1c, 14]...
🔧 MEST Add: keyword='movie', fid='ente_00000861'
🔧 MEST Add: proof size=155 bytes, root_hash=[f0, 39, d8, 71, fc, 13, 7f, 8e]...
🗑️ MEST Delete: keyword='movie', fid='ente_00000861' (key completely removed)
🗑️ MEST Delete: post-delete root_hash=[e3, b0, c4, 42, 98, fc, 1c, 14]...
🔧 MEST Add: keyword='network', fid='tech_00000863'
🔧 MEST Add: proof size=157 bytes, root_hash=[b3, 5a, f0, a9, f7, 6a, 90, 6d]...
🗑️ MEST Delete: keyword='network', fid='tech_00000863' (key completely removed)
🗑️ MEST Delete: post-delete root_hash=[e3, b0, c4, 42, 98, fc, 1c, 14]...
🔧 MEST Add: keyword='marketing', fid='busi_00000871'
🔧 MEST Add: proof size=159 bytes, root_hash=[30, 99, d7, 67, 78, 3f, 47, e4]...
🔧 MEST Add: keyword='marketing', fid='busi_00000871'
🔧 MEST Add: proof size=159 bytes, root_hash=[30, 99, d7, 67, 78, 3f, 47, e4]...
🗑️ MEST Delete: keyword='marketing', fid='busi_00000871' (key completely removed)
🗑️ MEST Delete: post-delete root_hash=[e3, b0, c4, 42, 98, fc, 1c, 14]...
🔧 MEST Add: keyword='marketing', fid='busi_00000912'
🔧 MEST Add: proof size=159 bytes, root_hash=[4b, 78, ff, a4, 2e, c3, 57, 4b]...
🗑️ MEST Delete: keyword='marketing', fid='busi_00000912' (key completely removed)
🗑️ MEST Delete: post-delete root_hash=[e3, b0, c4, 42, 98, fc, 1c, 14]...
🔧 MEST Add: keyword='network', fid='tech_00000916'
🔧 MEST Add: proof size=157 bytes, root_hash=[90, 87, f9, fc, fb, ad, b3, 0f]...
🔧 MEST Add: keyword='network', fid='tech_00000916'
🔧 MEST Add: proof size=157 bytes, root_hash=[90, 87, f9, fc, fb, ad, b3, 0f]...
🗑️ MEST Delete: keyword='network', fid='tech_00000916' (key completely removed)
🗑️ MEST Delete: post-delete root_hash=[e3, b0, c4, 42, 98, fc, 1c, 14]...
🔧 MEST Add: keyword='marketing', fid='busi_00000918'
🔧 MEST Add: proof size=159 bytes, root_hash=[1a, d0, 50, c0, e9, b9, 81, 18]...
🔧 MEST Add: keyword='marketing', fid='busi_00000918'
🔧 MEST Add: proof size=159 bytes, root_hash=[1a, d0, 50, c0, e9, b9, 81, 18]...
🗑️ MEST Delete: keyword='marketing', fid='busi_00000918' (key completely removed)
🗑️ MEST Delete: post-delete root_hash=[e3, b0, c4, 42, 98, fc, 1c, 14]...
🔧 MEST Add: keyword='network', fid='tech_00000929'
🔧 MEST Add: proof size=157 bytes, root_hash=[6a, 87, f4, f6, 3f, dc, 32, a2]...
🗑️ MEST Delete: keyword='network', fid='tech_00000929' (key completely removed)
🗑️ MEST Delete: post-delete root_hash=[e3, b0, c4, 42, 98, fc, 1c, 14]...
🔧 MEST Add: keyword='movie', fid='ente_00000931'
🔧 MEST Add: proof size=155 bytes, root_hash=[ba, f9, 52, 7d, f8, e3, 9d, c4]...
🗑️ MEST Delete: keyword='movie', fid='ente_00000931' (key completely removed)
🗑️ MEST Delete: post-delete root_hash=[e3, b0, c4, 42, 98, fc, 1c, 14]...
