warning: profiles for the non root package will be ignored, specify profiles at the workspace root:
package:   /root/distributed-storage-system/crates/storager/ads_lib/Cargo.toml
workspace: /root/distributed-storage-system/Cargo.toml
warning: value assigned to `is_change` is never read
   --> crates/storager/ads_lib/src/mpt/mpt.rs:256:21
    |
256 |             let mut is_change = false;
    |                     ^^^^^^^^^
    |
    = help: maybe it is overwritten before being read?
    = note: `#[warn(unused_assignments)]` on by default

warning: value assigned to `is_change` is never read
   --> crates/storager/ads_lib/src/mpt/mpt.rs:462:25
    |
462 |                 let mut is_change = false;
    |                         ^^^^^^^^^
    |
    = help: maybe it is overwritten before being read?

warning: unused variable: `had_value`
   --> crates/storager/ads_lib/src/mpt/mpt.rs:526:21
    |
526 |                 let had_value = !old_value_str.is_empty();
    |                     ^^^^^^^^^ help: if this is intentional, prefix it with an underscore: `_had_value`
    |
    = note: `#[warn(unused_variables)]` on by default

warning: associated functions `short_node_batch_fix` and `full_node_batch_fix` are never used
    --> crates/storager/ads_lib/src/mpt/mpt.rs:1743:8
     |
  50 | impl MPT {
     | -------- associated functions in this implementation
...
1743 |     fn short_node_batch_fix(node: Arc<RwLock<ShortNode>>) -> Result<(), MPTError> {
     |        ^^^^^^^^^^^^^^^^^^^^
...
1748 |     fn full_node_batch_fix(node: Arc<RwLock<FullNode>>) -> Result<(), MPTError> {
     |        ^^^^^^^^^^^^^^^^^^^
     |
     = note: `#[warn(dead_code)]` on by default

warning: function `hash_mgt_node` is never used
   --> crates/storager/ads_lib/src/mest/proof.rs:253:4
    |
253 | fn hash_mgt_node(children: &[[u8; 32]]) -> [u8; 32] {
    |    ^^^^^^^^^^^^^

warning: `ads_rust` (lib) generated 5 warnings
warning: unused variable: `acc_old`
   --> crates/common/src/verification.rs:721:13
    |
721 |         let acc_old = match G1Affine::deserialize_uncompressed(&proof[offset..offset + acc_old_len]) {
    |             ^^^^^^^ help: if this is intentional, prefix it with an underscore: `_acc_old`
    |
    = note: `#[warn(unused_variables)]` on by default

warning: `common` (lib) generated 1 warning
warning: unused imports: `Digest` and `Sha256`
   --> crates/storager/src/ads/acctrie_ads.rs:452:20
    |
452 |         use sha2::{Digest, Sha256};
    |                    ^^^^^^  ^^^^^^
    |
    = note: `#[warn(unused_imports)]` on by default

warning: `storager` (lib) generated 1 warning (run `cargo fix --lib -p storager` to apply 1 suggestion)
    Finished `release` profile [optimized] target(s) in 0.15s
     Running `target/release/storager 50147 mest`
🔧 MEST Add: keyword='theory', fid='scie_00000030'
🔧 MEST Add: proof size=156 bytes, root_hash=[9e, 1a, 92, 3b, d1, d7, 41, 07]...
🔧 MEST Add: keyword='theory', fid='scie_00000030'
🔧 MEST Add: proof size=156 bytes, root_hash=[9e, 1a, 92, 3b, d1, d7, 41, 07]...
🗑️ MEST Delete: keyword='theory', fid='scie_00000030' (key completely removed)
🗑️ MEST Delete: post-delete root_hash=[e3, b0, c4, 42, 98, fc, 1c, 14]...
🔧 MEST Add: keyword='theory', fid='scie_00000050'
🔧 MEST Add: proof size=156 bytes, root_hash=[fc, 45, 11, 3e, 13, 6d, b0, 32]...
🔧 MEST Add: keyword='theory', fid='scie_00000050'
🔧 MEST Add: proof size=156 bytes, root_hash=[fc, 45, 11, 3e, 13, 6d, b0, 32]...
🗑️ MEST Delete: keyword='theory', fid='scie_00000050' (key completely removed)
🗑️ MEST Delete: post-delete root_hash=[e3, b0, c4, 42, 98, fc, 1c, 14]...
🔧 MEST Add: keyword='theory', fid='scie_00000068'
🔧 MEST Add: proof size=156 bytes, root_hash=[f2, 95, 78, b7, f7, 56, b1, 32]...
🗑️ MEST Delete: keyword='theory', fid='scie_00000068' (key completely removed)
🗑️ MEST Delete: post-delete root_hash=[e3, b0, c4, 42, 98, fc, 1c, 14]...
🔧 MEST Add: keyword='theory', fid='scie_00000080'
🔧 MEST Add: proof size=156 bytes, root_hash=[26, 98, ee, af, b5, ce, d2, 0a]...
🔧 MEST Add: keyword='theory', fid='scie_00000080'
🔧 MEST Add: proof size=156 bytes, root_hash=[26, 98, ee, af, b5, ce, d2, 0a]...
🗑️ MEST Delete: keyword='theory', fid='scie_00000080' (key completely removed)
🗑️ MEST Delete: post-delete root_hash=[e3, b0, c4, 42, 98, fc, 1c, 14]...
🔧 MEST Add: keyword='theory', fid='scie_00000259'
🔧 MEST Add: proof size=156 bytes, root_hash=[bc, 00, 2b, a3, 60, e3, a8, 4e]...
🔧 MEST Add: keyword='theory', fid='scie_00000259'
🔧 MEST Add: proof size=156 bytes, root_hash=[bc, 00, 2b, a3, 60, e3, a8, 4e]...
🗑️ MEST Delete: keyword='theory', fid='scie_00000259' (key completely removed)
🗑️ MEST Delete: post-delete root_hash=[e3, b0, c4, 42, 98, fc, 1c, 14]...
🔧 MEST Add: keyword='theory', fid='scie_00000276'
🔧 MEST Add: proof size=156 bytes, root_hash=[cb, 68, ee, 6d, 57, 7e, 2f, 5e]...
🗑️ MEST Delete: keyword='theory', fid='scie_00000276' (key completely removed)
🗑️ MEST Delete: post-delete root_hash=[e3, b0, c4, 42, 98, fc, 1c, 14]...
🔧 MEST Add: keyword='theory', fid='scie_00000412'
🔧 MEST Add: proof size=156 bytes, root_hash=[2b, 70, 1d, 3e, 20, 4c, 73, 61]...
🔧 MEST Add: keyword='theory', fid='scie_00000412'
🔧 MEST Add: proof size=156 bytes, root_hash=[2b, 70, 1d, 3e, 20, 4c, 73, 61]...
🗑️ MEST Delete: keyword='theory', fid='scie_00000412' (key completely removed)
🗑️ MEST Delete: post-delete root_hash=[e3, b0, c4, 42, 98, fc, 1c, 14]...
🔧 MEST Add: keyword='theory', fid='scie_00000477'
🔧 MEST Add: proof size=156 bytes, root_hash=[01, 06, 73, 3c, 8e, 06, e9, e5]...
🔧 MEST Add: keyword='theory', fid='scie_00000477'
🔧 MEST Add: proof size=156 bytes, root_hash=[01, 06, 73, 3c, 8e, 06, e9, e5]...
🗑️ MEST Delete: keyword='theory', fid='scie_00000477' (key completely removed)
🗑️ MEST Delete: post-delete root_hash=[e3, b0, c4, 42, 98, fc, 1c, 14]...
🔧 MEST Add: keyword='theory', fid='scie_00000549'
🔧 MEST Add: proof size=156 bytes, root_hash=[19, a6, be, 05, 11, 1e, d5, c7]...
🗑️ MEST Delete: keyword='theory', fid='scie_00000549' (key completely removed)
🗑️ MEST Delete: post-delete root_hash=[e3, b0, c4, 42, 98, fc, 1c, 14]...
🔧 MEST Add: keyword='theory', fid='scie_00000569'
🔧 MEST Add: proof size=156 bytes, root_hash=[44, e4, b2, 45, 60, f5, 2c, 77]...
🔧 MEST Add: keyword='theory', fid='scie_00000569'
🔧 MEST Add: proof size=156 bytes, root_hash=[44, e4, b2, 45, 60, f5, 2c, 77]...
🗑️ MEST Delete: keyword='theory', fid='scie_00000569' (key completely removed)
🗑️ MEST Delete: post-delete root_hash=[e3, b0, c4, 42, 98, fc, 1c, 14]...
🔧 MEST Add: keyword='theory', fid='scie_00000587'
🔧 MEST Add: proof size=156 bytes, root_hash=[76, d8, 1e, 64, d2, 35, f5, a1]...
🔧 MEST Add: keyword='theory', fid='scie_00000587'
🔧 MEST Add: proof size=156 bytes, root_hash=[76, d8, 1e, 64, d2, 35, f5, a1]...
🗑️ MEST Delete: keyword='theory', fid='scie_00000587' (key completely removed)
🗑️ MEST Delete: post-delete root_hash=[e3, b0, c4, 42, 98, fc, 1c, 14]...
🔧 MEST Add: keyword='theory', fid='scie_00000598'
🔧 MEST Add: proof size=156 bytes, root_hash=[9f, 30, ae, e9, 5a, 7b, 62, ba]...
🗑️ MEST Delete: keyword='theory', fid='scie_00000598' (key completely removed)
🗑️ MEST Delete: post-delete root_hash=[e3, b0, c4, 42, 98, fc, 1c, 14]...
🔧 MEST Add: keyword='theory', fid='scie_00000649'
🔧 MEST Add: proof size=156 bytes, root_hash=[03, 41, 61, 27, a4, 43, ef, 4e]...
🔧 MEST Add: keyword='theory', fid='scie_00000649'
🔧 MEST Add: proof size=156 bytes, root_hash=[03, 41, 61, 27, a4, 43, ef, 4e]...
🗑️ MEST Delete: keyword='theory', fid='scie_00000649' (key completely removed)
🗑️ MEST Delete: post-delete root_hash=[e3, b0, c4, 42, 98, fc, 1c, 14]...
🔧 MEST Add: keyword='theory', fid='scie_00000738'
🔧 MEST Add: proof size=156 bytes, root_hash=[8e, 6d, cf, f0, 9e, 12, 2e, 53]...
🗑️ MEST Delete: keyword='theory', fid='scie_00000738' (key completely removed)
🗑️ MEST Delete: post-delete root_hash=[e3, b0, c4, 42, 98, fc, 1c, 14]...
🔧 MEST Add: keyword='theory', fid='scie_00000815'
🔧 MEST Add: proof size=156 bytes, root_hash=[4d, ae, b1, fa, 1f, 1b, 09, 12]...
🗑️ MEST Delete: keyword='theory', fid='scie_00000815' (key completely removed)
🗑️ MEST Delete: post-delete root_hash=[e3, b0, c4, 42, 98, fc, 1c, 14]...
🔧 MEST Add: keyword='theory', fid='scie_00000866'
🔧 MEST Add: proof size=156 bytes, root_hash=[86, 60, 54, bd, 5f, 4b, 72, 43]...
🗑️ MEST Delete: keyword='theory', fid='scie_00000866' (key completely removed)
🗑️ MEST Delete: post-delete root_hash=[e3, b0, c4, 42, 98, fc, 1c, 14]...
🔧 MEST Add: keyword='theory', fid='scie_00000868'
🔧 MEST Add: proof size=156 bytes, root_hash=[c1, da, a2, 2f, f4, 0a, 25, f0]...
🔧 MEST Add: keyword='theory', fid='scie_00000868'
🔧 MEST Add: proof size=156 bytes, root_hash=[c1, da, a2, 2f, f4, 0a, 25, f0]...
🗑️ MEST Delete: keyword='theory', fid='scie_00000868' (key completely removed)
🗑️ MEST Delete: post-delete root_hash=[e3, b0, c4, 42, 98, fc, 1c, 14]...
🔧 MEST Add: keyword='theory', fid='scie_00000971'
🔧 MEST Add: proof size=156 bytes, root_hash=[35, 0f, 74, 61, 70, 06, 1e, e4]...
🔧 MEST Add: keyword='theory', fid='scie_00000971'
🔧 MEST Add: proof size=156 bytes, root_hash=[35, 0f, 74, 61, 70, 06, 1e, e4]...
🗑️ MEST Delete: keyword='theory', fid='scie_00000971' (key completely removed)
🗑️ MEST Delete: post-delete root_hash=[e3, b0, c4, 42, 98, fc, 1c, 14]...
🔧 MEST Add: keyword='theory', fid='scie_00000983'
🔧 MEST Add: proof size=156 bytes, root_hash=[21, 01, 4d, 37, a9, 06, 72, fe]...
🗑️ MEST Delete: keyword='theory', fid='scie_00000983' (key completely removed)
🗑️ MEST Delete: post-delete root_hash=[e3, b0, c4, 42, 98, fc, 1c, 14]...
