warning: profiles for the non root package will be ignored, specify profiles at the workspace root:
package:   /root/distributed-storage-system/crates/storager/ads_lib/Cargo.toml
workspace: /root/distributed-storage-system/Cargo.toml
warning: value assigned to `is_change` is never read
   --> crates/storager/ads_lib/src/mpt/mpt.rs:256:21
    |
256 |             let mut is_change = false;
    |                     ^^^^^^^^^
    |
    = help: maybe it is overwritten before being read?
    = note: `#[warn(unused_assignments)]` on by default

warning: value assigned to `is_change` is never read
   --> crates/storager/ads_lib/src/mpt/mpt.rs:462:25
    |
462 |                 let mut is_change = false;
    |                         ^^^^^^^^^
    |
    = help: maybe it is overwritten before being read?

warning: unused variable: `had_value`
   --> crates/storager/ads_lib/src/mpt/mpt.rs:526:21
    |
526 |                 let had_value = !old_value_str.is_empty();
    |                     ^^^^^^^^^ help: if this is intentional, prefix it with an underscore: `_had_value`
    |
    = note: `#[warn(unused_variables)]` on by default

warning: associated functions `short_node_batch_fix` and `full_node_batch_fix` are never used
    --> crates/storager/ads_lib/src/mpt/mpt.rs:1743:8
     |
  50 | impl MPT {
     | -------- associated functions in this implementation
...
1743 |     fn short_node_batch_fix(node: Arc<RwLock<ShortNode>>) -> Result<(), MPTError> {
     |        ^^^^^^^^^^^^^^^^^^^^
...
1748 |     fn full_node_batch_fix(node: Arc<RwLock<FullNode>>) -> Result<(), MPTError> {
     |        ^^^^^^^^^^^^^^^^^^^
     |
     = note: `#[warn(dead_code)]` on by default

warning: function `hash_mgt_node` is never used
   --> crates/storager/ads_lib/src/mest/proof.rs:253:4
    |
253 | fn hash_mgt_node(children: &[[u8; 32]]) -> [u8; 32] {
    |    ^^^^^^^^^^^^^

warning: `ads_rust` (lib) generated 5 warnings
warning: unused variable: `acc_old`
   --> crates/common/src/verification.rs:721:13
    |
721 |         let acc_old = match G1Affine::deserialize_uncompressed(&proof[offset..offset + acc_old_len]) {
    |             ^^^^^^^ help: if this is intentional, prefix it with an underscore: `_acc_old`
    |
    = note: `#[warn(unused_variables)]` on by default

warning: `common` (lib) generated 1 warning
warning: unused imports: `Digest` and `Sha256`
   --> crates/storager/src/ads/acctrie_ads.rs:452:20
    |
452 |         use sha2::{Digest, Sha256};
    |                    ^^^^^^  ^^^^^^
    |
    = note: `#[warn(unused_imports)]` on by default

warning: `storager` (lib) generated 1 warning (run `cargo fix --lib -p storager` to apply 1 suggestion)
    Finished `release` profile [optimized] target(s) in 0.15s
     Running `target/release/storager 50107 mest`
🔧 MEST Add: keyword='programming', fid='tech_00000020'
🔧 MEST Add: proof size=161 bytes, root_hash=[f6, 6e, 4b, ad, af, bb, 13, d8]...
🗑️ MEST Delete: keyword='programming', fid='tech_00000020' (key completely removed)
🗑️ MEST Delete: post-delete root_hash=[e3, b0, c4, 42, 98, fc, 1c, 14]...
🔧 MEST Add: keyword='athlete', fid='spor_00000023'
🔧 MEST Add: proof size=157 bytes, root_hash=[47, df, d5, 47, 16, 7e, 66, 1f]...
🗑️ MEST Delete: keyword='athlete', fid='spor_00000023' (key completely removed)
🗑️ MEST Delete: post-delete root_hash=[e3, b0, c4, 42, 98, fc, 1c, 14]...
🔧 MEST Add: keyword='programming', fid='tech_00000027'
🔧 MEST Add: proof size=161 bytes, root_hash=[d5, 3f, 4d, a8, a0, 68, 96, e6]...
🗑️ MEST Delete: keyword='programming', fid='tech_00000027' (key completely removed)
🗑️ MEST Delete: post-delete root_hash=[e3, b0, c4, 42, 98, fc, 1c, 14]...
🔧 MEST Add: keyword='athlete', fid='spor_00000035'
🔧 MEST Add: proof size=157 bytes, root_hash=[0b, 7b, 49, 0b, 1a, e1, 51, 05]...
🗑️ MEST Delete: keyword='athlete', fid='spor_00000035' (key completely removed)
🗑️ MEST Delete: post-delete root_hash=[e3, b0, c4, 42, 98, fc, 1c, 14]...
🔧 MEST Add: keyword='programming', fid='tech_00000044'
🔧 MEST Add: proof size=161 bytes, root_hash=[97, d2, b1, 60, 83, 21, 63, ae]...
🗑️ MEST Delete: keyword='programming', fid='tech_00000044' (key completely removed)
🗑️ MEST Delete: post-delete root_hash=[e3, b0, c4, 42, 98, fc, 1c, 14]...
🔧 MEST Add: keyword='university', fid='educ_00000084'
🔧 MEST Add: proof size=160 bytes, root_hash=[79, 0c, a1, 36, b7, d2, f7, 37]...
🔧 MEST Add: keyword='university', fid='educ_00000084'
🔧 MEST Add: proof size=160 bytes, root_hash=[79, 0c, a1, 36, b7, d2, f7, 37]...
🗑️ MEST Delete: keyword='university', fid='educ_00000084' (key completely removed)
🗑️ MEST Delete: post-delete root_hash=[e3, b0, c4, 42, 98, fc, 1c, 14]...
🔧 MEST Add: keyword='wellness', fid='heal_00000090'
🔧 MEST Add: proof size=158 bytes, root_hash=[16, d8, 97, da, be, 4b, d8, 51]...
🔧 MEST Add: keyword='wellness', fid='heal_00000090'
🔧 MEST Add: proof size=158 bytes, root_hash=[16, d8, 97, da, be, 4b, d8, 51]...
🗑️ MEST Delete: keyword='wellness', fid='heal_00000090' (key completely removed)
🗑️ MEST Delete: post-delete root_hash=[e3, b0, c4, 42, 98, fc, 1c, 14]...
🔧 MEST Add: keyword='university', fid='educ_00000106'
🔧 MEST Add: proof size=160 bytes, root_hash=[16, a5, c3, 5a, ce, e5, 09, 8d]...
🗑️ MEST Delete: keyword='university', fid='educ_00000106' (key completely removed)
🗑️ MEST Delete: post-delete root_hash=[e3, b0, c4, 42, 98, fc, 1c, 14]...
🔧 MEST Add: keyword='programming', fid='tech_00000108'
🔧 MEST Add: proof size=161 bytes, root_hash=[8c, f0, ac, 12, 70, 9d, 1b, cb]...
🔧 MEST Add: keyword='programming', fid='tech_00000108'
🔧 MEST Add: proof size=161 bytes, root_hash=[8c, f0, ac, 12, 70, 9d, 1b, cb]...
🗑️ MEST Delete: keyword='programming', fid='tech_00000108' (key completely removed)
🗑️ MEST Delete: post-delete root_hash=[e3, b0, c4, 42, 98, fc, 1c, 14]...
🔧 MEST Add: keyword='athlete', fid='spor_00000114'
🔧 MEST Add: proof size=157 bytes, root_hash=[8b, e3, fc, 01, 01, b5, 76, fb]...
🗑️ MEST Delete: keyword='athlete', fid='spor_00000114' (key completely removed)
🗑️ MEST Delete: post-delete root_hash=[e3, b0, c4, 42, 98, fc, 1c, 14]...
🔧 MEST Add: keyword='athlete', fid='spor_00000129'
🔧 MEST Add: proof size=157 bytes, root_hash=[66, 79, 16, 10, ce, da, e9, ff]...
🔧 MEST Add: keyword='athlete', fid='spor_00000129'
🔧 MEST Add: proof size=157 bytes, root_hash=[66, 79, 16, 10, ce, da, e9, ff]...
🗑️ MEST Delete: keyword='athlete', fid='spor_00000129' (key completely removed)
🗑️ MEST Delete: post-delete root_hash=[e3, b0, c4, 42, 98, fc, 1c, 14]...
🔧 MEST Add: keyword='wellness', fid='heal_00000172'
🔧 MEST Add: proof size=158 bytes, root_hash=[5c, df, e2, df, 93, d4, 0d, b1]...
🗑️ MEST Delete: keyword='wellness', fid='heal_00000172' (key completely removed)
🗑️ MEST Delete: post-delete root_hash=[e3, b0, c4, 42, 98, fc, 1c, 14]...
🔧 MEST Add: keyword='programming', fid='tech_00000187'
🔧 MEST Add: proof size=161 bytes, root_hash=[8e, 7b, 03, c1, 65, 04, 7a, a4]...
🔧 MEST Add: keyword='programming', fid='tech_00000187'
🔧 MEST Add: proof size=161 bytes, root_hash=[8e, 7b, 03, c1, 65, 04, 7a, a4]...
🗑️ MEST Delete: keyword='programming', fid='tech_00000187' (key completely removed)
🗑️ MEST Delete: post-delete root_hash=[e3, b0, c4, 42, 98, fc, 1c, 14]...
🔧 MEST Add: keyword='programming', fid='tech_00000210'
🔧 MEST Add: proof size=161 bytes, root_hash=[4a, 5f, 84, 01, b0, 9b, 3f, fa]...
🗑️ MEST Delete: keyword='programming', fid='tech_00000210' (key completely removed)
🗑️ MEST Delete: post-delete root_hash=[e3, b0, c4, 42, 98, fc, 1c, 14]...
🔧 MEST Add: keyword='programming', fid='tech_00000221'
🔧 MEST Add: proof size=161 bytes, root_hash=[56, d4, b0, cf, ee, 85, 1a, 87]...
🔧 MEST Add: keyword='programming', fid='tech_00000221'
🔧 MEST Add: proof size=161 bytes, root_hash=[56, d4, b0, cf, ee, 85, 1a, 87]...
🗑️ MEST Delete: keyword='programming', fid='tech_00000221' (key completely removed)
🗑️ MEST Delete: post-delete root_hash=[e3, b0, c4, 42, 98, fc, 1c, 14]...
🔧 MEST Add: keyword='wellness', fid='heal_00000222'
🔧 MEST Add: proof size=158 bytes, root_hash=[3b, 4d, ab, 73, ba, d1, 8f, b5]...
🔧 MEST Add: keyword='wellness', fid='heal_00000222'
🔧 MEST Add: proof size=158 bytes, root_hash=[3b, 4d, ab, 73, ba, d1, 8f, b5]...
🗑️ MEST Delete: keyword='wellness', fid='heal_00000222' (key completely removed)
🗑️ MEST Delete: post-delete root_hash=[e3, b0, c4, 42, 98, fc, 1c, 14]...
🔧 MEST Add: keyword='programming', fid='tech_00000230'
🔧 MEST Add: proof size=161 bytes, root_hash=[a6, df, c8, 01, 9b, fd, 00, 03]...
🗑️ MEST Delete: keyword='programming', fid='tech_00000230' (key completely removed)
🗑️ MEST Delete: post-delete root_hash=[e3, b0, c4, 42, 98, fc, 1c, 14]...
🔧 MEST Add: keyword='programming', fid='tech_00000260'
🔧 MEST Add: proof size=161 bytes, root_hash=[c7, 01, 0d, fa, 08, c2, ad, 38]...
🗑️ MEST Delete: keyword='programming', fid='tech_00000260' (key completely removed)
🗑️ MEST Delete: post-delete root_hash=[e3, b0, c4, 42, 98, fc, 1c, 14]...
🔧 MEST Add: keyword='programming', fid='tech_00000263'
🔧 MEST Add: proof size=161 bytes, root_hash=[36, d4, 00, 49, 09, 71, 36, 1e]...
🗑️ MEST Delete: keyword='programming', fid='tech_00000263' (key completely removed)
🗑️ MEST Delete: post-delete root_hash=[e3, b0, c4, 42, 98, fc, 1c, 14]...
🔧 MEST Add: keyword='university', fid='educ_00000269'
🔧 MEST Add: proof size=160 bytes, root_hash=[68, b8, 5a, b1, 15, 08, fa, d1]...
🔧 MEST Add: keyword='university', fid='educ_00000269'
🔧 MEST Add: proof size=160 bytes, root_hash=[68, b8, 5a, b1, 15, 08, fa, d1]...
🗑️ MEST Delete: keyword='university', fid='educ_00000269' (key completely removed)
🗑️ MEST Delete: post-delete root_hash=[e3, b0, c4, 42, 98, fc, 1c, 14]...
🔧 MEST Add: keyword='athlete', fid='spor_00000316'
🔧 MEST Add: proof size=157 bytes, root_hash=[a8, e5, 76, 26, 4d, d8, 57, 10]...
🗑️ MEST Delete: keyword='athlete', fid='spor_00000316' (key completely removed)
🗑️ MEST Delete: post-delete root_hash=[e3, b0, c4, 42, 98, fc, 1c, 14]...
🔧 MEST Add: keyword='athlete', fid='spor_00000327'
🔧 MEST Add: proof size=157 bytes, root_hash=[55, 53, 08, 10, dc, ce, 8d, d5]...
🗑️ MEST Delete: keyword='athlete', fid='spor_00000327' (key completely removed)
🗑️ MEST Delete: post-delete root_hash=[e3, b0, c4, 42, 98, fc, 1c, 14]...
🔧 MEST Add: keyword='athlete', fid='spor_00000331'
🔧 MEST Add: proof size=157 bytes, root_hash=[03, b0, e8, 3e, 8d, 57, 46, 8c]...
🗑️ MEST Delete: keyword='athlete', fid='spor_00000331' (key completely removed)
🗑️ MEST Delete: post-delete root_hash=[e3, b0, c4, 42, 98, fc, 1c, 14]...
🔧 MEST Add: keyword='athlete', fid='spor_00000339'
🔧 MEST Add: proof size=157 bytes, root_hash=[61, 03, 5e, c2, c0, ae, c1, b6]...
🗑️ MEST Delete: keyword='athlete', fid='spor_00000339' (key completely removed)
🗑️ MEST Delete: post-delete root_hash=[e3, b0, c4, 42, 98, fc, 1c, 14]...
🔧 MEST Add: keyword='wellness', fid='heal_00000342'
🔧 MEST Add: proof size=158 bytes, root_hash=[43, 44, 4d, e2, b1, 33, 05, b0]...
🗑️ MEST Delete: keyword='wellness', fid='heal_00000342' (key completely removed)
🗑️ MEST Delete: post-delete root_hash=[e3, b0, c4, 42, 98, fc, 1c, 14]...
🔧 MEST Add: keyword='programming', fid='tech_00000366'
🔧 MEST Add: proof size=161 bytes, root_hash=[d3, bf, 0f, 53, 16, 3f, c0, ea]...
🔧 MEST Add: keyword='programming', fid='tech_00000366'
🔧 MEST Add: proof size=161 bytes, root_hash=[d3, bf, 0f, 53, 16, 3f, c0, ea]...
🗑️ MEST Delete: keyword='programming', fid='tech_00000366' (key completely removed)
🗑️ MEST Delete: post-delete root_hash=[e3, b0, c4, 42, 98, fc, 1c, 14]...
🔧 MEST Add: keyword='wellness', fid='heal_00000372'
🔧 MEST Add: proof size=158 bytes, root_hash=[8a, 89, 91, 63, 8f, e5, 5e, a0]...
🔧 MEST Add: keyword='wellness', fid='heal_00000372'
🔧 MEST Add: proof size=158 bytes, root_hash=[8a, 89, 91, 63, 8f, e5, 5e, a0]...
🗑️ MEST Delete: keyword='wellness', fid='heal_00000372' (key completely removed)
🗑️ MEST Delete: post-delete root_hash=[e3, b0, c4, 42, 98, fc, 1c, 14]...
🔧 MEST Add: keyword='programming', fid='tech_00000378'
🔧 MEST Add: proof size=161 bytes, root_hash=[18, aa, b0, 33, 6c, 9c, 97, 46]...
🔧 MEST Add: keyword='programming', fid='tech_00000378'
🔧 MEST Add: proof size=161 bytes, root_hash=[18, aa, b0, 33, 6c, 9c, 97, 46]...
🗑️ MEST Delete: keyword='programming', fid='tech_00000378' (key completely removed)
🗑️ MEST Delete: post-delete root_hash=[e3, b0, c4, 42, 98, fc, 1c, 14]...
🔧 MEST Add: keyword='programming', fid='tech_00000386'
🔧 MEST Add: proof size=161 bytes, root_hash=[44, e4, bb, d5, e9, 42, 27, e3]...
🔧 MEST Add: keyword='programming', fid='tech_00000386'
🔧 MEST Add: proof size=161 bytes, root_hash=[44, e4, bb, d5, e9, 42, 27, e3]...
🗑️ MEST Delete: keyword='programming', fid='tech_00000386' (key completely removed)
🗑️ MEST Delete: post-delete root_hash=[e3, b0, c4, 42, 98, fc, 1c, 14]...
🔧 MEST Add: keyword='wellness', fid='heal_00000388'
🔧 MEST Add: proof size=158 bytes, root_hash=[60, ca, f9, 99, 77, c3, 0a, ca]...
🗑️ MEST Delete: keyword='wellness', fid='heal_00000388' (key completely removed)
🗑️ MEST Delete: post-delete root_hash=[e3, b0, c4, 42, 98, fc, 1c, 14]...
🔧 MEST Add: keyword='programming', fid='tech_00000397'
🔧 MEST Add: proof size=161 bytes, root_hash=[fe, d9, d0, 3c, e5, da, 8a, f9]...
🗑️ MEST Delete: keyword='programming', fid='tech_00000397' (key completely removed)
🗑️ MEST Delete: post-delete root_hash=[e3, b0, c4, 42, 98, fc, 1c, 14]...
🔧 MEST Add: keyword='programming', fid='tech_00000410'
🔧 MEST Add: proof size=161 bytes, root_hash=[92, 7e, 91, 84, 03, bf, 09, b2]...
🔧 MEST Add: keyword='programming', fid='tech_00000410'
🔧 MEST Add: proof size=161 bytes, root_hash=[92, 7e, 91, 84, 03, bf, 09, b2]...
🗑️ MEST Delete: keyword='programming', fid='tech_00000410' (key completely removed)
🗑️ MEST Delete: post-delete root_hash=[e3, b0, c4, 42, 98, fc, 1c, 14]...
🔧 MEST Add: keyword='university', fid='educ_00000423'
🔧 MEST Add: proof size=160 bytes, root_hash=[cf, 44, 42, 6b, dc, ac, d8, 3b]...
🔧 MEST Add: keyword='university', fid='educ_00000423'
🔧 MEST Add: proof size=160 bytes, root_hash=[cf, 44, 42, 6b, dc, ac, d8, 3b]...
🗑️ MEST Delete: keyword='university', fid='educ_00000423' (key completely removed)
🗑️ MEST Delete: post-delete root_hash=[e3, b0, c4, 42, 98, fc, 1c, 14]...
🔧 MEST Add: keyword='wellness', fid='heal_00000426'
🔧 MEST Add: proof size=158 bytes, root_hash=[70, e0, 1d, 7f, 17, f3, e1, ad]...
🗑️ MEST Delete: keyword='wellness', fid='heal_00000426' (key completely removed)
🗑️ MEST Delete: post-delete root_hash=[e3, b0, c4, 42, 98, fc, 1c, 14]...
🔧 MEST Add: keyword='programming', fid='tech_00000433'
🔧 MEST Add: proof size=161 bytes, root_hash=[eb, e6, 08, 7d, ee, 65, 36, 82]...
🔧 MEST Add: keyword='programming', fid='tech_00000433'
🔧 MEST Add: proof size=161 bytes, root_hash=[eb, e6, 08, 7d, ee, 65, 36, 82]...
🗑️ MEST Delete: keyword='programming', fid='tech_00000433' (key completely removed)
🗑️ MEST Delete: post-delete root_hash=[e3, b0, c4, 42, 98, fc, 1c, 14]...
🔧 MEST Add: keyword='university', fid='educ_00000443'
🔧 MEST Add: proof size=160 bytes, root_hash=[1b, 8d, 10, 73, 80, b0, 3d, a1]...
🔧 MEST Add: keyword='university', fid='educ_00000443'
🔧 MEST Add: proof size=160 bytes, root_hash=[1b, 8d, 10, 73, 80, b0, 3d, a1]...
🗑️ MEST Delete: keyword='university', fid='educ_00000443' (key completely removed)
🗑️ MEST Delete: post-delete root_hash=[e3, b0, c4, 42, 98, fc, 1c, 14]...
🔧 MEST Add: keyword='programming', fid='tech_00000470'
🔧 MEST Add: proof size=161 bytes, root_hash=[d5, aa, 5f, 5d, 62, b1, b9, 70]...
🗑️ MEST Delete: keyword='programming', fid='tech_00000470' (key completely removed)
🗑️ MEST Delete: post-delete root_hash=[e3, b0, c4, 42, 98, fc, 1c, 14]...
🔧 MEST Add: keyword='programming', fid='tech_00000472'
🔧 MEST Add: proof size=161 bytes, root_hash=[33, ca, 1e, 69, c9, 00, 2b, 1b]...
🔧 MEST Add: keyword='programming', fid='tech_00000472'
🔧 MEST Add: proof size=161 bytes, root_hash=[33, ca, 1e, 69, c9, 00, 2b, 1b]...
🗑️ MEST Delete: keyword='programming', fid='tech_00000472' (key completely removed)
🗑️ MEST Delete: post-delete root_hash=[e3, b0, c4, 42, 98, fc, 1c, 14]...
🔧 MEST Add: keyword='university', fid='educ_00000482'
🔧 MEST Add: proof size=160 bytes, root_hash=[a0, 72, 0a, 7c, 78, 86, f1, e5]...
🗑️ MEST Delete: keyword='university', fid='educ_00000482' (key completely removed)
🗑️ MEST Delete: post-delete root_hash=[e3, b0, c4, 42, 98, fc, 1c, 14]...
🔧 MEST Add: keyword='athlete', fid='spor_00000491'
🔧 MEST Add: proof size=157 bytes, root_hash=[4b, cb, c3, 20, dc, 2b, b3, ff]...
🗑️ MEST Delete: keyword='athlete', fid='spor_00000491' (key completely removed)
🗑️ MEST Delete: post-delete root_hash=[e3, b0, c4, 42, 98, fc, 1c, 14]...
🔧 MEST Add: keyword='programming', fid='tech_00000493'
🔧 MEST Add: proof size=161 bytes, root_hash=[7a, ab, ed, cb, 56, 86, c4, 5f]...
🗑️ MEST Delete: keyword='programming', fid='tech_00000493' (key completely removed)
🗑️ MEST Delete: post-delete root_hash=[e3, b0, c4, 42, 98, fc, 1c, 14]...
🔧 MEST Add: keyword='university', fid='educ_00000508'
🔧 MEST Add: proof size=160 bytes, root_hash=[97, 35, c4, 94, 4b, 59, be, 5a]...
🔧 MEST Add: keyword='university', fid='educ_00000508'
🔧 MEST Add: proof size=160 bytes, root_hash=[97, 35, c4, 94, 4b, 59, be, 5a]...
🗑️ MEST Delete: keyword='university', fid='educ_00000508' (key completely removed)
🗑️ MEST Delete: post-delete root_hash=[e3, b0, c4, 42, 98, fc, 1c, 14]...
🔧 MEST Add: keyword='programming', fid='tech_00000519'
🔧 MEST Add: proof size=161 bytes, root_hash=[37, c5, 53, 06, 99, da, 41, e8]...
🔧 MEST Add: keyword='programming', fid='tech_00000519'
🔧 MEST Add: proof size=161 bytes, root_hash=[37, c5, 53, 06, 99, da, 41, e8]...
🗑️ MEST Delete: keyword='programming', fid='tech_00000519' (key completely removed)
🗑️ MEST Delete: post-delete root_hash=[e3, b0, c4, 42, 98, fc, 1c, 14]...
🔧 MEST Add: keyword='programming', fid='tech_00000529'
🔧 MEST Add: proof size=161 bytes, root_hash=[4e, 38, 7e, fc, 81, 57, 80, 24]...
🔧 MEST Add: keyword='programming', fid='tech_00000529'
🔧 MEST Add: proof size=161 bytes, root_hash=[4e, 38, 7e, fc, 81, 57, 80, 24]...
🗑️ MEST Delete: keyword='programming', fid='tech_00000529' (key completely removed)
🗑️ MEST Delete: post-delete root_hash=[e3, b0, c4, 42, 98, fc, 1c, 14]...
🔧 MEST Add: keyword='university', fid='educ_00000558'
🔧 MEST Add: proof size=160 bytes, root_hash=[78, e1, 9a, 93, 81, d9, 1a, 7e]...
🗑️ MEST Delete: keyword='university', fid='educ_00000558' (key completely removed)
🗑️ MEST Delete: post-delete root_hash=[e3, b0, c4, 42, 98, fc, 1c, 14]...
🔧 MEST Add: keyword='wellness', fid='heal_00000563'
🔧 MEST Add: proof size=158 bytes, root_hash=[c8, 3e, ca, 36, 38, 4f, c1, 5e]...
🗑️ MEST Delete: keyword='wellness', fid='heal_00000563' (key completely removed)
🗑️ MEST Delete: post-delete root_hash=[e3, b0, c4, 42, 98, fc, 1c, 14]...
🔧 MEST Add: keyword='wellness', fid='heal_00000572'
🔧 MEST Add: proof size=158 bytes, root_hash=[b4, 0a, bf, 9a, 45, 13, 17, 7e]...
🗑️ MEST Delete: keyword='wellness', fid='heal_00000572' (key completely removed)
🗑️ MEST Delete: post-delete root_hash=[e3, b0, c4, 42, 98, fc, 1c, 14]...
🔧 MEST Add: keyword='programming', fid='tech_00000599'
🔧 MEST Add: proof size=161 bytes, root_hash=[a0, b6, f3, 09, 3d, 83, 40, 35]...
🗑️ MEST Delete: keyword='programming', fid='tech_00000599' (key completely removed)
🗑️ MEST Delete: post-delete root_hash=[e3, b0, c4, 42, 98, fc, 1c, 14]...
🔧 MEST Add: keyword='athlete', fid='spor_00000616'
🔧 MEST Add: proof size=157 bytes, root_hash=[50, cd, 84, 92, ec, 5b, 03, 11]...
🗑️ MEST Delete: keyword='athlete', fid='spor_00000616' (key completely removed)
🗑️ MEST Delete: post-delete root_hash=[e3, b0, c4, 42, 98, fc, 1c, 14]...
🔧 MEST Add: keyword='wellness', fid='heal_00000618'
🔧 MEST Add: proof size=158 bytes, root_hash=[29, a9, 76, 2f, da, a3, 24, 4d]...
🔧 MEST Add: keyword='wellness', fid='heal_00000618'
🔧 MEST Add: proof size=158 bytes, root_hash=[29, a9, 76, 2f, da, a3, 24, 4d]...
🗑️ MEST Delete: keyword='wellness', fid='heal_00000618' (key completely removed)
🗑️ MEST Delete: post-delete root_hash=[e3, b0, c4, 42, 98, fc, 1c, 14]...
🔧 MEST Add: keyword='wellness', fid='heal_00000631'
🔧 MEST Add: proof size=158 bytes, root_hash=[7f, 14, 88, 43, c4, ee, ba, 24]...
🗑️ MEST Delete: keyword='wellness', fid='heal_00000631' (key completely removed)
🗑️ MEST Delete: post-delete root_hash=[e3, b0, c4, 42, 98, fc, 1c, 14]...
🔧 MEST Add: keyword='programming', fid='tech_00000666'
🔧 MEST Add: proof size=161 bytes, root_hash=[2c, a7, ad, 25, 46, 3c, ff, 1e]...
🗑️ MEST Delete: keyword='programming', fid='tech_00000666' (key completely removed)
🗑️ MEST Delete: post-delete root_hash=[e3, b0, c4, 42, 98, fc, 1c, 14]...
🔧 MEST Add: keyword='wellness', fid='heal_00000669'
🔧 MEST Add: proof size=158 bytes, root_hash=[e3, 2b, a1, 79, ed, b1, 90, 68]...
🗑️ MEST Delete: keyword='wellness', fid='heal_00000669' (key completely removed)
🗑️ MEST Delete: post-delete root_hash=[e3, b0, c4, 42, 98, fc, 1c, 14]...
🔧 MEST Add: keyword='programming', fid='tech_00000680'
🔧 MEST Add: proof size=161 bytes, root_hash=[c8, 8e, 22, 30, 69, 6b, e8, 60]...
🔧 MEST Add: keyword='programming', fid='tech_00000680'
🔧 MEST Add: proof size=161 bytes, root_hash=[c8, 8e, 22, 30, 69, 6b, e8, 60]...
🗑️ MEST Delete: keyword='programming', fid='tech_00000680' (key completely removed)
🗑️ MEST Delete: post-delete root_hash=[e3, b0, c4, 42, 98, fc, 1c, 14]...
🔧 MEST Add: keyword='programming', fid='tech_00000703'
🔧 MEST Add: proof size=161 bytes, root_hash=[dc, 0f, b6, 3c, 03, bb, 46, 06]...
🗑️ MEST Delete: keyword='programming', fid='tech_00000703' (key completely removed)
🗑️ MEST Delete: post-delete root_hash=[e3, b0, c4, 42, 98, fc, 1c, 14]...
🔧 MEST Add: keyword='athlete', fid='spor_00000714'
🔧 MEST Add: proof size=157 bytes, root_hash=[b6, dd, ba, 2b, 0e, 88, e9, 86]...
🗑️ MEST Delete: keyword='athlete', fid='spor_00000714' (key completely removed)
🗑️ MEST Delete: post-delete root_hash=[e3, b0, c4, 42, 98, fc, 1c, 14]...
🔧 MEST Add: keyword='programming', fid='tech_00000727'
🔧 MEST Add: proof size=161 bytes, root_hash=[57, 94, d1, be, df, 72, e5, 37]...
🔧 MEST Add: keyword='programming', fid='tech_00000727'
🔧 MEST Add: proof size=161 bytes, root_hash=[57, 94, d1, be, df, 72, e5, 37]...
🗑️ MEST Delete: keyword='programming', fid='tech_00000727' (key completely removed)
🗑️ MEST Delete: post-delete root_hash=[e3, b0, c4, 42, 98, fc, 1c, 14]...
🔧 MEST Add: keyword='programming', fid='tech_00000729'
🔧 MEST Add: proof size=161 bytes, root_hash=[f0, 9b, b0, cc, 57, 5d, 65, b7]...
🔧 MEST Add: keyword='programming', fid='tech_00000729'
🔧 MEST Add: proof size=161 bytes, root_hash=[f0, 9b, b0, cc, 57, 5d, 65, b7]...
🗑️ MEST Delete: keyword='programming', fid='tech_00000729' (key completely removed)
🗑️ MEST Delete: post-delete root_hash=[e3, b0, c4, 42, 98, fc, 1c, 14]...
🔧 MEST Add: keyword='programming', fid='tech_00000730'
🔧 MEST Add: proof size=161 bytes, root_hash=[c1, 5d, bd, 89, 10, ae, 07, d1]...
🗑️ MEST Delete: keyword='programming', fid='tech_00000730' (key completely removed)
🗑️ MEST Delete: post-delete root_hash=[e3, b0, c4, 42, 98, fc, 1c, 14]...
🔧 MEST Add: keyword='athlete', fid='spor_00000748'
🔧 MEST Add: proof size=157 bytes, root_hash=[a8, f7, 67, 02, 75, 86, fe, fe]...
🗑️ MEST Delete: keyword='athlete', fid='spor_00000748' (key completely removed)
🗑️ MEST Delete: post-delete root_hash=[e3, b0, c4, 42, 98, fc, 1c, 14]...
🔧 MEST Add: keyword='wellness', fid='heal_00000756'
🔧 MEST Add: proof size=158 bytes, root_hash=[18, 77, 73, 9e, 59, 63, 2d, 59]...
🔧 MEST Add: keyword='wellness', fid='heal_00000756'
🔧 MEST Add: proof size=158 bytes, root_hash=[18, 77, 73, 9e, 59, 63, 2d, 59]...
🗑️ MEST Delete: keyword='wellness', fid='heal_00000756' (key completely removed)
🗑️ MEST Delete: post-delete root_hash=[e3, b0, c4, 42, 98, fc, 1c, 14]...
🔧 MEST Add: keyword='athlete', fid='spor_00000764'
🔧 MEST Add: proof size=157 bytes, root_hash=[de, 67, 5e, fb, 10, 75, f4, 3e]...
🔧 MEST Add: keyword='athlete', fid='spor_00000764'
🔧 MEST Add: proof size=157 bytes, root_hash=[de, 67, 5e, fb, 10, 75, f4, 3e]...
🗑️ MEST Delete: keyword='athlete', fid='spor_00000764' (key completely removed)
🗑️ MEST Delete: post-delete root_hash=[e3, b0, c4, 42, 98, fc, 1c, 14]...
🔧 MEST Add: keyword='wellness', fid='heal_00000775'
🔧 MEST Add: proof size=158 bytes, root_hash=[cc, db, 42, 60, e9, e5, 6d, c8]...
🗑️ MEST Delete: keyword='wellness', fid='heal_00000775' (key completely removed)
🗑️ MEST Delete: post-delete root_hash=[e3, b0, c4, 42, 98, fc, 1c, 14]...
🔧 MEST Add: keyword='programming', fid='tech_00000784'
🔧 MEST Add: proof size=161 bytes, root_hash=[ba, 42, b4, 55, d0, 26, 65, 88]...
🔧 MEST Add: keyword='programming', fid='tech_00000784'
🔧 MEST Add: proof size=161 bytes, root_hash=[ba, 42, b4, 55, d0, 26, 65, 88]...
🗑️ MEST Delete: keyword='programming', fid='tech_00000784' (key completely removed)
🗑️ MEST Delete: post-delete root_hash=[e3, b0, c4, 42, 98, fc, 1c, 14]...
🔧 MEST Add: keyword='programming', fid='tech_00000822'
🔧 MEST Add: proof size=161 bytes, root_hash=[f8, f5, 37, 91, 26, 09, 34, 09]...
🗑️ MEST Delete: keyword='programming', fid='tech_00000822' (key completely removed)
🗑️ MEST Delete: post-delete root_hash=[e3, b0, c4, 42, 98, fc, 1c, 14]...
🔧 MEST Add: keyword='athlete', fid='spor_00000829'
🔧 MEST Add: proof size=157 bytes, root_hash=[e1, 7a, 5e, aa, cf, 2e, e6, a5]...
🔧 MEST Add: keyword='athlete', fid='spor_00000829'
🔧 MEST Add: proof size=157 bytes, root_hash=[e1, 7a, 5e, aa, cf, 2e, e6, a5]...
🗑️ MEST Delete: keyword='athlete', fid='spor_00000829' (key completely removed)
🗑️ MEST Delete: post-delete root_hash=[e3, b0, c4, 42, 98, fc, 1c, 14]...
🔧 MEST Add: keyword='university', fid='educ_00000830'
🔧 MEST Add: proof size=160 bytes, root_hash=[d2, 85, e7, 92, 0f, 1c, 37, 35]...
🗑️ MEST Delete: keyword='university', fid='educ_00000830' (key completely removed)
🗑️ MEST Delete: post-delete root_hash=[e3, b0, c4, 42, 98, fc, 1c, 14]...
🔧 MEST Add: keyword='wellness', fid='heal_00000845'
🔧 MEST Add: proof size=158 bytes, root_hash=[0d, 31, 38, f3, 11, 94, b0, aa]...
🗑️ MEST Delete: keyword='wellness', fid='heal_00000845' (key completely removed)
🗑️ MEST Delete: post-delete root_hash=[e3, b0, c4, 42, 98, fc, 1c, 14]...
🔧 MEST Add: keyword='university', fid='educ_00000853'
🔧 MEST Add: proof size=160 bytes, root_hash=[0c, 46, f6, 0e, 8e, ab, 47, eb]...
🗑️ MEST Delete: keyword='university', fid='educ_00000853' (key completely removed)
🗑️ MEST Delete: post-delete root_hash=[e3, b0, c4, 42, 98, fc, 1c, 14]...
🔧 MEST Add: keyword='programming', fid='tech_00000856'
🔧 MEST Add: proof size=161 bytes, root_hash=[3a, 8b, c9, f7, 24, 67, 0e, 43]...
🗑️ MEST Delete: keyword='programming', fid='tech_00000856' (key completely removed)
🗑️ MEST Delete: post-delete root_hash=[e3, b0, c4, 42, 98, fc, 1c, 14]...
🔧 MEST Add: keyword='athlete', fid='spor_00000883'
🔧 MEST Add: proof size=157 bytes, root_hash=[e5, 73, f9, 1b, 25, fd, 20, e5]...
🗑️ MEST Delete: keyword='athlete', fid='spor_00000883' (key completely removed)
🗑️ MEST Delete: post-delete root_hash=[e3, b0, c4, 42, 98, fc, 1c, 14]...
🔧 MEST Add: keyword='university', fid='educ_00000901'
🔧 MEST Add: proof size=160 bytes, root_hash=[b7, 45, b4, da, d0, d7, 88, 42]...
🔧 MEST Add: keyword='university', fid='educ_00000901'
🔧 MEST Add: proof size=160 bytes, root_hash=[b7, 45, b4, da, d0, d7, 88, 42]...
🗑️ MEST Delete: keyword='university', fid='educ_00000901' (key completely removed)
🗑️ MEST Delete: post-delete root_hash=[e3, b0, c4, 42, 98, fc, 1c, 14]...
🔧 MEST Add: keyword='programming', fid='tech_00000905'
🔧 MEST Add: proof size=161 bytes, root_hash=[2e, ec, 3f, 1e, b7, 27, 3b, 15]...
🗑️ MEST Delete: keyword='programming', fid='tech_00000905' (key completely removed)
🗑️ MEST Delete: post-delete root_hash=[e3, b0, c4, 42, 98, fc, 1c, 14]...
🔧 MEST Add: keyword='university', fid='educ_00000909'
🔧 MEST Add: proof size=160 bytes, root_hash=[75, 15, ef, 2d, 0a, 64, 54, 0e]...
🗑️ MEST Delete: keyword='university', fid='educ_00000909' (key completely removed)
🗑️ MEST Delete: post-delete root_hash=[e3, b0, c4, 42, 98, fc, 1c, 14]...
🔧 MEST Add: keyword='university', fid='educ_00000913'
🔧 MEST Add: proof size=160 bytes, root_hash=[57, 94, 2d, 6d, 7d, b4, 07, 92]...
🗑️ MEST Delete: keyword='university', fid='educ_00000913' (key completely removed)
🗑️ MEST Delete: post-delete root_hash=[e3, b0, c4, 42, 98, fc, 1c, 14]...
🔧 MEST Add: keyword='university', fid='educ_00000920'
🔧 MEST Add: proof size=160 bytes, root_hash=[4f, cd, 63, 88, b1, 87, e7, 24]...
🗑️ MEST Delete: keyword='university', fid='educ_00000920' (key completely removed)
🗑️ MEST Delete: post-delete root_hash=[e3, b0, c4, 42, 98, fc, 1c, 14]...
🔧 MEST Add: keyword='athlete', fid='spor_00000934'
🔧 MEST Add: proof size=157 bytes, root_hash=[ef, a1, 1e, d4, 13, 36, 6d, 73]...
🔧 MEST Add: keyword='athlete', fid='spor_00000934'
🔧 MEST Add: proof size=157 bytes, root_hash=[ef, a1, 1e, d4, 13, 36, 6d, 73]...
🗑️ MEST Delete: keyword='athlete', fid='spor_00000934' (key completely removed)
🗑️ MEST Delete: post-delete root_hash=[e3, b0, c4, 42, 98, fc, 1c, 14]...
🔧 MEST Add: keyword='university', fid='educ_00000955'
🔧 MEST Add: proof size=160 bytes, root_hash=[f2, a6, 75, 69, 45, 69, e2, 58]...
🗑️ MEST Delete: keyword='university', fid='educ_00000955' (key completely removed)
🗑️ MEST Delete: post-delete root_hash=[e3, b0, c4, 42, 98, fc, 1c, 14]...
🔧 MEST Add: keyword='university', fid='educ_00000961'
🔧 MEST Add: proof size=160 bytes, root_hash=[cf, 35, 7d, 52, 0f, df, c9, ea]...
🗑️ MEST Delete: keyword='university', fid='educ_00000961' (key completely removed)
🗑️ MEST Delete: post-delete root_hash=[e3, b0, c4, 42, 98, fc, 1c, 14]...
🔧 MEST Add: keyword='programming', fid='tech_00000962'
🔧 MEST Add: proof size=161 bytes, root_hash=[dc, 52, bd, a8, 44, f5, ca, cb]...
🔧 MEST Add: keyword='programming', fid='tech_00000962'
🔧 MEST Add: proof size=161 bytes, root_hash=[dc, 52, bd, a8, 44, f5, ca, cb]...
🗑️ MEST Delete: keyword='programming', fid='tech_00000962' (key completely removed)
🗑️ MEST Delete: post-delete root_hash=[e3, b0, c4, 42, 98, fc, 1c, 14]...
🔧 MEST Add: keyword='programming', fid='tech_00000966'
🔧 MEST Add: proof size=161 bytes, root_hash=[39, 77, 22, 0b, 0d, 3e, 29, 00]...
🔧 MEST Add: keyword='programming', fid='tech_00000966'
🔧 MEST Add: proof size=161 bytes, root_hash=[39, 77, 22, 0b, 0d, 3e, 29, 00]...
🗑️ MEST Delete: keyword='programming', fid='tech_00000966' (key completely removed)
🗑️ MEST Delete: post-delete root_hash=[e3, b0, c4, 42, 98, fc, 1c, 14]...
🔧 MEST Add: keyword='university', fid='educ_00000973'
🔧 MEST Add: proof size=160 bytes, root_hash=[e1, 4f, 1d, 89, fb, 08, 9f, 96]...
🗑️ MEST Delete: keyword='university', fid='educ_00000973' (key completely removed)
🗑️ MEST Delete: post-delete root_hash=[e3, b0, c4, 42, 98, fc, 1c, 14]...
🔧 MEST Add: keyword='programming', fid='tech_00000985'
🔧 MEST Add: proof size=161 bytes, root_hash=[c4, 3b, 61, a7, 21, 5c, ab, 2b]...
🗑️ MEST Delete: keyword='programming', fid='tech_00000985' (key completely removed)
🗑️ MEST Delete: post-delete root_hash=[e3, b0, c4, 42, 98, fc, 1c, 14]...
🔧 MEST Add: keyword='programming', fid='tech_00000995'
🔧 MEST Add: proof size=161 bytes, root_hash=[77, c4, eb, e0, b6, 47, 1c, c3]...
🔧 MEST Add: keyword='programming', fid='tech_00000995'
🔧 MEST Add: proof size=161 bytes, root_hash=[77, c4, eb, e0, b6, 47, 1c, c3]...
🗑️ MEST Delete: keyword='programming', fid='tech_00000995' (key completely removed)
🗑️ MEST Delete: post-delete root_hash=[e3, b0, c4, 42, 98, fc, 1c, 14]...
