warning: profiles for the non root package will be ignored, specify profiles at the workspace root:
package:   /root/distributed-storage-system/crates/storager/ads_lib/Cargo.toml
workspace: /root/distributed-storage-system/Cargo.toml
warning: value assigned to `is_change` is never read
   --> crates/storager/ads_lib/src/mpt/mpt.rs:256:21
    |
256 |             let mut is_change = false;
    |                     ^^^^^^^^^
    |
    = help: maybe it is overwritten before being read?
    = note: `#[warn(unused_assignments)]` on by default

warning: value assigned to `is_change` is never read
   --> crates/storager/ads_lib/src/mpt/mpt.rs:462:25
    |
462 |                 let mut is_change = false;
    |                         ^^^^^^^^^
    |
    = help: maybe it is overwritten before being read?

warning: unused variable: `had_value`
   --> crates/storager/ads_lib/src/mpt/mpt.rs:526:21
    |
526 |                 let had_value = !old_value_str.is_empty();
    |                     ^^^^^^^^^ help: if this is intentional, prefix it with an underscore: `_had_value`
    |
    = note: `#[warn(unused_variables)]` on by default

warning: associated functions `short_node_batch_fix` and `full_node_batch_fix` are never used
    --> crates/storager/ads_lib/src/mpt/mpt.rs:1743:8
     |
  50 | impl MPT {
     | -------- associated functions in this implementation
...
1743 |     fn short_node_batch_fix(node: Arc<RwLock<ShortNode>>) -> Result<(), MPTError> {
     |        ^^^^^^^^^^^^^^^^^^^^
...
1748 |     fn full_node_batch_fix(node: Arc<RwLock<FullNode>>) -> Result<(), MPTError> {
     |        ^^^^^^^^^^^^^^^^^^^
     |
     = note: `#[warn(dead_code)]` on by default

warning: function `hash_mgt_node` is never used
   --> crates/storager/ads_lib/src/mest/proof.rs:253:4
    |
253 | fn hash_mgt_node(children: &[[u8; 32]]) -> [u8; 32] {
    |    ^^^^^^^^^^^^^

warning: `ads_rust` (lib) generated 5 warnings
warning: unused variable: `acc_old`
   --> crates/common/src/verification.rs:721:13
    |
721 |         let acc_old = match G1Affine::deserialize_uncompressed(&proof[offset..offset + acc_old_len]) {
    |             ^^^^^^^ help: if this is intentional, prefix it with an underscore: `_acc_old`
    |
    = note: `#[warn(unused_variables)]` on by default

warning: `common` (lib) generated 1 warning
warning: unused imports: `Digest` and `Sha256`
   --> crates/storager/src/ads/acctrie_ads.rs:452:20
    |
452 |         use sha2::{Digest, Sha256};
    |                    ^^^^^^  ^^^^^^
    |
    = note: `#[warn(unused_imports)]` on by default

warning: `storager` (lib) generated 1 warning (run `cargo fix --lib -p storager` to apply 1 suggestion)
    Finished `release` profile [optimized] target(s) in 0.15s
     Running `target/release/storager 50123 mest`
🔧 MEST Add: keyword='home', fid='life_00000022'
🔧 MEST Add: proof size=154 bytes, root_hash=[bf, f7, 9a, 97, 97, 2d, a1, b1]...
🔧 MEST Add: keyword='home', fid='life_00000022'
🔧 MEST Add: proof size=154 bytes, root_hash=[bf, f7, 9a, 97, 97, 2d, a1, b1]...
🗑️ MEST Delete: keyword='home', fid='life_00000022' (key completely removed)
🗑️ MEST Delete: post-delete root_hash=[e3, b0, c4, 42, 98, fc, 1c, 14]...
🔧 MEST Add: keyword='coach', fid='spor_00000024'
🔧 MEST Add: proof size=155 bytes, root_hash=[09, 10, 03, 7c, de, f0, 58, 71]...
🗑️ MEST Delete: keyword='coach', fid='spor_00000024' (key completely removed)
🗑️ MEST Delete: post-delete root_hash=[e3, b0, c4, 42, 98, fc, 1c, 14]...
🔧 MEST Add: keyword='coach', fid='spor_00000040'
🔧 MEST Add: proof size=155 bytes, root_hash=[1e, 8b, 99, 19, ed, db, 7a, 99]...
🔧 MEST Add: keyword='coach', fid='spor_00000040'
🔧 MEST Add: proof size=155 bytes, root_hash=[1e, 8b, 99, 19, ed, db, 7a, 99]...
🗑️ MEST Delete: keyword='coach', fid='spor_00000040' (key completely removed)
🗑️ MEST Delete: post-delete root_hash=[e3, b0, c4, 42, 98, fc, 1c, 14]...
🔧 MEST Add: keyword='home', fid='life_00000066'
🔧 MEST Add: proof size=154 bytes, root_hash=[2f, 6f, 61, 0d, 6f, 6a, 86, ca]...
🔧 MEST Add: keyword='home', fid='life_00000066'
🔧 MEST Add: proof size=154 bytes, root_hash=[2f, 6f, 61, 0d, 6f, 6a, 86, ca]...
🗑️ MEST Delete: keyword='home', fid='life_00000066' (key completely removed)
🗑️ MEST Delete: post-delete root_hash=[e3, b0, c4, 42, 98, fc, 1c, 14]...
🔧 MEST Add: keyword='home', fid='life_00000070'
🔧 MEST Add: proof size=154 bytes, root_hash=[11, e4, 48, 4a, 6f, 9d, d4, 5e]...
🗑️ MEST Delete: keyword='home', fid='life_00000070' (key completely removed)
🗑️ MEST Delete: post-delete root_hash=[e3, b0, c4, 42, 98, fc, 1c, 14]...
🔧 MEST Add: keyword='home', fid='life_00000110'
🔧 MEST Add: proof size=154 bytes, root_hash=[9b, 46, b3, 57, 7a, a0, 04, 1c]...
🗑️ MEST Delete: keyword='home', fid='life_00000110' (key completely removed)
🗑️ MEST Delete: post-delete root_hash=[e3, b0, c4, 42, 98, fc, 1c, 14]...
🔧 MEST Add: keyword='coach', fid='spor_00000114'
🔧 MEST Add: proof size=155 bytes, root_hash=[8b, e3, fc, 01, 01, b5, 76, fb]...
🗑️ MEST Delete: keyword='coach', fid='spor_00000114' (key completely removed)
🗑️ MEST Delete: post-delete root_hash=[e3, b0, c4, 42, 98, fc, 1c, 14]...
🔧 MEST Add: keyword='home', fid='life_00000128'
🔧 MEST Add: proof size=154 bytes, root_hash=[80, 09, 40, 7a, ca, 98, c3, d3]...
🔧 MEST Add: keyword='home', fid='life_00000128'
🔧 MEST Add: proof size=154 bytes, root_hash=[80, 09, 40, 7a, ca, 98, c3, d3]...
🗑️ MEST Delete: keyword='home', fid='life_00000128' (key completely removed)
🗑️ MEST Delete: post-delete root_hash=[e3, b0, c4, 42, 98, fc, 1c, 14]...
🔧 MEST Add: keyword='home', fid='life_00000130'
🔧 MEST Add: proof size=154 bytes, root_hash=[b4, dc, 6b, 6e, 45, e3, 57, d9]...
🗑️ MEST Delete: keyword='home', fid='life_00000130' (key completely removed)
🗑️ MEST Delete: post-delete root_hash=[e3, b0, c4, 42, 98, fc, 1c, 14]...
🔧 MEST Add: keyword='coach', fid='spor_00000247'
🔧 MEST Add: proof size=155 bytes, root_hash=[a4, 30, 0d, 69, c9, 4c, 0e, 26]...
🗑️ MEST Delete: keyword='coach', fid='spor_00000247' (key completely removed)
🗑️ MEST Delete: post-delete root_hash=[e3, b0, c4, 42, 98, fc, 1c, 14]...
🔧 MEST Add: keyword='home', fid='life_00000282'
🔧 MEST Add: proof size=154 bytes, root_hash=[b9, 20, 60, fb, 42, ee, ee, 66]...
🔧 MEST Add: keyword='home', fid='life_00000282'
🔧 MEST Add: proof size=154 bytes, root_hash=[b9, 20, 60, fb, 42, ee, ee, 66]...
🗑️ MEST Delete: keyword='home', fid='life_00000282' (key completely removed)
🗑️ MEST Delete: post-delete root_hash=[e3, b0, c4, 42, 98, fc, 1c, 14]...
🔧 MEST Add: keyword='coach', fid='spor_00000367'
🔧 MEST Add: proof size=155 bytes, root_hash=[46, 63, 57, 8f, 3c, e4, af, 91]...
🗑️ MEST Delete: keyword='coach', fid='spor_00000367' (key completely removed)
🗑️ MEST Delete: post-delete root_hash=[e3, b0, c4, 42, 98, fc, 1c, 14]...
🔧 MEST Add: keyword='coach', fid='spor_00000409'
🔧 MEST Add: proof size=155 bytes, root_hash=[d4, 2b, 2c, 4b, 2e, c9, 30, f8]...
🔧 MEST Add: keyword='coach', fid='spor_00000409'
🔧 MEST Add: proof size=155 bytes, root_hash=[d4, 2b, 2c, 4b, 2e, c9, 30, f8]...
🗑️ MEST Delete: keyword='coach', fid='spor_00000409' (key completely removed)
🗑️ MEST Delete: post-delete root_hash=[e3, b0, c4, 42, 98, fc, 1c, 14]...
🔧 MEST Add: keyword='home', fid='life_00000429'
🔧 MEST Add: proof size=154 bytes, root_hash=[0c, 05, bb, 86, 92, 74, eb, 1a]...
🗑️ MEST Delete: keyword='home', fid='life_00000429' (key completely removed)
🗑️ MEST Delete: post-delete root_hash=[e3, b0, c4, 42, 98, fc, 1c, 14]...
🔧 MEST Add: keyword='home', fid='life_00000447'
🔧 MEST Add: proof size=154 bytes, root_hash=[45, 22, bb, 5b, cc, bc, 56, b3]...
🔧 MEST Add: keyword='home', fid='life_00000447'
🔧 MEST Add: proof size=154 bytes, root_hash=[45, 22, bb, 5b, cc, bc, 56, b3]...
🗑️ MEST Delete: keyword='home', fid='life_00000447' (key completely removed)
🗑️ MEST Delete: post-delete root_hash=[e3, b0, c4, 42, 98, fc, 1c, 14]...
🔧 MEST Add: keyword='coach', fid='spor_00000478'
🔧 MEST Add: proof size=155 bytes, root_hash=[7c, 73, 65, 51, 4d, 27, ce, b1]...
🗑️ MEST Delete: keyword='coach', fid='spor_00000478' (key completely removed)
🗑️ MEST Delete: post-delete root_hash=[e3, b0, c4, 42, 98, fc, 1c, 14]...
🔧 MEST Add: keyword='coach', fid='spor_00000484'
🔧 MEST Add: proof size=155 bytes, root_hash=[95, eb, 4a, 96, bd, 31, 27, 4c]...
🗑️ MEST Delete: keyword='coach', fid='spor_00000484' (key completely removed)
🗑️ MEST Delete: post-delete root_hash=[e3, b0, c4, 42, 98, fc, 1c, 14]...
🔧 MEST Add: keyword='home', fid='life_00000486'
🔧 MEST Add: proof size=154 bytes, root_hash=[ea, 87, 08, 13, 38, 14, f1, 7d]...
🗑️ MEST Delete: keyword='home', fid='life_00000486' (key completely removed)
🗑️ MEST Delete: post-delete root_hash=[e3, b0, c4, 42, 98, fc, 1c, 14]...
🔧 MEST Add: keyword='coach', fid='spor_00000488'
🔧 MEST Add: proof size=155 bytes, root_hash=[4e, 54, d1, 0a, a0, c2, 98, 6e]...
🔧 MEST Add: keyword='coach', fid='spor_00000488'
🔧 MEST Add: proof size=155 bytes, root_hash=[4e, 54, d1, 0a, a0, c2, 98, 6e]...
🗑️ MEST Delete: keyword='coach', fid='spor_00000488' (key completely removed)
🗑️ MEST Delete: post-delete root_hash=[e3, b0, c4, 42, 98, fc, 1c, 14]...
🔧 MEST Add: keyword='home', fid='life_00000537'
🔧 MEST Add: proof size=154 bytes, root_hash=[24, 22, 49, c5, 08, a7, 8c, 33]...
🔧 MEST Add: keyword='home', fid='life_00000537'
🔧 MEST Add: proof size=154 bytes, root_hash=[24, 22, 49, c5, 08, a7, 8c, 33]...
🗑️ MEST Delete: keyword='home', fid='life_00000537' (key completely removed)
🗑️ MEST Delete: post-delete root_hash=[e3, b0, c4, 42, 98, fc, 1c, 14]...
🔧 MEST Add: keyword='home', fid='life_00000571'
🔧 MEST Add: proof size=154 bytes, root_hash=[10, 24, 54, d7, e8, 4b, ff, 8c]...
🔧 MEST Add: keyword='home', fid='life_00000571'
🔧 MEST Add: proof size=154 bytes, root_hash=[10, 24, 54, d7, e8, 4b, ff, 8c]...
🗑️ MEST Delete: keyword='home', fid='life_00000571' (key completely removed)
🗑️ MEST Delete: post-delete root_hash=[e3, b0, c4, 42, 98, fc, 1c, 14]...
🔧 MEST Add: keyword='home', fid='life_00000580'
🔧 MEST Add: proof size=154 bytes, root_hash=[76, 11, 05, 4d, 1d, cd, 35, 60]...
🗑️ MEST Delete: keyword='home', fid='life_00000580' (key completely removed)
🗑️ MEST Delete: post-delete root_hash=[e3, b0, c4, 42, 98, fc, 1c, 14]...
🔧 MEST Add: keyword='coach', fid='spor_00000588'
🔧 MEST Add: proof size=155 bytes, root_hash=[fc, a0, 59, 38, 5c, 6c, ba, 4e]...
🔧 MEST Add: keyword='coach', fid='spor_00000588'
🔧 MEST Add: proof size=155 bytes, root_hash=[fc, a0, 59, 38, 5c, 6c, ba, 4e]...
🗑️ MEST Delete: keyword='coach', fid='spor_00000588' (key completely removed)
🗑️ MEST Delete: post-delete root_hash=[e3, b0, c4, 42, 98, fc, 1c, 14]...
🔧 MEST Add: keyword='coach', fid='spor_00000603'
🔧 MEST Add: proof size=155 bytes, root_hash=[57, 70, f8, bc, f0, dd, cc, 90]...
🔧 MEST Add: keyword='coach', fid='spor_00000603'
🔧 MEST Add: proof size=155 bytes, root_hash=[57, 70, f8, bc, f0, dd, cc, 90]...
🗑️ MEST Delete: keyword='coach', fid='spor_00000603' (key completely removed)
🗑️ MEST Delete: post-delete root_hash=[e3, b0, c4, 42, 98, fc, 1c, 14]...
🔧 MEST Add: keyword='coach', fid='spor_00000608'
🔧 MEST Add: proof size=155 bytes, root_hash=[f5, cf, 04, e4, 1a, 24, a6, 4e]...
🗑️ MEST Delete: keyword='coach', fid='spor_00000608' (key completely removed)
🗑️ MEST Delete: post-delete root_hash=[e3, b0, c4, 42, 98, fc, 1c, 14]...
🔧 MEST Add: keyword='coach', fid='spor_00000616'
🔧 MEST Add: proof size=155 bytes, root_hash=[50, cd, 84, 92, ec, 5b, 03, 11]...
🔧 MEST Add: keyword='coach', fid='spor_00000616'
🔧 MEST Add: proof size=155 bytes, root_hash=[50, cd, 84, 92, ec, 5b, 03, 11]...
🗑️ MEST Delete: keyword='coach', fid='spor_00000616' (key completely removed)
🗑️ MEST Delete: post-delete root_hash=[e3, b0, c4, 42, 98, fc, 1c, 14]...
🔧 MEST Add: keyword='coach', fid='spor_00000617'
🔧 MEST Add: proof size=155 bytes, root_hash=[8d, 5f, 1b, ab, b9, 71, 9d, 5c]...
🗑️ MEST Delete: keyword='coach', fid='spor_00000617' (key completely removed)
🗑️ MEST Delete: post-delete root_hash=[e3, b0, c4, 42, 98, fc, 1c, 14]...
🔧 MEST Add: keyword='coach', fid='spor_00000697'
🔧 MEST Add: proof size=155 bytes, root_hash=[40, 1b, 5a, 4e, 31, f0, b0, d3]...
🔧 MEST Add: keyword='coach', fid='spor_00000697'
🔧 MEST Add: proof size=155 bytes, root_hash=[40, 1b, 5a, 4e, 31, f0, b0, d3]...
🗑️ MEST Delete: keyword='coach', fid='spor_00000697' (key completely removed)
🗑️ MEST Delete: post-delete root_hash=[e3, b0, c4, 42, 98, fc, 1c, 14]...
🔧 MEST Add: keyword='home', fid='life_00000702'
🔧 MEST Add: proof size=154 bytes, root_hash=[42, a1, 30, 7b, 0e, 75, 6e, 93]...
🔧 MEST Add: keyword='home', fid='life_00000702'
🔧 MEST Add: proof size=154 bytes, root_hash=[42, a1, 30, 7b, 0e, 75, 6e, 93]...
🗑️ MEST Delete: keyword='home', fid='life_00000702' (key completely removed)
🗑️ MEST Delete: post-delete root_hash=[e3, b0, c4, 42, 98, fc, 1c, 14]...
🔧 MEST Add: keyword='coach', fid='spor_00000721'
🔧 MEST Add: proof size=155 bytes, root_hash=[11, 9c, 14, 79, 7f, 8d, 8e, 8c]...
🔧 MEST Add: keyword='coach', fid='spor_00000721'
🔧 MEST Add: proof size=155 bytes, root_hash=[11, 9c, 14, 79, 7f, 8d, 8e, 8c]...
🗑️ MEST Delete: keyword='coach', fid='spor_00000721' (key completely removed)
🗑️ MEST Delete: post-delete root_hash=[e3, b0, c4, 42, 98, fc, 1c, 14]...
🔧 MEST Add: keyword='home', fid='life_00000740'
🔧 MEST Add: proof size=154 bytes, root_hash=[ad, 0a, 53, 5d, ca, 97, df, 49]...
🗑️ MEST Delete: keyword='home', fid='life_00000740' (key completely removed)
🗑️ MEST Delete: post-delete root_hash=[e3, b0, c4, 42, 98, fc, 1c, 14]...
🔧 MEST Add: keyword='home', fid='life_00000753'
🔧 MEST Add: proof size=154 bytes, root_hash=[e3, 11, 8d, 32, e3, 1b, cd, 5f]...
🔧 MEST Add: keyword='home', fid='life_00000753'
🔧 MEST Add: proof size=154 bytes, root_hash=[e3, 11, 8d, 32, e3, 1b, cd, 5f]...
🗑️ MEST Delete: keyword='home', fid='life_00000753' (key completely removed)
🗑️ MEST Delete: post-delete root_hash=[e3, b0, c4, 42, 98, fc, 1c, 14]...
🔧 MEST Add: keyword='coach', fid='spor_00000803'
🔧 MEST Add: proof size=155 bytes, root_hash=[84, 52, 36, 82, 8a, 49, 91, 2c]...
🔧 MEST Add: keyword='coach', fid='spor_00000803'
🔧 MEST Add: proof size=155 bytes, root_hash=[84, 52, 36, 82, 8a, 49, 91, 2c]...
🗑️ MEST Delete: keyword='coach', fid='spor_00000803' (key completely removed)
🗑️ MEST Delete: post-delete root_hash=[e3, b0, c4, 42, 98, fc, 1c, 14]...
🔧 MEST Add: keyword='coach', fid='spor_00000934'
🔧 MEST Add: proof size=155 bytes, root_hash=[ef, a1, 1e, d4, 13, 36, 6d, 73]...
🗑️ MEST Delete: keyword='coach', fid='spor_00000934' (key completely removed)
🗑️ MEST Delete: post-delete root_hash=[e3, b0, c4, 42, 98, fc, 1c, 14]...
🔧 MEST Add: keyword='home', fid='life_00000941'
🔧 MEST Add: proof size=154 bytes, root_hash=[94, 53, d3, 0b, 28, 3c, 37, ee]...
🗑️ MEST Delete: keyword='home', fid='life_00000941' (key completely removed)
🗑️ MEST Delete: post-delete root_hash=[e3, b0, c4, 42, 98, fc, 1c, 14]...
🔧 MEST Add: keyword='coach', fid='spor_00000942'
🔧 MEST Add: proof size=155 bytes, root_hash=[f1, 35, e8, c9, 6b, e4, 4c, 2a]...
🗑️ MEST Delete: keyword='coach', fid='spor_00000942' (key completely removed)
🗑️ MEST Delete: post-delete root_hash=[e3, b0, c4, 42, 98, fc, 1c, 14]...
🔧 MEST Add: keyword='home', fid='life_00000949'
🔧 MEST Add: proof size=154 bytes, root_hash=[2f, f4, 2d, ba, 2a, ca, 41, e0]...
🗑️ MEST Delete: keyword='home', fid='life_00000949' (key completely removed)
🗑️ MEST Delete: post-delete root_hash=[e3, b0, c4, 42, 98, fc, 1c, 14]...
🔧 MEST Add: keyword='home', fid='life_00000957'
🔧 MEST Add: proof size=154 bytes, root_hash=[a3, bf, b6, 38, 3d, 29, 79, 39]...
🗑️ MEST Delete: keyword='home', fid='life_00000957' (key completely removed)
🗑️ MEST Delete: post-delete root_hash=[e3, b0, c4, 42, 98, fc, 1c, 14]...
