warning: profiles for the non root package will be ignored, specify profiles at the workspace root:
package:   /root/distributed-storage-system/crates/storager/ads_lib/Cargo.toml
workspace: /root/distributed-storage-system/Cargo.toml
warning: value assigned to `is_change` is never read
   --> crates/storager/ads_lib/src/mpt/mpt.rs:256:21
    |
256 |             let mut is_change = false;
    |                     ^^^^^^^^^
    |
    = help: maybe it is overwritten before being read?
    = note: `#[warn(unused_assignments)]` on by default

warning: value assigned to `is_change` is never read
   --> crates/storager/ads_lib/src/mpt/mpt.rs:462:25
    |
462 |                 let mut is_change = false;
    |                         ^^^^^^^^^
    |
    = help: maybe it is overwritten before being read?

warning: unused variable: `had_value`
   --> crates/storager/ads_lib/src/mpt/mpt.rs:526:21
    |
526 |                 let had_value = !old_value_str.is_empty();
    |                     ^^^^^^^^^ help: if this is intentional, prefix it with an underscore: `_had_value`
    |
    = note: `#[warn(unused_variables)]` on by default

warning: associated functions `short_node_batch_fix` and `full_node_batch_fix` are never used
    --> crates/storager/ads_lib/src/mpt/mpt.rs:1743:8
     |
  50 | impl MPT {
     | -------- associated functions in this implementation
...
1743 |     fn short_node_batch_fix(node: Arc<RwLock<ShortNode>>) -> Result<(), MPTError> {
     |        ^^^^^^^^^^^^^^^^^^^^
...
1748 |     fn full_node_batch_fix(node: Arc<RwLock<FullNode>>) -> Result<(), MPTError> {
     |        ^^^^^^^^^^^^^^^^^^^
     |
     = note: `#[warn(dead_code)]` on by default

warning: function `hash_mgt_node` is never used
   --> crates/storager/ads_lib/src/mest/proof.rs:253:4
    |
253 | fn hash_mgt_node(children: &[[u8; 32]]) -> [u8; 32] {
    |    ^^^^^^^^^^^^^

warning: `ads_rust` (lib) generated 5 warnings
warning: unused variable: `acc_old`
   --> crates/common/src/verification.rs:721:13
    |
721 |         let acc_old = match G1Affine::deserialize_uncompressed(&proof[offset..offset + acc_old_len]) {
    |             ^^^^^^^ help: if this is intentional, prefix it with an underscore: `_acc_old`
    |
    = note: `#[warn(unused_variables)]` on by default

warning: `common` (lib) generated 1 warning
warning: unused imports: `Digest` and `Sha256`
   --> crates/storager/src/ads/acctrie_ads.rs:452:20
    |
452 |         use sha2::{Digest, Sha256};
    |                    ^^^^^^  ^^^^^^
    |
    = note: `#[warn(unused_imports)]` on by default

warning: `storager` (lib) generated 1 warning (run `cargo fix --lib -p storager` to apply 1 suggestion)
    Finished `release` profile [optimized] target(s) in 0.15s
     Running `target/release/storager 50124 mest`
🔧 MEST Add: keyword='environment', fid='envi_00000005'
🔧 MEST Add: proof size=161 bytes, root_hash=[41, 31, 41, 3f, c5, 6c, 99, 84]...
🔍 MEST Query: keyword='environment', found 1 fids
🔍 MEST Query: returning proof (161 bytes)
🗑️ MEST Delete: keyword='environment', fid='envi_00000005' (key completely removed)
🗑️ MEST Delete: post-delete root_hash=[e3, b0, c4, 42, 98, fc, 1c, 14]...
🗑️ MEST Delete: keyword='environment', fid='envi_00000005' (key completely removed)
🗑️ MEST Delete: post-delete root_hash=[e3, b0, c4, 42, 98, fc, 1c, 14]...
🔧 MEST Add: keyword='blockchain', fid='tech_00000010'
🔧 MEST Add: proof size=160 bytes, root_hash=[d3, 81, 87, e2, 99, 93, e0, 37]...
🔧 MEST Add: keyword='blockchain', fid='tech_00000010'
🔧 MEST Add: proof size=160 bytes, root_hash=[d3, 81, 87, e2, 99, 93, e0, 37]...
🗑️ MEST Delete: keyword='blockchain', fid='tech_00000010' (key completely removed)
🗑️ MEST Delete: post-delete root_hash=[e3, b0, c4, 42, 98, fc, 1c, 14]...
🔧 MEST Add: keyword='breaking', fid='news_00000014'
🔧 MEST Add: proof size=158 bytes, root_hash=[0a, c0, 0d, ff, 57, 79, ea, ff]...
🗑️ MEST Delete: keyword='breaking', fid='news_00000014' (key completely removed)
🗑️ MEST Delete: post-delete root_hash=[e3, b0, c4, 42, 98, fc, 1c, 14]...
🔧 MEST Add: keyword='breaking', fid='news_00000019'
🔧 MEST Add: proof size=158 bytes, root_hash=[67, 7a, eb, 96, 3d, 92, 80, 34]...
🔧 MEST Add: keyword='breaking', fid='news_00000019'
🔧 MEST Add: proof size=158 bytes, root_hash=[67, 7a, eb, 96, 3d, 92, 80, 34]...
🗑️ MEST Delete: keyword='breaking', fid='news_00000019' (key completely removed)
🗑️ MEST Delete: post-delete root_hash=[e3, b0, c4, 42, 98, fc, 1c, 14]...
🔧 MEST Add: keyword='blockchain', fid='tech_00000020'
🔧 MEST Add: proof size=160 bytes, root_hash=[f6, 6e, 4b, ad, af, bb, 13, d8]...
🗑️ MEST Delete: keyword='blockchain', fid='tech_00000020' (key completely removed)
🗑️ MEST Delete: post-delete root_hash=[e3, b0, c4, 42, 98, fc, 1c, 14]...
🔧 MEST Add: keyword='environment', fid='envi_00000021'
🔧 MEST Add: proof size=161 bytes, root_hash=[c7, a4, 62, 85, 58, 33, 1d, 0a]...
🔍 MEST Query: keyword='environment', found 1 fids
🔍 MEST Query: returning proof (161 bytes)
🗑️ MEST Delete: keyword='environment', fid='envi_00000021' (key completely removed)
🗑️ MEST Delete: post-delete root_hash=[e3, b0, c4, 42, 98, fc, 1c, 14]...
🗑️ MEST Delete: keyword='environment', fid='envi_00000021' (key completely removed)
🗑️ MEST Delete: post-delete root_hash=[e3, b0, c4, 42, 98, fc, 1c, 14]...
🔧 MEST Add: keyword='environment', fid='envi_00000045'
🔧 MEST Add: proof size=161 bytes, root_hash=[15, 92, b1, 9e, e2, 4d, 5e, ff]...
🔍 MEST Query: keyword='environment', found 1 fids
🔍 MEST Query: returning proof (161 bytes)
🗑️ MEST Delete: keyword='environment', fid='envi_00000045' (key completely removed)
🗑️ MEST Delete: post-delete root_hash=[e3, b0, c4, 42, 98, fc, 1c, 14]...
🗑️ MEST Delete: keyword='environment', fid='envi_00000045' (key completely removed)
🗑️ MEST Delete: post-delete root_hash=[e3, b0, c4, 42, 98, fc, 1c, 14]...
🔧 MEST Add: keyword='blockchain', fid='tech_00000053'
🔧 MEST Add: proof size=160 bytes, root_hash=[a8, d4, b3, 19, f0, f2, db, d6]...
🔧 MEST Add: keyword='blockchain', fid='tech_00000053'
🔧 MEST Add: proof size=160 bytes, root_hash=[a8, d4, b3, 19, f0, f2, db, d6]...
🗑️ MEST Delete: keyword='blockchain', fid='tech_00000053' (key completely removed)
🗑️ MEST Delete: post-delete root_hash=[e3, b0, c4, 42, 98, fc, 1c, 14]...
🔧 MEST Add: keyword='environment', fid='envi_00000055'
🔧 MEST Add: proof size=161 bytes, root_hash=[b4, 9b, d6, 4e, 00, fc, 1e, c2]...
🔍 MEST Query: keyword='environment', found 1 fids
🔍 MEST Query: returning proof (161 bytes)
🗑️ MEST Delete: keyword='environment', fid='envi_00000055' (key completely removed)
🗑️ MEST Delete: post-delete root_hash=[e3, b0, c4, 42, 98, fc, 1c, 14]...
🗑️ MEST Delete: keyword='environment', fid='envi_00000055' (key completely removed)
🗑️ MEST Delete: post-delete root_hash=[e3, b0, c4, 42, 98, fc, 1c, 14]...
🔧 MEST Add: keyword='environment', fid='envi_00000058'
🔧 MEST Add: proof size=161 bytes, root_hash=[14, 3f, 84, b1, 96, 46, ed, 98]...
🔍 MEST Query: keyword='environment', found 1 fids
🔍 MEST Query: returning proof (161 bytes)
🗑️ MEST Delete: keyword='environment', fid='envi_00000058' (key completely removed)
🗑️ MEST Delete: post-delete root_hash=[e3, b0, c4, 42, 98, fc, 1c, 14]...
🗑️ MEST Delete: keyword='environment', fid='envi_00000058' (key completely removed)
🗑️ MEST Delete: post-delete root_hash=[e3, b0, c4, 42, 98, fc, 1c, 14]...
🔧 MEST Add: keyword='environment', fid='envi_00000062'
🔧 MEST Add: proof size=161 bytes, root_hash=[92, 51, 1a, 7d, 41, de, 36, 2d]...
🔍 MEST Query: keyword='environment', found 1 fids
🔍 MEST Query: returning proof (161 bytes)
🗑️ MEST Delete: keyword='environment', fid='envi_00000062' (key completely removed)
🗑️ MEST Delete: post-delete root_hash=[e3, b0, c4, 42, 98, fc, 1c, 14]...
🗑️ MEST Delete: keyword='environment', fid='envi_00000062' (key completely removed)
🗑️ MEST Delete: post-delete root_hash=[e3, b0, c4, 42, 98, fc, 1c, 14]...
🔧 MEST Add: keyword='blockchain', fid='tech_00000072'
🔧 MEST Add: proof size=160 bytes, root_hash=[27, 27, 3e, c5, e4, c3, 4f, e2]...
🗑️ MEST Delete: keyword='blockchain', fid='tech_00000072' (key completely removed)
🗑️ MEST Delete: post-delete root_hash=[e3, b0, c4, 42, 98, fc, 1c, 14]...
🔧 MEST Add: keyword='server', fid='tech_00000077'
🔧 MEST Add: proof size=156 bytes, root_hash=[1a, 80, bb, 59, 8e, 01, 4c, 17]...
🔧 MEST Add: keyword='server', fid='tech_00000077'
🔧 MEST Add: proof size=156 bytes, root_hash=[1a, 80, bb, 59, 8e, 01, 4c, 17]...
🗑️ MEST Delete: keyword='server', fid='tech_00000077' (key completely removed)
🗑️ MEST Delete: post-delete root_hash=[e3, b0, c4, 42, 98, fc, 1c, 14]...
🔧 MEST Add: keyword='breaking', fid='news_00000082'
🔧 MEST Add: proof size=158 bytes, root_hash=[5b, 7f, 67, 00, f8, c2, c4, 79]...
🔧 MEST Add: keyword='breaking', fid='news_00000082'
🔧 MEST Add: proof size=158 bytes, root_hash=[5b, 7f, 67, 00, f8, c2, c4, 79]...
🗑️ MEST Delete: keyword='breaking', fid='news_00000082' (key completely removed)
🗑️ MEST Delete: post-delete root_hash=[e3, b0, c4, 42, 98, fc, 1c, 14]...
🔧 MEST Add: keyword='environment', fid='envi_00000087'
🔧 MEST Add: proof size=161 bytes, root_hash=[2c, 3f, 15, 07, 39, a3, 40, 95]...
🔍 MEST Query: keyword='environment', found 1 fids
🔍 MEST Query: returning proof (161 bytes)
🗑️ MEST Delete: keyword='environment', fid='envi_00000087' (key completely removed)
🗑️ MEST Delete: post-delete root_hash=[e3, b0, c4, 42, 98, fc, 1c, 14]...
🗑️ MEST Delete: keyword='environment', fid='envi_00000087' (key completely removed)
🗑️ MEST Delete: post-delete root_hash=[e3, b0, c4, 42, 98, fc, 1c, 14]...
🔧 MEST Add: keyword='breaking', fid='news_00000105'
🔧 MEST Add: proof size=158 bytes, root_hash=[9f, 73, 1f, 8b, 80, aa, 0f, d3]...
🔧 MEST Add: keyword='breaking', fid='news_00000105'
🔧 MEST Add: proof size=158 bytes, root_hash=[9f, 73, 1f, 8b, 80, aa, 0f, d3]...
🗑️ MEST Delete: keyword='breaking', fid='news_00000105' (key completely removed)
🗑️ MEST Delete: post-delete root_hash=[e3, b0, c4, 42, 98, fc, 1c, 14]...
🔧 MEST Add: keyword='environment', fid='envi_00000126'
🔧 MEST Add: proof size=161 bytes, root_hash=[d6, 59, 6e, ad, fb, c6, a5, b6]...
🔍 MEST Query: keyword='environment', found 1 fids
🔍 MEST Query: returning proof (161 bytes)
🗑️ MEST Delete: keyword='environment', fid='envi_00000126' (key completely removed)
🗑️ MEST Delete: post-delete root_hash=[e3, b0, c4, 42, 98, fc, 1c, 14]...
🗑️ MEST Delete: keyword='environment', fid='envi_00000126' (key completely removed)
🗑️ MEST Delete: post-delete root_hash=[e3, b0, c4, 42, 98, fc, 1c, 14]...
🔧 MEST Add: keyword='server', fid='tech_00000136'
🔧 MEST Add: proof size=156 bytes, root_hash=[e3, 0b, 48, 20, 58, 85, b9, f2]...
🗑️ MEST Delete: keyword='server', fid='tech_00000136' (key completely removed)
🗑️ MEST Delete: post-delete root_hash=[e3, b0, c4, 42, 98, fc, 1c, 14]...
🔧 MEST Add: keyword='environment', fid='envi_00000137'
🔧 MEST Add: proof size=161 bytes, root_hash=[94, 38, b6, c3, 72, 4e, 04, c3]...
🔍 MEST Query: keyword='environment', found 1 fids
🔍 MEST Query: returning proof (161 bytes)
🗑️ MEST Delete: keyword='environment', fid='envi_00000137' (key completely removed)
🗑️ MEST Delete: post-delete root_hash=[e3, b0, c4, 42, 98, fc, 1c, 14]...
🗑️ MEST Delete: keyword='environment', fid='envi_00000137' (key completely removed)
🗑️ MEST Delete: post-delete root_hash=[e3, b0, c4, 42, 98, fc, 1c, 14]...
🔧 MEST Add: keyword='blockchain', fid='tech_00000141'
🔧 MEST Add: proof size=160 bytes, root_hash=[c0, 40, 5d, 57, f0, 3e, c9, eb]...
🔧 MEST Add: keyword='blockchain', fid='tech_00000141'
🔧 MEST Add: proof size=160 bytes, root_hash=[c0, 40, 5d, 57, f0, 3e, c9, eb]...
🗑️ MEST Delete: keyword='blockchain', fid='tech_00000141' (key completely removed)
🗑️ MEST Delete: post-delete root_hash=[e3, b0, c4, 42, 98, fc, 1c, 14]...
🔧 MEST Add: keyword='environment', fid='envi_00000150'
🔧 MEST Add: proof size=161 bytes, root_hash=[2b, fe, 9f, b7, a5, 6b, 2d, 0d]...
🔍 MEST Query: keyword='environment', found 1 fids
🔍 MEST Query: returning proof (161 bytes)
🗑️ MEST Delete: keyword='environment', fid='envi_00000150' (key completely removed)
🗑️ MEST Delete: post-delete root_hash=[e3, b0, c4, 42, 98, fc, 1c, 14]...
🗑️ MEST Delete: keyword='environment', fid='envi_00000150' (key completely removed)
🗑️ MEST Delete: post-delete root_hash=[e3, b0, c4, 42, 98, fc, 1c, 14]...
🔧 MEST Add: keyword='environment', fid='envi_00000151'
🔧 MEST Add: proof size=161 bytes, root_hash=[e9, 06, bb, a3, c6, 5c, 70, 22]...
🔍 MEST Query: keyword='environment', found 1 fids
🔍 MEST Query: returning proof (161 bytes)
🗑️ MEST Delete: keyword='environment', fid='envi_00000151' (key completely removed)
🗑️ MEST Delete: post-delete root_hash=[e3, b0, c4, 42, 98, fc, 1c, 14]...
🗑️ MEST Delete: keyword='environment', fid='envi_00000151' (key completely removed)
🗑️ MEST Delete: post-delete root_hash=[e3, b0, c4, 42, 98, fc, 1c, 14]...
🔧 MEST Add: keyword='environment', fid='envi_00000156'
🔧 MEST Add: proof size=161 bytes, root_hash=[41, 43, 61, 3d, 66, 1b, 0d, e0]...
🔍 MEST Query: keyword='environment', found 1 fids
🔍 MEST Query: returning proof (161 bytes)
🗑️ MEST Delete: keyword='environment', fid='envi_00000156' (key completely removed)
🗑️ MEST Delete: post-delete root_hash=[e3, b0, c4, 42, 98, fc, 1c, 14]...
🗑️ MEST Delete: keyword='environment', fid='envi_00000156' (key completely removed)
🗑️ MEST Delete: post-delete root_hash=[e3, b0, c4, 42, 98, fc, 1c, 14]...
🔧 MEST Add: keyword='environment', fid='envi_00000161'
🔧 MEST Add: proof size=161 bytes, root_hash=[16, 71, bd, 95, 0e, 27, 67, f4]...
🔍 MEST Query: keyword='environment', found 1 fids
🔍 MEST Query: returning proof (161 bytes)
🗑️ MEST Delete: keyword='environment', fid='envi_00000161' (key completely removed)
🗑️ MEST Delete: post-delete root_hash=[e3, b0, c4, 42, 98, fc, 1c, 14]...
🗑️ MEST Delete: keyword='environment', fid='envi_00000161' (key completely removed)
🗑️ MEST Delete: post-delete root_hash=[e3, b0, c4, 42, 98, fc, 1c, 14]...
🔧 MEST Add: keyword='environment', fid='envi_00000176'
🔧 MEST Add: proof size=161 bytes, root_hash=[4c, ec, 7f, ac, b7, c7, 78, 7c]...
🔍 MEST Query: keyword='environment', found 1 fids
🔍 MEST Query: returning proof (161 bytes)
🗑️ MEST Delete: keyword='environment', fid='envi_00000176' (key completely removed)
🗑️ MEST Delete: post-delete root_hash=[e3, b0, c4, 42, 98, fc, 1c, 14]...
🗑️ MEST Delete: keyword='environment', fid='envi_00000176' (key completely removed)
🗑️ MEST Delete: post-delete root_hash=[e3, b0, c4, 42, 98, fc, 1c, 14]...
🔧 MEST Add: keyword='environment', fid='envi_00000178'
🔧 MEST Add: proof size=161 bytes, root_hash=[20, f1, 4a, d5, a9, 47, 2b, 54]...
🔍 MEST Query: keyword='environment', found 1 fids
🔍 MEST Query: returning proof (161 bytes)
🗑️ MEST Delete: keyword='environment', fid='envi_00000178' (key completely removed)
🗑️ MEST Delete: post-delete root_hash=[e3, b0, c4, 42, 98, fc, 1c, 14]...
🗑️ MEST Delete: keyword='environment', fid='envi_00000178' (key completely removed)
🗑️ MEST Delete: post-delete root_hash=[e3, b0, c4, 42, 98, fc, 1c, 14]...
🔧 MEST Add: keyword='environment', fid='envi_00000185'
🔧 MEST Add: proof size=161 bytes, root_hash=[12, 1b, 33, b0, 8b, 0a, 59, 47]...
🔍 MEST Query: keyword='environment', found 1 fids
🔍 MEST Query: returning proof (161 bytes)
🗑️ MEST Delete: keyword='environment', fid='envi_00000185' (key completely removed)
🗑️ MEST Delete: post-delete root_hash=[e3, b0, c4, 42, 98, fc, 1c, 14]...
🗑️ MEST Delete: keyword='environment', fid='envi_00000185' (key completely removed)
🗑️ MEST Delete: post-delete root_hash=[e3, b0, c4, 42, 98, fc, 1c, 14]...
🔧 MEST Add: keyword='breaking', fid='news_00000190'
🔧 MEST Add: proof size=158 bytes, root_hash=[bb, 24, 39, 57, 62, 6e, 6c, b2]...
🔧 MEST Add: keyword='breaking', fid='news_00000190'
🔧 MEST Add: proof size=158 bytes, root_hash=[bb, 24, 39, 57, 62, 6e, 6c, b2]...
🗑️ MEST Delete: keyword='breaking', fid='news_00000190' (key completely removed)
🗑️ MEST Delete: post-delete root_hash=[e3, b0, c4, 42, 98, fc, 1c, 14]...
🔧 MEST Add: keyword='environment', fid='envi_00000194'
🔧 MEST Add: proof size=161 bytes, root_hash=[c8, da, 9e, 3e, 1d, fa, d6, fd]...
🔍 MEST Query: keyword='environment', found 1 fids
🔍 MEST Query: returning proof (161 bytes)
🗑️ MEST Delete: keyword='environment', fid='envi_00000194' (key completely removed)
🗑️ MEST Delete: post-delete root_hash=[e3, b0, c4, 42, 98, fc, 1c, 14]...
🗑️ MEST Delete: keyword='environment', fid='envi_00000194' (key completely removed)
🗑️ MEST Delete: post-delete root_hash=[e3, b0, c4, 42, 98, fc, 1c, 14]...
🔧 MEST Add: keyword='server', fid='tech_00000197'
🔧 MEST Add: proof size=156 bytes, root_hash=[78, 8c, be, 28, 31, e1, f0, f1]...
🔧 MEST Add: keyword='server', fid='tech_00000197'
🔧 MEST Add: proof size=156 bytes, root_hash=[78, 8c, be, 28, 31, e1, f0, f1]...
🗑️ MEST Delete: keyword='server', fid='tech_00000197' (key completely removed)
🗑️ MEST Delete: post-delete root_hash=[e3, b0, c4, 42, 98, fc, 1c, 14]...
🔧 MEST Add: keyword='environment', fid='envi_00000200'
🔧 MEST Add: proof size=161 bytes, root_hash=[3b, 12, 0e, 66, 9c, 47, 47, 07]...
🔍 MEST Query: keyword='environment', found 1 fids
🔍 MEST Query: returning proof (161 bytes)
🗑️ MEST Delete: keyword='environment', fid='envi_00000200' (key completely removed)
🗑️ MEST Delete: post-delete root_hash=[e3, b0, c4, 42, 98, fc, 1c, 14]...
🗑️ MEST Delete: keyword='environment', fid='envi_00000200' (key completely removed)
🗑️ MEST Delete: post-delete root_hash=[e3, b0, c4, 42, 98, fc, 1c, 14]...
🔧 MEST Add: keyword='environment', fid='envi_00000213'
🔧 MEST Add: proof size=161 bytes, root_hash=[6e, df, 87, 42, 68, 4d, 10, 22]...
🔍 MEST Query: keyword='environment', found 1 fids
🔍 MEST Query: returning proof (161 bytes)
🗑️ MEST Delete: keyword='environment', fid='envi_00000213' (key completely removed)
🗑️ MEST Delete: post-delete root_hash=[e3, b0, c4, 42, 98, fc, 1c, 14]...
🗑️ MEST Delete: keyword='environment', fid='envi_00000213' (key completely removed)
🗑️ MEST Delete: post-delete root_hash=[e3, b0, c4, 42, 98, fc, 1c, 14]...
🔧 MEST Add: keyword='server', fid='tech_00000215'
🔧 MEST Add: proof size=156 bytes, root_hash=[d2, 96, 30, aa, b2, d2, 0f, 10]...
🔧 MEST Add: keyword='server', fid='tech_00000215'
🔧 MEST Add: proof size=156 bytes, root_hash=[d2, 96, 30, aa, b2, d2, 0f, 10]...
🗑️ MEST Delete: keyword='server', fid='tech_00000215' (key completely removed)
🗑️ MEST Delete: post-delete root_hash=[e3, b0, c4, 42, 98, fc, 1c, 14]...
🔧 MEST Add: keyword='environment', fid='envi_00000216'
🔧 MEST Add: proof size=161 bytes, root_hash=[9f, d2, f3, db, 85, 16, 00, ce]...
🔍 MEST Query: keyword='environment', found 1 fids
🔍 MEST Query: returning proof (161 bytes)
🗑️ MEST Delete: keyword='environment', fid='envi_00000216' (key completely removed)
🗑️ MEST Delete: post-delete root_hash=[e3, b0, c4, 42, 98, fc, 1c, 14]...
🗑️ MEST Delete: keyword='environment', fid='envi_00000216' (key completely removed)
🗑️ MEST Delete: post-delete root_hash=[e3, b0, c4, 42, 98, fc, 1c, 14]...
🔧 MEST Add: keyword='server', fid='tech_00000221'
🔧 MEST Add: proof size=156 bytes, root_hash=[56, d4, b0, cf, ee, 85, 1a, 87]...
🗑️ MEST Delete: keyword='server', fid='tech_00000221' (key completely removed)
🗑️ MEST Delete: post-delete root_hash=[e3, b0, c4, 42, 98, fc, 1c, 14]...
🔧 MEST Add: keyword='blockchain', fid='tech_00000231'
🔧 MEST Add: proof size=160 bytes, root_hash=[10, 81, e1, a9, cf, f7, 2f, b0]...
🔧 MEST Add: keyword='server', fid='tech_00000231'
🔧 MEST Add: proof size=188 bytes, root_hash=[26, d4, 01, b0, a3, 28, 0d, d6]...
🔧 MEST Add: keyword='server', fid='tech_00000231'
🔧 MEST Add: proof size=188 bytes, root_hash=[26, d4, 01, b0, a3, 28, 0d, d6]...
🗑️ MEST Delete: keyword='server', fid='tech_00000231' (key completely removed)
🗑️ MEST Delete: post-delete root_hash=[10, 81, e1, a9, cf, f7, 2f, b0]...
🗑️ MEST Delete: keyword='blockchain', fid='tech_00000231' (key completely removed)
🗑️ MEST Delete: post-delete root_hash=[e3, b0, c4, 42, 98, fc, 1c, 14]...
🔧 MEST Add: keyword='breaking', fid='news_00000239'
🔧 MEST Add: proof size=158 bytes, root_hash=[55, e3, 12, f0, bc, 29, a3, 00]...
🗑️ MEST Delete: keyword='breaking', fid='news_00000239' (key completely removed)
🗑️ MEST Delete: post-delete root_hash=[e3, b0, c4, 42, 98, fc, 1c, 14]...
🔧 MEST Add: keyword='environment', fid='envi_00000254'
🔧 MEST Add: proof size=161 bytes, root_hash=[37, 0c, 98, fd, 08, 44, 12, 86]...
🔍 MEST Query: keyword='environment', found 1 fids
🔍 MEST Query: returning proof (161 bytes)
🗑️ MEST Delete: keyword='environment', fid='envi_00000254' (key completely removed)
🗑️ MEST Delete: post-delete root_hash=[e3, b0, c4, 42, 98, fc, 1c, 14]...
🗑️ MEST Delete: keyword='environment', fid='envi_00000254' (key completely removed)
🗑️ MEST Delete: post-delete root_hash=[e3, b0, c4, 42, 98, fc, 1c, 14]...
🔧 MEST Add: keyword='server', fid='tech_00000257'
🔧 MEST Add: proof size=156 bytes, root_hash=[39, 1e, 99, 08, d0, 27, 71, 86]...
🔧 MEST Add: keyword='blockchain', fid='tech_00000257'
🔧 MEST Add: proof size=192 bytes, root_hash=[8c, 6c, 3e, 48, d2, 6b, 17, 9a]...
🔧 MEST Add: keyword='blockchain', fid='tech_00000257'
🔧 MEST Add: proof size=192 bytes, root_hash=[8c, 6c, 3e, 48, d2, 6b, 17, 9a]...
🗑️ MEST Delete: keyword='blockchain', fid='tech_00000257' (key completely removed)
🗑️ MEST Delete: post-delete root_hash=[39, 1e, 99, 08, d0, 27, 71, 86]...
🗑️ MEST Delete: keyword='server', fid='tech_00000257' (key completely removed)
🗑️ MEST Delete: post-delete root_hash=[e3, b0, c4, 42, 98, fc, 1c, 14]...
🔧 MEST Add: keyword='breaking', fid='news_00000278'
🔧 MEST Add: proof size=158 bytes, root_hash=[b2, 7b, 5a, ba, 06, 85, 70, e0]...
🗑️ MEST Delete: keyword='breaking', fid='news_00000278' (key completely removed)
🗑️ MEST Delete: post-delete root_hash=[e3, b0, c4, 42, 98, fc, 1c, 14]...
🔧 MEST Add: keyword='environment', fid='envi_00000284'
🔧 MEST Add: proof size=161 bytes, root_hash=[66, 7b, 4f, ad, 17, 78, 92, fd]...
🔍 MEST Query: keyword='environment', found 1 fids
🔍 MEST Query: returning proof (161 bytes)
🗑️ MEST Delete: keyword='environment', fid='envi_00000284' (key completely removed)
🗑️ MEST Delete: post-delete root_hash=[e3, b0, c4, 42, 98, fc, 1c, 14]...
🗑️ MEST Delete: keyword='environment', fid='envi_00000284' (key completely removed)
🗑️ MEST Delete: post-delete root_hash=[e3, b0, c4, 42, 98, fc, 1c, 14]...
🔧 MEST Add: keyword='environment', fid='envi_00000313'
🔧 MEST Add: proof size=161 bytes, root_hash=[c4, 0d, 39, a5, 2a, 2f, 9a, f9]...
🔍 MEST Query: keyword='environment', found 1 fids
🔍 MEST Query: returning proof (161 bytes)
🗑️ MEST Delete: keyword='environment', fid='envi_00000313' (key completely removed)
🗑️ MEST Delete: post-delete root_hash=[e3, b0, c4, 42, 98, fc, 1c, 14]...
🗑️ MEST Delete: keyword='environment', fid='envi_00000313' (key completely removed)
🗑️ MEST Delete: post-delete root_hash=[e3, b0, c4, 42, 98, fc, 1c, 14]...
🔧 MEST Add: keyword='environment', fid='envi_00000332'
🔧 MEST Add: proof size=161 bytes, root_hash=[7a, e1, 4c, 1f, a5, bd, b5, 0c]...
🔍 MEST Query: keyword='environment', found 1 fids
🔍 MEST Query: returning proof (161 bytes)
🗑️ MEST Delete: keyword='environment', fid='envi_00000332' (key completely removed)
🗑️ MEST Delete: post-delete root_hash=[e3, b0, c4, 42, 98, fc, 1c, 14]...
🗑️ MEST Delete: keyword='environment', fid='envi_00000332' (key completely removed)
🗑️ MEST Delete: post-delete root_hash=[e3, b0, c4, 42, 98, fc, 1c, 14]...
🔧 MEST Add: keyword='environment', fid='envi_00000340'
🔧 MEST Add: proof size=161 bytes, root_hash=[a1, 8a, a9, 8d, 57, d5, a2, 53]...
🔍 MEST Query: keyword='environment', found 1 fids
🔍 MEST Query: returning proof (161 bytes)
🗑️ MEST Delete: keyword='environment', fid='envi_00000340' (key completely removed)
🗑️ MEST Delete: post-delete root_hash=[e3, b0, c4, 42, 98, fc, 1c, 14]...
🗑️ MEST Delete: keyword='environment', fid='envi_00000340' (key completely removed)
🗑️ MEST Delete: post-delete root_hash=[e3, b0, c4, 42, 98, fc, 1c, 14]...
🔧 MEST Add: keyword='environment', fid='envi_00000349'
🔧 MEST Add: proof size=161 bytes, root_hash=[14, 8c, cd, ab, 7a, 7d, 02, d7]...
🔍 MEST Query: keyword='environment', found 1 fids
🔍 MEST Query: returning proof (161 bytes)
🗑️ MEST Delete: keyword='environment', fid='envi_00000349' (key completely removed)
🗑️ MEST Delete: post-delete root_hash=[e3, b0, c4, 42, 98, fc, 1c, 14]...
🗑️ MEST Delete: keyword='environment', fid='envi_00000349' (key completely removed)
🗑️ MEST Delete: post-delete root_hash=[e3, b0, c4, 42, 98, fc, 1c, 14]...
🔧 MEST Add: keyword='environment', fid='envi_00000351'
🔧 MEST Add: proof size=161 bytes, root_hash=[3c, fd, 36, 47, df, b5, 15, 2d]...
🔍 MEST Query: keyword='environment', found 1 fids
🔍 MEST Query: returning proof (161 bytes)
🗑️ MEST Delete: keyword='environment', fid='envi_00000351' (key completely removed)
🗑️ MEST Delete: post-delete root_hash=[e3, b0, c4, 42, 98, fc, 1c, 14]...
🗑️ MEST Delete: keyword='environment', fid='envi_00000351' (key completely removed)
🗑️ MEST Delete: post-delete root_hash=[e3, b0, c4, 42, 98, fc, 1c, 14]...
🔧 MEST Add: keyword='breaking', fid='news_00000385'
🔧 MEST Add: proof size=158 bytes, root_hash=[46, 3d, 3b, ee, 7d, e0, a2, 1d]...
🗑️ MEST Delete: keyword='breaking', fid='news_00000385' (key completely removed)
🗑️ MEST Delete: post-delete root_hash=[e3, b0, c4, 42, 98, fc, 1c, 14]...
🔧 MEST Add: keyword='environment', fid='envi_00000400'
🔧 MEST Add: proof size=161 bytes, root_hash=[c3, 76, 3e, dc, 6f, 6d, 76, 72]...
🔍 MEST Query: keyword='environment', found 1 fids
🔍 MEST Query: returning proof (161 bytes)
🗑️ MEST Delete: keyword='environment', fid='envi_00000400' (key completely removed)
🗑️ MEST Delete: post-delete root_hash=[e3, b0, c4, 42, 98, fc, 1c, 14]...
🗑️ MEST Delete: keyword='environment', fid='envi_00000400' (key completely removed)
🗑️ MEST Delete: post-delete root_hash=[e3, b0, c4, 42, 98, fc, 1c, 14]...
🔧 MEST Add: keyword='server', fid='tech_00000415'
🔧 MEST Add: proof size=156 bytes, root_hash=[64, 36, 23, eb, b7, 44, a8, c6]...
🔧 MEST Add: keyword='server', fid='tech_00000415'
🔧 MEST Add: proof size=156 bytes, root_hash=[64, 36, 23, eb, b7, 44, a8, c6]...
🗑️ MEST Delete: keyword='server', fid='tech_00000415' (key completely removed)
🗑️ MEST Delete: post-delete root_hash=[e3, b0, c4, 42, 98, fc, 1c, 14]...
🔧 MEST Add: keyword='environment', fid='envi_00000421'
🔧 MEST Add: proof size=161 bytes, root_hash=[58, 24, ac, 5b, 75, aa, bf, fc]...
🔍 MEST Query: keyword='environment', found 1 fids
🔍 MEST Query: returning proof (161 bytes)
🗑️ MEST Delete: keyword='environment', fid='envi_00000421' (key completely removed)
🗑️ MEST Delete: post-delete root_hash=[e3, b0, c4, 42, 98, fc, 1c, 14]...
🗑️ MEST Delete: keyword='environment', fid='envi_00000421' (key completely removed)
🗑️ MEST Delete: post-delete root_hash=[e3, b0, c4, 42, 98, fc, 1c, 14]...
🔧 MEST Add: keyword='breaking', fid='news_00000425'
🔧 MEST Add: proof size=158 bytes, root_hash=[1f, 6e, 08, 1b, 73, d1, 66, d1]...
🗑️ MEST Delete: keyword='breaking', fid='news_00000425' (key completely removed)
🗑️ MEST Delete: post-delete root_hash=[e3, b0, c4, 42, 98, fc, 1c, 14]...
🔧 MEST Add: keyword='blockchain', fid='tech_00000440'
🔧 MEST Add: proof size=160 bytes, root_hash=[05, 5f, c6, ea, ed, da, 00, d7]...
🔧 MEST Add: keyword='blockchain', fid='tech_00000440'
🔧 MEST Add: proof size=160 bytes, root_hash=[05, 5f, c6, ea, ed, da, 00, d7]...
🗑️ MEST Delete: keyword='blockchain', fid='tech_00000440' (key completely removed)
🗑️ MEST Delete: post-delete root_hash=[e3, b0, c4, 42, 98, fc, 1c, 14]...
🔧 MEST Add: keyword='breaking', fid='news_00000442'
🔧 MEST Add: proof size=158 bytes, root_hash=[d6, fc, 8d, d0, 64, d7, ca, 62]...
🔧 MEST Add: keyword='breaking', fid='news_00000442'
🔧 MEST Add: proof size=158 bytes, root_hash=[d6, fc, 8d, d0, 64, d7, ca, 62]...
🗑️ MEST Delete: keyword='breaking', fid='news_00000442' (key completely removed)
🗑️ MEST Delete: post-delete root_hash=[e3, b0, c4, 42, 98, fc, 1c, 14]...
🔧 MEST Add: keyword='blockchain', fid='tech_00000446'
🔧 MEST Add: proof size=160 bytes, root_hash=[02, aa, ba, 1f, c6, 20, 8c, ff]...
🔧 MEST Add: keyword='server', fid='tech_00000446'
🔧 MEST Add: proof size=188 bytes, root_hash=[10, 39, a2, a4, 51, 7d, 2b, 02]...
🔧 MEST Add: keyword='server', fid='tech_00000446'
🔧 MEST Add: proof size=188 bytes, root_hash=[10, 39, a2, a4, 51, 7d, 2b, 02]...
🗑️ MEST Delete: keyword='blockchain', fid='tech_00000446' (key completely removed)
🗑️ MEST Delete: post-delete root_hash=[02, aa, ba, 1f, c6, 20, 8c, ff]...
🗑️ MEST Delete: keyword='server', fid='tech_00000446' (key completely removed)
🗑️ MEST Delete: post-delete root_hash=[e3, b0, c4, 42, 98, fc, 1c, 14]...
🔧 MEST Add: keyword='breaking', fid='news_00000451'
🔧 MEST Add: proof size=158 bytes, root_hash=[f9, 75, 00, 0f, 91, 03, 9e, 04]...
🗑️ MEST Delete: keyword='breaking', fid='news_00000451' (key completely removed)
🗑️ MEST Delete: post-delete root_hash=[e3, b0, c4, 42, 98, fc, 1c, 14]...
🔧 MEST Add: keyword='breaking', fid='news_00000457'
🔧 MEST Add: proof size=158 bytes, root_hash=[43, 1f, 18, b0, 05, 14, 12, 60]...
🗑️ MEST Delete: keyword='breaking', fid='news_00000457' (key completely removed)
🗑️ MEST Delete: post-delete root_hash=[e3, b0, c4, 42, 98, fc, 1c, 14]...
🔧 MEST Add: keyword='environment', fid='envi_00000461'
🔧 MEST Add: proof size=161 bytes, root_hash=[b5, 8b, 67, 2c, c0, fa, bd, 4a]...
🔍 MEST Query: keyword='environment', found 1 fids
🔍 MEST Query: returning proof (161 bytes)
🗑️ MEST Delete: keyword='environment', fid='envi_00000461' (key completely removed)
🗑️ MEST Delete: post-delete root_hash=[e3, b0, c4, 42, 98, fc, 1c, 14]...
🗑️ MEST Delete: keyword='environment', fid='envi_00000461' (key completely removed)
🗑️ MEST Delete: post-delete root_hash=[e3, b0, c4, 42, 98, fc, 1c, 14]...
🔧 MEST Add: keyword='server', fid='tech_00000470'
🔧 MEST Add: proof size=156 bytes, root_hash=[d5, aa, 5f, 5d, 62, b1, b9, 70]...
🗑️ MEST Delete: keyword='server', fid='tech_00000470' (key completely removed)
🗑️ MEST Delete: post-delete root_hash=[e3, b0, c4, 42, 98, fc, 1c, 14]...
🔧 MEST Add: keyword='breaking', fid='news_00000475'
🔧 MEST Add: proof size=158 bytes, root_hash=[8b, a3, 9a, 53, 4c, 6a, 37, 2e]...
🗑️ MEST Delete: keyword='breaking', fid='news_00000475' (key completely removed)
🗑️ MEST Delete: post-delete root_hash=[e3, b0, c4, 42, 98, fc, 1c, 14]...
🔧 MEST Add: keyword='environment', fid='envi_00000503'
🔧 MEST Add: proof size=161 bytes, root_hash=[76, 9e, 1e, 5f, 3e, 9d, 51, ce]...
🔍 MEST Query: keyword='environment', found 1 fids
🔍 MEST Query: returning proof (161 bytes)
🗑️ MEST Delete: keyword='environment', fid='envi_00000503' (key completely removed)
🗑️ MEST Delete: post-delete root_hash=[e3, b0, c4, 42, 98, fc, 1c, 14]...
🗑️ MEST Delete: keyword='environment', fid='envi_00000503' (key completely removed)
🗑️ MEST Delete: post-delete root_hash=[e3, b0, c4, 42, 98, fc, 1c, 14]...
🔧 MEST Add: keyword='environment', fid='envi_00000516'
🔧 MEST Add: proof size=161 bytes, root_hash=[86, 3b, a8, 30, 41, ab, a7, a2]...
🔍 MEST Query: keyword='environment', found 1 fids
🔍 MEST Query: returning proof (161 bytes)
🗑️ MEST Delete: keyword='environment', fid='envi_00000516' (key completely removed)
🗑️ MEST Delete: post-delete root_hash=[e3, b0, c4, 42, 98, fc, 1c, 14]...
🗑️ MEST Delete: keyword='environment', fid='envi_00000516' (key completely removed)
🗑️ MEST Delete: post-delete root_hash=[e3, b0, c4, 42, 98, fc, 1c, 14]...
🔧 MEST Add: keyword='server', fid='tech_00000519'
🔧 MEST Add: proof size=156 bytes, root_hash=[37, c5, 53, 06, 99, da, 41, e8]...
🔧 MEST Add: keyword='blockchain', fid='tech_00000519'
🔧 MEST Add: proof size=192 bytes, root_hash=[31, 1c, 49, ed, 9d, ac, ad, 0b]...
🗑️ MEST Delete: keyword='blockchain', fid='tech_00000519' (key completely removed)
🗑️ MEST Delete: post-delete root_hash=[37, c5, 53, 06, 99, da, 41, e8]...
🗑️ MEST Delete: keyword='server', fid='tech_00000519' (key completely removed)
🗑️ MEST Delete: post-delete root_hash=[e3, b0, c4, 42, 98, fc, 1c, 14]...
🔧 MEST Add: keyword='environment', fid='envi_00000533'
🔧 MEST Add: proof size=161 bytes, root_hash=[11, 3d, bc, c5, 0c, ee, 46, f3]...
🔍 MEST Query: keyword='environment', found 1 fids
🔍 MEST Query: returning proof (161 bytes)
🗑️ MEST Delete: keyword='environment', fid='envi_00000533' (key completely removed)
🗑️ MEST Delete: post-delete root_hash=[e3, b0, c4, 42, 98, fc, 1c, 14]...
🗑️ MEST Delete: keyword='environment', fid='envi_00000533' (key completely removed)
🗑️ MEST Delete: post-delete root_hash=[e3, b0, c4, 42, 98, fc, 1c, 14]...
🔧 MEST Add: keyword='environment', fid='envi_00000541'
🔧 MEST Add: proof size=161 bytes, root_hash=[53, 8e, 6b, 22, 15, 51, 2e, 6e]...
🔍 MEST Query: keyword='environment', found 1 fids
🔍 MEST Query: returning proof (161 bytes)
🗑️ MEST Delete: keyword='environment', fid='envi_00000541' (key completely removed)
🗑️ MEST Delete: post-delete root_hash=[e3, b0, c4, 42, 98, fc, 1c, 14]...
🗑️ MEST Delete: keyword='environment', fid='envi_00000541' (key completely removed)
🗑️ MEST Delete: post-delete root_hash=[e3, b0, c4, 42, 98, fc, 1c, 14]...
🔧 MEST Add: keyword='blockchain', fid='tech_00000550'
🔧 MEST Add: proof size=160 bytes, root_hash=[21, 09, 44, 1e, 49, 41, c1, f2]...
🔧 MEST Add: keyword='server', fid='tech_00000550'
🔧 MEST Add: proof size=188 bytes, root_hash=[30, 5b, 6d, 52, aa, a5, 63, f9]...
🔧 MEST Add: keyword='server', fid='tech_00000550'
🔧 MEST Add: proof size=188 bytes, root_hash=[30, 5b, 6d, 52, aa, a5, 63, f9]...
🗑️ MEST Delete: keyword='blockchain', fid='tech_00000550' (key completely removed)
🗑️ MEST Delete: post-delete root_hash=[21, 09, 44, 1e, 49, 41, c1, f2]...
🗑️ MEST Delete: keyword='server', fid='tech_00000550' (key completely removed)
🗑️ MEST Delete: post-delete root_hash=[e3, b0, c4, 42, 98, fc, 1c, 14]...
🔧 MEST Add: keyword='blockchain', fid='tech_00000557'
🔧 MEST Add: proof size=160 bytes, root_hash=[1f, 67, 91, 13, 45, 9a, cd, 01]...
🗑️ MEST Delete: keyword='blockchain', fid='tech_00000557' (key completely removed)
🗑️ MEST Delete: post-delete root_hash=[e3, b0, c4, 42, 98, fc, 1c, 14]...
🔧 MEST Add: keyword='environment', fid='envi_00000562'
🔧 MEST Add: proof size=161 bytes, root_hash=[2c, d8, c9, 05, 30, 60, 9a, b5]...
🔍 MEST Query: keyword='environment', found 1 fids
🔍 MEST Query: returning proof (161 bytes)
🗑️ MEST Delete: keyword='environment', fid='envi_00000562' (key completely removed)
🗑️ MEST Delete: post-delete root_hash=[e3, b0, c4, 42, 98, fc, 1c, 14]...
🗑️ MEST Delete: keyword='environment', fid='envi_00000562' (key completely removed)
🗑️ MEST Delete: post-delete root_hash=[e3, b0, c4, 42, 98, fc, 1c, 14]...
🔧 MEST Add: keyword='environment', fid='envi_00000570'
🔧 MEST Add: proof size=161 bytes, root_hash=[d6, d4, 64, 65, ca, 8d, 80, 6b]...
🔍 MEST Query: keyword='environment', found 1 fids
🔍 MEST Query: returning proof (161 bytes)
🗑️ MEST Delete: keyword='environment', fid='envi_00000570' (key completely removed)
🗑️ MEST Delete: post-delete root_hash=[e3, b0, c4, 42, 98, fc, 1c, 14]...
🗑️ MEST Delete: keyword='environment', fid='envi_00000570' (key completely removed)
🗑️ MEST Delete: post-delete root_hash=[e3, b0, c4, 42, 98, fc, 1c, 14]...
🔧 MEST Add: keyword='server', fid='tech_00000581'
🔧 MEST Add: proof size=156 bytes, root_hash=[7c, 55, 21, a8, e3, 7d, c2, 61]...
🗑️ MEST Delete: keyword='server', fid='tech_00000581' (key completely removed)
🗑️ MEST Delete: post-delete root_hash=[e3, b0, c4, 42, 98, fc, 1c, 14]...
🔧 MEST Add: keyword='breaking', fid='news_00000585'
🔧 MEST Add: proof size=158 bytes, root_hash=[a7, 5c, d8, 09, 4a, bf, 6f, f0]...
🔧 MEST Add: keyword='breaking', fid='news_00000585'
🔧 MEST Add: proof size=158 bytes, root_hash=[a7, 5c, d8, 09, 4a, bf, 6f, f0]...
🗑️ MEST Delete: keyword='breaking', fid='news_00000585' (key completely removed)
🗑️ MEST Delete: post-delete root_hash=[e3, b0, c4, 42, 98, fc, 1c, 14]...
🔧 MEST Add: keyword='environment', fid='envi_00000594'
🔧 MEST Add: proof size=161 bytes, root_hash=[56, ed, 72, 8c, 52, a5, 34, 9c]...
🔍 MEST Query: keyword='environment', found 1 fids
🔍 MEST Query: returning proof (161 bytes)
🗑️ MEST Delete: keyword='environment', fid='envi_00000594' (key completely removed)
🗑️ MEST Delete: post-delete root_hash=[e3, b0, c4, 42, 98, fc, 1c, 14]...
🗑️ MEST Delete: keyword='environment', fid='envi_00000594' (key completely removed)
🗑️ MEST Delete: post-delete root_hash=[e3, b0, c4, 42, 98, fc, 1c, 14]...
🔧 MEST Add: keyword='environment', fid='envi_00000601'
🔧 MEST Add: proof size=161 bytes, root_hash=[50, 68, 69, 54, 10, 9c, 8d, 4c]...
🔍 MEST Query: keyword='environment', found 1 fids
🔍 MEST Query: returning proof (161 bytes)
🗑️ MEST Delete: keyword='environment', fid='envi_00000601' (key completely removed)
🗑️ MEST Delete: post-delete root_hash=[e3, b0, c4, 42, 98, fc, 1c, 14]...
🗑️ MEST Delete: keyword='environment', fid='envi_00000601' (key completely removed)
🗑️ MEST Delete: post-delete root_hash=[e3, b0, c4, 42, 98, fc, 1c, 14]...
🔧 MEST Add: keyword='environment', fid='envi_00000620'
🔧 MEST Add: proof size=161 bytes, root_hash=[16, 9d, 1b, f5, ea, 3f, 78, 5f]...
🔍 MEST Query: keyword='environment', found 1 fids
🔍 MEST Query: returning proof (161 bytes)
🗑️ MEST Delete: keyword='environment', fid='envi_00000620' (key completely removed)
🗑️ MEST Delete: post-delete root_hash=[e3, b0, c4, 42, 98, fc, 1c, 14]...
🗑️ MEST Delete: keyword='environment', fid='envi_00000620' (key completely removed)
🗑️ MEST Delete: post-delete root_hash=[e3, b0, c4, 42, 98, fc, 1c, 14]...
🔧 MEST Add: keyword='environment', fid='envi_00000621'
🔧 MEST Add: proof size=161 bytes, root_hash=[cd, 6c, e8, c8, 5f, 19, df, 08]...
🔍 MEST Query: keyword='environment', found 1 fids
🔍 MEST Query: returning proof (161 bytes)
🗑️ MEST Delete: keyword='environment', fid='envi_00000621' (key completely removed)
🗑️ MEST Delete: post-delete root_hash=[e3, b0, c4, 42, 98, fc, 1c, 14]...
🗑️ MEST Delete: keyword='environment', fid='envi_00000621' (key completely removed)
🗑️ MEST Delete: post-delete root_hash=[e3, b0, c4, 42, 98, fc, 1c, 14]...
🔧 MEST Add: keyword='environment', fid='envi_00000626'
🔧 MEST Add: proof size=161 bytes, root_hash=[9d, 91, 62, dc, 59, eb, b2, ff]...
🔍 MEST Query: keyword='environment', found 1 fids
🔍 MEST Query: returning proof (161 bytes)
🗑️ MEST Delete: keyword='environment', fid='envi_00000626' (key completely removed)
🗑️ MEST Delete: post-delete root_hash=[e3, b0, c4, 42, 98, fc, 1c, 14]...
🗑️ MEST Delete: keyword='environment', fid='envi_00000626' (key completely removed)
🗑️ MEST Delete: post-delete root_hash=[e3, b0, c4, 42, 98, fc, 1c, 14]...
🔧 MEST Add: keyword='server', fid='tech_00000635'
🔧 MEST Add: proof size=156 bytes, root_hash=[61, 01, 47, 4d, 47, 3e, f8, 28]...
🗑️ MEST Delete: keyword='server', fid='tech_00000635' (key completely removed)
🗑️ MEST Delete: post-delete root_hash=[e3, b0, c4, 42, 98, fc, 1c, 14]...
🔧 MEST Add: keyword='environment', fid='envi_00000637'
🔧 MEST Add: proof size=161 bytes, root_hash=[d9, 4f, 0f, dc, 78, 0b, 46, 75]...
🔍 MEST Query: keyword='environment', found 1 fids
🔍 MEST Query: returning proof (161 bytes)
🗑️ MEST Delete: keyword='environment', fid='envi_00000637' (key completely removed)
🗑️ MEST Delete: post-delete root_hash=[e3, b0, c4, 42, 98, fc, 1c, 14]...
🗑️ MEST Delete: keyword='environment', fid='envi_00000637' (key completely removed)
🗑️ MEST Delete: post-delete root_hash=[e3, b0, c4, 42, 98, fc, 1c, 14]...
🔧 MEST Add: keyword='environment', fid='envi_00000641'
🔧 MEST Add: proof size=161 bytes, root_hash=[b9, e1, c8, d1, b4, cd, 8c, 49]...
🔍 MEST Query: keyword='environment', found 1 fids
🔍 MEST Query: returning proof (161 bytes)
🗑️ MEST Delete: keyword='environment', fid='envi_00000641' (key completely removed)
🗑️ MEST Delete: post-delete root_hash=[e3, b0, c4, 42, 98, fc, 1c, 14]...
🗑️ MEST Delete: keyword='environment', fid='envi_00000641' (key completely removed)
🗑️ MEST Delete: post-delete root_hash=[e3, b0, c4, 42, 98, fc, 1c, 14]...
🔧 MEST Add: keyword='blockchain', fid='tech_00000650'
🔧 MEST Add: proof size=160 bytes, root_hash=[ff, 99, 0e, 6c, 17, 8a, e6, a2]...
🔧 MEST Add: keyword='blockchain', fid='tech_00000650'
🔧 MEST Add: proof size=160 bytes, root_hash=[ff, 99, 0e, 6c, 17, 8a, e6, a2]...
🗑️ MEST Delete: keyword='blockchain', fid='tech_00000650' (key completely removed)
🗑️ MEST Delete: post-delete root_hash=[e3, b0, c4, 42, 98, fc, 1c, 14]...
🔧 MEST Add: keyword='environment', fid='envi_00000651'
🔧 MEST Add: proof size=161 bytes, root_hash=[29, 00, f6, af, 48, 8f, 5c, b1]...
🔍 MEST Query: keyword='environment', found 1 fids
🔍 MEST Query: returning proof (161 bytes)
🗑️ MEST Delete: keyword='environment', fid='envi_00000651' (key completely removed)
🗑️ MEST Delete: post-delete root_hash=[e3, b0, c4, 42, 98, fc, 1c, 14]...
🗑️ MEST Delete: keyword='environment', fid='envi_00000651' (key completely removed)
🗑️ MEST Delete: post-delete root_hash=[e3, b0, c4, 42, 98, fc, 1c, 14]...
🔧 MEST Add: keyword='environment', fid='envi_00000652'
🔧 MEST Add: proof size=161 bytes, root_hash=[57, 5c, 64, 5f, 2f, bd, 3f, 2b]...
🔍 MEST Query: keyword='environment', found 1 fids
🔍 MEST Query: returning proof (161 bytes)
🗑️ MEST Delete: keyword='environment', fid='envi_00000652' (key completely removed)
🗑️ MEST Delete: post-delete root_hash=[e3, b0, c4, 42, 98, fc, 1c, 14]...
🗑️ MEST Delete: keyword='environment', fid='envi_00000652' (key completely removed)
🗑️ MEST Delete: post-delete root_hash=[e3, b0, c4, 42, 98, fc, 1c, 14]...
🔧 MEST Add: keyword='blockchain', fid='tech_00000657'
🔧 MEST Add: proof size=160 bytes, root_hash=[75, 6e, ec, 04, b9, fe, 4b, 2c]...
🔧 MEST Add: keyword='blockchain', fid='tech_00000657'
🔧 MEST Add: proof size=160 bytes, root_hash=[75, 6e, ec, 04, b9, fe, 4b, 2c]...
🗑️ MEST Delete: keyword='blockchain', fid='tech_00000657' (key completely removed)
🗑️ MEST Delete: post-delete root_hash=[e3, b0, c4, 42, 98, fc, 1c, 14]...
🔧 MEST Add: keyword='breaking', fid='news_00000658'
🔧 MEST Add: proof size=158 bytes, root_hash=[77, 6d, 85, 9a, c8, 56, 24, b6]...
🔧 MEST Add: keyword='breaking', fid='news_00000658'
🔧 MEST Add: proof size=158 bytes, root_hash=[77, 6d, 85, 9a, c8, 56, 24, b6]...
🗑️ MEST Delete: keyword='breaking', fid='news_00000658' (key completely removed)
🗑️ MEST Delete: post-delete root_hash=[e3, b0, c4, 42, 98, fc, 1c, 14]...
🔧 MEST Add: keyword='environment', fid='envi_00000663'
🔧 MEST Add: proof size=161 bytes, root_hash=[9b, 51, 8c, 2b, 84, 2f, b2, ab]...
🔍 MEST Query: keyword='environment', found 1 fids
🔍 MEST Query: returning proof (161 bytes)
🗑️ MEST Delete: keyword='environment', fid='envi_00000663' (key completely removed)
🗑️ MEST Delete: post-delete root_hash=[e3, b0, c4, 42, 98, fc, 1c, 14]...
🗑️ MEST Delete: keyword='environment', fid='envi_00000663' (key completely removed)
🗑️ MEST Delete: post-delete root_hash=[e3, b0, c4, 42, 98, fc, 1c, 14]...
🔧 MEST Add: keyword='blockchain', fid='tech_00000666'
🔧 MEST Add: proof size=160 bytes, root_hash=[2c, a7, ad, 25, 46, 3c, ff, 1e]...
🗑️ MEST Delete: keyword='blockchain', fid='tech_00000666' (key completely removed)
🗑️ MEST Delete: post-delete root_hash=[e3, b0, c4, 42, 98, fc, 1c, 14]...
🔧 MEST Add: keyword='blockchain', fid='tech_00000667'
🔧 MEST Add: proof size=160 bytes, root_hash=[1a, d7, 9e, 03, f8, c2, ff, b2]...
🔧 MEST Add: keyword='blockchain', fid='tech_00000667'
🔧 MEST Add: proof size=160 bytes, root_hash=[1a, d7, 9e, 03, f8, c2, ff, b2]...
🗑️ MEST Delete: keyword='blockchain', fid='tech_00000667' (key completely removed)
🗑️ MEST Delete: post-delete root_hash=[e3, b0, c4, 42, 98, fc, 1c, 14]...
🔧 MEST Add: keyword='environment', fid='envi_00000676'
🔧 MEST Add: proof size=161 bytes, root_hash=[ae, ac, 0a, 8a, 42, 30, 52, 37]...
🔍 MEST Query: keyword='environment', found 1 fids
🔍 MEST Query: returning proof (161 bytes)
🗑️ MEST Delete: keyword='environment', fid='envi_00000676' (key completely removed)
🗑️ MEST Delete: post-delete root_hash=[e3, b0, c4, 42, 98, fc, 1c, 14]...
🗑️ MEST Delete: keyword='environment', fid='envi_00000676' (key completely removed)
🗑️ MEST Delete: post-delete root_hash=[e3, b0, c4, 42, 98, fc, 1c, 14]...
🔧 MEST Add: keyword='environment', fid='envi_00000677'
🔧 MEST Add: proof size=161 bytes, root_hash=[c0, 82, c6, 0a, e6, c6, 5a, b3]...
🔍 MEST Query: keyword='environment', found 1 fids
🔍 MEST Query: returning proof (161 bytes)
🗑️ MEST Delete: keyword='environment', fid='envi_00000677' (key completely removed)
🗑️ MEST Delete: post-delete root_hash=[e3, b0, c4, 42, 98, fc, 1c, 14]...
🗑️ MEST Delete: keyword='environment', fid='envi_00000677' (key completely removed)
🗑️ MEST Delete: post-delete root_hash=[e3, b0, c4, 42, 98, fc, 1c, 14]...
🔧 MEST Add: keyword='environment', fid='envi_00000678'
🔧 MEST Add: proof size=161 bytes, root_hash=[ab, d5, 26, 37, 45, 8f, 3b, 77]...
🔍 MEST Query: keyword='environment', found 1 fids
🔍 MEST Query: returning proof (161 bytes)
🗑️ MEST Delete: keyword='environment', fid='envi_00000678' (key completely removed)
🗑️ MEST Delete: post-delete root_hash=[e3, b0, c4, 42, 98, fc, 1c, 14]...
🗑️ MEST Delete: keyword='environment', fid='envi_00000678' (key completely removed)
🗑️ MEST Delete: post-delete root_hash=[e3, b0, c4, 42, 98, fc, 1c, 14]...
🔧 MEST Add: keyword='server', fid='tech_00000679'
🔧 MEST Add: proof size=156 bytes, root_hash=[91, 4e, c4, 4f, 80, bf, 17, 59]...
🔧 MEST Add: keyword='server', fid='tech_00000679'
🔧 MEST Add: proof size=156 bytes, root_hash=[91, 4e, c4, 4f, 80, bf, 17, 59]...
🗑️ MEST Delete: keyword='server', fid='tech_00000679' (key completely removed)
🗑️ MEST Delete: post-delete root_hash=[e3, b0, c4, 42, 98, fc, 1c, 14]...
🔧 MEST Add: keyword='blockchain', fid='tech_00000680'
🔧 MEST Add: proof size=160 bytes, root_hash=[c8, 8e, 22, 30, 69, 6b, e8, 60]...
🔧 MEST Add: keyword='server', fid='tech_00000680'
🔧 MEST Add: proof size=188 bytes, root_hash=[46, 33, 66, 62, 45, ec, 77, e4]...
🗑️ MEST Delete: keyword='server', fid='tech_00000680' (key completely removed)
🗑️ MEST Delete: post-delete root_hash=[c8, 8e, 22, 30, 69, 6b, e8, 60]...
🗑️ MEST Delete: keyword='blockchain', fid='tech_00000680' (key completely removed)
🗑️ MEST Delete: post-delete root_hash=[e3, b0, c4, 42, 98, fc, 1c, 14]...
🔧 MEST Add: keyword='environment', fid='envi_00000681'
🔧 MEST Add: proof size=161 bytes, root_hash=[74, e8, ff, 85, 4b, 32, 9e, 51]...
🔍 MEST Query: keyword='environment', found 1 fids
🔍 MEST Query: returning proof (161 bytes)
🗑️ MEST Delete: keyword='environment', fid='envi_00000681' (key completely removed)
🗑️ MEST Delete: post-delete root_hash=[e3, b0, c4, 42, 98, fc, 1c, 14]...
🗑️ MEST Delete: keyword='environment', fid='envi_00000681' (key completely removed)
🗑️ MEST Delete: post-delete root_hash=[e3, b0, c4, 42, 98, fc, 1c, 14]...
🔧 MEST Add: keyword='environment', fid='envi_00000685'
🔧 MEST Add: proof size=161 bytes, root_hash=[76, 93, 18, e5, fc, ba, 0a, a6]...
🔍 MEST Query: keyword='environment', found 1 fids
🔍 MEST Query: returning proof (161 bytes)
🗑️ MEST Delete: keyword='environment', fid='envi_00000685' (key completely removed)
🗑️ MEST Delete: post-delete root_hash=[e3, b0, c4, 42, 98, fc, 1c, 14]...
🗑️ MEST Delete: keyword='environment', fid='envi_00000685' (key completely removed)
🗑️ MEST Delete: post-delete root_hash=[e3, b0, c4, 42, 98, fc, 1c, 14]...
🔧 MEST Add: keyword='environment', fid='envi_00000686'
🔧 MEST Add: proof size=161 bytes, root_hash=[28, ce, 3e, 8a, d9, 9f, 31, 0b]...
🔍 MEST Query: keyword='environment', found 1 fids
🔍 MEST Query: returning proof (161 bytes)
🗑️ MEST Delete: keyword='environment', fid='envi_00000686' (key completely removed)
🗑️ MEST Delete: post-delete root_hash=[e3, b0, c4, 42, 98, fc, 1c, 14]...
🗑️ MEST Delete: keyword='environment', fid='envi_00000686' (key completely removed)
🗑️ MEST Delete: post-delete root_hash=[e3, b0, c4, 42, 98, fc, 1c, 14]...
🔧 MEST Add: keyword='environment', fid='envi_00000689'
🔧 MEST Add: proof size=161 bytes, root_hash=[b7, 79, 5a, 17, 63, a0, 6d, 0a]...
🔍 MEST Query: keyword='environment', found 1 fids
🔍 MEST Query: returning proof (161 bytes)
🗑️ MEST Delete: keyword='environment', fid='envi_00000689' (key completely removed)
🗑️ MEST Delete: post-delete root_hash=[e3, b0, c4, 42, 98, fc, 1c, 14]...
🗑️ MEST Delete: keyword='environment', fid='envi_00000689' (key completely removed)
🗑️ MEST Delete: post-delete root_hash=[e3, b0, c4, 42, 98, fc, 1c, 14]...
🔧 MEST Add: keyword='environment', fid='envi_00000698'
🔧 MEST Add: proof size=161 bytes, root_hash=[2e, 55, 38, 89, 08, b8, 2b, c6]...
🔍 MEST Query: keyword='environment', found 1 fids
🔍 MEST Query: returning proof (161 bytes)
🗑️ MEST Delete: keyword='environment', fid='envi_00000698' (key completely removed)
🗑️ MEST Delete: post-delete root_hash=[e3, b0, c4, 42, 98, fc, 1c, 14]...
🗑️ MEST Delete: keyword='environment', fid='envi_00000698' (key completely removed)
🗑️ MEST Delete: post-delete root_hash=[e3, b0, c4, 42, 98, fc, 1c, 14]...
🔧 MEST Add: keyword='environment', fid='envi_00000699'
🔧 MEST Add: proof size=161 bytes, root_hash=[1c, 8e, 6f, c1, 2e, c6, 00, d5]...
🔍 MEST Query: keyword='environment', found 1 fids
🔍 MEST Query: returning proof (161 bytes)
🗑️ MEST Delete: keyword='environment', fid='envi_00000699' (key completely removed)
🗑️ MEST Delete: post-delete root_hash=[e3, b0, c4, 42, 98, fc, 1c, 14]...
🗑️ MEST Delete: keyword='environment', fid='envi_00000699' (key completely removed)
🗑️ MEST Delete: post-delete root_hash=[e3, b0, c4, 42, 98, fc, 1c, 14]...
🔧 MEST Add: keyword='blockchain', fid='tech_00000703'
🔧 MEST Add: proof size=160 bytes, root_hash=[dc, 0f, b6, 3c, 03, bb, 46, 06]...
🔧 MEST Add: keyword='server', fid='tech_00000703'
🔧 MEST Add: proof size=188 bytes, root_hash=[22, 06, 55, d3, a5, bf, 26, 56]...
🗑️ MEST Delete: keyword='blockchain', fid='tech_00000703' (key completely removed)
🗑️ MEST Delete: post-delete root_hash=[dc, 0f, b6, 3c, 03, bb, 46, 06]...
🗑️ MEST Delete: keyword='server', fid='tech_00000703' (key completely removed)
🗑️ MEST Delete: post-delete root_hash=[e3, b0, c4, 42, 98, fc, 1c, 14]...
🔧 MEST Add: keyword='breaking', fid='news_00000706'
🔧 MEST Add: proof size=158 bytes, root_hash=[e4, 93, 8c, 89, 60, 15, a1, a0]...
🔧 MEST Add: keyword='breaking', fid='news_00000706'
🔧 MEST Add: proof size=158 bytes, root_hash=[e4, 93, 8c, 89, 60, 15, a1, a0]...
🗑️ MEST Delete: keyword='breaking', fid='news_00000706' (key completely removed)
🗑️ MEST Delete: post-delete root_hash=[e3, b0, c4, 42, 98, fc, 1c, 14]...
🔧 MEST Add: keyword='environment', fid='envi_00000732'
🔧 MEST Add: proof size=161 bytes, root_hash=[7e, b6, b8, c4, db, 92, 31, cc]...
🔍 MEST Query: keyword='environment', found 1 fids
🔍 MEST Query: returning proof (161 bytes)
🗑️ MEST Delete: keyword='environment', fid='envi_00000732' (key completely removed)
🗑️ MEST Delete: post-delete root_hash=[e3, b0, c4, 42, 98, fc, 1c, 14]...
🗑️ MEST Delete: keyword='environment', fid='envi_00000732' (key completely removed)
🗑️ MEST Delete: post-delete root_hash=[e3, b0, c4, 42, 98, fc, 1c, 14]...
🔧 MEST Add: keyword='environment', fid='envi_00000735'
🔧 MEST Add: proof size=161 bytes, root_hash=[34, 5e, 3d, bf, bf, 23, 1b, 03]...
🔍 MEST Query: keyword='environment', found 1 fids
🔍 MEST Query: returning proof (161 bytes)
🗑️ MEST Delete: keyword='environment', fid='envi_00000735' (key completely removed)
🗑️ MEST Delete: post-delete root_hash=[e3, b0, c4, 42, 98, fc, 1c, 14]...
🗑️ MEST Delete: keyword='environment', fid='envi_00000735' (key completely removed)
🗑️ MEST Delete: post-delete root_hash=[e3, b0, c4, 42, 98, fc, 1c, 14]...
🔧 MEST Add: keyword='server', fid='tech_00000737'
🔧 MEST Add: proof size=156 bytes, root_hash=[79, 70, 9f, a6, 73, 43, 97, ca]...
🗑️ MEST Delete: keyword='server', fid='tech_00000737' (key completely removed)
🗑️ MEST Delete: post-delete root_hash=[e3, b0, c4, 42, 98, fc, 1c, 14]...
🔧 MEST Add: keyword='blockchain', fid='tech_00000751'
🔧 MEST Add: proof size=160 bytes, root_hash=[aa, f3, cb, 26, 52, bb, 3f, 32]...
🔧 MEST Add: keyword='blockchain', fid='tech_00000751'
🔧 MEST Add: proof size=160 bytes, root_hash=[aa, f3, cb, 26, 52, bb, 3f, 32]...
🗑️ MEST Delete: keyword='blockchain', fid='tech_00000751' (key completely removed)
🗑️ MEST Delete: post-delete root_hash=[e3, b0, c4, 42, 98, fc, 1c, 14]...
🔧 MEST Add: keyword='environment', fid='envi_00000757'
🔧 MEST Add: proof size=161 bytes, root_hash=[df, 1b, 65, ce, ea, ad, 94, 4a]...
🔍 MEST Query: keyword='environment', found 1 fids
🔍 MEST Query: returning proof (161 bytes)
🗑️ MEST Delete: keyword='environment', fid='envi_00000757' (key completely removed)
🗑️ MEST Delete: post-delete root_hash=[e3, b0, c4, 42, 98, fc, 1c, 14]...
🗑️ MEST Delete: keyword='environment', fid='envi_00000757' (key completely removed)
🗑️ MEST Delete: post-delete root_hash=[e3, b0, c4, 42, 98, fc, 1c, 14]...
🔧 MEST Add: keyword='server', fid='tech_00000769'
🔧 MEST Add: proof size=156 bytes, root_hash=[69, 07, e4, f8, da, 64, 5b, c2]...
🗑️ MEST Delete: keyword='server', fid='tech_00000769' (key completely removed)
🗑️ MEST Delete: post-delete root_hash=[e3, b0, c4, 42, 98, fc, 1c, 14]...
🔧 MEST Add: keyword='breaking', fid='news_00000774'
🔧 MEST Add: proof size=158 bytes, root_hash=[3a, 29, 73, 2c, 41, e3, 53, 95]...
🔧 MEST Add: keyword='breaking', fid='news_00000774'
🔧 MEST Add: proof size=158 bytes, root_hash=[3a, 29, 73, 2c, 41, e3, 53, 95]...
🗑️ MEST Delete: keyword='breaking', fid='news_00000774' (key completely removed)
🗑️ MEST Delete: post-delete root_hash=[e3, b0, c4, 42, 98, fc, 1c, 14]...
🔧 MEST Add: keyword='environment', fid='envi_00000800'
🔧 MEST Add: proof size=161 bytes, root_hash=[92, ac, 44, fc, aa, 46, 04, 16]...
🔍 MEST Query: keyword='environment', found 1 fids
🔍 MEST Query: returning proof (161 bytes)
🗑️ MEST Delete: keyword='environment', fid='envi_00000800' (key completely removed)
🗑️ MEST Delete: post-delete root_hash=[e3, b0, c4, 42, 98, fc, 1c, 14]...
🗑️ MEST Delete: keyword='environment', fid='envi_00000800' (key completely removed)
🗑️ MEST Delete: post-delete root_hash=[e3, b0, c4, 42, 98, fc, 1c, 14]...
🔧 MEST Add: keyword='environment', fid='envi_00000802'
🔧 MEST Add: proof size=161 bytes, root_hash=[fb, 8d, d6, fb, 9b, 9a, ad, 78]...
🔍 MEST Query: keyword='environment', found 1 fids
🔍 MEST Query: returning proof (161 bytes)
🗑️ MEST Delete: keyword='environment', fid='envi_00000802' (key completely removed)
🗑️ MEST Delete: post-delete root_hash=[e3, b0, c4, 42, 98, fc, 1c, 14]...
🗑️ MEST Delete: keyword='environment', fid='envi_00000802' (key completely removed)
🗑️ MEST Delete: post-delete root_hash=[e3, b0, c4, 42, 98, fc, 1c, 14]...
🔧 MEST Add: keyword='environment', fid='envi_00000806'
🔧 MEST Add: proof size=161 bytes, root_hash=[f3, 50, 37, 12, 6f, c0, ee, 91]...
🔍 MEST Query: keyword='environment', found 1 fids
🔍 MEST Query: returning proof (161 bytes)
🗑️ MEST Delete: keyword='environment', fid='envi_00000806' (key completely removed)
🗑️ MEST Delete: post-delete root_hash=[e3, b0, c4, 42, 98, fc, 1c, 14]...
🗑️ MEST Delete: keyword='environment', fid='envi_00000806' (key completely removed)
🗑️ MEST Delete: post-delete root_hash=[e3, b0, c4, 42, 98, fc, 1c, 14]...
🔧 MEST Add: keyword='environment', fid='envi_00000811'
🔧 MEST Add: proof size=161 bytes, root_hash=[4b, 47, 12, cf, 07, 22, 43, e2]...
🔍 MEST Query: keyword='environment', found 1 fids
🔍 MEST Query: returning proof (161 bytes)
🗑️ MEST Delete: keyword='environment', fid='envi_00000811' (key completely removed)
🗑️ MEST Delete: post-delete root_hash=[e3, b0, c4, 42, 98, fc, 1c, 14]...
🗑️ MEST Delete: keyword='environment', fid='envi_00000811' (key completely removed)
🗑️ MEST Delete: post-delete root_hash=[e3, b0, c4, 42, 98, fc, 1c, 14]...
🔧 MEST Add: keyword='server', fid='tech_00000816'
🔧 MEST Add: proof size=156 bytes, root_hash=[b5, 13, fe, 8d, d1, 5d, 70, ea]...
🗑️ MEST Delete: keyword='server', fid='tech_00000816' (key completely removed)
🗑️ MEST Delete: post-delete root_hash=[e3, b0, c4, 42, 98, fc, 1c, 14]...
🔧 MEST Add: keyword='blockchain', fid='tech_00000827'
🔧 MEST Add: proof size=160 bytes, root_hash=[2a, e6, 71, 2d, cd, ee, 1e, 82]...
🗑️ MEST Delete: keyword='blockchain', fid='tech_00000827' (key completely removed)
🗑️ MEST Delete: post-delete root_hash=[e3, b0, c4, 42, 98, fc, 1c, 14]...
🔧 MEST Add: keyword='environment', fid='envi_00000846'
🔧 MEST Add: proof size=161 bytes, root_hash=[5d, ac, 53, ec, 2b, c2, 2a, d5]...
🔍 MEST Query: keyword='environment', found 1 fids
🔍 MEST Query: returning proof (161 bytes)
🗑️ MEST Delete: keyword='environment', fid='envi_00000846' (key completely removed)
🗑️ MEST Delete: post-delete root_hash=[e3, b0, c4, 42, 98, fc, 1c, 14]...
🗑️ MEST Delete: keyword='environment', fid='envi_00000846' (key completely removed)
🗑️ MEST Delete: post-delete root_hash=[e3, b0, c4, 42, 98, fc, 1c, 14]...
🔧 MEST Add: keyword='server', fid='tech_00000850'
🔧 MEST Add: proof size=156 bytes, root_hash=[21, 58, a6, 75, f2, de, 1d, 44]...
🔧 MEST Add: keyword='blockchain', fid='tech_00000850'
🔧 MEST Add: proof size=192 bytes, root_hash=[90, ff, 23, 99, 0b, fc, 66, d3]...
🗑️ MEST Delete: keyword='server', fid='tech_00000850' (key completely removed)
🗑️ MEST Delete: post-delete root_hash=[21, 58, a6, 75, f2, de, 1d, 44]...
🗑️ MEST Delete: keyword='blockchain', fid='tech_00000850' (key completely removed)
🗑️ MEST Delete: post-delete root_hash=[e3, b0, c4, 42, 98, fc, 1c, 14]...
🔧 MEST Add: keyword='environment', fid='envi_00000886'
🔧 MEST Add: proof size=161 bytes, root_hash=[2f, 9c, 3d, 04, a9, 65, 92, 50]...
🔍 MEST Query: keyword='environment', found 1 fids
🔍 MEST Query: returning proof (161 bytes)
🗑️ MEST Delete: keyword='environment', fid='envi_00000886' (key completely removed)
🗑️ MEST Delete: post-delete root_hash=[e3, b0, c4, 42, 98, fc, 1c, 14]...
🗑️ MEST Delete: keyword='environment', fid='envi_00000886' (key completely removed)
🗑️ MEST Delete: post-delete root_hash=[e3, b0, c4, 42, 98, fc, 1c, 14]...
🔧 MEST Add: keyword='environment', fid='envi_00000887'
🔧 MEST Add: proof size=161 bytes, root_hash=[ae, be, 54, 65, c8, e5, aa, da]...
🔍 MEST Query: keyword='environment', found 1 fids
🔍 MEST Query: returning proof (161 bytes)
🗑️ MEST Delete: keyword='environment', fid='envi_00000887' (key completely removed)
🗑️ MEST Delete: post-delete root_hash=[e3, b0, c4, 42, 98, fc, 1c, 14]...
🗑️ MEST Delete: keyword='environment', fid='envi_00000887' (key completely removed)
🗑️ MEST Delete: post-delete root_hash=[e3, b0, c4, 42, 98, fc, 1c, 14]...
🔧 MEST Add: keyword='environment', fid='envi_00000888'
🔧 MEST Add: proof size=161 bytes, root_hash=[93, 53, 91, 91, a2, b9, de, e9]...
🔍 MEST Query: keyword='environment', found 1 fids
🔍 MEST Query: returning proof (161 bytes)
🗑️ MEST Delete: keyword='environment', fid='envi_00000888' (key completely removed)
🗑️ MEST Delete: post-delete root_hash=[e3, b0, c4, 42, 98, fc, 1c, 14]...
🗑️ MEST Delete: keyword='environment', fid='envi_00000888' (key completely removed)
🗑️ MEST Delete: post-delete root_hash=[e3, b0, c4, 42, 98, fc, 1c, 14]...
🔧 MEST Add: keyword='environment', fid='envi_00000889'
🔧 MEST Add: proof size=161 bytes, root_hash=[c0, c3, 49, 1d, 39, 2c, 29, 11]...
🔍 MEST Query: keyword='environment', found 1 fids
🔍 MEST Query: returning proof (161 bytes)
🗑️ MEST Delete: keyword='environment', fid='envi_00000889' (key completely removed)
🗑️ MEST Delete: post-delete root_hash=[e3, b0, c4, 42, 98, fc, 1c, 14]...
🗑️ MEST Delete: keyword='environment', fid='envi_00000889' (key completely removed)
🗑️ MEST Delete: post-delete root_hash=[e3, b0, c4, 42, 98, fc, 1c, 14]...
🔧 MEST Add: keyword='environment', fid='envi_00000904'
🔧 MEST Add: proof size=161 bytes, root_hash=[5e, f8, a8, 10, 8d, 92, ac, 4c]...
🔍 MEST Query: keyword='environment', found 1 fids
🔍 MEST Query: returning proof (161 bytes)
🗑️ MEST Delete: keyword='environment', fid='envi_00000904' (key completely removed)
🗑️ MEST Delete: post-delete root_hash=[e3, b0, c4, 42, 98, fc, 1c, 14]...
🗑️ MEST Delete: keyword='environment', fid='envi_00000904' (key completely removed)
🗑️ MEST Delete: post-delete root_hash=[e3, b0, c4, 42, 98, fc, 1c, 14]...
🔧 MEST Add: keyword='environment', fid='envi_00000908'
🔧 MEST Add: proof size=161 bytes, root_hash=[78, 3d, b6, 4a, f0, 8d, cf, 42]...
🔍 MEST Query: keyword='environment', found 1 fids
🔍 MEST Query: returning proof (161 bytes)
🗑️ MEST Delete: keyword='environment', fid='envi_00000908' (key completely removed)
🗑️ MEST Delete: post-delete root_hash=[e3, b0, c4, 42, 98, fc, 1c, 14]...
🗑️ MEST Delete: keyword='environment', fid='envi_00000908' (key completely removed)
🗑️ MEST Delete: post-delete root_hash=[e3, b0, c4, 42, 98, fc, 1c, 14]...
🔧 MEST Add: keyword='server', fid='tech_00000910'
🔧 MEST Add: proof size=156 bytes, root_hash=[9a, 56, a2, 40, 00, 9c, c3, 52]...
🗑️ MEST Delete: keyword='server', fid='tech_00000910' (key completely removed)
🗑️ MEST Delete: post-delete root_hash=[e3, b0, c4, 42, 98, fc, 1c, 14]...
🔧 MEST Add: keyword='blockchain', fid='tech_00000915'
🔧 MEST Add: proof size=160 bytes, root_hash=[b0, 72, fe, 37, b2, 0e, f8, 29]...
🗑️ MEST Delete: keyword='blockchain', fid='tech_00000915' (key completely removed)
🗑️ MEST Delete: post-delete root_hash=[e3, b0, c4, 42, 98, fc, 1c, 14]...
🔧 MEST Add: keyword='blockchain', fid='tech_00000929'
🔧 MEST Add: proof size=160 bytes, root_hash=[6a, 87, f4, f6, 3f, dc, 32, a2]...
🔧 MEST Add: keyword='blockchain', fid='tech_00000929'
🔧 MEST Add: proof size=160 bytes, root_hash=[6a, 87, f4, f6, 3f, dc, 32, a2]...
🗑️ MEST Delete: keyword='blockchain', fid='tech_00000929' (key completely removed)
🗑️ MEST Delete: post-delete root_hash=[e3, b0, c4, 42, 98, fc, 1c, 14]...
🔧 MEST Add: keyword='breaking', fid='news_00000932'
🔧 MEST Add: proof size=158 bytes, root_hash=[87, 52, dd, 34, 06, 0e, 38, 64]...
🔧 MEST Add: keyword='breaking', fid='news_00000932'
🔧 MEST Add: proof size=158 bytes, root_hash=[87, 52, dd, 34, 06, 0e, 38, 64]...
🗑️ MEST Delete: keyword='breaking', fid='news_00000932' (key completely removed)
🗑️ MEST Delete: post-delete root_hash=[e3, b0, c4, 42, 98, fc, 1c, 14]...
🔧 MEST Add: keyword='blockchain', fid='tech_00000936'
🔧 MEST Add: proof size=160 bytes, root_hash=[a6, 46, 0f, 19, 6e, 8a, 95, f7]...
🔧 MEST Add: keyword='blockchain', fid='tech_00000936'
🔧 MEST Add: proof size=160 bytes, root_hash=[a6, 46, 0f, 19, 6e, 8a, 95, f7]...
🗑️ MEST Delete: keyword='blockchain', fid='tech_00000936' (key completely removed)
🗑️ MEST Delete: post-delete root_hash=[e3, b0, c4, 42, 98, fc, 1c, 14]...
🔧 MEST Add: keyword='environment', fid='envi_00000981'
🔧 MEST Add: proof size=161 bytes, root_hash=[43, fd, 9c, bd, df, 11, fb, 89]...
🔍 MEST Query: keyword='environment', found 1 fids
🔍 MEST Query: returning proof (161 bytes)
🗑️ MEST Delete: keyword='environment', fid='envi_00000981' (key completely removed)
🗑️ MEST Delete: post-delete root_hash=[e3, b0, c4, 42, 98, fc, 1c, 14]...
🗑️ MEST Delete: keyword='environment', fid='envi_00000981' (key completely removed)
🗑️ MEST Delete: post-delete root_hash=[e3, b0, c4, 42, 98, fc, 1c, 14]...
🔧 MEST Add: keyword='breaking', fid='news_00000984'
🔧 MEST Add: proof size=158 bytes, root_hash=[35, 86, f9, 6b, da, ee, d3, c3]...
🔧 MEST Add: keyword='breaking', fid='news_00000984'
🔧 MEST Add: proof size=158 bytes, root_hash=[35, 86, f9, 6b, da, ee, d3, c3]...
🗑️ MEST Delete: keyword='breaking', fid='news_00000984' (key completely removed)
🗑️ MEST Delete: post-delete root_hash=[e3, b0, c4, 42, 98, fc, 1c, 14]...
