warning: profiles for the non root package will be ignored, specify profiles at the workspace root:
package:   /root/distributed-storage-system/crates/storager/ads_lib/Cargo.toml
workspace: /root/distributed-storage-system/Cargo.toml
warning: value assigned to `is_change` is never read
   --> crates/storager/ads_lib/src/mpt/mpt.rs:256:21
    |
256 |             let mut is_change = false;
    |                     ^^^^^^^^^
    |
    = help: maybe it is overwritten before being read?
    = note: `#[warn(unused_assignments)]` on by default

warning: value assigned to `is_change` is never read
   --> crates/storager/ads_lib/src/mpt/mpt.rs:462:25
    |
462 |                 let mut is_change = false;
    |                         ^^^^^^^^^
    |
    = help: maybe it is overwritten before being read?

warning: unused variable: `had_value`
   --> crates/storager/ads_lib/src/mpt/mpt.rs:526:21
    |
526 |                 let had_value = !old_value_str.is_empty();
    |                     ^^^^^^^^^ help: if this is intentional, prefix it with an underscore: `_had_value`
    |
    = note: `#[warn(unused_variables)]` on by default

warning: associated functions `short_node_batch_fix` and `full_node_batch_fix` are never used
    --> crates/storager/ads_lib/src/mpt/mpt.rs:1743:8
     |
  50 | impl MPT {
     | -------- associated functions in this implementation
...
1743 |     fn short_node_batch_fix(node: Arc<RwLock<ShortNode>>) -> Result<(), MPTError> {
     |        ^^^^^^^^^^^^^^^^^^^^
...
1748 |     fn full_node_batch_fix(node: Arc<RwLock<FullNode>>) -> Result<(), MPTError> {
     |        ^^^^^^^^^^^^^^^^^^^
     |
     = note: `#[warn(dead_code)]` on by default

warning: function `hash_mgt_node` is never used
   --> crates/storager/ads_lib/src/mest/proof.rs:253:4
    |
253 | fn hash_mgt_node(children: &[[u8; 32]]) -> [u8; 32] {
    |    ^^^^^^^^^^^^^

warning: `ads_rust` (lib) generated 5 warnings
warning: unused variable: `acc_old`
   --> crates/common/src/verification.rs:721:13
    |
721 |         let acc_old = match G1Affine::deserialize_uncompressed(&proof[offset..offset + acc_old_len]) {
    |             ^^^^^^^ help: if this is intentional, prefix it with an underscore: `_acc_old`
    |
    = note: `#[warn(unused_variables)]` on by default

warning: `common` (lib) generated 1 warning
warning: unused imports: `Digest` and `Sha256`
   --> crates/storager/src/ads/acctrie_ads.rs:452:20
    |
452 |         use sha2::{Digest, Sha256};
    |                    ^^^^^^  ^^^^^^
    |
    = note: `#[warn(unused_imports)]` on by default

warning: `storager` (lib) generated 1 warning (run `cargo fix --lib -p storager` to apply 1 suggestion)
    Finished `release` profile [optimized] target(s) in 0.15s
     Running `target/release/storager 50065 mest`
🔧 MEST Add: keyword='cooking', fid='life_00000066'
🔧 MEST Add: proof size=157 bytes, root_hash=[2f, 6f, 61, 0d, 6f, 6a, 86, ca]...
🗑️ MEST Delete: keyword='cooking', fid='life_00000066' (key completely removed)
🗑️ MEST Delete: post-delete root_hash=[e3, b0, c4, 42, 98, fc, 1c, 14]...
🔧 MEST Add: keyword='medicine', fid='heal_00000073'
🔧 MEST Add: proof size=158 bytes, root_hash=[95, 86, 46, f5, c9, c0, 60, 30]...
🔧 MEST Add: keyword='medicine', fid='heal_00000073'
🔧 MEST Add: proof size=158 bytes, root_hash=[95, 86, 46, f5, c9, c0, 60, 30]...
🗑️ MEST Delete: keyword='medicine', fid='heal_00000073' (key completely removed)
🗑️ MEST Delete: post-delete root_hash=[e3, b0, c4, 42, 98, fc, 1c, 14]...
🔧 MEST Add: keyword='cooking', fid='life_00000098'
🔧 MEST Add: proof size=157 bytes, root_hash=[39, 5f, 96, e7, c5, 44, 0a, ab]...
🗑️ MEST Delete: keyword='cooking', fid='life_00000098' (key completely removed)
🗑️ MEST Delete: post-delete root_hash=[e3, b0, c4, 42, 98, fc, 1c, 14]...
🔧 MEST Add: keyword='medicine', fid='heal_00000101'
🔧 MEST Add: proof size=158 bytes, root_hash=[03, 83, ab, 27, 3f, 5c, 06, a8]...
🔧 MEST Add: keyword='medicine', fid='heal_00000101'
🔧 MEST Add: proof size=158 bytes, root_hash=[03, 83, ab, 27, 3f, 5c, 06, a8]...
🗑️ MEST Delete: keyword='medicine', fid='heal_00000101' (key completely removed)
🗑️ MEST Delete: post-delete root_hash=[e3, b0, c4, 42, 98, fc, 1c, 14]...
🔧 MEST Add: keyword='cooking', fid='life_00000130'
🔧 MEST Add: proof size=157 bytes, root_hash=[b4, dc, 6b, 6e, 45, e3, 57, d9]...
🔧 MEST Add: keyword='cooking', fid='life_00000130'
🔧 MEST Add: proof size=157 bytes, root_hash=[b4, dc, 6b, 6e, 45, e3, 57, d9]...
🗑️ MEST Delete: keyword='cooking', fid='life_00000130' (key completely removed)
🗑️ MEST Delete: post-delete root_hash=[e3, b0, c4, 42, 98, fc, 1c, 14]...
🔧 MEST Add: keyword='medicine', fid='heal_00000235'
🔧 MEST Add: proof size=158 bytes, root_hash=[6e, 3d, 4b, ae, dc, d0, 07, 01]...
🗑️ MEST Delete: keyword='medicine', fid='heal_00000235' (key completely removed)
🗑️ MEST Delete: post-delete root_hash=[e3, b0, c4, 42, 98, fc, 1c, 14]...
🔧 MEST Add: keyword='cooking', fid='life_00000240'
🔧 MEST Add: proof size=157 bytes, root_hash=[97, d4, a5, 0d, 67, 50, 0f, 87]...
🗑️ MEST Delete: keyword='cooking', fid='life_00000240' (key completely removed)
🗑️ MEST Delete: post-delete root_hash=[e3, b0, c4, 42, 98, fc, 1c, 14]...
🔧 MEST Add: keyword='cooking', fid='life_00000241'
🔧 MEST Add: proof size=157 bytes, root_hash=[6c, 8e, 45, 29, 6a, ae, 1d, f8]...
🗑️ MEST Delete: keyword='cooking', fid='life_00000241' (key completely removed)
🗑️ MEST Delete: post-delete root_hash=[e3, b0, c4, 42, 98, fc, 1c, 14]...
🔧 MEST Add: keyword='cooking', fid='life_00000271'
🔧 MEST Add: proof size=157 bytes, root_hash=[57, d7, 3a, 98, 60, 14, 81, 26]...
🔧 MEST Add: keyword='cooking', fid='life_00000271'
🔧 MEST Add: proof size=157 bytes, root_hash=[57, d7, 3a, 98, 60, 14, 81, 26]...
🗑️ MEST Delete: keyword='cooking', fid='life_00000271' (key completely removed)
🗑️ MEST Delete: post-delete root_hash=[e3, b0, c4, 42, 98, fc, 1c, 14]...
🔧 MEST Add: keyword='medicine', fid='heal_00000317'
🔧 MEST Add: proof size=158 bytes, root_hash=[89, 26, 33, 01, 8d, 6a, 76, 29]...
🗑️ MEST Delete: keyword='medicine', fid='heal_00000317' (key completely removed)
🗑️ MEST Delete: post-delete root_hash=[e3, b0, c4, 42, 98, fc, 1c, 14]...
🔧 MEST Add: keyword='cooking', fid='life_00000334'
🔧 MEST Add: proof size=157 bytes, root_hash=[fe, 0d, 3b, 4e, 63, da, 27, 1d]...
🗑️ MEST Delete: keyword='cooking', fid='life_00000334' (key completely removed)
🗑️ MEST Delete: post-delete root_hash=[e3, b0, c4, 42, 98, fc, 1c, 14]...
🔧 MEST Add: keyword='medicine', fid='heal_00000369'
🔧 MEST Add: proof size=158 bytes, root_hash=[82, 05, 4b, 61, ad, 9d, a2, 3c]...
🗑️ MEST Delete: keyword='medicine', fid='heal_00000369' (key completely removed)
🗑️ MEST Delete: post-delete root_hash=[e3, b0, c4, 42, 98, fc, 1c, 14]...
🔧 MEST Add: keyword='medicine', fid='heal_00000375'
🔧 MEST Add: proof size=158 bytes, root_hash=[0a, 1d, 2e, 3a, 3c, 2d, 45, c7]...
🗑️ MEST Delete: keyword='medicine', fid='heal_00000375' (key completely removed)
🗑️ MEST Delete: post-delete root_hash=[e3, b0, c4, 42, 98, fc, 1c, 14]...
🔧 MEST Add: keyword='medicine', fid='heal_00000392'
🔧 MEST Add: proof size=158 bytes, root_hash=[56, d9, 2a, 73, 2d, 8d, a0, c2]...
🗑️ MEST Delete: keyword='medicine', fid='heal_00000392' (key completely removed)
🗑️ MEST Delete: post-delete root_hash=[e3, b0, c4, 42, 98, fc, 1c, 14]...
🔧 MEST Add: keyword='medicine', fid='heal_00000426'
🔧 MEST Add: proof size=158 bytes, root_hash=[70, e0, 1d, 7f, 17, f3, e1, ad]...
🗑️ MEST Delete: keyword='medicine', fid='heal_00000426' (key completely removed)
🗑️ MEST Delete: post-delete root_hash=[e3, b0, c4, 42, 98, fc, 1c, 14]...
🔧 MEST Add: keyword='medicine', fid='heal_00000427'
🔧 MEST Add: proof size=158 bytes, root_hash=[18, 75, 2d, c8, 4c, fd, c2, 58]...
🔧 MEST Add: keyword='medicine', fid='heal_00000427'
🔧 MEST Add: proof size=158 bytes, root_hash=[18, 75, 2d, c8, 4c, fd, c2, 58]...
🗑️ MEST Delete: keyword='medicine', fid='heal_00000427' (key completely removed)
🗑️ MEST Delete: post-delete root_hash=[e3, b0, c4, 42, 98, fc, 1c, 14]...
🔧 MEST Add: keyword='medicine', fid='heal_00000449'
🔧 MEST Add: proof size=158 bytes, root_hash=[c6, 6d, 86, 10, 52, 22, 4a, 83]...
🔧 MEST Add: keyword='medicine', fid='heal_00000449'
🔧 MEST Add: proof size=158 bytes, root_hash=[c6, 6d, 86, 10, 52, 22, 4a, 83]...
🗑️ MEST Delete: keyword='medicine', fid='heal_00000449' (key completely removed)
🗑️ MEST Delete: post-delete root_hash=[e3, b0, c4, 42, 98, fc, 1c, 14]...
🔧 MEST Add: keyword='medicine', fid='heal_00000460'
🔧 MEST Add: proof size=158 bytes, root_hash=[ca, 5f, 51, 5d, 61, 3a, fe, 4e]...
🗑️ MEST Delete: keyword='medicine', fid='heal_00000460' (key completely removed)
🗑️ MEST Delete: post-delete root_hash=[e3, b0, c4, 42, 98, fc, 1c, 14]...
🔧 MEST Add: keyword='medicine', fid='heal_00000479'
🔧 MEST Add: proof size=158 bytes, root_hash=[d8, 4e, 52, be, 64, a0, aa, dd]...
🔧 MEST Add: keyword='medicine', fid='heal_00000479'
🔧 MEST Add: proof size=158 bytes, root_hash=[d8, 4e, 52, be, 64, a0, aa, dd]...
🗑️ MEST Delete: keyword='medicine', fid='heal_00000479' (key completely removed)
🗑️ MEST Delete: post-delete root_hash=[e3, b0, c4, 42, 98, fc, 1c, 14]...
🔧 MEST Add: keyword='medicine', fid='heal_00000481'
🔧 MEST Add: proof size=158 bytes, root_hash=[af, 10, a5, 2d, 8f, e6, 00, 03]...
🔧 MEST Add: keyword='medicine', fid='heal_00000481'
🔧 MEST Add: proof size=158 bytes, root_hash=[af, 10, a5, 2d, 8f, e6, 00, 03]...
🗑️ MEST Delete: keyword='medicine', fid='heal_00000481' (key completely removed)
🗑️ MEST Delete: post-delete root_hash=[e3, b0, c4, 42, 98, fc, 1c, 14]...
🔧 MEST Add: keyword='cooking', fid='life_00000556'
🔧 MEST Add: proof size=157 bytes, root_hash=[48, b2, 47, bf, cb, 36, 8d, cc]...
🔧 MEST Add: keyword='cooking', fid='life_00000556'
🔧 MEST Add: proof size=157 bytes, root_hash=[48, b2, 47, bf, cb, 36, 8d, cc]...
🗑️ MEST Delete: keyword='cooking', fid='life_00000556' (key completely removed)
🗑️ MEST Delete: post-delete root_hash=[e3, b0, c4, 42, 98, fc, 1c, 14]...
🔧 MEST Add: keyword='medicine', fid='heal_00000628'
🔧 MEST Add: proof size=158 bytes, root_hash=[61, 0a, 2f, c9, f5, 36, 35, 60]...
🔧 MEST Add: keyword='medicine', fid='heal_00000628'
🔧 MEST Add: proof size=158 bytes, root_hash=[61, 0a, 2f, c9, f5, 36, 35, 60]...
🗑️ MEST Delete: keyword='medicine', fid='heal_00000628' (key completely removed)
🗑️ MEST Delete: post-delete root_hash=[e3, b0, c4, 42, 98, fc, 1c, 14]...
🔧 MEST Add: keyword='medicine', fid='heal_00000710'
🔧 MEST Add: proof size=158 bytes, root_hash=[5b, a9, 3e, 57, cf, 2f, dc, 83]...
🗑️ MEST Delete: keyword='medicine', fid='heal_00000710' (key completely removed)
🗑️ MEST Delete: post-delete root_hash=[e3, b0, c4, 42, 98, fc, 1c, 14]...
🔧 MEST Add: keyword='cooking', fid='life_00000716'
🔧 MEST Add: proof size=157 bytes, root_hash=[52, 90, 70, 43, 2a, c1, 63, 59]...
🔧 MEST Add: keyword='cooking', fid='life_00000716'
🔧 MEST Add: proof size=157 bytes, root_hash=[52, 90, 70, 43, 2a, c1, 63, 59]...
🗑️ MEST Delete: keyword='cooking', fid='life_00000716' (key completely removed)
🗑️ MEST Delete: post-delete root_hash=[e3, b0, c4, 42, 98, fc, 1c, 14]...
🔧 MEST Add: keyword='cooking', fid='life_00000736'
🔧 MEST Add: proof size=157 bytes, root_hash=[02, d1, 74, ae, c5, 38, cd, 8d]...
🗑️ MEST Delete: keyword='cooking', fid='life_00000736' (key completely removed)
🗑️ MEST Delete: post-delete root_hash=[e3, b0, c4, 42, 98, fc, 1c, 14]...
🔧 MEST Add: keyword='medicine', fid='heal_00000744'
🔧 MEST Add: proof size=158 bytes, root_hash=[56, b9, f7, 43, 45, d8, cb, 9e]...
🔧 MEST Add: keyword='medicine', fid='heal_00000744'
🔧 MEST Add: proof size=158 bytes, root_hash=[56, b9, f7, 43, 45, d8, cb, 9e]...
🗑️ MEST Delete: keyword='medicine', fid='heal_00000744' (key completely removed)
🗑️ MEST Delete: post-delete root_hash=[e3, b0, c4, 42, 98, fc, 1c, 14]...
🔧 MEST Add: keyword='medicine', fid='heal_00000761'
🔧 MEST Add: proof size=158 bytes, root_hash=[0a, f0, ae, 27, 7a, bd, bd, 5a]...
🗑️ MEST Delete: keyword='medicine', fid='heal_00000761' (key completely removed)
🗑️ MEST Delete: post-delete root_hash=[e3, b0, c4, 42, 98, fc, 1c, 14]...
🔧 MEST Add: keyword='medicine', fid='heal_00000768'
🔧 MEST Add: proof size=158 bytes, root_hash=[46, fb, 3b, 54, e8, a7, 97, 2c]...
🗑️ MEST Delete: keyword='medicine', fid='heal_00000768' (key completely removed)
🗑️ MEST Delete: post-delete root_hash=[e3, b0, c4, 42, 98, fc, 1c, 14]...
🔧 MEST Add: keyword='cooking', fid='life_00000793'
🔧 MEST Add: proof size=157 bytes, root_hash=[1e, 23, 4c, ea, 90, e8, d9, e5]...
🗑️ MEST Delete: keyword='cooking', fid='life_00000793' (key completely removed)
🗑️ MEST Delete: post-delete root_hash=[e3, b0, c4, 42, 98, fc, 1c, 14]...
🔧 MEST Add: keyword='cooking', fid='life_00000799'
🔧 MEST Add: proof size=157 bytes, root_hash=[95, 2a, 80, 08, b5, c7, ab, 71]...
🔧 MEST Add: keyword='cooking', fid='life_00000799'
🔧 MEST Add: proof size=157 bytes, root_hash=[95, 2a, 80, 08, b5, c7, ab, 71]...
🗑️ MEST Delete: keyword='cooking', fid='life_00000799' (key completely removed)
🗑️ MEST Delete: post-delete root_hash=[e3, b0, c4, 42, 98, fc, 1c, 14]...
🔧 MEST Add: keyword='cooking', fid='life_00000828'
🔧 MEST Add: proof size=157 bytes, root_hash=[bf, 1e, 3e, 30, 5c, 70, ce, e5]...
🔧 MEST Add: keyword='cooking', fid='life_00000828'
🔧 MEST Add: proof size=157 bytes, root_hash=[bf, 1e, 3e, 30, 5c, 70, ce, e5]...
🗑️ MEST Delete: keyword='cooking', fid='life_00000828' (key completely removed)
🗑️ MEST Delete: post-delete root_hash=[e3, b0, c4, 42, 98, fc, 1c, 14]...
🔧 MEST Add: keyword='medicine', fid='heal_00000834'
🔧 MEST Add: proof size=158 bytes, root_hash=[4d, d5, 92, d2, 28, b6, 61, ef]...
🔧 MEST Add: keyword='medicine', fid='heal_00000834'
🔧 MEST Add: proof size=158 bytes, root_hash=[4d, d5, 92, d2, 28, b6, 61, ef]...
🗑️ MEST Delete: keyword='medicine', fid='heal_00000834' (key completely removed)
🗑️ MEST Delete: post-delete root_hash=[e3, b0, c4, 42, 98, fc, 1c, 14]...
🔧 MEST Add: keyword='medicine', fid='heal_00000844'
🔧 MEST Add: proof size=158 bytes, root_hash=[b6, 27, 87, 9c, 8e, f3, 2d, 68]...
🔧 MEST Add: keyword='medicine', fid='heal_00000844'
🔧 MEST Add: proof size=158 bytes, root_hash=[b6, 27, 87, 9c, 8e, f3, 2d, 68]...
🗑️ MEST Delete: keyword='medicine', fid='heal_00000844' (key completely removed)
🗑️ MEST Delete: post-delete root_hash=[e3, b0, c4, 42, 98, fc, 1c, 14]...
🔧 MEST Add: keyword='medicine', fid='heal_00000917'
🔧 MEST Add: proof size=158 bytes, root_hash=[d5, 0d, de, de, d4, 0a, e0, d3]...
🔧 MEST Add: keyword='medicine', fid='heal_00000917'
🔧 MEST Add: proof size=158 bytes, root_hash=[d5, 0d, de, de, d4, 0a, e0, d3]...
🗑️ MEST Delete: keyword='medicine', fid='heal_00000917' (key completely removed)
🗑️ MEST Delete: post-delete root_hash=[e3, b0, c4, 42, 98, fc, 1c, 14]...
🔧 MEST Add: keyword='cooking', fid='life_00000949'
🔧 MEST Add: proof size=157 bytes, root_hash=[2f, f4, 2d, ba, 2a, ca, 41, e0]...
🔧 MEST Add: keyword='cooking', fid='life_00000949'
🔧 MEST Add: proof size=157 bytes, root_hash=[2f, f4, 2d, ba, 2a, ca, 41, e0]...
🗑️ MEST Delete: keyword='cooking', fid='life_00000949' (key completely removed)
🗑️ MEST Delete: post-delete root_hash=[e3, b0, c4, 42, 98, fc, 1c, 14]...
🔧 MEST Add: keyword='medicine', fid='heal_00000960'
🔧 MEST Add: proof size=158 bytes, root_hash=[89, 24, cc, 3a, 00, 22, 97, 98]...
🔧 MEST Add: keyword='medicine', fid='heal_00000960'
🔧 MEST Add: proof size=158 bytes, root_hash=[89, 24, cc, 3a, 00, 22, 97, 98]...
🗑️ MEST Delete: keyword='medicine', fid='heal_00000960' (key completely removed)
🗑️ MEST Delete: post-delete root_hash=[e3, b0, c4, 42, 98, fc, 1c, 14]...
