warning: profiles for the non root package will be ignored, specify profiles at the workspace root:
package:   /root/distributed-storage-system/crates/storager/ads_lib/Cargo.toml
workspace: /root/distributed-storage-system/Cargo.toml
warning: value assigned to `is_change` is never read
   --> crates/storager/ads_lib/src/mpt/mpt.rs:256:21
    |
256 |             let mut is_change = false;
    |                     ^^^^^^^^^
    |
    = help: maybe it is overwritten before being read?
    = note: `#[warn(unused_assignments)]` on by default

warning: value assigned to `is_change` is never read
   --> crates/storager/ads_lib/src/mpt/mpt.rs:462:25
    |
462 |                 let mut is_change = false;
    |                         ^^^^^^^^^
    |
    = help: maybe it is overwritten before being read?

warning: unused variable: `had_value`
   --> crates/storager/ads_lib/src/mpt/mpt.rs:526:21
    |
526 |                 let had_value = !old_value_str.is_empty();
    |                     ^^^^^^^^^ help: if this is intentional, prefix it with an underscore: `_had_value`
    |
    = note: `#[warn(unused_variables)]` on by default

warning: associated functions `short_node_batch_fix` and `full_node_batch_fix` are never used
    --> crates/storager/ads_lib/src/mpt/mpt.rs:1743:8
     |
  50 | impl MPT {
     | -------- associated functions in this implementation
...
1743 |     fn short_node_batch_fix(node: Arc<RwLock<ShortNode>>) -> Result<(), MPTError> {
     |        ^^^^^^^^^^^^^^^^^^^^
...
1748 |     fn full_node_batch_fix(node: Arc<RwLock<FullNode>>) -> Result<(), MPTError> {
     |        ^^^^^^^^^^^^^^^^^^^
     |
     = note: `#[warn(dead_code)]` on by default

warning: function `hash_mgt_node` is never used
   --> crates/storager/ads_lib/src/mest/proof.rs:253:4
    |
253 | fn hash_mgt_node(children: &[[u8; 32]]) -> [u8; 32] {
    |    ^^^^^^^^^^^^^

warning: `ads_rust` (lib) generated 5 warnings
warning: unused variable: `acc_old`
   --> crates/common/src/verification.rs:721:13
    |
721 |         let acc_old = match G1Affine::deserialize_uncompressed(&proof[offset..offset + acc_old_len]) {
    |             ^^^^^^^ help: if this is intentional, prefix it with an underscore: `_acc_old`
    |
    = note: `#[warn(unused_variables)]` on by default

warning: `common` (lib) generated 1 warning
warning: unused imports: `Digest` and `Sha256`
   --> crates/storager/src/ads/acctrie_ads.rs:452:20
    |
452 |         use sha2::{Digest, Sha256};
    |                    ^^^^^^  ^^^^^^
    |
    = note: `#[warn(unused_imports)]` on by default

warning: `storager` (lib) generated 1 warning (run `cargo fix --lib -p storager` to apply 1 suggestion)
    Finished `release` profile [optimized] target(s) in 0.15s
     Running `target/release/storager 50073 mest`
🔧 MEST Add: keyword='treatment', fid='heal_00000018'
🔧 MEST Add: proof size=159 bytes, root_hash=[2c, cd, 17, 74, bf, d7, 67, f3]...
🗑️ MEST Delete: keyword='treatment', fid='heal_00000018' (key completely removed)
🗑️ MEST Delete: post-delete root_hash=[e3, b0, c4, 42, 98, fc, 1c, 14]...
🔧 MEST Add: keyword='conservation', fid='envi_00000087'
🔧 MEST Add: proof size=162 bytes, root_hash=[2c, 3f, 15, 07, 39, a3, 40, 95]...
🗑️ MEST Delete: keyword='conservation', fid='envi_00000087' (key completely removed)
🗑️ MEST Delete: post-delete root_hash=[e3, b0, c4, 42, 98, fc, 1c, 14]...
🔧 MEST Add: keyword='treatment', fid='heal_00000088'
🔧 MEST Add: proof size=159 bytes, root_hash=[35, f0, 19, c1, 69, 23, cf, aa]...
🗑️ MEST Delete: keyword='treatment', fid='heal_00000088' (key completely removed)
🗑️ MEST Delete: post-delete root_hash=[e3, b0, c4, 42, 98, fc, 1c, 14]...
🔧 MEST Add: keyword='conservation', fid='envi_00000194'
🔧 MEST Add: proof size=162 bytes, root_hash=[c8, da, 9e, 3e, 1d, fa, d6, fd]...
🗑️ MEST Delete: keyword='conservation', fid='envi_00000194' (key completely removed)
🗑️ MEST Delete: post-delete root_hash=[e3, b0, c4, 42, 98, fc, 1c, 14]...
🔧 MEST Add: keyword='treatment', fid='heal_00000195'
🔧 MEST Add: proof size=159 bytes, root_hash=[8a, 1f, e4, cf, 24, 7d, bf, 96]...
🗑️ MEST Delete: keyword='treatment', fid='heal_00000195' (key completely removed)
🗑️ MEST Delete: post-delete root_hash=[e3, b0, c4, 42, 98, fc, 1c, 14]...
🔧 MEST Add: keyword='treatment', fid='heal_00000198'
🔧 MEST Add: proof size=159 bytes, root_hash=[e7, de, 1e, 7b, 94, 31, be, 46]...
🗑️ MEST Delete: keyword='treatment', fid='heal_00000198' (key completely removed)
🗑️ MEST Delete: post-delete root_hash=[e3, b0, c4, 42, 98, fc, 1c, 14]...
🔧 MEST Add: keyword='conservation', fid='envi_00000213'
🔧 MEST Add: proof size=162 bytes, root_hash=[6e, df, 87, 42, 68, 4d, 10, 22]...
🔧 MEST Add: keyword='conservation', fid='envi_00000213'
🔧 MEST Add: proof size=162 bytes, root_hash=[6e, df, 87, 42, 68, 4d, 10, 22]...
🗑️ MEST Delete: keyword='conservation', fid='envi_00000213' (key completely removed)
🗑️ MEST Delete: post-delete root_hash=[e3, b0, c4, 42, 98, fc, 1c, 14]...
🔧 MEST Add: keyword='treatment', fid='heal_00000317'
🔧 MEST Add: proof size=159 bytes, root_hash=[89, 26, 33, 01, 8d, 6a, 76, 29]...
🗑️ MEST Delete: keyword='treatment', fid='heal_00000317' (key completely removed)
🗑️ MEST Delete: post-delete root_hash=[e3, b0, c4, 42, 98, fc, 1c, 14]...
🔧 MEST Add: keyword='treatment', fid='heal_00000350'
🔧 MEST Add: proof size=159 bytes, root_hash=[91, 25, dd, 3e, 4a, 79, a2, da]...
🗑️ MEST Delete: keyword='treatment', fid='heal_00000350' (key completely removed)
🗑️ MEST Delete: post-delete root_hash=[e3, b0, c4, 42, 98, fc, 1c, 14]...
🔧 MEST Add: keyword='treatment', fid='heal_00000388'
🔧 MEST Add: proof size=159 bytes, root_hash=[60, ca, f9, 99, 77, c3, 0a, ca]...
🔧 MEST Add: keyword='treatment', fid='heal_00000388'
🔧 MEST Add: proof size=159 bytes, root_hash=[60, ca, f9, 99, 77, c3, 0a, ca]...
🗑️ MEST Delete: keyword='treatment', fid='heal_00000388' (key completely removed)
🗑️ MEST Delete: post-delete root_hash=[e3, b0, c4, 42, 98, fc, 1c, 14]...
🔧 MEST Add: keyword='treatment', fid='heal_00000426'
🔧 MEST Add: proof size=159 bytes, root_hash=[70, e0, 1d, 7f, 17, f3, e1, ad]...
🗑️ MEST Delete: keyword='treatment', fid='heal_00000426' (key completely removed)
🗑️ MEST Delete: post-delete root_hash=[e3, b0, c4, 42, 98, fc, 1c, 14]...
🔧 MEST Add: keyword='treatment', fid='heal_00000428'
🔧 MEST Add: proof size=159 bytes, root_hash=[88, c1, f7, 1c, 89, d6, de, f6]...
🗑️ MEST Delete: keyword='treatment', fid='heal_00000428' (key completely removed)
🗑️ MEST Delete: post-delete root_hash=[e3, b0, c4, 42, 98, fc, 1c, 14]...
🔧 MEST Add: keyword='conservation', fid='envi_00000461'
🔧 MEST Add: proof size=162 bytes, root_hash=[b5, 8b, 67, 2c, c0, fa, bd, 4a]...
🗑️ MEST Delete: keyword='conservation', fid='envi_00000461' (key completely removed)
🗑️ MEST Delete: post-delete root_hash=[e3, b0, c4, 42, 98, fc, 1c, 14]...
🔧 MEST Add: keyword='treatment', fid='heal_00000574'
🔧 MEST Add: proof size=159 bytes, root_hash=[40, 09, 18, 05, 1f, 2d, 4b, 4d]...
🔧 MEST Add: keyword='treatment', fid='heal_00000574'
🔧 MEST Add: proof size=159 bytes, root_hash=[40, 09, 18, 05, 1f, 2d, 4b, 4d]...
🗑️ MEST Delete: keyword='treatment', fid='heal_00000574' (key completely removed)
🗑️ MEST Delete: post-delete root_hash=[e3, b0, c4, 42, 98, fc, 1c, 14]...
🔧 MEST Add: keyword='treatment', fid='heal_00000623'
🔧 MEST Add: proof size=159 bytes, root_hash=[3b, 4c, 8f, e2, 36, d1, 8a, 28]...
🔧 MEST Add: keyword='treatment', fid='heal_00000623'
🔧 MEST Add: proof size=159 bytes, root_hash=[3b, 4c, 8f, e2, 36, d1, 8a, 28]...
🗑️ MEST Delete: keyword='treatment', fid='heal_00000623' (key completely removed)
🗑️ MEST Delete: post-delete root_hash=[e3, b0, c4, 42, 98, fc, 1c, 14]...
🔧 MEST Add: keyword='conservation', fid='envi_00000626'
🔧 MEST Add: proof size=162 bytes, root_hash=[9d, 91, 62, dc, 59, eb, b2, ff]...
🔧 MEST Add: keyword='conservation', fid='envi_00000626'
🔧 MEST Add: proof size=162 bytes, root_hash=[9d, 91, 62, dc, 59, eb, b2, ff]...
🗑️ MEST Delete: keyword='conservation', fid='envi_00000626' (key completely removed)
🗑️ MEST Delete: post-delete root_hash=[e3, b0, c4, 42, 98, fc, 1c, 14]...
🔧 MEST Add: keyword='conservation', fid='envi_00000637'
🔧 MEST Add: proof size=162 bytes, root_hash=[d9, 4f, 0f, dc, 78, 0b, 46, 75]...
🔧 MEST Add: keyword='conservation', fid='envi_00000637'
🔧 MEST Add: proof size=162 bytes, root_hash=[d9, 4f, 0f, dc, 78, 0b, 46, 75]...
🗑️ MEST Delete: keyword='conservation', fid='envi_00000637' (key completely removed)
🗑️ MEST Delete: post-delete root_hash=[e3, b0, c4, 42, 98, fc, 1c, 14]...
🔧 MEST Add: keyword='treatment', fid='heal_00000648'
🔧 MEST Add: proof size=159 bytes, root_hash=[8b, d1, c9, 00, b1, fb, 5b, 6e]...
🗑️ MEST Delete: keyword='treatment', fid='heal_00000648' (key completely removed)
🗑️ MEST Delete: post-delete root_hash=[e3, b0, c4, 42, 98, fc, 1c, 14]...
🔧 MEST Add: keyword='treatment', fid='heal_00000653'
🔧 MEST Add: proof size=159 bytes, root_hash=[0a, 2a, 36, ac, d3, 3a, ff, dc]...
🔧 MEST Add: keyword='treatment', fid='heal_00000653'
🔧 MEST Add: proof size=159 bytes, root_hash=[0a, 2a, 36, ac, d3, 3a, ff, dc]...
🗑️ MEST Delete: keyword='treatment', fid='heal_00000653' (key completely removed)
🗑️ MEST Delete: post-delete root_hash=[e3, b0, c4, 42, 98, fc, 1c, 14]...
🔧 MEST Add: keyword='treatment', fid='heal_00000695'
🔧 MEST Add: proof size=159 bytes, root_hash=[c3, de, 27, bf, 88, d4, 5d, ee]...
🔧 MEST Add: keyword='treatment', fid='heal_00000695'
🔧 MEST Add: proof size=159 bytes, root_hash=[c3, de, 27, bf, 88, d4, 5d, ee]...
🗑️ MEST Delete: keyword='treatment', fid='heal_00000695' (key completely removed)
🗑️ MEST Delete: post-delete root_hash=[e3, b0, c4, 42, 98, fc, 1c, 14]...
🔧 MEST Add: keyword='treatment', fid='heal_00000723'
🔧 MEST Add: proof size=159 bytes, root_hash=[ae, ca, 21, f7, 8f, fb, 1a, 80]...
🗑️ MEST Delete: keyword='treatment', fid='heal_00000723' (key completely removed)
🗑️ MEST Delete: post-delete root_hash=[e3, b0, c4, 42, 98, fc, 1c, 14]...
🔧 MEST Add: keyword='conservation', fid='envi_00000735'
🔧 MEST Add: proof size=162 bytes, root_hash=[34, 5e, 3d, bf, bf, 23, 1b, 03]...
🗑️ MEST Delete: keyword='conservation', fid='envi_00000735' (key completely removed)
🗑️ MEST Delete: post-delete root_hash=[e3, b0, c4, 42, 98, fc, 1c, 14]...
🔧 MEST Add: keyword='conservation', fid='envi_00000757'
🔧 MEST Add: proof size=162 bytes, root_hash=[df, 1b, 65, ce, ea, ad, 94, 4a]...
🗑️ MEST Delete: keyword='conservation', fid='envi_00000757' (key completely removed)
🗑️ MEST Delete: post-delete root_hash=[e3, b0, c4, 42, 98, fc, 1c, 14]...
🔧 MEST Add: keyword='treatment', fid='heal_00000775'
🔧 MEST Add: proof size=159 bytes, root_hash=[cc, db, 42, 60, e9, e5, 6d, c8]...
🔧 MEST Add: keyword='treatment', fid='heal_00000775'
🔧 MEST Add: proof size=159 bytes, root_hash=[cc, db, 42, 60, e9, e5, 6d, c8]...
🗑️ MEST Delete: keyword='treatment', fid='heal_00000775' (key completely removed)
🗑️ MEST Delete: post-delete root_hash=[e3, b0, c4, 42, 98, fc, 1c, 14]...
🔧 MEST Add: keyword='treatment', fid='heal_00000840'
🔧 MEST Add: proof size=159 bytes, root_hash=[ae, de, cf, e4, fe, 69, 7b, 24]...
🗑️ MEST Delete: keyword='treatment', fid='heal_00000840' (key completely removed)
🗑️ MEST Delete: post-delete root_hash=[e3, b0, c4, 42, 98, fc, 1c, 14]...
🔧 MEST Add: keyword='treatment', fid='heal_00000845'
🔧 MEST Add: proof size=159 bytes, root_hash=[0d, 31, 38, f3, 11, 94, b0, aa]...
🗑️ MEST Delete: keyword='treatment', fid='heal_00000845' (key completely removed)
🗑️ MEST Delete: post-delete root_hash=[e3, b0, c4, 42, 98, fc, 1c, 14]...
🔧 MEST Add: keyword='treatment', fid='heal_00000862'
🔧 MEST Add: proof size=159 bytes, root_hash=[a9, 02, ef, d9, c5, 52, 2d, f5]...
🔧 MEST Add: keyword='treatment', fid='heal_00000862'
🔧 MEST Add: proof size=159 bytes, root_hash=[a9, 02, ef, d9, c5, 52, 2d, f5]...
🗑️ MEST Delete: keyword='treatment', fid='heal_00000862' (key completely removed)
🗑️ MEST Delete: post-delete root_hash=[e3, b0, c4, 42, 98, fc, 1c, 14]...
🔧 MEST Add: keyword='conservation', fid='envi_00000889'
🔧 MEST Add: proof size=162 bytes, root_hash=[c0, c3, 49, 1d, 39, 2c, 29, 11]...
🔧 MEST Add: keyword='conservation', fid='envi_00000889'
🔧 MEST Add: proof size=162 bytes, root_hash=[c0, c3, 49, 1d, 39, 2c, 29, 11]...
🗑️ MEST Delete: keyword='conservation', fid='envi_00000889' (key completely removed)
🗑️ MEST Delete: post-delete root_hash=[e3, b0, c4, 42, 98, fc, 1c, 14]...
🔧 MEST Add: keyword='conservation', fid='envi_00000904'
🔧 MEST Add: proof size=162 bytes, root_hash=[5e, f8, a8, 10, 8d, 92, ac, 4c]...
🔧 MEST Add: keyword='conservation', fid='envi_00000904'
🔧 MEST Add: proof size=162 bytes, root_hash=[5e, f8, a8, 10, 8d, 92, ac, 4c]...
🗑️ MEST Delete: keyword='conservation', fid='envi_00000904' (key completely removed)
🗑️ MEST Delete: post-delete root_hash=[e3, b0, c4, 42, 98, fc, 1c, 14]...
🔧 MEST Add: keyword='treatment', fid='heal_00000917'
🔧 MEST Add: proof size=159 bytes, root_hash=[d5, 0d, de, de, d4, 0a, e0, d3]...
🗑️ MEST Delete: keyword='treatment', fid='heal_00000917' (key completely removed)
🗑️ MEST Delete: post-delete root_hash=[e3, b0, c4, 42, 98, fc, 1c, 14]...
