warning: profiles for the non root package will be ignored, specify profiles at the workspace root:
package:   /root/distributed-storage-system/crates/storager/ads_lib/Cargo.toml
workspace: /root/distributed-storage-system/Cargo.toml
warning: value assigned to `is_change` is never read
   --> crates/storager/ads_lib/src/mpt/mpt.rs:256:21
    |
256 |             let mut is_change = false;
    |                     ^^^^^^^^^
    |
    = help: maybe it is overwritten before being read?
    = note: `#[warn(unused_assignments)]` on by default

warning: value assigned to `is_change` is never read
   --> crates/storager/ads_lib/src/mpt/mpt.rs:462:25
    |
462 |                 let mut is_change = false;
    |                         ^^^^^^^^^
    |
    = help: maybe it is overwritten before being read?

warning: unused variable: `had_value`
   --> crates/storager/ads_lib/src/mpt/mpt.rs:526:21
    |
526 |                 let had_value = !old_value_str.is_empty();
    |                     ^^^^^^^^^ help: if this is intentional, prefix it with an underscore: `_had_value`
    |
    = note: `#[warn(unused_variables)]` on by default

warning: associated functions `short_node_batch_fix` and `full_node_batch_fix` are never used
    --> crates/storager/ads_lib/src/mpt/mpt.rs:1743:8
     |
  50 | impl MPT {
     | -------- associated functions in this implementation
...
1743 |     fn short_node_batch_fix(node: Arc<RwLock<ShortNode>>) -> Result<(), MPTError> {
     |        ^^^^^^^^^^^^^^^^^^^^
...
1748 |     fn full_node_batch_fix(node: Arc<RwLock<FullNode>>) -> Result<(), MPTError> {
     |        ^^^^^^^^^^^^^^^^^^^
     |
     = note: `#[warn(dead_code)]` on by default

warning: function `hash_mgt_node` is never used
   --> crates/storager/ads_lib/src/mest/proof.rs:253:4
    |
253 | fn hash_mgt_node(children: &[[u8; 32]]) -> [u8; 32] {
    |    ^^^^^^^^^^^^^

warning: `ads_rust` (lib) generated 5 warnings
warning: unused variable: `acc_old`
   --> crates/common/src/verification.rs:721:13
    |
721 |         let acc_old = match G1Affine::deserialize_uncompressed(&proof[offset..offset + acc_old_len]) {
    |             ^^^^^^^ help: if this is intentional, prefix it with an underscore: `_acc_old`
    |
    = note: `#[warn(unused_variables)]` on by default

warning: `common` (lib) generated 1 warning
warning: unused imports: `Digest` and `Sha256`
   --> crates/storager/src/ads/acctrie_ads.rs:452:20
    |
452 |         use sha2::{Digest, Sha256};
    |                    ^^^^^^  ^^^^^^
    |
    = note: `#[warn(unused_imports)]` on by default

warning: `storager` (lib) generated 1 warning (run `cargo fix --lib -p storager` to apply 1 suggestion)
    Finished `release` profile [optimized] target(s) in 0.15s
     Running `target/release/storager 50149 mest`
🔧 MEST Add: keyword='quantum', fid='tech_00000010'
🔧 MEST Add: proof size=157 bytes, root_hash=[d3, 81, 87, e2, 99, 93, e0, 37]...
🗑️ MEST Delete: keyword='quantum', fid='tech_00000010' (key completely removed)
🗑️ MEST Delete: post-delete root_hash=[e3, b0, c4, 42, 98, fc, 1c, 14]...
🔧 MEST Add: keyword='quantum', fid='tech_00000020'
🔧 MEST Add: proof size=157 bytes, root_hash=[f6, 6e, 4b, ad, af, bb, 13, d8]...
🗑️ MEST Delete: keyword='quantum', fid='tech_00000020' (key completely removed)
🗑️ MEST Delete: post-delete root_hash=[e3, b0, c4, 42, 98, fc, 1c, 14]...
🔧 MEST Add: keyword='quantum', fid='tech_00000044'
🔧 MEST Add: proof size=157 bytes, root_hash=[97, d2, b1, 60, 83, 21, 63, ae]...
🗑️ MEST Delete: keyword='quantum', fid='tech_00000044' (key completely removed)
🗑️ MEST Delete: post-delete root_hash=[e3, b0, c4, 42, 98, fc, 1c, 14]...
🔧 MEST Add: keyword='quantum', fid='tech_00000056'
🔧 MEST Add: proof size=157 bytes, root_hash=[68, d2, 8c, cc, b3, 0a, 4d, 75]...
🗑️ MEST Delete: keyword='quantum', fid='tech_00000056' (key completely removed)
🗑️ MEST Delete: post-delete root_hash=[e3, b0, c4, 42, 98, fc, 1c, 14]...
🔧 MEST Add: keyword='quantum', fid='tech_00000072'
🔧 MEST Add: proof size=157 bytes, root_hash=[27, 27, 3e, c5, e4, c3, 4f, e2]...
🗑️ MEST Delete: keyword='quantum', fid='tech_00000072' (key completely removed)
🗑️ MEST Delete: post-delete root_hash=[e3, b0, c4, 42, 98, fc, 1c, 14]...
🔧 MEST Add: keyword='quantum', fid='tech_00000127'
🔧 MEST Add: proof size=157 bytes, root_hash=[e8, cf, 5c, eb, ea, 80, 11, 76]...
🗑️ MEST Delete: keyword='quantum', fid='tech_00000127' (key completely removed)
🗑️ MEST Delete: post-delete root_hash=[e3, b0, c4, 42, 98, fc, 1c, 14]...
🔧 MEST Add: keyword='quantum', fid='tech_00000155'
🔧 MEST Add: proof size=157 bytes, root_hash=[9b, 33, 1b, 46, 52, 17, 18, e3]...
🔧 MEST Add: keyword='quantum', fid='tech_00000155'
🔧 MEST Add: proof size=157 bytes, root_hash=[9b, 33, 1b, 46, 52, 17, 18, e3]...
🗑️ MEST Delete: keyword='quantum', fid='tech_00000155' (key completely removed)
🗑️ MEST Delete: post-delete root_hash=[e3, b0, c4, 42, 98, fc, 1c, 14]...
🔧 MEST Add: keyword='quantum', fid='tech_00000169'
🔧 MEST Add: proof size=157 bytes, root_hash=[73, 03, 60, 8c, da, 03, 04, fe]...
🔧 MEST Add: keyword='quantum', fid='tech_00000169'
🔧 MEST Add: proof size=157 bytes, root_hash=[73, 03, 60, 8c, da, 03, 04, fe]...
🗑️ MEST Delete: keyword='quantum', fid='tech_00000169' (key completely removed)
🗑️ MEST Delete: post-delete root_hash=[e3, b0, c4, 42, 98, fc, 1c, 14]...
🔧 MEST Add: keyword='quantum', fid='tech_00000209'
🔧 MEST Add: proof size=157 bytes, root_hash=[e3, db, 6c, cb, a9, 48, e9, b2]...
🗑️ MEST Delete: keyword='quantum', fid='tech_00000209' (key completely removed)
🗑️ MEST Delete: post-delete root_hash=[e3, b0, c4, 42, 98, fc, 1c, 14]...
🔧 MEST Add: keyword='quantum', fid='tech_00000212'
🔧 MEST Add: proof size=157 bytes, root_hash=[3d, 91, a7, c9, e5, 01, f7, 01]...
🔧 MEST Add: keyword='quantum', fid='tech_00000212'
🔧 MEST Add: proof size=157 bytes, root_hash=[3d, 91, a7, c9, e5, 01, f7, 01]...
🗑️ MEST Delete: keyword='quantum', fid='tech_00000212' (key completely removed)
🗑️ MEST Delete: post-delete root_hash=[e3, b0, c4, 42, 98, fc, 1c, 14]...
🔧 MEST Add: keyword='quantum', fid='tech_00000319'
🔧 MEST Add: proof size=157 bytes, root_hash=[3a, 6b, 44, 26, af, b2, b9, 8f]...
🗑️ MEST Delete: keyword='quantum', fid='tech_00000319' (key completely removed)
🗑️ MEST Delete: post-delete root_hash=[e3, b0, c4, 42, 98, fc, 1c, 14]...
🔧 MEST Add: keyword='quantum', fid='tech_00000338'
🔧 MEST Add: proof size=157 bytes, root_hash=[69, fb, 66, 4e, 73, b7, 5d, d2]...
🗑️ MEST Delete: keyword='quantum', fid='tech_00000338' (key completely removed)
🗑️ MEST Delete: post-delete root_hash=[e3, b0, c4, 42, 98, fc, 1c, 14]...
🔧 MEST Add: keyword='quantum', fid='tech_00000364'
🔧 MEST Add: proof size=157 bytes, root_hash=[24, 0d, 08, 30, 71, 72, 50, a7]...
🗑️ MEST Delete: keyword='quantum', fid='tech_00000364' (key completely removed)
🗑️ MEST Delete: post-delete root_hash=[e3, b0, c4, 42, 98, fc, 1c, 14]...
🔧 MEST Add: keyword='quantum', fid='tech_00000550'
🔧 MEST Add: proof size=157 bytes, root_hash=[21, 09, 44, 1e, 49, 41, c1, f2]...
🗑️ MEST Delete: keyword='quantum', fid='tech_00000550' (key completely removed)
🗑️ MEST Delete: post-delete root_hash=[e3, b0, c4, 42, 98, fc, 1c, 14]...
🔧 MEST Add: keyword='quantum', fid='tech_00000692'
🔧 MEST Add: proof size=157 bytes, root_hash=[64, 75, 88, cf, 0c, b6, 4e, c9]...
🔧 MEST Add: keyword='quantum', fid='tech_00000692'
🔧 MEST Add: proof size=157 bytes, root_hash=[64, 75, 88, cf, 0c, b6, 4e, c9]...
🗑️ MEST Delete: keyword='quantum', fid='tech_00000692' (key completely removed)
🗑️ MEST Delete: post-delete root_hash=[e3, b0, c4, 42, 98, fc, 1c, 14]...
🔧 MEST Add: keyword='quantum', fid='tech_00000703'
🔧 MEST Add: proof size=157 bytes, root_hash=[dc, 0f, b6, 3c, 03, bb, 46, 06]...
🗑️ MEST Delete: keyword='quantum', fid='tech_00000703' (key completely removed)
🗑️ MEST Delete: post-delete root_hash=[e3, b0, c4, 42, 98, fc, 1c, 14]...
🔧 MEST Add: keyword='quantum', fid='tech_00000727'
🔧 MEST Add: proof size=157 bytes, root_hash=[57, 94, d1, be, df, 72, e5, 37]...
🗑️ MEST Delete: keyword='quantum', fid='tech_00000727' (key completely removed)
🗑️ MEST Delete: post-delete root_hash=[e3, b0, c4, 42, 98, fc, 1c, 14]...
🔧 MEST Add: keyword='quantum', fid='tech_00000851'
🔧 MEST Add: proof size=157 bytes, root_hash=[8e, b3, 9a, e7, e4, 77, ed, 1c]...
🗑️ MEST Delete: keyword='quantum', fid='tech_00000851' (key completely removed)
🗑️ MEST Delete: post-delete root_hash=[e3, b0, c4, 42, 98, fc, 1c, 14]...
🔧 MEST Add: keyword='quantum', fid='tech_00000863'
🔧 MEST Add: proof size=157 bytes, root_hash=[b3, 5a, f0, a9, f7, 6a, 90, 6d]...
🗑️ MEST Delete: keyword='quantum', fid='tech_00000863' (key completely removed)
🗑️ MEST Delete: post-delete root_hash=[e3, b0, c4, 42, 98, fc, 1c, 14]...
🔧 MEST Add: keyword='quantum', fid='tech_00000881'
🔧 MEST Add: proof size=157 bytes, root_hash=[9b, 0f, 7f, 82, eb, a4, 34, f1]...
🗑️ MEST Delete: keyword='quantum', fid='tech_00000881' (key completely removed)
🗑️ MEST Delete: post-delete root_hash=[e3, b0, c4, 42, 98, fc, 1c, 14]...
🔧 MEST Add: keyword='quantum', fid='tech_00000914'
🔧 MEST Add: proof size=157 bytes, root_hash=[b5, 6c, e2, 8d, ca, 53, 1b, a9]...
🗑️ MEST Delete: keyword='quantum', fid='tech_00000914' (key completely removed)
🗑️ MEST Delete: post-delete root_hash=[e3, b0, c4, 42, 98, fc, 1c, 14]...
🔧 MEST Add: keyword='quantum', fid='tech_00000915'
🔧 MEST Add: proof size=157 bytes, root_hash=[b0, 72, fe, 37, b2, 0e, f8, 29]...
🗑️ MEST Delete: keyword='quantum', fid='tech_00000915' (key completely removed)
🗑️ MEST Delete: post-delete root_hash=[e3, b0, c4, 42, 98, fc, 1c, 14]...
