warning: profiles for the non root package will be ignored, specify profiles at the workspace root:
package:   /root/distributed-storage-system/crates/storager/ads_lib/Cargo.toml
workspace: /root/distributed-storage-system/Cargo.toml
warning: value assigned to `is_change` is never read
   --> crates/storager/ads_lib/src/mpt/mpt.rs:256:21
    |
256 |             let mut is_change = false;
    |                     ^^^^^^^^^
    |
    = help: maybe it is overwritten before being read?
    = note: `#[warn(unused_assignments)]` on by default

warning: value assigned to `is_change` is never read
   --> crates/storager/ads_lib/src/mpt/mpt.rs:462:25
    |
462 |                 let mut is_change = false;
    |                         ^^^^^^^^^
    |
    = help: maybe it is overwritten before being read?

warning: unused variable: `had_value`
   --> crates/storager/ads_lib/src/mpt/mpt.rs:526:21
    |
526 |                 let had_value = !old_value_str.is_empty();
    |                     ^^^^^^^^^ help: if this is intentional, prefix it with an underscore: `_had_value`
    |
    = note: `#[warn(unused_variables)]` on by default

warning: associated functions `short_node_batch_fix` and `full_node_batch_fix` are never used
    --> crates/storager/ads_lib/src/mpt/mpt.rs:1743:8
     |
  50 | impl MPT {
     | -------- associated functions in this implementation
...
1743 |     fn short_node_batch_fix(node: Arc<RwLock<ShortNode>>) -> Result<(), MPTError> {
     |        ^^^^^^^^^^^^^^^^^^^^
...
1748 |     fn full_node_batch_fix(node: Arc<RwLock<FullNode>>) -> Result<(), MPTError> {
     |        ^^^^^^^^^^^^^^^^^^^
     |
     = note: `#[warn(dead_code)]` on by default

warning: function `hash_mgt_node` is never used
   --> crates/storager/ads_lib/src/mest/proof.rs:253:4
    |
253 | fn hash_mgt_node(children: &[[u8; 32]]) -> [u8; 32] {
    |    ^^^^^^^^^^^^^

warning: `ads_rust` (lib) generated 5 warnings
warning: unused variable: `acc_old`
   --> crates/common/src/verification.rs:721:13
    |
721 |         let acc_old = match G1Affine::deserialize_uncompressed(&proof[offset..offset + acc_old_len]) {
    |             ^^^^^^^ help: if this is intentional, prefix it with an underscore: `_acc_old`
    |
    = note: `#[warn(unused_variables)]` on by default

warning: `common` (lib) generated 1 warning
warning: unused imports: `Digest` and `Sha256`
   --> crates/storager/src/ads/acctrie_ads.rs:452:20
    |
452 |         use sha2::{Digest, Sha256};
    |                    ^^^^^^  ^^^^^^
    |
    = note: `#[warn(unused_imports)]` on by default

warning: `storager` (lib) generated 1 warning (run `cargo fix --lib -p storager` to apply 1 suggestion)
    Finished `release` profile [optimized] target(s) in 0.16s
     Running `target/release/storager 50130 mest`
🔧 MEST Add: keyword='experiment', fid='scie_00000008'
🔧 MEST Add: proof size=160 bytes, root_hash=[90, 6a, 98, 13, 6c, 32, 59, e9]...
🔧 MEST Add: keyword='experiment', fid='scie_00000008'
🔧 MEST Add: proof size=160 bytes, root_hash=[90, 6a, 98, 13, 6c, 32, 59, e9]...
🗑️ MEST Delete: keyword='experiment', fid='scie_00000008' (key completely removed)
🗑️ MEST Delete: post-delete root_hash=[e3, b0, c4, 42, 98, fc, 1c, 14]...
🔧 MEST Add: keyword='experiment', fid='scie_00000011'
🔧 MEST Add: proof size=160 bytes, root_hash=[4b, ab, 40, 6f, fc, 65, 37, a6]...
🗑️ MEST Delete: keyword='experiment', fid='scie_00000011' (key completely removed)
🗑️ MEST Delete: post-delete root_hash=[e3, b0, c4, 42, 98, fc, 1c, 14]...
🔧 MEST Add: keyword='patient', fid='heal_00000018'
🔧 MEST Add: proof size=157 bytes, root_hash=[2c, cd, 17, 74, bf, d7, 67, f3]...
🔧 MEST Add: keyword='patient', fid='heal_00000018'
🔧 MEST Add: proof size=157 bytes, root_hash=[2c, cd, 17, 74, bf, d7, 67, f3]...
🗑️ MEST Delete: keyword='patient', fid='heal_00000018' (key completely removed)
🗑️ MEST Delete: post-delete root_hash=[e3, b0, c4, 42, 98, fc, 1c, 14]...
🔧 MEST Add: keyword='decoration', fid='life_00000022'
🔧 MEST Add: proof size=160 bytes, root_hash=[bf, f7, 9a, 97, 97, 2d, a1, b1]...
🗑️ MEST Delete: keyword='decoration', fid='life_00000022' (key completely removed)
🗑️ MEST Delete: post-delete root_hash=[e3, b0, c4, 42, 98, fc, 1c, 14]...
🔧 MEST Add: keyword='decoration', fid='life_00000049'
🔧 MEST Add: proof size=160 bytes, root_hash=[d2, 38, bc, 39, a4, b4, 55, b4]...
🗑️ MEST Delete: keyword='decoration', fid='life_00000049' (key completely removed)
🗑️ MEST Delete: post-delete root_hash=[e3, b0, c4, 42, 98, fc, 1c, 14]...
🔧 MEST Add: keyword='patient', fid='heal_00000088'
🔧 MEST Add: proof size=157 bytes, root_hash=[35, f0, 19, c1, 69, 23, cf, aa]...
🔧 MEST Add: keyword='patient', fid='heal_00000088'
🔧 MEST Add: proof size=157 bytes, root_hash=[35, f0, 19, c1, 69, 23, cf, aa]...
🗑️ MEST Delete: keyword='patient', fid='heal_00000088' (key completely removed)
🗑️ MEST Delete: post-delete root_hash=[e3, b0, c4, 42, 98, fc, 1c, 14]...
🔧 MEST Add: keyword='decoration', fid='life_00000138'
🔧 MEST Add: proof size=160 bytes, root_hash=[92, 70, 9d, 13, eb, 30, e8, 00]...
🔧 MEST Add: keyword='decoration', fid='life_00000138'
🔧 MEST Add: proof size=160 bytes, root_hash=[92, 70, 9d, 13, eb, 30, e8, 00]...
🗑️ MEST Delete: keyword='decoration', fid='life_00000138' (key completely removed)
🗑️ MEST Delete: post-delete root_hash=[e3, b0, c4, 42, 98, fc, 1c, 14]...
🔧 MEST Add: keyword='patient', fid='heal_00000172'
🔧 MEST Add: proof size=157 bytes, root_hash=[5c, df, e2, df, 93, d4, 0d, b1]...
🔧 MEST Add: keyword='patient', fid='heal_00000172'
🔧 MEST Add: proof size=157 bytes, root_hash=[5c, df, e2, df, 93, d4, 0d, b1]...
🗑️ MEST Delete: keyword='patient', fid='heal_00000172' (key completely removed)
🗑️ MEST Delete: post-delete root_hash=[e3, b0, c4, 42, 98, fc, 1c, 14]...
🔧 MEST Add: keyword='patient', fid='heal_00000195'
🔧 MEST Add: proof size=157 bytes, root_hash=[8a, 1f, e4, cf, 24, 7d, bf, 96]...
🗑️ MEST Delete: keyword='patient', fid='heal_00000195' (key completely removed)
🗑️ MEST Delete: post-delete root_hash=[e3, b0, c4, 42, 98, fc, 1c, 14]...
🔧 MEST Add: keyword='patient', fid='heal_00000198'
🔧 MEST Add: proof size=157 bytes, root_hash=[e7, de, 1e, 7b, 94, 31, be, 46]...
🗑️ MEST Delete: keyword='patient', fid='heal_00000198' (key completely removed)
🗑️ MEST Delete: post-delete root_hash=[e3, b0, c4, 42, 98, fc, 1c, 14]...
🔧 MEST Add: keyword='experiment', fid='scie_00000201'
🔧 MEST Add: proof size=160 bytes, root_hash=[d6, 26, 7b, 2a, b6, 2a, 2c, 7b]...
🗑️ MEST Delete: keyword='experiment', fid='scie_00000201' (key completely removed)
🗑️ MEST Delete: post-delete root_hash=[e3, b0, c4, 42, 98, fc, 1c, 14]...
🔧 MEST Add: keyword='patient', fid='heal_00000223'
🔧 MEST Add: proof size=157 bytes, root_hash=[6d, 2c, 06, 24, ca, a9, f2, a1]...
🗑️ MEST Delete: keyword='patient', fid='heal_00000223' (key completely removed)
🗑️ MEST Delete: post-delete root_hash=[e3, b0, c4, 42, 98, fc, 1c, 14]...
🔧 MEST Add: keyword='patient', fid='heal_00000225'
🔧 MEST Add: proof size=157 bytes, root_hash=[2e, da, 3a, 38, be, 76, 0b, 24]...
🔧 MEST Add: keyword='patient', fid='heal_00000225'
🔧 MEST Add: proof size=157 bytes, root_hash=[2e, da, 3a, 38, be, 76, 0b, 24]...
🗑️ MEST Delete: keyword='patient', fid='heal_00000225' (key completely removed)
🗑️ MEST Delete: post-delete root_hash=[e3, b0, c4, 42, 98, fc, 1c, 14]...
🔧 MEST Add: keyword='experiment', fid='scie_00000250'
🔧 MEST Add: proof size=160 bytes, root_hash=[8c, 3f, c7, 62, 68, b2, d9, 7c]...
🔧 MEST Add: keyword='experiment', fid='scie_00000250'
🔧 MEST Add: proof size=160 bytes, root_hash=[8c, 3f, c7, 62, 68, b2, d9, 7c]...
🗑️ MEST Delete: keyword='experiment', fid='scie_00000250' (key completely removed)
🗑️ MEST Delete: post-delete root_hash=[e3, b0, c4, 42, 98, fc, 1c, 14]...
🔧 MEST Add: keyword='experiment', fid='scie_00000256'
🔧 MEST Add: proof size=160 bytes, root_hash=[41, 87, 60, 08, 21, 0d, ab, ce]...
🗑️ MEST Delete: keyword='experiment', fid='scie_00000256' (key completely removed)
🗑️ MEST Delete: post-delete root_hash=[e3, b0, c4, 42, 98, fc, 1c, 14]...
🔧 MEST Add: keyword='decoration', fid='life_00000268'
🔧 MEST Add: proof size=160 bytes, root_hash=[a2, 74, 6f, c6, 18, 9d, a8, 36]...
🗑️ MEST Delete: keyword='decoration', fid='life_00000268' (key completely removed)
🗑️ MEST Delete: post-delete root_hash=[e3, b0, c4, 42, 98, fc, 1c, 14]...
🔧 MEST Add: keyword='experiment', fid='scie_00000281'
🔧 MEST Add: proof size=160 bytes, root_hash=[a8, 80, 51, 93, 6b, 7d, a4, 7e]...
🗑️ MEST Delete: keyword='experiment', fid='scie_00000281' (key completely removed)
🗑️ MEST Delete: post-delete root_hash=[e3, b0, c4, 42, 98, fc, 1c, 14]...
🔧 MEST Add: keyword='decoration', fid='life_00000310'
🔧 MEST Add: proof size=160 bytes, root_hash=[ef, 66, f7, c4, 19, 71, 76, 8d]...
🔧 MEST Add: keyword='decoration', fid='life_00000310'
🔧 MEST Add: proof size=160 bytes, root_hash=[ef, 66, f7, c4, 19, 71, 76, 8d]...
🗑️ MEST Delete: keyword='decoration', fid='life_00000310' (key completely removed)
🗑️ MEST Delete: post-delete root_hash=[e3, b0, c4, 42, 98, fc, 1c, 14]...
🔧 MEST Add: keyword='decoration', fid='life_00000334'
🔧 MEST Add: proof size=160 bytes, root_hash=[fe, 0d, 3b, 4e, 63, da, 27, 1d]...
🗑️ MEST Delete: keyword='decoration', fid='life_00000334' (key completely removed)
🗑️ MEST Delete: post-delete root_hash=[e3, b0, c4, 42, 98, fc, 1c, 14]...
🔧 MEST Add: keyword='decoration', fid='life_00000335'
🔧 MEST Add: proof size=160 bytes, root_hash=[53, e4, 70, 97, db, 76, 59, 4c]...
🔧 MEST Add: keyword='decoration', fid='life_00000335'
🔧 MEST Add: proof size=160 bytes, root_hash=[53, e4, 70, 97, db, 76, 59, 4c]...
🗑️ MEST Delete: keyword='decoration', fid='life_00000335' (key completely removed)
🗑️ MEST Delete: post-delete root_hash=[e3, b0, c4, 42, 98, fc, 1c, 14]...
🔧 MEST Add: keyword='decoration', fid='life_00000382'
🔧 MEST Add: proof size=160 bytes, root_hash=[35, 64, aa, bc, d8, 18, 63, 87]...
🗑️ MEST Delete: keyword='decoration', fid='life_00000382' (key completely removed)
🗑️ MEST Delete: post-delete root_hash=[e3, b0, c4, 42, 98, fc, 1c, 14]...
🔧 MEST Add: keyword='patient', fid='heal_00000392'
🔧 MEST Add: proof size=157 bytes, root_hash=[56, d9, 2a, 73, 2d, 8d, a0, c2]...
🔧 MEST Add: keyword='patient', fid='heal_00000392'
🔧 MEST Add: proof size=157 bytes, root_hash=[56, d9, 2a, 73, 2d, 8d, a0, c2]...
🗑️ MEST Delete: keyword='patient', fid='heal_00000392' (key completely removed)
🗑️ MEST Delete: post-delete root_hash=[e3, b0, c4, 42, 98, fc, 1c, 14]...
🔧 MEST Add: keyword='patient', fid='heal_00000394'
🔧 MEST Add: proof size=157 bytes, root_hash=[76, 05, 46, 20, a2, ba, 97, 3e]...
🔧 MEST Add: keyword='patient', fid='heal_00000394'
🔧 MEST Add: proof size=157 bytes, root_hash=[76, 05, 46, 20, a2, ba, 97, 3e]...
🗑️ MEST Delete: keyword='patient', fid='heal_00000394' (key completely removed)
🗑️ MEST Delete: post-delete root_hash=[e3, b0, c4, 42, 98, fc, 1c, 14]...
🔧 MEST Add: keyword='patient', fid='heal_00000455'
🔧 MEST Add: proof size=157 bytes, root_hash=[bd, fa, f8, 1d, 3a, e7, d5, b4]...
🔧 MEST Add: keyword='patient', fid='heal_00000455'
🔧 MEST Add: proof size=157 bytes, root_hash=[bd, fa, f8, 1d, 3a, e7, d5, b4]...
🗑️ MEST Delete: keyword='patient', fid='heal_00000455' (key completely removed)
🗑️ MEST Delete: post-delete root_hash=[e3, b0, c4, 42, 98, fc, 1c, 14]...
🔧 MEST Add: keyword='patient', fid='heal_00000467'
🔧 MEST Add: proof size=157 bytes, root_hash=[84, 4d, 83, 8e, 1a, f4, 26, 9c]...
🔧 MEST Add: keyword='patient', fid='heal_00000467'
🔧 MEST Add: proof size=157 bytes, root_hash=[84, 4d, 83, 8e, 1a, f4, 26, 9c]...
🗑️ MEST Delete: keyword='patient', fid='heal_00000467' (key completely removed)
🗑️ MEST Delete: post-delete root_hash=[e3, b0, c4, 42, 98, fc, 1c, 14]...
🔧 MEST Add: keyword='experiment', fid='scie_00000477'
🔧 MEST Add: proof size=160 bytes, root_hash=[01, 06, 73, 3c, 8e, 06, e9, e5]...
🗑️ MEST Delete: keyword='experiment', fid='scie_00000477' (key completely removed)
🗑️ MEST Delete: post-delete root_hash=[e3, b0, c4, 42, 98, fc, 1c, 14]...
🔧 MEST Add: keyword='decoration', fid='life_00000530'
🔧 MEST Add: proof size=160 bytes, root_hash=[bb, 5b, 1b, 1d, d4, 70, d8, ab]...
🗑️ MEST Delete: keyword='decoration', fid='life_00000530' (key completely removed)
🗑️ MEST Delete: post-delete root_hash=[e3, b0, c4, 42, 98, fc, 1c, 14]...
🔧 MEST Add: keyword='decoration', fid='life_00000537'
🔧 MEST Add: proof size=160 bytes, root_hash=[24, 22, 49, c5, 08, a7, 8c, 33]...
🗑️ MEST Delete: keyword='decoration', fid='life_00000537' (key completely removed)
🗑️ MEST Delete: post-delete root_hash=[e3, b0, c4, 42, 98, fc, 1c, 14]...
🔧 MEST Add: keyword='experiment', fid='scie_00000542'
🔧 MEST Add: proof size=160 bytes, root_hash=[98, b6, a2, 1a, 9e, 5b, b2, 41]...
🔧 MEST Add: keyword='experiment', fid='scie_00000542'
🔧 MEST Add: proof size=160 bytes, root_hash=[98, b6, a2, 1a, 9e, 5b, b2, 41]...
🗑️ MEST Delete: keyword='experiment', fid='scie_00000542' (key completely removed)
🗑️ MEST Delete: post-delete root_hash=[e3, b0, c4, 42, 98, fc, 1c, 14]...
🔧 MEST Add: keyword='experiment', fid='scie_00000543'
🔧 MEST Add: proof size=160 bytes, root_hash=[e9, d0, 61, ee, b6, d6, ea, 04]...
🗑️ MEST Delete: keyword='experiment', fid='scie_00000543' (key completely removed)
🗑️ MEST Delete: post-delete root_hash=[e3, b0, c4, 42, 98, fc, 1c, 14]...
🔧 MEST Add: keyword='experiment', fid='scie_00000549'
🔧 MEST Add: proof size=160 bytes, root_hash=[19, a6, be, 05, 11, 1e, d5, c7]...
🔧 MEST Add: keyword='experiment', fid='scie_00000549'
🔧 MEST Add: proof size=160 bytes, root_hash=[19, a6, be, 05, 11, 1e, d5, c7]...
🗑️ MEST Delete: keyword='experiment', fid='scie_00000549' (key completely removed)
🗑️ MEST Delete: post-delete root_hash=[e3, b0, c4, 42, 98, fc, 1c, 14]...
🔧 MEST Add: keyword='experiment', fid='scie_00000555'
🔧 MEST Add: proof size=160 bytes, root_hash=[20, 4c, 43, d7, 36, a3, 99, 01]...
🔧 MEST Add: keyword='experiment', fid='scie_00000555'
🔧 MEST Add: proof size=160 bytes, root_hash=[20, 4c, 43, d7, 36, a3, 99, 01]...
🗑️ MEST Delete: keyword='experiment', fid='scie_00000555' (key completely removed)
🗑️ MEST Delete: post-delete root_hash=[e3, b0, c4, 42, 98, fc, 1c, 14]...
🔧 MEST Add: keyword='patient', fid='heal_00000586'
🔧 MEST Add: proof size=157 bytes, root_hash=[41, a2, 4e, d9, 96, f3, 04, 7d]...
🔧 MEST Add: keyword='patient', fid='heal_00000586'
🔧 MEST Add: proof size=157 bytes, root_hash=[41, a2, 4e, d9, 96, f3, 04, 7d]...
🗑️ MEST Delete: keyword='patient', fid='heal_00000586' (key completely removed)
🗑️ MEST Delete: post-delete root_hash=[e3, b0, c4, 42, 98, fc, 1c, 14]...
🔧 MEST Add: keyword='decoration', fid='life_00000595'
🔧 MEST Add: proof size=160 bytes, root_hash=[4c, 5e, ae, e7, 5a, e1, c2, 03]...
🔧 MEST Add: keyword='decoration', fid='life_00000595'
🔧 MEST Add: proof size=160 bytes, root_hash=[4c, 5e, ae, e7, 5a, e1, c2, 03]...
🗑️ MEST Delete: keyword='decoration', fid='life_00000595' (key completely removed)
🗑️ MEST Delete: post-delete root_hash=[e3, b0, c4, 42, 98, fc, 1c, 14]...
🔧 MEST Add: keyword='patient', fid='heal_00000609'
🔧 MEST Add: proof size=157 bytes, root_hash=[55, 12, cd, 1d, d6, cb, 9c, 5d]...
🔧 MEST Add: keyword='patient', fid='heal_00000609'
🔧 MEST Add: proof size=157 bytes, root_hash=[55, 12, cd, 1d, d6, cb, 9c, 5d]...
🗑️ MEST Delete: keyword='patient', fid='heal_00000609' (key completely removed)
🗑️ MEST Delete: post-delete root_hash=[e3, b0, c4, 42, 98, fc, 1c, 14]...
🔧 MEST Add: keyword='experiment', fid='scie_00000610'
🔧 MEST Add: proof size=160 bytes, root_hash=[61, b3, 16, 5c, c0, 1c, d7, e5]...
🗑️ MEST Delete: keyword='experiment', fid='scie_00000610' (key completely removed)
🗑️ MEST Delete: post-delete root_hash=[e3, b0, c4, 42, 98, fc, 1c, 14]...
🔧 MEST Add: keyword='patient', fid='heal_00000612'
🔧 MEST Add: proof size=157 bytes, root_hash=[16, 54, be, 87, 3d, 6d, 06, 3a]...
🗑️ MEST Delete: keyword='patient', fid='heal_00000612' (key completely removed)
🗑️ MEST Delete: post-delete root_hash=[e3, b0, c4, 42, 98, fc, 1c, 14]...
🔧 MEST Add: keyword='patient', fid='heal_00000619'
🔧 MEST Add: proof size=157 bytes, root_hash=[4f, 26, 16, a8, 78, ff, 02, fd]...
🔧 MEST Add: keyword='patient', fid='heal_00000619'
🔧 MEST Add: proof size=157 bytes, root_hash=[4f, 26, 16, a8, 78, ff, 02, fd]...
🗑️ MEST Delete: keyword='patient', fid='heal_00000619' (key completely removed)
🗑️ MEST Delete: post-delete root_hash=[e3, b0, c4, 42, 98, fc, 1c, 14]...
🔧 MEST Add: keyword='experiment', fid='scie_00000684'
🔧 MEST Add: proof size=160 bytes, root_hash=[9a, 87, a5, ae, 00, 51, 64, 54]...
🔧 MEST Add: keyword='experiment', fid='scie_00000684'
🔧 MEST Add: proof size=160 bytes, root_hash=[9a, 87, a5, ae, 00, 51, 64, 54]...
🗑️ MEST Delete: keyword='experiment', fid='scie_00000684' (key completely removed)
🗑️ MEST Delete: post-delete root_hash=[e3, b0, c4, 42, 98, fc, 1c, 14]...
🔧 MEST Add: keyword='patient', fid='heal_00000688'
🔧 MEST Add: proof size=157 bytes, root_hash=[46, 78, 4c, 2a, 5e, 56, 1f, 63]...
🗑️ MEST Delete: keyword='patient', fid='heal_00000688' (key completely removed)
🗑️ MEST Delete: post-delete root_hash=[e3, b0, c4, 42, 98, fc, 1c, 14]...
🔧 MEST Add: keyword='patient', fid='heal_00000690'
🔧 MEST Add: proof size=157 bytes, root_hash=[1e, 3e, 59, 1f, fb, 0b, 81, 17]...
🔧 MEST Add: keyword='patient', fid='heal_00000690'
🔧 MEST Add: proof size=157 bytes, root_hash=[1e, 3e, 59, 1f, fb, 0b, 81, 17]...
🗑️ MEST Delete: keyword='patient', fid='heal_00000690' (key completely removed)
🗑️ MEST Delete: post-delete root_hash=[e3, b0, c4, 42, 98, fc, 1c, 14]...
🔧 MEST Add: keyword='experiment', fid='scie_00000722'
🔧 MEST Add: proof size=160 bytes, root_hash=[f6, 9c, ec, e9, ca, 0c, 78, cc]...
🔧 MEST Add: keyword='experiment', fid='scie_00000722'
🔧 MEST Add: proof size=160 bytes, root_hash=[f6, 9c, ec, e9, ca, 0c, 78, cc]...
🗑️ MEST Delete: keyword='experiment', fid='scie_00000722' (key completely removed)
🗑️ MEST Delete: post-delete root_hash=[e3, b0, c4, 42, 98, fc, 1c, 14]...
🔧 MEST Add: keyword='decoration', fid='life_00000736'
🔧 MEST Add: proof size=160 bytes, root_hash=[02, d1, 74, ae, c5, 38, cd, 8d]...
🗑️ MEST Delete: keyword='decoration', fid='life_00000736' (key completely removed)
🗑️ MEST Delete: post-delete root_hash=[e3, b0, c4, 42, 98, fc, 1c, 14]...
🔧 MEST Add: keyword='decoration', fid='life_00000742'
🔧 MEST Add: proof size=160 bytes, root_hash=[41, 57, 80, c0, 08, 73, 74, 72]...
🗑️ MEST Delete: keyword='decoration', fid='life_00000742' (key completely removed)
🗑️ MEST Delete: post-delete root_hash=[e3, b0, c4, 42, 98, fc, 1c, 14]...
🔧 MEST Add: keyword='decoration', fid='life_00000765'
🔧 MEST Add: proof size=160 bytes, root_hash=[da, 15, a1, 5c, e7, 1a, 55, 95]...
🗑️ MEST Delete: keyword='decoration', fid='life_00000765' (key completely removed)
🗑️ MEST Delete: post-delete root_hash=[e3, b0, c4, 42, 98, fc, 1c, 14]...
🔧 MEST Add: keyword='patient', fid='heal_00000775'
🔧 MEST Add: proof size=157 bytes, root_hash=[cc, db, 42, 60, e9, e5, 6d, c8]...
🗑️ MEST Delete: keyword='patient', fid='heal_00000775' (key completely removed)
🗑️ MEST Delete: post-delete root_hash=[e3, b0, c4, 42, 98, fc, 1c, 14]...
🔧 MEST Add: keyword='patient', fid='heal_00000786'
🔧 MEST Add: proof size=157 bytes, root_hash=[ee, c0, b9, b8, 02, 38, 49, 9d]...
🔧 MEST Add: keyword='patient', fid='heal_00000786'
🔧 MEST Add: proof size=157 bytes, root_hash=[ee, c0, b9, b8, 02, 38, 49, 9d]...
🗑️ MEST Delete: keyword='patient', fid='heal_00000786' (key completely removed)
🗑️ MEST Delete: post-delete root_hash=[e3, b0, c4, 42, 98, fc, 1c, 14]...
🔧 MEST Add: keyword='decoration', fid='life_00000797'
🔧 MEST Add: proof size=160 bytes, root_hash=[cb, a5, e6, 52, c4, 52, 0a, 3b]...
🗑️ MEST Delete: keyword='decoration', fid='life_00000797' (key completely removed)
🗑️ MEST Delete: post-delete root_hash=[e3, b0, c4, 42, 98, fc, 1c, 14]...
🔧 MEST Add: keyword='experiment', fid='scie_00000801'
🔧 MEST Add: proof size=160 bytes, root_hash=[87, 9f, 91, 01, da, 6e, 54, 15]...
🗑️ MEST Delete: keyword='experiment', fid='scie_00000801' (key completely removed)
🗑️ MEST Delete: post-delete root_hash=[e3, b0, c4, 42, 98, fc, 1c, 14]...
🔧 MEST Add: keyword='patient', fid='heal_00000840'
🔧 MEST Add: proof size=157 bytes, root_hash=[ae, de, cf, e4, fe, 69, 7b, 24]...
🔧 MEST Add: keyword='patient', fid='heal_00000840'
🔧 MEST Add: proof size=157 bytes, root_hash=[ae, de, cf, e4, fe, 69, 7b, 24]...
🗑️ MEST Delete: keyword='patient', fid='heal_00000840' (key completely removed)
🗑️ MEST Delete: post-delete root_hash=[e3, b0, c4, 42, 98, fc, 1c, 14]...
🔧 MEST Add: keyword='patient', fid='heal_00000917'
🔧 MEST Add: proof size=157 bytes, root_hash=[d5, 0d, de, de, d4, 0a, e0, d3]...
🗑️ MEST Delete: keyword='patient', fid='heal_00000917' (key completely removed)
🗑️ MEST Delete: post-delete root_hash=[e3, b0, c4, 42, 98, fc, 1c, 14]...
🔧 MEST Add: keyword='decoration', fid='life_00000941'
🔧 MEST Add: proof size=160 bytes, root_hash=[94, 53, d3, 0b, 28, 3c, 37, ee]...
🔧 MEST Add: keyword='decoration', fid='life_00000941'
🔧 MEST Add: proof size=160 bytes, root_hash=[94, 53, d3, 0b, 28, 3c, 37, ee]...
🗑️ MEST Delete: keyword='decoration', fid='life_00000941' (key completely removed)
🗑️ MEST Delete: post-delete root_hash=[e3, b0, c4, 42, 98, fc, 1c, 14]...
🔧 MEST Add: keyword='experiment', fid='scie_00000953'
🔧 MEST Add: proof size=160 bytes, root_hash=[b5, 6b, f8, d8, 67, 43, 35, 4f]...
🔧 MEST Add: keyword='experiment', fid='scie_00000953'
🔧 MEST Add: proof size=160 bytes, root_hash=[b5, 6b, f8, d8, 67, 43, 35, 4f]...
🗑️ MEST Delete: keyword='experiment', fid='scie_00000953' (key completely removed)
🗑️ MEST Delete: post-delete root_hash=[e3, b0, c4, 42, 98, fc, 1c, 14]...
🔧 MEST Add: keyword='decoration', fid='life_00000957'
🔧 MEST Add: proof size=160 bytes, root_hash=[a3, bf, b6, 38, 3d, 29, 79, 39]...
🔧 MEST Add: keyword='decoration', fid='life_00000957'
🔧 MEST Add: proof size=160 bytes, root_hash=[a3, bf, b6, 38, 3d, 29, 79, 39]...
🗑️ MEST Delete: keyword='decoration', fid='life_00000957' (key completely removed)
🗑️ MEST Delete: post-delete root_hash=[e3, b0, c4, 42, 98, fc, 1c, 14]...
🔧 MEST Add: keyword='experiment', fid='scie_00000983'
🔧 MEST Add: proof size=160 bytes, root_hash=[21, 01, 4d, 37, a9, 06, 72, fe]...
🔧 MEST Add: keyword='experiment', fid='scie_00000983'
🔧 MEST Add: proof size=160 bytes, root_hash=[21, 01, 4d, 37, a9, 06, 72, fe]...
🗑️ MEST Delete: keyword='experiment', fid='scie_00000983' (key completely removed)
🗑️ MEST Delete: post-delete root_hash=[e3, b0, c4, 42, 98, fc, 1c, 14]...
