warning: profiles for the non root package will be ignored, specify profiles at the workspace root:
package:   /root/distributed-storage-system/crates/storager/ads_lib/Cargo.toml
workspace: /root/distributed-storage-system/Cargo.toml
warning: value assigned to `is_change` is never read
   --> crates/storager/ads_lib/src/mpt/mpt.rs:256:21
    |
256 |             let mut is_change = false;
    |                     ^^^^^^^^^
    |
    = help: maybe it is overwritten before being read?
    = note: `#[warn(unused_assignments)]` on by default

warning: value assigned to `is_change` is never read
   --> crates/storager/ads_lib/src/mpt/mpt.rs:462:25
    |
462 |                 let mut is_change = false;
    |                         ^^^^^^^^^
    |
    = help: maybe it is overwritten before being read?

warning: unused variable: `had_value`
   --> crates/storager/ads_lib/src/mpt/mpt.rs:526:21
    |
526 |                 let had_value = !old_value_str.is_empty();
    |                     ^^^^^^^^^ help: if this is intentional, prefix it with an underscore: `_had_value`
    |
    = note: `#[warn(unused_variables)]` on by default

warning: associated functions `short_node_batch_fix` and `full_node_batch_fix` are never used
    --> crates/storager/ads_lib/src/mpt/mpt.rs:1743:8
     |
  50 | impl MPT {
     | -------- associated functions in this implementation
...
1743 |     fn short_node_batch_fix(node: Arc<RwLock<ShortNode>>) -> Result<(), MPTError> {
     |        ^^^^^^^^^^^^^^^^^^^^
...
1748 |     fn full_node_batch_fix(node: Arc<RwLock<FullNode>>) -> Result<(), MPTError> {
     |        ^^^^^^^^^^^^^^^^^^^
     |
     = note: `#[warn(dead_code)]` on by default

warning: function `hash_mgt_node` is never used
   --> crates/storager/ads_lib/src/mest/proof.rs:253:4
    |
253 | fn hash_mgt_node(children: &[[u8; 32]]) -> [u8; 32] {
    |    ^^^^^^^^^^^^^

warning: `ads_rust` (lib) generated 5 warnings
warning: unused variable: `acc_old`
   --> crates/common/src/verification.rs:721:13
    |
721 |         let acc_old = match G1Affine::deserialize_uncompressed(&proof[offset..offset + acc_old_len]) {
    |             ^^^^^^^ help: if this is intentional, prefix it with an underscore: `_acc_old`
    |
    = note: `#[warn(unused_variables)]` on by default

warning: `common` (lib) generated 1 warning
warning: unused imports: `Digest` and `Sha256`
   --> crates/storager/src/ads/acctrie_ads.rs:452:20
    |
452 |         use sha2::{Digest, Sha256};
    |                    ^^^^^^  ^^^^^^
    |
    = note: `#[warn(unused_imports)]` on by default

warning: `storager` (lib) generated 1 warning (run `cargo fix --lib -p storager` to apply 1 suggestion)
    Finished `release` profile [optimized] target(s) in 0.15s
     Running `target/release/storager 50128 mest`
🔧 MEST Add: keyword='style', fid='life_00000292'
🔧 MEST Add: proof size=155 bytes, root_hash=[0d, fe, b3, 39, ce, 42, 49, a6]...
🗑️ MEST Delete: keyword='style', fid='life_00000292' (key completely removed)
🗑️ MEST Delete: post-delete root_hash=[e3, b0, c4, 42, 98, fc, 1c, 14]...
🔧 MEST Add: keyword='style', fid='life_00000310'
🔧 MEST Add: proof size=155 bytes, root_hash=[ef, 66, f7, c4, 19, 71, 76, 8d]...
🗑️ MEST Delete: keyword='style', fid='life_00000310' (key completely removed)
🗑️ MEST Delete: post-delete root_hash=[e3, b0, c4, 42, 98, fc, 1c, 14]...
🔧 MEST Add: keyword='style', fid='life_00000354'
🔧 MEST Add: proof size=155 bytes, root_hash=[2a, 80, e9, 5f, 0a, a3, 9b, ae]...
🗑️ MEST Delete: keyword='style', fid='life_00000354' (key completely removed)
🗑️ MEST Delete: post-delete root_hash=[e3, b0, c4, 42, 98, fc, 1c, 14]...
🔧 MEST Add: keyword='style', fid='life_00000429'
🔧 MEST Add: proof size=155 bytes, root_hash=[0c, 05, bb, 86, 92, 74, eb, 1a]...
🔧 MEST Add: keyword='style', fid='life_00000429'
🔧 MEST Add: proof size=155 bytes, root_hash=[0c, 05, bb, 86, 92, 74, eb, 1a]...
🗑️ MEST Delete: keyword='style', fid='life_00000429' (key completely removed)
🗑️ MEST Delete: post-delete root_hash=[e3, b0, c4, 42, 98, fc, 1c, 14]...
🔧 MEST Add: keyword='style', fid='life_00000447'
🔧 MEST Add: proof size=155 bytes, root_hash=[45, 22, bb, 5b, cc, bc, 56, b3]...
🗑️ MEST Delete: keyword='style', fid='life_00000447' (key completely removed)
🗑️ MEST Delete: post-delete root_hash=[e3, b0, c4, 42, 98, fc, 1c, 14]...
🔧 MEST Add: keyword='style', fid='life_00000466'
🔧 MEST Add: proof size=155 bytes, root_hash=[20, ab, 91, 1e, 8a, ae, 0b, 64]...
🗑️ MEST Delete: keyword='style', fid='life_00000466' (key completely removed)
🗑️ MEST Delete: post-delete root_hash=[e3, b0, c4, 42, 98, fc, 1c, 14]...
🔧 MEST Add: keyword='style', fid='life_00000514'
🔧 MEST Add: proof size=155 bytes, root_hash=[43, d1, d5, 80, 65, 43, 37, 37]...
🗑️ MEST Delete: keyword='style', fid='life_00000514' (key completely removed)
🗑️ MEST Delete: post-delete root_hash=[e3, b0, c4, 42, 98, fc, 1c, 14]...
🔧 MEST Add: keyword='style', fid='life_00000582'
🔧 MEST Add: proof size=155 bytes, root_hash=[05, 73, 50, c5, f0, d0, ab, 7f]...
🔧 MEST Add: keyword='style', fid='life_00000582'
🔧 MEST Add: proof size=155 bytes, root_hash=[05, 73, 50, c5, f0, d0, ab, 7f]...
🗑️ MEST Delete: keyword='style', fid='life_00000582' (key completely removed)
🗑️ MEST Delete: post-delete root_hash=[e3, b0, c4, 42, 98, fc, 1c, 14]...
🔧 MEST Add: keyword='style', fid='life_00000736'
🔧 MEST Add: proof size=155 bytes, root_hash=[02, d1, 74, ae, c5, 38, cd, 8d]...
🗑️ MEST Delete: keyword='style', fid='life_00000736' (key completely removed)
🗑️ MEST Delete: post-delete root_hash=[e3, b0, c4, 42, 98, fc, 1c, 14]...
🔧 MEST Add: keyword='style', fid='life_00000797'
🔧 MEST Add: proof size=155 bytes, root_hash=[cb, a5, e6, 52, c4, 52, 0a, 3b]...
🔧 MEST Add: keyword='style', fid='life_00000797'
🔧 MEST Add: proof size=155 bytes, root_hash=[cb, a5, e6, 52, c4, 52, 0a, 3b]...
🗑️ MEST Delete: keyword='style', fid='life_00000797' (key completely removed)
🗑️ MEST Delete: post-delete root_hash=[e3, b0, c4, 42, 98, fc, 1c, 14]...
🔧 MEST Add: keyword='style', fid='life_00000873'
🔧 MEST Add: proof size=155 bytes, root_hash=[e9, bd, 6c, ed, 6c, 2c, d1, 7a]...
🔧 MEST Add: keyword='style', fid='life_00000873'
🔧 MEST Add: proof size=155 bytes, root_hash=[e9, bd, 6c, ed, 6c, 2c, d1, 7a]...
🗑️ MEST Delete: keyword='style', fid='life_00000873' (key completely removed)
🗑️ MEST Delete: post-delete root_hash=[e3, b0, c4, 42, 98, fc, 1c, 14]...
🔧 MEST Add: keyword='style', fid='life_00000941'
🔧 MEST Add: proof size=155 bytes, root_hash=[94, 53, d3, 0b, 28, 3c, 37, ee]...
🗑️ MEST Delete: keyword='style', fid='life_00000941' (key completely removed)
🗑️ MEST Delete: post-delete root_hash=[e3, b0, c4, 42, 98, fc, 1c, 14]...
🔧 MEST Add: keyword='style', fid='life_00000976'
🔧 MEST Add: proof size=155 bytes, root_hash=[71, 4e, bd, 95, 9c, 3e, 63, 90]...
🔧 MEST Add: keyword='style', fid='life_00000976'
🔧 MEST Add: proof size=155 bytes, root_hash=[71, 4e, bd, 95, 9c, 3e, 63, 90]...
🗑️ MEST Delete: keyword='style', fid='life_00000976' (key completely removed)
🗑️ MEST Delete: post-delete root_hash=[e3, b0, c4, 42, 98, fc, 1c, 14]...
