warning: profiles for the non root package will be ignored, specify profiles at the workspace root:
package:   /root/distributed-storage-system/crates/storager/ads_lib/Cargo.toml
workspace: /root/distributed-storage-system/Cargo.toml
warning: value assigned to `is_change` is never read
   --> crates/storager/ads_lib/src/mpt/mpt.rs:256:21
    |
256 |             let mut is_change = false;
    |                     ^^^^^^^^^
    |
    = help: maybe it is overwritten before being read?
    = note: `#[warn(unused_assignments)]` on by default

warning: value assigned to `is_change` is never read
   --> crates/storager/ads_lib/src/mpt/mpt.rs:462:25
    |
462 |                 let mut is_change = false;
    |                         ^^^^^^^^^
    |
    = help: maybe it is overwritten before being read?

warning: unused variable: `had_value`
   --> crates/storager/ads_lib/src/mpt/mpt.rs:526:21
    |
526 |                 let had_value = !old_value_str.is_empty();
    |                     ^^^^^^^^^ help: if this is intentional, prefix it with an underscore: `_had_value`
    |
    = note: `#[warn(unused_variables)]` on by default

warning: associated functions `short_node_batch_fix` and `full_node_batch_fix` are never used
    --> crates/storager/ads_lib/src/mpt/mpt.rs:1743:8
     |
  50 | impl MPT {
     | -------- associated functions in this implementation
...
1743 |     fn short_node_batch_fix(node: Arc<RwLock<ShortNode>>) -> Result<(), MPTError> {
     |        ^^^^^^^^^^^^^^^^^^^^
...
1748 |     fn full_node_batch_fix(node: Arc<RwLock<FullNode>>) -> Result<(), MPTError> {
     |        ^^^^^^^^^^^^^^^^^^^
     |
     = note: `#[warn(dead_code)]` on by default

warning: function `hash_mgt_node` is never used
   --> crates/storager/ads_lib/src/mest/proof.rs:253:4
    |
253 | fn hash_mgt_node(children: &[[u8; 32]]) -> [u8; 32] {
    |    ^^^^^^^^^^^^^

warning: `ads_rust` (lib) generated 5 warnings
warning: unused variable: `acc_old`
   --> crates/common/src/verification.rs:721:13
    |
721 |         let acc_old = match G1Affine::deserialize_uncompressed(&proof[offset..offset + acc_old_len]) {
    |             ^^^^^^^ help: if this is intentional, prefix it with an underscore: `_acc_old`
    |
    = note: `#[warn(unused_variables)]` on by default

warning: `common` (lib) generated 1 warning
warning: unused imports: `Digest` and `Sha256`
   --> crates/storager/src/ads/acctrie_ads.rs:452:20
    |
452 |         use sha2::{Digest, Sha256};
    |                    ^^^^^^  ^^^^^^
    |
    = note: `#[warn(unused_imports)]` on by default

warning: `storager` (lib) generated 1 warning (run `cargo fix --lib -p storager` to apply 1 suggestion)
    Finished `release` profile [optimized] target(s) in 0.15s
     Running `target/release/storager 50100 mest`
🔧 MEST Add: keyword='sales', fid='busi_00000013'
🔧 MEST Add: proof size=155 bytes, root_hash=[5d, 42, 78, 25, a4, f1, 2a, fe]...
🔧 MEST Add: keyword='sales', fid='busi_00000013'
🔧 MEST Add: proof size=155 bytes, root_hash=[5d, 42, 78, 25, a4, f1, 2a, fe]...
🗑️ MEST Delete: keyword='sales', fid='busi_00000013' (key completely removed)
🗑️ MEST Delete: post-delete root_hash=[e3, b0, c4, 42, 98, fc, 1c, 14]...
🔧 MEST Add: keyword='player', fid='spor_00000023'
🔧 MEST Add: proof size=156 bytes, root_hash=[47, df, d5, 47, 16, 7e, 66, 1f]...
🔧 MEST Add: keyword='player', fid='spor_00000023'
🔧 MEST Add: proof size=156 bytes, root_hash=[47, df, d5, 47, 16, 7e, 66, 1f]...
🗑️ MEST Delete: keyword='player', fid='spor_00000023' (key completely removed)
🗑️ MEST Delete: post-delete root_hash=[e3, b0, c4, 42, 98, fc, 1c, 14]...
🔧 MEST Add: keyword='player', fid='spor_00000038'
🔧 MEST Add: proof size=156 bytes, root_hash=[d9, 13, f7, c2, 67, c7, c0, b9]...
🔧 MEST Add: keyword='player', fid='spor_00000038'
🔧 MEST Add: proof size=156 bytes, root_hash=[d9, 13, f7, c2, 67, c7, c0, b9]...
🗑️ MEST Delete: keyword='player', fid='spor_00000038' (key completely removed)
🗑️ MEST Delete: post-delete root_hash=[e3, b0, c4, 42, 98, fc, 1c, 14]...
🔧 MEST Add: keyword='sales', fid='busi_00000085'
🔧 MEST Add: proof size=155 bytes, root_hash=[fe, 93, f4, 9a, 2e, b9, 42, 65]...
🔧 MEST Add: keyword='sales', fid='busi_00000085'
🔧 MEST Add: proof size=155 bytes, root_hash=[fe, 93, f4, 9a, 2e, b9, 42, 65]...
🗑️ MEST Delete: keyword='sales', fid='busi_00000085' (key completely removed)
🗑️ MEST Delete: post-delete root_hash=[e3, b0, c4, 42, 98, fc, 1c, 14]...
🔧 MEST Add: keyword='player', fid='spor_00000113'
🔧 MEST Add: proof size=156 bytes, root_hash=[ff, 73, fe, 40, cb, 7c, 4f, 9b]...
🔧 MEST Add: keyword='player', fid='spor_00000113'
🔧 MEST Add: proof size=156 bytes, root_hash=[ff, 73, fe, 40, cb, 7c, 4f, 9b]...
🗑️ MEST Delete: keyword='player', fid='spor_00000113' (key completely removed)
🗑️ MEST Delete: post-delete root_hash=[e3, b0, c4, 42, 98, fc, 1c, 14]...
🔧 MEST Add: keyword='player', fid='spor_00000114'
🔧 MEST Add: proof size=156 bytes, root_hash=[8b, e3, fc, 01, 01, b5, 76, fb]...
🗑️ MEST Delete: keyword='player', fid='spor_00000114' (key completely removed)
🗑️ MEST Delete: post-delete root_hash=[e3, b0, c4, 42, 98, fc, 1c, 14]...
🔧 MEST Add: keyword='sales', fid='busi_00000148'
🔧 MEST Add: proof size=155 bytes, root_hash=[e7, c1, 46, 60, 27, 59, 46, 28]...
🗑️ MEST Delete: keyword='sales', fid='busi_00000148' (key completely removed)
🗑️ MEST Delete: post-delete root_hash=[e3, b0, c4, 42, 98, fc, 1c, 14]...
🔧 MEST Add: keyword='player', fid='spor_00000149'
🔧 MEST Add: proof size=156 bytes, root_hash=[eb, d1, 2a, 1a, 57, d8, 86, 35]...
🗑️ MEST Delete: keyword='player', fid='spor_00000149' (key completely removed)
🗑️ MEST Delete: post-delete root_hash=[e3, b0, c4, 42, 98, fc, 1c, 14]...
🔧 MEST Add: keyword='sales', fid='busi_00000173'
🔧 MEST Add: proof size=155 bytes, root_hash=[0f, 3f, 76, 23, b5, 18, 87, 5a]...
🗑️ MEST Delete: keyword='sales', fid='busi_00000173' (key completely removed)
🗑️ MEST Delete: post-delete root_hash=[e3, b0, c4, 42, 98, fc, 1c, 14]...
🔧 MEST Add: keyword='player', fid='spor_00000214'
🔧 MEST Add: proof size=156 bytes, root_hash=[c0, 7f, 33, dc, 3a, 00, 75, 87]...
🗑️ MEST Delete: keyword='player', fid='spor_00000214' (key completely removed)
🗑️ MEST Delete: post-delete root_hash=[e3, b0, c4, 42, 98, fc, 1c, 14]...
🔧 MEST Add: keyword='player', fid='spor_00000219'
🔧 MEST Add: proof size=156 bytes, root_hash=[61, 37, 02, ee, 82, ec, 47, 6f]...
🔧 MEST Add: keyword='player', fid='spor_00000219'
🔧 MEST Add: proof size=156 bytes, root_hash=[61, 37, 02, ee, 82, ec, 47, 6f]...
🗑️ MEST Delete: keyword='player', fid='spor_00000219' (key completely removed)
🗑️ MEST Delete: post-delete root_hash=[e3, b0, c4, 42, 98, fc, 1c, 14]...
🔧 MEST Add: keyword='player', fid='spor_00000327'
🔧 MEST Add: proof size=156 bytes, root_hash=[55, 53, 08, 10, dc, ce, 8d, d5]...
🗑️ MEST Delete: keyword='player', fid='spor_00000327' (key completely removed)
🗑️ MEST Delete: post-delete root_hash=[e3, b0, c4, 42, 98, fc, 1c, 14]...
🔧 MEST Add: keyword='player', fid='spor_00000367'
🔧 MEST Add: proof size=156 bytes, root_hash=[46, 63, 57, 8f, 3c, e4, af, 91]...
🔧 MEST Add: keyword='player', fid='spor_00000367'
🔧 MEST Add: proof size=156 bytes, root_hash=[46, 63, 57, 8f, 3c, e4, af, 91]...
🗑️ MEST Delete: keyword='player', fid='spor_00000367' (key completely removed)
🗑️ MEST Delete: post-delete root_hash=[e3, b0, c4, 42, 98, fc, 1c, 14]...
🔧 MEST Add: keyword='player', fid='spor_00000377'
🔧 MEST Add: proof size=156 bytes, root_hash=[0b, 5a, 10, 37, 7f, 28, a1, a5]...
🔧 MEST Add: keyword='player', fid='spor_00000377'
🔧 MEST Add: proof size=156 bytes, root_hash=[0b, 5a, 10, 37, 7f, 28, a1, a5]...
🗑️ MEST Delete: keyword='player', fid='spor_00000377' (key completely removed)
🗑️ MEST Delete: post-delete root_hash=[e3, b0, c4, 42, 98, fc, 1c, 14]...
🔧 MEST Add: keyword='player', fid='spor_00000379'
🔧 MEST Add: proof size=156 bytes, root_hash=[51, 03, 3e, 4d, 84, fd, 7a, f9]...
🗑️ MEST Delete: keyword='player', fid='spor_00000379' (key completely removed)
🗑️ MEST Delete: post-delete root_hash=[e3, b0, c4, 42, 98, fc, 1c, 14]...
🔧 MEST Add: keyword='sales', fid='busi_00000383'
🔧 MEST Add: proof size=155 bytes, root_hash=[48, 07, be, 94, 8d, a6, 97, 34]...
🔧 MEST Add: keyword='sales', fid='busi_00000383'
🔧 MEST Add: proof size=155 bytes, root_hash=[48, 07, be, 94, 8d, a6, 97, 34]...
🗑️ MEST Delete: keyword='sales', fid='busi_00000383' (key completely removed)
🗑️ MEST Delete: post-delete root_hash=[e3, b0, c4, 42, 98, fc, 1c, 14]...
🔧 MEST Add: keyword='sales', fid='busi_00000469'
🔧 MEST Add: proof size=155 bytes, root_hash=[ad, 05, 25, f7, c6, d6, 00, 30]...
🗑️ MEST Delete: keyword='sales', fid='busi_00000469' (key completely removed)
🗑️ MEST Delete: post-delete root_hash=[e3, b0, c4, 42, 98, fc, 1c, 14]...
🔧 MEST Add: keyword='player', fid='spor_00000484'
🔧 MEST Add: proof size=156 bytes, root_hash=[95, eb, 4a, 96, bd, 31, 27, 4c]...
🔧 MEST Add: keyword='player', fid='spor_00000484'
🔧 MEST Add: proof size=156 bytes, root_hash=[95, eb, 4a, 96, bd, 31, 27, 4c]...
🗑️ MEST Delete: keyword='player', fid='spor_00000484' (key completely removed)
🗑️ MEST Delete: post-delete root_hash=[e3, b0, c4, 42, 98, fc, 1c, 14]...
🔧 MEST Add: keyword='player', fid='spor_00000485'
🔧 MEST Add: proof size=156 bytes, root_hash=[6b, a3, 2e, 42, d7, fa, 6d, 45]...
🗑️ MEST Delete: keyword='player', fid='spor_00000485' (key completely removed)
🗑️ MEST Delete: post-delete root_hash=[e3, b0, c4, 42, 98, fc, 1c, 14]...
🔧 MEST Add: keyword='sales', fid='busi_00000490'
🔧 MEST Add: proof size=155 bytes, root_hash=[fe, 4e, 6b, 1f, 74, dd, 56, 8b]...
🗑️ MEST Delete: keyword='sales', fid='busi_00000490' (key completely removed)
🗑️ MEST Delete: post-delete root_hash=[e3, b0, c4, 42, 98, fc, 1c, 14]...
🔧 MEST Add: keyword='sales', fid='busi_00000506'
🔧 MEST Add: proof size=155 bytes, root_hash=[80, 81, 5e, 8b, 5f, 03, e3, 34]...
🗑️ MEST Delete: keyword='sales', fid='busi_00000506' (key completely removed)
🗑️ MEST Delete: post-delete root_hash=[e3, b0, c4, 42, 98, fc, 1c, 14]...
🔧 MEST Add: keyword='sales', fid='busi_00000590'
🔧 MEST Add: proof size=155 bytes, root_hash=[f1, 28, 75, 4f, 4c, 73, 5c, cb]...
🗑️ MEST Delete: keyword='sales', fid='busi_00000590' (key completely removed)
🗑️ MEST Delete: post-delete root_hash=[e3, b0, c4, 42, 98, fc, 1c, 14]...
🔧 MEST Add: keyword='player', fid='spor_00000592'
🔧 MEST Add: proof size=156 bytes, root_hash=[73, 8c, 13, c7, 6a, d0, c1, fd]...
🗑️ MEST Delete: keyword='player', fid='spor_00000592' (key completely removed)
🗑️ MEST Delete: post-delete root_hash=[e3, b0, c4, 42, 98, fc, 1c, 14]...
🔧 MEST Add: keyword='sales', fid='busi_00000656'
🔧 MEST Add: proof size=155 bytes, root_hash=[1c, c8, 23, d0, 65, 99, 9f, c0]...
🗑️ MEST Delete: keyword='sales', fid='busi_00000656' (key completely removed)
🗑️ MEST Delete: post-delete root_hash=[e3, b0, c4, 42, 98, fc, 1c, 14]...
🔧 MEST Add: keyword='sales', fid='busi_00000781'
🔧 MEST Add: proof size=155 bytes, root_hash=[b2, 07, fb, f4, 67, 95, 7f, 42]...
🗑️ MEST Delete: keyword='sales', fid='busi_00000781' (key completely removed)
🗑️ MEST Delete: post-delete root_hash=[e3, b0, c4, 42, 98, fc, 1c, 14]...
🔧 MEST Add: keyword='sales', fid='busi_00000796'
🔧 MEST Add: proof size=155 bytes, root_hash=[76, 37, a6, d0, 42, 0f, 71, 15]...
🗑️ MEST Delete: keyword='sales', fid='busi_00000796' (key completely removed)
🗑️ MEST Delete: post-delete root_hash=[e3, b0, c4, 42, 98, fc, 1c, 14]...
🔧 MEST Add: keyword='sales', fid='busi_00000808'
🔧 MEST Add: proof size=155 bytes, root_hash=[de, 10, 8b, 14, 90, ff, ab, ed]...
🗑️ MEST Delete: keyword='sales', fid='busi_00000808' (key completely removed)
🗑️ MEST Delete: post-delete root_hash=[e3, b0, c4, 42, 98, fc, 1c, 14]...
🔧 MEST Add: keyword='player', fid='spor_00000833'
🔧 MEST Add: proof size=156 bytes, root_hash=[8b, fb, 01, b1, ab, 9e, e3, a1]...
🔧 MEST Add: keyword='player', fid='spor_00000833'
🔧 MEST Add: proof size=156 bytes, root_hash=[8b, fb, 01, b1, ab, 9e, e3, a1]...
🗑️ MEST Delete: keyword='player', fid='spor_00000833' (key completely removed)
🗑️ MEST Delete: post-delete root_hash=[e3, b0, c4, 42, 98, fc, 1c, 14]...
🔧 MEST Add: keyword='sales', fid='busi_00000837'
🔧 MEST Add: proof size=155 bytes, root_hash=[dd, 4a, 42, 36, 33, ab, a0, ba]...
🗑️ MEST Delete: keyword='sales', fid='busi_00000837' (key completely removed)
🗑️ MEST Delete: post-delete root_hash=[e3, b0, c4, 42, 98, fc, 1c, 14]...
🔧 MEST Add: keyword='sales', fid='busi_00000841'
🔧 MEST Add: proof size=155 bytes, root_hash=[d8, 65, 28, 53, b0, d5, 62, dc]...
🗑️ MEST Delete: keyword='sales', fid='busi_00000841' (key completely removed)
🗑️ MEST Delete: post-delete root_hash=[e3, b0, c4, 42, 98, fc, 1c, 14]...
🔧 MEST Add: keyword='sales', fid='busi_00000848'
🔧 MEST Add: proof size=155 bytes, root_hash=[7d, df, 15, 0c, 02, 84, b7, 3c]...
🗑️ MEST Delete: keyword='sales', fid='busi_00000848' (key completely removed)
🗑️ MEST Delete: post-delete root_hash=[e3, b0, c4, 42, 98, fc, 1c, 14]...
🔧 MEST Add: keyword='player', fid='spor_00000891'
🔧 MEST Add: proof size=156 bytes, root_hash=[e3, 4a, 8f, 68, 5d, f6, 85, d3]...
🗑️ MEST Delete: keyword='player', fid='spor_00000891' (key completely removed)
🗑️ MEST Delete: post-delete root_hash=[e3, b0, c4, 42, 98, fc, 1c, 14]...
🔧 MEST Add: keyword='sales', fid='busi_00000899'
🔧 MEST Add: proof size=155 bytes, root_hash=[b1, f7, d5, 15, 6a, a8, 4d, ea]...
🗑️ MEST Delete: keyword='sales', fid='busi_00000899' (key completely removed)
🗑️ MEST Delete: post-delete root_hash=[e3, b0, c4, 42, 98, fc, 1c, 14]...
🔧 MEST Add: keyword='sales', fid='busi_00000902'
🔧 MEST Add: proof size=155 bytes, root_hash=[e9, 9c, f3, ef, 98, 15, 74, 96]...
🗑️ MEST Delete: keyword='sales', fid='busi_00000902' (key completely removed)
🗑️ MEST Delete: post-delete root_hash=[e3, b0, c4, 42, 98, fc, 1c, 14]...
🔧 MEST Add: keyword='sales', fid='busi_00000918'
🔧 MEST Add: proof size=155 bytes, root_hash=[1a, d0, 50, c0, e9, b9, 81, 18]...
🗑️ MEST Delete: keyword='sales', fid='busi_00000918' (key completely removed)
🗑️ MEST Delete: post-delete root_hash=[e3, b0, c4, 42, 98, fc, 1c, 14]...
🔧 MEST Add: keyword='player', fid='spor_00000927'
🔧 MEST Add: proof size=156 bytes, root_hash=[77, 7f, 7a, 81, 6e, d3, 49, 16]...
🗑️ MEST Delete: keyword='player', fid='spor_00000927' (key completely removed)
🗑️ MEST Delete: post-delete root_hash=[e3, b0, c4, 42, 98, fc, 1c, 14]...
🔧 MEST Add: keyword='player', fid='spor_00000963'
🔧 MEST Add: proof size=156 bytes, root_hash=[c1, 6f, 7b, de, 72, da, 7a, 2c]...
🔧 MEST Add: keyword='player', fid='spor_00000963'
🔧 MEST Add: proof size=156 bytes, root_hash=[c1, 6f, 7b, de, 72, da, 7a, 2c]...
🗑️ MEST Delete: keyword='player', fid='spor_00000963' (key completely removed)
🗑️ MEST Delete: post-delete root_hash=[e3, b0, c4, 42, 98, fc, 1c, 14]...
🔧 MEST Add: keyword='sales', fid='busi_00000970'
🔧 MEST Add: proof size=155 bytes, root_hash=[f3, 5a, 3c, be, 02, 39, 0b, dc]...
🗑️ MEST Delete: keyword='sales', fid='busi_00000970' (key completely removed)
🗑️ MEST Delete: post-delete root_hash=[e3, b0, c4, 42, 98, fc, 1c, 14]...
🔧 MEST Add: keyword='sales', fid='busi_00000989'
🔧 MEST Add: proof size=155 bytes, root_hash=[96, d0, f4, a4, 96, 0f, e1, f9]...
🔧 MEST Add: keyword='sales', fid='busi_00000989'
🔧 MEST Add: proof size=155 bytes, root_hash=[96, d0, f4, a4, 96, 0f, e1, f9]...
🗑️ MEST Delete: keyword='sales', fid='busi_00000989' (key completely removed)
🗑️ MEST Delete: post-delete root_hash=[e3, b0, c4, 42, 98, fc, 1c, 14]...
🔧 MEST Add: keyword='sales', fid='busi_00000996'
🔧 MEST Add: proof size=155 bytes, root_hash=[87, 02, 07, 65, 14, a8, f0, 86]...
🔧 MEST Add: keyword='sales', fid='busi_00000996'
🔧 MEST Add: proof size=155 bytes, root_hash=[87, 02, 07, 65, 14, a8, f0, 86]...
🗑️ MEST Delete: keyword='sales', fid='busi_00000996' (key completely removed)
🗑️ MEST Delete: post-delete root_hash=[e3, b0, c4, 42, 98, fc, 1c, 14]...
