warning: profiles for the non root package will be ignored, specify profiles at the workspace root:
package:   /root/distributed-storage-system/crates/storager/ads_lib/Cargo.toml
workspace: /root/distributed-storage-system/Cargo.toml
warning: value assigned to `is_change` is never read
   --> crates/storager/ads_lib/src/mpt/mpt.rs:256:21
    |
256 |             let mut is_change = false;
    |                     ^^^^^^^^^
    |
    = help: maybe it is overwritten before being read?
    = note: `#[warn(unused_assignments)]` on by default

warning: value assigned to `is_change` is never read
   --> crates/storager/ads_lib/src/mpt/mpt.rs:462:25
    |
462 |                 let mut is_change = false;
    |                         ^^^^^^^^^
    |
    = help: maybe it is overwritten before being read?

warning: unused variable: `had_value`
   --> crates/storager/ads_lib/src/mpt/mpt.rs:526:21
    |
526 |                 let had_value = !old_value_str.is_empty();
    |                     ^^^^^^^^^ help: if this is intentional, prefix it with an underscore: `_had_value`
    |
    = note: `#[warn(unused_variables)]` on by default

warning: associated functions `short_node_batch_fix` and `full_node_batch_fix` are never used
    --> crates/storager/ads_lib/src/mpt/mpt.rs:1743:8
     |
  50 | impl MPT {
     | -------- associated functions in this implementation
...
1743 |     fn short_node_batch_fix(node: Arc<RwLock<ShortNode>>) -> Result<(), MPTError> {
     |        ^^^^^^^^^^^^^^^^^^^^
...
1748 |     fn full_node_batch_fix(node: Arc<RwLock<FullNode>>) -> Result<(), MPTError> {
     |        ^^^^^^^^^^^^^^^^^^^
     |
     = note: `#[warn(dead_code)]` on by default

warning: function `hash_mgt_node` is never used
   --> crates/storager/ads_lib/src/mest/proof.rs:253:4
    |
253 | fn hash_mgt_node(children: &[[u8; 32]]) -> [u8; 32] {
    |    ^^^^^^^^^^^^^

warning: `ads_rust` (lib) generated 5 warnings
warning: unused variable: `acc_old`
   --> crates/common/src/verification.rs:721:13
    |
721 |         let acc_old = match G1Affine::deserialize_uncompressed(&proof[offset..offset + acc_old_len]) {
    |             ^^^^^^^ help: if this is intentional, prefix it with an underscore: `_acc_old`
    |
    = note: `#[warn(unused_variables)]` on by default

warning: `common` (lib) generated 1 warning
warning: unused imports: `Digest` and `Sha256`
   --> crates/storager/src/ads/acctrie_ads.rs:452:20
    |
452 |         use sha2::{Digest, Sha256};
    |                    ^^^^^^  ^^^^^^
    |
    = note: `#[warn(unused_imports)]` on by default

warning: `storager` (lib) generated 1 warning (run `cargo fix --lib -p storager` to apply 1 suggestion)
    Finished `release` profile [optimized] target(s) in 0.17s
     Running `target/release/storager 50115 mest`
🔧 MEST Add: keyword='surgery', fid='heal_00000039'
🔧 MEST Add: proof size=157 bytes, root_hash=[fa, e9, 06, 04, 76, a4, 3c, ba]...
🔧 MEST Add: keyword='surgery', fid='heal_00000039'
🔧 MEST Add: proof size=157 bytes, root_hash=[fa, e9, 06, 04, 76, a4, 3c, ba]...
🗑️ MEST Delete: keyword='surgery', fid='heal_00000039' (key completely removed)
🗑️ MEST Delete: post-delete root_hash=[e3, b0, c4, 42, 98, fc, 1c, 14]...
🔧 MEST Add: keyword='surgery', fid='heal_00000111'
🔧 MEST Add: proof size=157 bytes, root_hash=[ae, da, 89, 92, 88, 68, 62, 26]...
🗑️ MEST Delete: keyword='surgery', fid='heal_00000111' (key completely removed)
🗑️ MEST Delete: post-delete root_hash=[e3, b0, c4, 42, 98, fc, 1c, 14]...
🔧 MEST Add: keyword='surgery', fid='heal_00000235'
🔧 MEST Add: proof size=157 bytes, root_hash=[6e, 3d, 4b, ae, dc, d0, 07, 01]...
🔧 MEST Add: keyword='surgery', fid='heal_00000235'
🔧 MEST Add: proof size=157 bytes, root_hash=[6e, 3d, 4b, ae, dc, d0, 07, 01]...
🗑️ MEST Delete: keyword='surgery', fid='heal_00000235' (key completely removed)
🗑️ MEST Delete: post-delete root_hash=[e3, b0, c4, 42, 98, fc, 1c, 14]...
🔧 MEST Add: keyword='surgery', fid='heal_00000350'
🔧 MEST Add: proof size=157 bytes, root_hash=[91, 25, dd, 3e, 4a, 79, a2, da]...
🔧 MEST Add: keyword='surgery', fid='heal_00000350'
🔧 MEST Add: proof size=157 bytes, root_hash=[91, 25, dd, 3e, 4a, 79, a2, da]...
🗑️ MEST Delete: keyword='surgery', fid='heal_00000350' (key completely removed)
🗑️ MEST Delete: post-delete root_hash=[e3, b0, c4, 42, 98, fc, 1c, 14]...
🔧 MEST Add: keyword='surgery', fid='heal_00000373'
🔧 MEST Add: proof size=157 bytes, root_hash=[70, 9f, aa, 04, b3, b3, 1d, fb]...
🔧 MEST Add: keyword='surgery', fid='heal_00000373'
🔧 MEST Add: proof size=157 bytes, root_hash=[70, 9f, aa, 04, b3, b3, 1d, fb]...
🗑️ MEST Delete: keyword='surgery', fid='heal_00000373' (key completely removed)
🗑️ MEST Delete: post-delete root_hash=[e3, b0, c4, 42, 98, fc, 1c, 14]...
🔧 MEST Add: keyword='surgery', fid='heal_00000394'
🔧 MEST Add: proof size=157 bytes, root_hash=[76, 05, 46, 20, a2, ba, 97, 3e]...
🗑️ MEST Delete: keyword='surgery', fid='heal_00000394' (key completely removed)
🗑️ MEST Delete: post-delete root_hash=[e3, b0, c4, 42, 98, fc, 1c, 14]...
🔧 MEST Add: keyword='surgery', fid='heal_00000430'
🔧 MEST Add: proof size=157 bytes, root_hash=[51, 35, 5e, f3, 83, 70, d4, 20]...
🔧 MEST Add: keyword='surgery', fid='heal_00000430'
🔧 MEST Add: proof size=157 bytes, root_hash=[51, 35, 5e, f3, 83, 70, d4, 20]...
🗑️ MEST Delete: keyword='surgery', fid='heal_00000430' (key completely removed)
🗑️ MEST Delete: post-delete root_hash=[e3, b0, c4, 42, 98, fc, 1c, 14]...
🔧 MEST Add: keyword='surgery', fid='heal_00000458'
🔧 MEST Add: proof size=157 bytes, root_hash=[a9, 36, 5d, 22, a0, 6e, b1, 42]...
🔧 MEST Add: keyword='surgery', fid='heal_00000458'
🔧 MEST Add: proof size=157 bytes, root_hash=[a9, 36, 5d, 22, a0, 6e, b1, 42]...
🗑️ MEST Delete: keyword='surgery', fid='heal_00000458' (key completely removed)
🗑️ MEST Delete: post-delete root_hash=[e3, b0, c4, 42, 98, fc, 1c, 14]...
🔧 MEST Add: keyword='surgery', fid='heal_00000527'
🔧 MEST Add: proof size=157 bytes, root_hash=[89, bf, a5, 50, 85, 05, 7d, 09]...
🔧 MEST Add: keyword='surgery', fid='heal_00000527'
🔧 MEST Add: proof size=157 bytes, root_hash=[89, bf, a5, 50, 85, 05, 7d, 09]...
🗑️ MEST Delete: keyword='surgery', fid='heal_00000527' (key completely removed)
🗑️ MEST Delete: post-delete root_hash=[e3, b0, c4, 42, 98, fc, 1c, 14]...
🔧 MEST Add: keyword='surgery', fid='heal_00000540'
🔧 MEST Add: proof size=157 bytes, root_hash=[a1, d0, 54, ea, 07, 2e, da, a0]...
🔧 MEST Add: keyword='surgery', fid='heal_00000540'
🔧 MEST Add: proof size=157 bytes, root_hash=[a1, d0, 54, ea, 07, 2e, da, a0]...
🗑️ MEST Delete: keyword='surgery', fid='heal_00000540' (key completely removed)
🗑️ MEST Delete: post-delete root_hash=[e3, b0, c4, 42, 98, fc, 1c, 14]...
🔧 MEST Add: keyword='surgery', fid='heal_00000586'
🔧 MEST Add: proof size=157 bytes, root_hash=[41, a2, 4e, d9, 96, f3, 04, 7d]...
🗑️ MEST Delete: keyword='surgery', fid='heal_00000586' (key completely removed)
🗑️ MEST Delete: post-delete root_hash=[e3, b0, c4, 42, 98, fc, 1c, 14]...
🔧 MEST Add: keyword='surgery', fid='heal_00000593'
🔧 MEST Add: proof size=157 bytes, root_hash=[20, 55, 70, b9, 83, 91, 3f, e6]...
🗑️ MEST Delete: keyword='surgery', fid='heal_00000593' (key completely removed)
🗑️ MEST Delete: post-delete root_hash=[e3, b0, c4, 42, 98, fc, 1c, 14]...
🔧 MEST Add: keyword='surgery', fid='heal_00000623'
🔧 MEST Add: proof size=157 bytes, root_hash=[3b, 4c, 8f, e2, 36, d1, 8a, 28]...
🗑️ MEST Delete: keyword='surgery', fid='heal_00000623' (key completely removed)
🗑️ MEST Delete: post-delete root_hash=[e3, b0, c4, 42, 98, fc, 1c, 14]...
🔧 MEST Add: keyword='surgery', fid='heal_00000628'
🔧 MEST Add: proof size=157 bytes, root_hash=[61, 0a, 2f, c9, f5, 36, 35, 60]...
🗑️ MEST Delete: keyword='surgery', fid='heal_00000628' (key completely removed)
🗑️ MEST Delete: post-delete root_hash=[e3, b0, c4, 42, 98, fc, 1c, 14]...
🔧 MEST Add: keyword='surgery', fid='heal_00000640'
🔧 MEST Add: proof size=157 bytes, root_hash=[63, 07, 3c, 38, 59, 8d, fc, 6d]...
🔧 MEST Add: keyword='surgery', fid='heal_00000640'
🔧 MEST Add: proof size=157 bytes, root_hash=[63, 07, 3c, 38, 59, 8d, fc, 6d]...
🗑️ MEST Delete: keyword='surgery', fid='heal_00000640' (key completely removed)
🗑️ MEST Delete: post-delete root_hash=[e3, b0, c4, 42, 98, fc, 1c, 14]...
🔧 MEST Add: keyword='surgery', fid='heal_00000648'
🔧 MEST Add: proof size=157 bytes, root_hash=[8b, d1, c9, 00, b1, fb, 5b, 6e]...
🗑️ MEST Delete: keyword='surgery', fid='heal_00000648' (key completely removed)
🗑️ MEST Delete: post-delete root_hash=[e3, b0, c4, 42, 98, fc, 1c, 14]...
🔧 MEST Add: keyword='surgery', fid='heal_00000756'
🔧 MEST Add: proof size=157 bytes, root_hash=[18, 77, 73, 9e, 59, 63, 2d, 59]...
🗑️ MEST Delete: keyword='surgery', fid='heal_00000756' (key completely removed)
🗑️ MEST Delete: post-delete root_hash=[e3, b0, c4, 42, 98, fc, 1c, 14]...
🔧 MEST Add: keyword='surgery', fid='heal_00000768'
🔧 MEST Add: proof size=157 bytes, root_hash=[46, fb, 3b, 54, e8, a7, 97, 2c]...
🔧 MEST Add: keyword='surgery', fid='heal_00000768'
🔧 MEST Add: proof size=157 bytes, root_hash=[46, fb, 3b, 54, e8, a7, 97, 2c]...
🗑️ MEST Delete: keyword='surgery', fid='heal_00000768' (key completely removed)
🗑️ MEST Delete: post-delete root_hash=[e3, b0, c4, 42, 98, fc, 1c, 14]...
🔧 MEST Add: keyword='surgery', fid='heal_00000840'
🔧 MEST Add: proof size=157 bytes, root_hash=[ae, de, cf, e4, fe, 69, 7b, 24]...
🗑️ MEST Delete: keyword='surgery', fid='heal_00000840' (key completely removed)
🗑️ MEST Delete: post-delete root_hash=[e3, b0, c4, 42, 98, fc, 1c, 14]...
🔧 MEST Add: keyword='surgery', fid='heal_00000870'
🔧 MEST Add: proof size=157 bytes, root_hash=[96, 06, 21, a5, 93, e9, 5b, 64]...
🔧 MEST Add: keyword='surgery', fid='heal_00000870'
🔧 MEST Add: proof size=157 bytes, root_hash=[96, 06, 21, a5, 93, e9, 5b, 64]...
🗑️ MEST Delete: keyword='surgery', fid='heal_00000870' (key completely removed)
🗑️ MEST Delete: post-delete root_hash=[e3, b0, c4, 42, 98, fc, 1c, 14]...
🔧 MEST Add: keyword='surgery', fid='heal_00000907'
🔧 MEST Add: proof size=157 bytes, root_hash=[51, 01, 50, d6, aa, 2a, cd, c0]...
🗑️ MEST Delete: keyword='surgery', fid='heal_00000907' (key completely removed)
🗑️ MEST Delete: post-delete root_hash=[e3, b0, c4, 42, 98, fc, 1c, 14]...
