warning: profiles for the non root package will be ignored, specify profiles at the workspace root:
package:   /root/distributed-storage-system/crates/storager/ads_lib/Cargo.toml
workspace: /root/distributed-storage-system/Cargo.toml
warning: value assigned to `is_change` is never read
   --> crates/storager/ads_lib/src/mpt/mpt.rs:256:21
    |
256 |             let mut is_change = false;
    |                     ^^^^^^^^^
    |
    = help: maybe it is overwritten before being read?
    = note: `#[warn(unused_assignments)]` on by default

warning: value assigned to `is_change` is never read
   --> crates/storager/ads_lib/src/mpt/mpt.rs:462:25
    |
462 |                 let mut is_change = false;
    |                         ^^^^^^^^^
    |
    = help: maybe it is overwritten before being read?

warning: unused variable: `had_value`
   --> crates/storager/ads_lib/src/mpt/mpt.rs:526:21
    |
526 |                 let had_value = !old_value_str.is_empty();
    |                     ^^^^^^^^^ help: if this is intentional, prefix it with an underscore: `_had_value`
    |
    = note: `#[warn(unused_variables)]` on by default

warning: associated functions `short_node_batch_fix` and `full_node_batch_fix` are never used
    --> crates/storager/ads_lib/src/mpt/mpt.rs:1743:8
     |
  50 | impl MPT {
     | -------- associated functions in this implementation
...
1743 |     fn short_node_batch_fix(node: Arc<RwLock<ShortNode>>) -> Result<(), MPTError> {
     |        ^^^^^^^^^^^^^^^^^^^^
...
1748 |     fn full_node_batch_fix(node: Arc<RwLock<FullNode>>) -> Result<(), MPTError> {
     |        ^^^^^^^^^^^^^^^^^^^
     |
     = note: `#[warn(dead_code)]` on by default

warning: function `hash_mgt_node` is never used
   --> crates/storager/ads_lib/src/mest/proof.rs:253:4
    |
253 | fn hash_mgt_node(children: &[[u8; 32]]) -> [u8; 32] {
    |    ^^^^^^^^^^^^^

warning: `ads_rust` (lib) generated 5 warnings
warning: unused variable: `acc_old`
   --> crates/common/src/verification.rs:721:13
    |
721 |         let acc_old = match G1Affine::deserialize_uncompressed(&proof[offset..offset + acc_old_len]) {
    |             ^^^^^^^ help: if this is intentional, prefix it with an underscore: `_acc_old`
    |
    = note: `#[warn(unused_variables)]` on by default

warning: `common` (lib) generated 1 warning
warning: unused imports: `Digest` and `Sha256`
   --> crates/storager/src/ads/acctrie_ads.rs:452:20
    |
452 |         use sha2::{Digest, Sha256};
    |                    ^^^^^^  ^^^^^^
    |
    = note: `#[warn(unused_imports)]` on by default

warning: `storager` (lib) generated 1 warning (run `cargo fix --lib -p storager` to apply 1 suggestion)
    Finished `release` profile [optimized] target(s) in 0.16s
     Running `target/release/storager 50138 mest`
🔧 MEST Add: keyword='trend', fid='life_00000022'
🔧 MEST Add: proof size=155 bytes, root_hash=[bf, f7, 9a, 97, 97, 2d, a1, b1]...
🗑️ MEST Delete: keyword='trend', fid='life_00000022' (key completely removed)
🗑️ MEST Delete: post-delete root_hash=[e3, b0, c4, 42, 98, fc, 1c, 14]...
🔧 MEST Add: keyword='trend', fid='life_00000110'
🔧 MEST Add: proof size=155 bytes, root_hash=[9b, 46, b3, 57, 7a, a0, 04, 1c]...
🗑️ MEST Delete: keyword='trend', fid='life_00000110' (key completely removed)
🗑️ MEST Delete: post-delete root_hash=[e3, b0, c4, 42, 98, fc, 1c, 14]...
🔧 MEST Add: keyword='trend', fid='life_00000130'
🔧 MEST Add: proof size=155 bytes, root_hash=[b4, dc, 6b, 6e, 45, e3, 57, d9]...
🗑️ MEST Delete: keyword='trend', fid='life_00000130' (key completely removed)
🗑️ MEST Delete: post-delete root_hash=[e3, b0, c4, 42, 98, fc, 1c, 14]...
🔧 MEST Add: keyword='trend', fid='life_00000234'
🔧 MEST Add: proof size=155 bytes, root_hash=[f0, b7, da, b3, 2f, df, 98, 66]...
🗑️ MEST Delete: keyword='trend', fid='life_00000234' (key completely removed)
🗑️ MEST Delete: post-delete root_hash=[e3, b0, c4, 42, 98, fc, 1c, 14]...
🔧 MEST Add: keyword='trend', fid='life_00000253'
🔧 MEST Add: proof size=155 bytes, root_hash=[a4, 1e, aa, 65, 79, 32, ad, f4]...
🔧 MEST Add: keyword='trend', fid='life_00000253'
🔧 MEST Add: proof size=155 bytes, root_hash=[a4, 1e, aa, 65, 79, 32, ad, f4]...
🗑️ MEST Delete: keyword='trend', fid='life_00000253' (key completely removed)
🗑️ MEST Delete: post-delete root_hash=[e3, b0, c4, 42, 98, fc, 1c, 14]...
🔧 MEST Add: keyword='trend', fid='life_00000334'
🔧 MEST Add: proof size=155 bytes, root_hash=[fe, 0d, 3b, 4e, 63, da, 27, 1d]...
🔧 MEST Add: keyword='trend', fid='life_00000334'
🔧 MEST Add: proof size=155 bytes, root_hash=[fe, 0d, 3b, 4e, 63, da, 27, 1d]...
🗑️ MEST Delete: keyword='trend', fid='life_00000334' (key completely removed)
🗑️ MEST Delete: post-delete root_hash=[e3, b0, c4, 42, 98, fc, 1c, 14]...
🔧 MEST Add: keyword='trend', fid='life_00000512'
🔧 MEST Add: proof size=155 bytes, root_hash=[d3, 47, e7, 4c, db, c1, 52, c8]...
🗑️ MEST Delete: keyword='trend', fid='life_00000512' (key completely removed)
🗑️ MEST Delete: post-delete root_hash=[e3, b0, c4, 42, 98, fc, 1c, 14]...
🔧 MEST Add: keyword='trend', fid='life_00000514'
🔧 MEST Add: proof size=155 bytes, root_hash=[43, d1, d5, 80, 65, 43, 37, 37]...
🔧 MEST Add: keyword='trend', fid='life_00000514'
🔧 MEST Add: proof size=155 bytes, root_hash=[43, d1, d5, 80, 65, 43, 37, 37]...
🗑️ MEST Delete: keyword='trend', fid='life_00000514' (key completely removed)
🗑️ MEST Delete: post-delete root_hash=[e3, b0, c4, 42, 98, fc, 1c, 14]...
🔧 MEST Add: keyword='trend', fid='life_00000521'
🔧 MEST Add: proof size=155 bytes, root_hash=[6b, 2e, ac, 9d, 3f, db, 7b, 51]...
🗑️ MEST Delete: keyword='trend', fid='life_00000521' (key completely removed)
🗑️ MEST Delete: post-delete root_hash=[e3, b0, c4, 42, 98, fc, 1c, 14]...
🔧 MEST Add: keyword='trend', fid='life_00000551'
🔧 MEST Add: proof size=155 bytes, root_hash=[57, 11, 72, c3, 5e, b0, ea, 96]...
🔧 MEST Add: keyword='trend', fid='life_00000551'
🔧 MEST Add: proof size=155 bytes, root_hash=[57, 11, 72, c3, 5e, b0, ea, 96]...
🗑️ MEST Delete: keyword='trend', fid='life_00000551' (key completely removed)
🗑️ MEST Delete: post-delete root_hash=[e3, b0, c4, 42, 98, fc, 1c, 14]...
🔧 MEST Add: keyword='trend', fid='life_00000566'
🔧 MEST Add: proof size=155 bytes, root_hash=[26, 51, c1, d8, aa, cb, e2, a3]...
🔧 MEST Add: keyword='trend', fid='life_00000566'
🔧 MEST Add: proof size=155 bytes, root_hash=[26, 51, c1, d8, aa, cb, e2, a3]...
🗑️ MEST Delete: keyword='trend', fid='life_00000566' (key completely removed)
🗑️ MEST Delete: post-delete root_hash=[e3, b0, c4, 42, 98, fc, 1c, 14]...
🔧 MEST Add: keyword='trend', fid='life_00000636'
🔧 MEST Add: proof size=155 bytes, root_hash=[85, c9, d0, 72, 7d, 5a, f2, 29]...
🗑️ MEST Delete: keyword='trend', fid='life_00000636' (key completely removed)
🗑️ MEST Delete: post-delete root_hash=[e3, b0, c4, 42, 98, fc, 1c, 14]...
🔧 MEST Add: keyword='trend', fid='life_00000790'
🔧 MEST Add: proof size=155 bytes, root_hash=[f9, 86, eb, de, bc, d2, e2, f9]...
🔧 MEST Add: keyword='trend', fid='life_00000790'
🔧 MEST Add: proof size=155 bytes, root_hash=[f9, 86, eb, de, bc, d2, e2, f9]...
🗑️ MEST Delete: keyword='trend', fid='life_00000790' (key completely removed)
🗑️ MEST Delete: post-delete root_hash=[e3, b0, c4, 42, 98, fc, 1c, 14]...
🔧 MEST Add: keyword='trend', fid='life_00000865'
🔧 MEST Add: proof size=155 bytes, root_hash=[b7, 6a, b8, fe, 78, b9, ae, 24]...
🔧 MEST Add: keyword='trend', fid='life_00000865'
🔧 MEST Add: proof size=155 bytes, root_hash=[b7, 6a, b8, fe, 78, b9, ae, 24]...
🗑️ MEST Delete: keyword='trend', fid='life_00000865' (key completely removed)
🗑️ MEST Delete: post-delete root_hash=[e3, b0, c4, 42, 98, fc, 1c, 14]...
🔧 MEST Add: keyword='trend', fid='life_00000941'
🔧 MEST Add: proof size=155 bytes, root_hash=[94, 53, d3, 0b, 28, 3c, 37, ee]...
🗑️ MEST Delete: keyword='trend', fid='life_00000941' (key completely removed)
🗑️ MEST Delete: post-delete root_hash=[e3, b0, c4, 42, 98, fc, 1c, 14]...
🔧 MEST Add: keyword='trend', fid='life_00000957'
🔧 MEST Add: proof size=155 bytes, root_hash=[a3, bf, b6, 38, 3d, 29, 79, 39]...
🗑️ MEST Delete: keyword='trend', fid='life_00000957' (key completely removed)
🗑️ MEST Delete: post-delete root_hash=[e3, b0, c4, 42, 98, fc, 1c, 14]...
